<?xml version="1.0" encoding="utf-8"?><testsuite errors="0" failures="0" name="pytest" skips="0" tests="8" time="693.929"><testcase classname="tests.basic_parse_test" file="tests/basic_parse_test.py" line="30" name="test_mifid_regulation_parse_to_lines" time="234.16440200805664"><system-out>Parsing PDF /Users/pdodds/src/hohonu/padhana/tests/../test_documents/MIFID_20140917.pdf
--------------------------------- NEW PAGE --------------------------------
--------------------------------- CONTENT AREA --------------------------------- 
L 173/374 EN Official Journal of the European Union 12.6.2014



--------------------------------- CONTENT AREA --------------------------------- 
governing the functioning of regulated markets and other trading systems so as to prevent opacity or disruption
on one market from undermining the efficient operation of the Union financial system as a whole which cannot
be sufficiently achieved by the Member States but can rather, by reason of the scale and effects of this Directive, be
better achieved at Union level, the Union may adopt measures in accordance with the principle of subsidiarity as
set out in Article 5 of the Treaty on European Union. In accordance with the principle of proportionality, as set
out in that Article, this Directive does not go beyond what is necessary in order to achieve that objective.



--------------------------------- CONTENT AREA --------------------------------- 
(165) Given the increase of tasks conferred on ESMA by this Directive and by Regulation (EU) No 600/2014, the
European Parliament, the Council and the Commission should ensure that adequate human and financial resources
are made available.



--------------------------------- CONTENT AREA --------------------------------- 
(166) This Directive respects the fundamental rights and observes the principles recognised in the Charter, in particular
the right to the protection of personal data, the freedom to conduct a business, the right to consumer protection,
the right to an effective remedy and to a fair trial, the right not to be tried or punished twice for the same offence
and has to be implemented in accordance with those rights and principles.



--------------------------------- CONTENT AREA --------------------------------- 
(167) The European Data Protection Supervisor has been consulted in accordance with Article 28(2) of Regulation (EC)
No 45/2001 and delivered an opinion on 10 February 2012 ( 1) .



--------------------------------- CONTENT AREA --------------------------------- 
(168) In accordance with the Joint Political Declaration of Member States and the Commission on explanatory
documents of 28 September 2011 ( 2 ), Member States have undertaken to accompany, in justified cases, the
notification of their transposition measures with one or more documents explaining the relationship between
the components of a directive and the corresponding parts of national transposition instruments. With regard to
this Directive, the legislator considers the transmission of such documents to be justified.



--------------------------------- CONTENT AREA --------------------------------- 
(169) The obligation to transpose this Directive into national law should be confined to those provisions which represent
a substantive amendment as compared to the earlier Directives. The obligation to transpose the provisions which
are unchanged arises under the earlier Directives.



--------------------------------- CONTENT AREA --------------------------------- 
(170) This Directive should be without prejudice to the obligations of the Member States relating to the time-limits for
the transposition into national law and the dates of application of the Directives set out in Annex III, Part B,



--------------------------------- CONTENT AREA --------------------------------- 
HAVE ADOPTED THIS DIRECTIVE:



--------------------------------- CONTENT AREA --------------------------------- 
TITLE I



--------------------------------- CONTENT AREA --------------------------------- 
SCOPE AND DEFINITIONS



--------------------------------- CONTENT AREA --------------------------------- 
Article 1



--------------------------------- CONTENT AREA --------------------------------- 
Scope



--------------------------------- CONTENT AREA --------------------------------- 
1. This Directive shall apply to investment firms, market operators, data reporting services providers, and third-country
firms providing investment services or performing investment activities through the establishment of a branch in the
Union.



--------------------------------- CONTENT AREA --------------------------------- 
2. This Directive establishes requirements in relation to the following:



--------------------------------- CONTENT AREA --------------------------------- 
(a) authorisation and operating conditions for investment firms;



--------------------------------- CONTENT AREA --------------------------------- 
(b) provision of investment services or activities by third-country firms through the establishment of a branch;



--------------------------------- CONTENT AREA --------------------------------- 
( 1 ) OJ C 147, 25.5.2012, p. 1.
( 2 ) OJ C 369, 17.12.2011, p. 14.



--------------------------------- NEW PAGE --------------------------------
--------------------------------- CONTENT AREA --------------------------------- 
L 173/378 EN Official Journal of the European Union 12.6.2014



--------------------------------- CONTENT AREA --------------------------------- 
2. The rights conferred by this Directive shall not extend to the provision of services as counterparty in transactions
carried out by public bodies dealing with public debt or by members of the ESCB performing their tasks as provided for
by the TFEU and by Protocol No 4 on the Statute of the European System of Central Banks and of the European Central
Bank or performing equivalent functions under national provisions.



--------------------------------- CONTENT AREA --------------------------------- 
3. The Commission shall adopt delegated acts in accordance with Article 89 to clarify for the purposes of point (c) of
paragraph 1 when an activity is provided in an incidental manner.



--------------------------------- CONTENT AREA --------------------------------- 
4. ESMA shall develop draft regulatory technical standards to specify, for the purposes of point (j) of paragraph 1, the
criteria for establishing when an activity is to be considered to be ancillary to the main business at a group level.



--------------------------------- CONTENT AREA --------------------------------- 
Those criteria shall take into account at least the following elements:



--------------------------------- CONTENT AREA --------------------------------- 
(a) the need for ancillary activities to constitute a minority of activities at a group level;



--------------------------------- CONTENT AREA --------------------------------- 
(b) the size of their trading activity compared to the overall market trading activity in that asset class.



--------------------------------- CONTENT AREA --------------------------------- 
In determining the extent to which ancillary activities constitute a minority of activities at a group level ESMA may
determine that the capital employed for carrying out the ancillary activity relative to the capital employed for carrying out
the main business is to be considered. However, that factor shall in no case be sufficient to demonstrate that the activity
is ancillary to the main business of the group.



--------------------------------- CONTENT AREA --------------------------------- 
The activities referred to in this paragraph shall be considered at a group level.



--------------------------------- CONTENT AREA --------------------------------- 
The elements referred to in the second and third subparagraphs shall exclude:



--------------------------------- CONTENT AREA --------------------------------- 
(a) intra-group transactions as referred to in Article 3 of Regulation (EU) No 648/2012 that serve group-wide liquidity or
risk management purposes;



--------------------------------- CONTENT AREA --------------------------------- 
(b) transactions in derivatives which are objectively measurable as reducing risks directly relating to the commercial
activity or treasury financing activity;



--------------------------------- CONTENT AREA --------------------------------- 
(c) transactions in commodity derivatives and emission allowances entered into to fulfil obligations to provide liquidity
on a trading venue, where such obligations are required by regulatory authorities in accordance with Union law or
with national laws, regulations and administrative provisions, or by trading venues.



--------------------------------- CONTENT AREA --------------------------------- 
ESMA shall submit those draft regulatory technical standards to the Commission by 3 July 2015.



--------------------------------- CONTENT AREA --------------------------------- 
Power is delegated to the Commission to adopt the regulatory technical standards referred to in the first subparagraph in
accordance with Articles 10 to 14 of Regulation (EU) No 1095/2010.



--------------------------------- CONTENT AREA --------------------------------- 
Article 3



--------------------------------- CONTENT AREA --------------------------------- 
Optional exemptions



--------------------------------- CONTENT AREA --------------------------------- 
1. Member States may choose not to apply this Directive to any persons for which they are the home Member State,
provided that the activities of those persons are authorised and regulated at national level and those persons:



--------------------------------- CONTENT AREA --------------------------------- 
(a) are not allowed to hold client funds or client securities and which for that reason are not allowed at any time to place
themselves in debit with their clients;



--------------------------------- NEW PAGE --------------------------------
--------------------------------- CONTENT AREA --------------------------------- 
L 173/380 EN Official Journal of the European Union 12.6.2014



--------------------------------- CONTENT AREA --------------------------------- 
(c) organisational requirements as laid down in the first, sixth and seventh subparagraph of Article 16(3) and in
Article 16(6) and (7) and the corresponding delegated acts adopted by the Commission in accordance with Article 89.



--------------------------------- CONTENT AREA --------------------------------- 
Member States shall require persons exempt from this Directive pursuant to paragraph 1 of this Article to be covered by
an investor-compensation scheme recognised in accordance with Directive 97/9/EC. Member States may allow investment
firms not to be covered by such a scheme provided they hold professional indemnity insurance where, taking into
account the size, risk profile and legal nature of the persons exempt in accordance with paragraph 1 of this Article,
equivalent protection to their clients is ensured.



--------------------------------- CONTENT AREA --------------------------------- 
By way of derogation from the second subparagraph of this paragraph, Member States that already have in place such
laws, regulations or administrative provisions before 2 July 2014 may until 3 July 2019 require that where the persons
exempt from this Directive pursuant to paragraph 1 of this Article provide the investment services of the reception and
transmission of orders and/or of the provision of investment advice in units in collective investment undertakings and act
as an intermediary with a management company as defined in Directive 2009/65/EC, those persons are jointly and
severally liable with the management company for any damages incurred by the client in relation to those services.



--------------------------------- CONTENT AREA --------------------------------- 
3. Persons exempt from this Directive pursuant to paragraph 1 shall not benefit from the freedom to provide services
or to perform activities or to establish branches as provided for in Articles 34 and 35 respectively.



--------------------------------- CONTENT AREA --------------------------------- 
4. Member States shall notify the Commission and ESMA of the exercise of the option under this Article and shall
ensure that each authorisation granted in accordance with paragraph 1 mentions that it is granted in accordance with this
Article.



--------------------------------- CONTENT AREA --------------------------------- 
5. Member States shall communicate to ESMA the provisions of national law analogous to the requirements of this
Directive listed in paragraph 2.



--------------------------------- CONTENT AREA --------------------------------- 
Article 4



--------------------------------- CONTENT AREA --------------------------------- 
Definitions



--------------------------------- CONTENT AREA --------------------------------- 
1. For the purposes of this Directive, the following definitions apply:



--------------------------------- CONTENT AREA --------------------------------- 
(1) ‘investment firm’ means any legal person whose regular occupation or business is the provision of one or more
investment services to third parties and/or the performance of one or more investment activities on a professional
basis.



--------------------------------- CONTENT AREA --------------------------------- 
Member States may include in the definition of investment firms undertakings which are not legal persons, provided
that:



--------------------------------- CONTENT AREA --------------------------------- 
(a) their legal status ensures a level of protection for third parties’ interests equivalent to that afforded by legal
persons; and



--------------------------------- CONTENT AREA --------------------------------- 
(b) they are subject to equivalent prudential supervision appropriate to their legal form.



--------------------------------- CONTENT AREA --------------------------------- 
However, where a natural person provides services involving the holding of third party funds or transferable
securities, that person may be considered to be an investment firm for the purposes of this Directive and of
Regulation (EU) No 600/2014 only if, without prejudice to the other requirements imposed in this Directive, in
Regulation (EU) No 600/2014, and in Directive 2013/36/EU, that person complies with the following conditions:



--------------------------------- CONTENT AREA --------------------------------- 
(a) the ownership rights of third parties in instruments and funds must be safeguarded, especially in the event of the
insolvency of the firm or of its proprietors, seizure, set-off or any other action by creditors of the firm or of its
proprietors;



--------------------------------- NEW PAGE --------------------------------
--------------------------------- CONTENT AREA --------------------------------- 
L 173/386 EN Official Journal of the European Union 12.6.2014



--------------------------------- CONTENT AREA --------------------------------- 
(46) ‘exchange-traded fund’ means a fund of which at least one unit or share class is traded throughout the day on at
least one trading venue and with at least one market maker which takes action to ensure that the price of its units
or shares on the trading venue does not vary significantly from its net asset value and, where applicable, from its
indicative net asset value;



--------------------------------- CONTENT AREA --------------------------------- 
(47) ‘certificates’ means certificates as defined in Article 2(1)(27) of Regulation (EU) No 600/2014;



--------------------------------- CONTENT AREA --------------------------------- 
(48) ‘structured finance products’ means structured finance products as defined in Article 2(1)(28) of Regulation (EU)
No 600/2014;



--------------------------------- CONTENT AREA --------------------------------- 
(49) ‘derivatives’ means derivatives as defined in Article 2(1)(29) of Regulation (EU) No 600/2014;



--------------------------------- CONTENT AREA --------------------------------- 
(50) ‘commodity derivatives’ means commodity derivatives as defined in Article 2(1)(30) of Regulation (EU) No
600/2014;



--------------------------------- CONTENT AREA --------------------------------- 
(51) ‘CCP’ means a CCP as defined in Article 2(1) of Regulation (EU) No 648/2012;



--------------------------------- CONTENT AREA --------------------------------- 
(52) ‘approved publication arrangement’ or ‘APA’ means a person authorised under this Directive to provide the service
of publishing trade reports on behalf of investment firms pursuant to Articles 20 and 21 of Regulation (EU)
No 600/2014;



--------------------------------- CONTENT AREA --------------------------------- 
(53) ‘consolidated tape provider’ or ‘CTP’ means a person authorised under this Directive to provide the service of
collecting trade reports for financial instruments listed in Articles 6, 7, 10, 12 and 13, 20 and 21 of Regulation
(EU) No 600/2014 from regulated markets, MTFs, OTFs and APAs and consolidating them into a continuous
electronic live data stream providing price and volume data per financial instrument;



--------------------------------- CONTENT AREA --------------------------------- 
(54) ‘approved reporting mechanism’ or ‘ARM’ means a person authorised under this Directive to provide the service of
reporting details of transactions to competent authorities or to ESMA on behalf of investment firms;



--------------------------------- CONTENT AREA --------------------------------- 
(55) ‘home Member State’ means:



--------------------------------- CONTENT AREA --------------------------------- 
(a) in the case of investment firms:



--------------------------------- CONTENT AREA --------------------------------- 
(i) if the investment firm is a natural person, the Member State in which its head office is situated;



--------------------------------- CONTENT AREA --------------------------------- 
(ii) if the investment firm is a legal person, the Member State in which its registered office is situated;



--------------------------------- CONTENT AREA --------------------------------- 
(iii) if the investment firm has, under its national law, no registered office, the Member State in which its head
office is situated;



--------------------------------- CONTENT AREA --------------------------------- 
(b) in the case of a regulated market, the Member State in which the regulated market is registered or, if under the
law of that Member State it has no registered office, the Member State in which the head office of the regulated
market is situated;



--------------------------------- CONTENT AREA --------------------------------- 
(c) in the case of an APA, a CTP or an ARM:



--------------------------------- CONTENT AREA --------------------------------- 
(i) if the APA, CTP or ARM is a natural person, the Member State in which its head office is situated;



--------------------------------- NEW PAGE --------------------------------
--------------------------------- CONTENT AREA --------------------------------- 
L 173/480 EN Official Journal of the European Union 12.6.2014



--------------------------------- CONTENT AREA --------------------------------- 
(b) such C6 energy derivative contracts shall not be considered to be OTC derivative contracts for the purposes of the
clearing threshold set out in Article 10 of Regulation (EU) No 648/2012.



--------------------------------- CONTENT AREA --------------------------------- 
C6 energy derivative contracts benefiting from the transitional regime set out in the first subparagraph shall be subject to
all other requirements laid down in Regulation (EU) No 648/2012.



--------------------------------- CONTENT AREA --------------------------------- 
2. The exemption referred to in paragraph 1 shall be granted by the relevant competent authority. The competent
authority shall notify ESMA of the C6 energy derivative contracts which have been granted an exemption in accordance
with paragraph 1 and ESMA shall publish on its website a list of those C6 energy derivative contracts.



--------------------------------- CONTENT AREA --------------------------------- 
Article 96



--------------------------------- CONTENT AREA --------------------------------- 
Entry into force



--------------------------------- CONTENT AREA --------------------------------- 
This Directive shall enter into force on the twentieth day following that of its publication in the Official Journal of the
European Union.



--------------------------------- CONTENT AREA --------------------------------- 
Article 97



--------------------------------- CONTENT AREA --------------------------------- 
Addressees



--------------------------------- CONTENT AREA --------------------------------- 
This Directive is addressed to the Member States.



--------------------------------- CONTENT AREA --------------------------------- 
Done at Brussels, 15 May 2014.



--------------------------------- CONTENT AREA --------------------------------- 
For the European Parliament



--------------------------------- CONTENT AREA --------------------------------- 
The President



--------------------------------- CONTENT AREA --------------------------------- 
M. SCHULZ



--------------------------------- CONTENT AREA --------------------------------- 
For the Council



--------------------------------- CONTENT AREA --------------------------------- 
The President



--------------------------------- CONTENT AREA --------------------------------- 
D. KOURKOULAS



</system-out></testcase><testcase classname="tests.basic_parse_test" file="tests/basic_parse_test.py" line="61" name="test_mifir_regulation_parse_to_lines" time="112.32539010047913"><system-out>Parsing PDF /Users/pdodds/src/hohonu/padhana/tests/../test_documents/MIFIR_20140612.pdf
--------------------------------- NEW PAGE --------------------------------
--------------------------------- CONTENT AREA --------------------------------- 
12.6.2014 EN Official Journal of the European Union L 173/95



--------------------------------- CONTENT AREA --------------------------------- 
(51) The Commission should adopt the draft regulatory technical standards developed by ESMA regarding the precise
characteristics of trade transparency requirements, regarding the monetary, foreign exchange and financial stability
policy operations and the types of the certain transactions relevant under this Regulation, regarding the detailed
conditions for waivers from pre-trade transparency, regarding deferred post-trade publication arrangements,
regarding the obligation to make pre-trade and post-trade data available separately, regarding the criteria for the
application of the pre-trade transparency obligations for systematic internalisers, regarding post-trade disclosure by
investment firms, regarding the content and frequency of data requests for the provision of information for the
purposes of transparency and other calculations, regarding transactions that do not contribute to the price
discovery process, regarding the order data to be retained, regarding the content and specifications of transaction
reports, regarding the content and specification of financial instrument reference data, regarding the types of
contracts which have a direct, substantial and foreseeable effect within the Union and the cases where the
trading obligation for derivatives is necessary, regarding the requirements for systems and procedures to ensure
that transactions in cleared derivatives are submitted and accepted for clearing, specifying types of indirect clearing
service arrangements, regarding derivatives subject to an obligation to trade on organised trading venues, regarding
non-discriminatory access to a CCP and to a trading venue, regarding non-discriminatory access to and obligation
to licence benchmarks, and concerning the information that the applicant third-country firm should provide to
ESMA in its application for registration. The Commission should adopt those draft regulatory technical standards
by means of delegated acts pursuant to Article 290 TFEU and in accordance with Articles 10 to 14 of Regulation
(EU) No 1093/2010.



--------------------------------- CONTENT AREA --------------------------------- 
(52) Article 95 of Directive 2014/65/EU provides for a transitional exemption for certain C6 energy derivative
contracts. It is therefore necessary that the technical standards specifying the clearing obligation developed by
ESMA in accordance with Article 5(2)(b) of Regulation (EU) No 648/2012 take that into account and do not
impose a clearing obligation on derivative contracts which would subsequently be subject to the transitional
exemption for C6 energy derivative contracts.



--------------------------------- CONTENT AREA --------------------------------- 
(53) The application of the requirements in this Regulation should be deferred in order to align applicability with the
application of the transposed rules of the recast Directive and to establish all essential implementing measures. The
entire regulatory package should then be applied from the same point in time. Only the application of the
empowerments for implementing measures should not be deferred so that the necessary steps to draft and
adopt those implementing measures can start as early as possible.



--------------------------------- CONTENT AREA --------------------------------- 
(54) This Regulation respects the fundamental rights and observes the principles recognised in particular by the Charter
of Fundamental Rights of the European Union, in particular the right to the protection of personal data (Article 8),
the freedom to conduct a business (Article 16), the right to consumer protection (Article 38), the right to an
effective remedy and to a fair trial (Article 47), and the right not to be tried or punished twice for the same offence
(Article 50), and has to be applied in accordance with those rights and principles.



--------------------------------- CONTENT AREA --------------------------------- 
(55) The European Data Protection Supervisor was consulted in accordance with Article 28(2) of Regulation (EC)
No 45/2001 and delivered an opinion on 10 February 2012 ( 1) ,



--------------------------------- CONTENT AREA --------------------------------- 
HAVE ADOPTED THIS REGULATION:



--------------------------------- CONTENT AREA --------------------------------- 
TITLE I



--------------------------------- CONTENT AREA --------------------------------- 
SUBJECT MATTER, SCOPE AND DEFINITIONS



--------------------------------- CONTENT AREA --------------------------------- 
Article 1



--------------------------------- CONTENT AREA --------------------------------- 
Subject matter and scope



--------------------------------- CONTENT AREA --------------------------------- 
1. This Regulation establishes uniform requirements in relation to the following:



--------------------------------- CONTENT AREA --------------------------------- 
(a) disclosure of trade data to the public;



--------------------------------- CONTENT AREA --------------------------------- 
(b) reporting of transactions to the competent authorities;



--------------------------------- CONTENT AREA --------------------------------- 
( 1 ) OJ C 147, 25.5.2012, p. 1.



</system-out></testcase><testcase classname="tests.basic_parse_test" file="tests/basic_parse_test.py" line="77" name="test_emir_regulation_parse_to_lines" time="124.24132418632507"><system-out>Parsing PDF /Users/pdodds/src/hohonu/padhana/tests/../test_documents/EMIR_20120727.pdf
--------------------------------- NEW PAGE --------------------------------
--------------------------------- CONTENT AREA --------------------------------- 
L 201/56 EN Official Journal of the European Union 27.7.2012



--------------------------------- CONTENT AREA --------------------------------- 
A trade repository established in a third country, which is
allowed to collect and maintain the records of derivatives in a
Member State in accordance with the national law of that
Member State before all the regulatory and implementing
technical standards under Articles 9, 56 and 81 are adopted
by the Commission, shall apply for recognition under Article 77
within six months of the date of entry into force of those
regulatory and implementing technical standards.



--------------------------------- CONTENT AREA --------------------------------- 
7. Until a decision is made under this Regulation on the
registration or recognition of a trade repository, the respective
national rules on authorisation, registration and recognition of
trade repositories shall continue to apply and the trade
repository shall continue to be supervised by the competent
authority of its Member State of establishment or recognition.



--------------------------------- CONTENT AREA --------------------------------- 
8. A trade repository that has been authorised or registered
in its Member State of establishment to collect and maintain the
records of derivatives in accordance with the national law of
that Member State before the regulatory and implementing
technical standards under Articles 56 and 81 are adopted by
the Commission, can be used to meet the reporting requirement
under Article 9 until the time a decision is made on the regis­
tration of the trade repository under this Regulation.



--------------------------------- CONTENT AREA --------------------------------- 
A trade repository established in a third country which has been
allowed to collect and maintain the records of derivatives in
accordance with the national law of a Member State before
all the regulatory and implementing technical standards under



--------------------------------- CONTENT AREA --------------------------------- 
Articles 56 and 81 are adopted by the Commission, can be used
to meet the reporting requirement under Article 9 until the time
a decision is made on the recognition of the trade repository
under this Regulation.



--------------------------------- CONTENT AREA --------------------------------- 
9. Notwithstanding Article 81(3)(f), where no international
agreement is in place between a third country and the Union
as referred to in Article 75, a trade repository may make the
necessary information available to the relevant authorities of
that third country until 17 August 2013 provided that it
notifies ESMA.



--------------------------------- CONTENT AREA --------------------------------- 
Article 90



--------------------------------- CONTENT AREA --------------------------------- 
Staff and resources of ESMA



--------------------------------- CONTENT AREA --------------------------------- 
By 31 December 2012, ESMA shall assess the staffing and
resources needs arising from the assumption of its powers
and duties in accordance with this Regulation and submit a
report to the European Parliament, the Council and the
Commission.



--------------------------------- CONTENT AREA --------------------------------- 
Article 91



--------------------------------- CONTENT AREA --------------------------------- 
Entry into force



--------------------------------- CONTENT AREA --------------------------------- 
This Regulation shall enter into force on the twentieth day
following that of its publication in the Official Journal of the
European Union.



--------------------------------- CONTENT AREA --------------------------------- 
This Regulation shall be binding in its entirety and directly applicable in all Member States.



--------------------------------- CONTENT AREA --------------------------------- 
Done at Strasbourg, 4 July 2012.



--------------------------------- CONTENT AREA --------------------------------- 
For the European Parliament



--------------------------------- CONTENT AREA --------------------------------- 
The President



--------------------------------- CONTENT AREA --------------------------------- 
M. SCHULZ



--------------------------------- CONTENT AREA --------------------------------- 
For the Council



--------------------------------- CONTENT AREA --------------------------------- 
The President



--------------------------------- CONTENT AREA --------------------------------- 
A. D. MAVROYIANNIS



--------------------------------- NEW PAGE --------------------------------
--------------------------------- CONTENT AREA --------------------------------- 
27.7.2012 EN Official Journal of the European Union L 201/57



--------------------------------- CONTENT AREA --------------------------------- 
ANNEX I



--------------------------------- CONTENT AREA --------------------------------- 
List of infringements referred to in Article 65(1)



--------------------------------- CONTENT AREA --------------------------------- 
I. Infringements relating to organisational requirements or conflicts of interest:



--------------------------------- CONTENT AREA --------------------------------- 
(a) a trade repository infringes Article 78(1) by not having robust governance arrangements which include a clear
organisational structure with well-defined, transparent and consistent lines of responsibility and adequate internal
control mechanisms, including sound administrative and accounting procedures, which prevent the disclosure of
confidential information;



--------------------------------- CONTENT AREA --------------------------------- 
(b) a trade repository infringes Article 78(2) by not maintaining or operating effective written organisational and
administrative arrangements to identify and manage any potential conflicts of interest concerning its managers, its
employees, and any person directly or indirectly linked to them by close links;



--------------------------------- CONTENT AREA --------------------------------- 
(c) a trade repository infringes Article 78(3) by not establishing adequate policies and procedures sufficient to ensure
compliance, including that of its managers and employees, with all the provisions of this Regulation;



--------------------------------- CONTENT AREA --------------------------------- 
(d) a trade repository infringes Article 78(4) by not maintaining or operating an adequate organisational structure to
ensure continuity and orderly functioning of the trade repository in the performance of its services and activities;



--------------------------------- CONTENT AREA --------------------------------- 
(e) a trade repository infringes Article 78(5) by not separating operationally its ancillary services from its function of
centrally collecting and maintaining records of derivatives;



--------------------------------- CONTENT AREA --------------------------------- 
(f) a trade repository infringes Article 78(6) by not ensuring that its senior management and the members of the
board are of sufficiently good repute and experience so as to ensure the sound and prudent management of the
trade repository;



--------------------------------- CONTENT AREA --------------------------------- 
(g) a trade repository infringes Article 78(7) by not having objective non-discriminatory and publicly disclosed
requirements for access by services providers and undertakings subject to the reporting obligation under Article 9;



--------------------------------- CONTENT AREA --------------------------------- 
(h) a trade repository infringes Article 78(8) by not publicly disclosing the prices and fees associated with services
provided under this Regulation, by not allowing reporting entities to access specific services separately or by
charging prices and fees that are not cost related.



--------------------------------- CONTENT AREA --------------------------------- 
II. Infringements relating to operational requirements:



--------------------------------- CONTENT AREA --------------------------------- 
(a) a trade repository infringes Article 79(1) by not identifying sources of operational risk or by not minimising those
risks through the development of appropriate systems, controls and procedures;



--------------------------------- CONTENT AREA --------------------------------- 
(b) a trade repository infringes Article 79(2) by not establishing, implementing or maintaining an adequate business
continuity policy and disaster recovery plan aimed at ensuring the maintenance of its functions, the timely
recovery of operations and the fulfilment of the trade repository’s obligations;



--------------------------------- CONTENT AREA --------------------------------- 
(c) a trade repository infringes Article 80(1) by not ensuring the confidentiality, integrity or protection of the
information received under Article 9;



--------------------------------- CONTENT AREA --------------------------------- 
(d) a trade repository infringes Article 80(2) by using the data that it receives under this Regulation for commercial
purposes without the relevant counterparties having provided their consent;



--------------------------------- CONTENT AREA --------------------------------- 
(e) a trade repository infringes Article 80(3) by not promptly recording the information received under Article 9 or
by not maintaining it for at least 10 years following the termination of the relevant contracts or by not
employing timely and efficient record-keeping procedures to document changes to recorded information;



--------------------------------- CONTENT AREA --------------------------------- 
(f) a trade repository infringes Article 80(4) by not calculating the positions by class of derivatives and by reporting
entity based on the details of the derivative contracts reported in accordance with Article 9;



--------------------------------- CONTENT AREA --------------------------------- 
(g) a trade repository infringes Article 80(5) by not allowing the parties to a contract to access and correct the
information on that contract in a timely manner;



--------------------------------- CONTENT AREA --------------------------------- 
(h) a trade repository infringes Article 80(6) by not taking all reasonable steps to prevent any misuse of the
information maintained in its systems.



</system-out></testcase><testcase classname="tests.basic_parse_test" file="tests/basic_parse_test.py" line="91" name="test_mifir_rts22_regulation_parse_to_lines" time="18.85578989982605"><system-out>Parsing PDF /Users/pdodds/src/hohonu/padhana/tests/../test_documents/MIFIR_RTS_22.pdf
--------------------------------- NEW PAGE --------------------------------
--------------------------------- CONTENT AREA --------------------------------- 
EUROPEAN
COMMISSION



--------------------------------- CONTENT AREA --------------------------------- 
This content area has an image
{&apos;type&apos;: &apos;figure&apos;, &apos;bbox&apos;: (71.5529565258, 707.2733530761, 194.8992181182, 768.23420232335), &apos;name&apos;: &apos;Image14&apos;, &apos;children&apos;: [{&apos;type&apos;: &apos;image&apos;, &apos;height&apos;: 60.96084924725005, &apos;width&apos;: 123.3462615924, &apos;value&apos;: None, &apos;children&apos;: [], &apos;features&apos;: {}}], &apos;features&apos;: {}}
*********************





--------------------------------- CONTENT AREA --------------------------------- 
Brussels, XXX
[…](2016) XXX draft



--------------------------------- CONTENT AREA --------------------------------- 
COMMISSION DELEGATED REGULATION (EU) …/...



--------------------------------- CONTENT AREA --------------------------------- 
of XXX



--------------------------------- CONTENT AREA --------------------------------- 
supplementing Regulation (EU) No 600/2014 of the European Parliament and of the
Council with regard to regulatory technical standards for the reporting of transactions
to competent authorities



--------------------------------- CONTENT AREA --------------------------------- 
(Text with EEA relevance)



--------------------------------- CONTENT AREA --------------------------------- 
This content area has an image
{&apos;type&apos;: &apos;figure&apos;, &apos;bbox&apos;: (70.86, 389.96, 521.45003121198, 785.36860836685), &apos;name&apos;: &apos;Meta10&apos;, &apos;children&apos;: [{&apos;type&apos;: &apos;text&apos;, &apos;bbox&apos;: (71.57275528368, 787.19891948641, 74.54256896567999, 798.0025091466699), &apos;color_space&apos;: &apos;DeviceGray&apos;, &apos;ncolor&apos;: 0, &apos;size&apos;: 10.803589660259945, &apos;value&apos;: &apos; &apos;, &apos;children&apos;: [], &apos;features&apos;: {}}, {&apos;type&apos;: &apos;text&apos;, &apos;bbox&apos;: (71.57275528368, 771.93840339865, 74.875188098064, 783.08666203597), &apos;color_space&apos;: &apos;DeviceGray&apos;, &apos;ncolor&apos;: 0, &apos;size&apos;: 11.148258637319941, &apos;value&apos;: &apos; &apos;, &apos;children&apos;: [], &apos;features&apos;: {}}, {&apos;type&apos;: &apos;figure&apos;, &apos;bbox&apos;: (71.5529565258, 707.2733530761, 194.8992181182, 768.23420232335), &apos;name&apos;: &apos;Image14&apos;, &apos;children&apos;: [{&apos;type&apos;: &apos;image&apos;, &apos;height&apos;: 60.96084924725005, &apos;width&apos;: 123.3462615924, &apos;value&apos;: None, &apos;children&apos;: [], &apos;features&apos;: {}}], &apos;features&apos;: {}}, {&apos;type&apos;: &apos;text&apos;, &apos;bbox&apos;: (194.8992181182, 704.76756999575, 198.201650932584, 715.91582863307), &apos;color_space&apos;: &apos;DeviceGray&apos;, &apos;ncolor&apos;: 0, &apos;size&apos;: 11.148258637319941, &apos;value&apos;: &apos; &apos;, &apos;children&apos;: [], &apos;features&apos;: {}}, {&apos;type&apos;: &apos;text&apos;, &apos;bbox&apos;: (203.2146964278, 718.416461487326, 210.82122081523295, 729.1187897791532), &apos;color_space&apos;: &apos;DeviceGray&apos;, &apos;ncolor&apos;: 0, &apos;size&apos;: 10.702328291827143, &apos;value&apos;: &apos;E&apos;, &apos;children&apos;: [], &apos;features&apos;: {}}, {&apos;type&apos;: &apos;text&apos;, &apos;bbox&apos;: (210.82122081523295, 718.416461487326, 219.0549698523043, 729.1187897791532), &apos;color_space&apos;: &apos;DeviceGray&apos;, &apos;ncolor&apos;: 0, &apos;size&apos;: 10.702328291827143, &apos;value&apos;: &apos;U&apos;, &apos;children&apos;: [], &apos;features&apos;: {}}, {&apos;type&apos;: &apos;text&apos;, &apos;bbox&apos;: (219.00935351414878, 718.416461487326, 227.24310255122015, 729.1187897791532), &apos;color_space&apos;: &apos;DeviceGray&apos;, &apos;ncolor&apos;: 0, &apos;size&apos;: 10.702328291827143, &apos;value&apos;: &apos;R&apos;, &apos;children&apos;: [], &apos;features&apos;: {}}, {&apos;type&apos;: &apos;text&apos;, &apos;bbox&apos;: (227.20889029760352, 718.416461487326, 236.08126806885215, 729.1187897791532), &apos;color_space&apos;: &apos;DeviceGray&apos;, &apos;ncolor&apos;: 0, &apos;size&apos;: 10.702328291827143, &apos;value&apos;: &apos;O&apos;, &apos;children&apos;: [], &apos;features&apos;: {}}, {&apos;type&apos;: &apos;text&apos;, &apos;bbox&apos;: (236.10407623792992, 718.416461487326, 243.71060062536287, 729.1187897791532), &apos;color_space&apos;: &apos;DeviceGray&apos;, &apos;ncolor&apos;: 0, &apos;size&apos;: 10.702328291827143, &apos;value&apos;: &apos;P&apos;, &apos;children&apos;: [], &apos;features&apos;: {}}, {&apos;type&apos;: &apos;text&apos;, &apos;bbox&apos;: (243.71060062536287, 718.416461487326, 251.31712501279583, 729.1187897791532), &apos;color_space&apos;: &apos;DeviceGray&apos;, &apos;ncolor&apos;: 0, &apos;size&apos;: 10.702328291827143, &apos;value&apos;: &apos;E&apos;, &apos;children&apos;: [], &apos;features&apos;: {}}, {&apos;type&apos;: &apos;text&apos;, &apos;bbox&apos;: (251.31712501279583, 718.416461487326, 258.9236494002288, 729.1187897791532), &apos;color_space&apos;: &apos;DeviceGray&apos;, &apos;ncolor&apos;: 0, &apos;size&apos;: 10.702328291827143, &apos;value&apos;: &apos;A&apos;, &apos;children&apos;: [], &apos;features&apos;: {}}, {&apos;type&apos;: &apos;text&apos;, &apos;bbox&apos;: (258.9236494002288, 718.416461487326, 267.1573984373001, 729.1187897791532), &apos;color_space&apos;: &apos;DeviceGray&apos;, &apos;ncolor&apos;: 0, &apos;size&apos;: 10.702328291827143, &apos;value&apos;: &apos;N&apos;, &apos;children&apos;: [], &apos;features&apos;: {}}, {&apos;type&apos;: &apos;text&apos;, &apos;bbox&apos;: (267.15478500126, 718.3166263353501, 270.457217815644, 729.46488497267), &apos;color_space&apos;: &apos;DeviceGray&apos;, &apos;ncolor&apos;: 0, &apos;size&apos;: 11.148258637319941, &apos;value&apos;: &apos; &apos;, &apos;children&apos;: [], &apos;features&apos;: {}}, {&apos;type&apos;: &apos;text&apos;, &apos;bbox&apos;: (203.2146964278, 705.342810633326, 211.44844546487136, 716.0451389251532), &apos;color_space&apos;: &apos;DeviceGray&apos;, &apos;ncolor&apos;: 0, &apos;size&apos;: 10.702328291827143, &apos;value&apos;: &apos;C&apos;, &apos;children&apos;: [], &apos;features&apos;: {}}, {&apos;type&apos;: &apos;text&apos;, &apos;bbox&apos;: (211.41423321125473, 705.342810633326, 220.28661098250336, 716.0451389251532), &apos;color_space&apos;: &apos;DeviceGray&apos;, &apos;ncolor&apos;: 0, &apos;size&apos;: 10.702328291827143, &apos;value&apos;: &apos;O&apos;, &apos;children&apos;: [], &apos;features&apos;: {}}, {&apos;type&apos;: &apos;text&apos;, &apos;bbox&apos;: (220.30941915158112, 705.342810633326, 229.80902157246817, 716.0451389251532), &apos;color_space&apos;: &apos;DeviceGray&apos;, &apos;ncolor&apos;: 0, &apos;size&apos;: 10.702328291827143, &apos;value&apos;: &apos;M&apos;, &apos;children&apos;: [], &apos;features&apos;: {}}, {&apos;type&apos;: &apos;text&apos;, &apos;bbox&apos;: (229.69498072707935, 705.342810633326, 239.1945831479664, 716.0451389251532), &apos;color_space&apos;: &apos;DeviceGray&apos;, &apos;ncolor&apos;: 0, &apos;size&apos;: 10.702328291827143, &apos;value&apos;: &apos;M&apos;, &apos;children&apos;: [], &apos;features&apos;: {}}, {&apos;type&apos;: &apos;text&apos;, &apos;bbox&apos;: (239.08054230257758, 705.342810633326, 242.25087780438622, 716.0451389251532), &apos;color_space&apos;: &apos;DeviceGray&apos;, &apos;ncolor&apos;: 0, &apos;size&apos;: 10.702328291827143, &apos;value&apos;: &apos;I&apos;, &apos;children&apos;: [], &apos;features&apos;: {}}, {&apos;type&apos;: &apos;text&apos;, &apos;bbox&apos;: (242.27368597346398, 705.342810633326, 249.88021036089694, 716.0451389251532), &apos;color_space&apos;: &apos;DeviceGray&apos;, &apos;ncolor&apos;: 0, &apos;size&apos;: 10.702328291827143, &apos;value&apos;: &apos;S&apos;, &apos;children&apos;: [], &apos;features&apos;: {}}, {&apos;type&apos;: &apos;text&apos;, &apos;bbox&apos;: (249.88021036089694, 705.342810633326, 257.4867347483299, 716.0451389251532), &apos;color_space&apos;: &apos;DeviceGray&apos;, &apos;ncolor&apos;: 0, &apos;size&apos;: 10.702328291827143, &apos;value&apos;: &apos;S&apos;, &apos;children&apos;: [], &apos;features&apos;: {}}, {&apos;type&apos;: &apos;text&apos;, &apos;bbox&apos;: (257.4867347483299, 705.342810633326, 260.6570702501386, 716.0451389251532), &apos;color_space&apos;: &apos;DeviceGray&apos;, &apos;ncolor&apos;: 0, &apos;size&apos;: 10.702328291827143, &apos;value&apos;: &apos;I&apos;, &apos;children&apos;: [], &apos;features&apos;: {}}, {&apos;type&apos;: &apos;text&apos;, &apos;bbox&apos;: (260.65707025013853, 705.342810633326, 269.52944802138717, 716.0451389251532), &apos;color_space&apos;: &apos;DeviceGray&apos;, &apos;ncolor&apos;: 0, &apos;size&apos;: 10.702328291827143, &apos;value&apos;: &apos;O&apos;, &apos;children&apos;: [], &apos;features&apos;: {}}, {&apos;type&apos;: &apos;text&apos;, &apos;bbox&apos;: (269.58646844408156, 705.342810633326, 277.8202174811529, 716.0451389251532), &apos;color_space&apos;: &apos;DeviceGray&apos;, &apos;ncolor&apos;: 0, &apos;size&apos;: 10.702328291827143, &apos;value&apos;: &apos;N&apos;, &apos;children&apos;: [], &apos;features&apos;: {}}, {&apos;type&apos;: &apos;text&apos;, &apos;bbox&apos;: (277.84611425646, 705.342810633326, 281.01644975826866, 716.0451389251532), &apos;color_space&apos;: &apos;DeviceGray&apos;, &apos;ncolor&apos;: 0, &apos;size&apos;: 10.702328291827143, &apos;value&apos;: &apos; &apos;, &apos;children&apos;: [], &apos;features&apos;: {}}, {&apos;type&apos;: &apos;text&apos;, &apos;bbox&apos;: (515.7380895635999, 705.342810633326, 518.9084250654086, 716.0451389251532), &apos;color_space&apos;: &apos;DeviceGray&apos;, &apos;ncolor&apos;: 0, &apos;size&apos;: 10.702328291827143, &apos;value&apos;: &apos; &apos;, &apos;children&apos;: [], &apos;features&apos;: {}}, {&apos;type&apos;: &apos;text&apos;, &apos;bbox&apos;: (324.19500645354, 640.36795440266, 332.118469357116, 651.1715440629199), &apos;color_space&apos;: &apos;DeviceGray&apos;, &apos;ncolor&apos;: 0, &apos;size&apos;: 10.803589660259945, &apos;value&apos;: &apos;B&apos;, &apos;children&apos;: [], &apos;features&apos;: {}}, {&apos;type&apos;: &apos;text&apos;, &apos;bbox&apos;: (332.03531457402, 640.36795440266, 335.991106398444, 651.1715440629199), &apos;color_space&apos;: &apos;DeviceGray&apos;, &apos;ncolor&apos;: 0, &apos;size&apos;: 10.803589660259945, &apos;value&apos;: &apos;r&apos;, &apos;children&apos;: [], &apos;features&apos;: {}}, {&apos;type&apos;: &apos;text&apos;, &apos;bbox&apos;: (335.991106398444, 640.36795440266, 341.930733762444, 651.1715440629199), &apos;color_space&apos;: &apos;DeviceGray&apos;, &apos;ncolor&apos;: 0, &apos;size&apos;: 10.803589660259945, &apos;value&apos;: &apos;u&apos;, &apos;children&apos;: [], &apos;features&apos;: {}}, {&apos;type&apos;: &apos;text&apos;, &apos;bbox&apos;: (341.930733762444, 640.36795440266, 346.551763851636, 651.1715440629199), &apos;color_space&apos;: &apos;DeviceGray&apos;, &apos;ncolor&apos;: 0, &apos;size&apos;: 10.803589660259945, &apos;value&apos;: &apos;s&apos;, &apos;children&apos;: [], &apos;features&apos;: {}}, {&apos;type&apos;: &apos;text&apos;, &apos;bbox&apos;: (346.551763851636, 640.36795440266, 351.172793940828, 651.1715440629199), &apos;color_space&apos;: &apos;DeviceGray&apos;, &apos;ncolor&apos;: 0, &apos;size&apos;: 10.803589660259945, &apos;value&apos;: &apos;s&apos;, &apos;children&apos;: [], &apos;features&apos;: {}}, {&apos;type&apos;: &apos;text&apos;, &apos;bbox&apos;: (351.172793940828, 640.36795440266, 356.44718304006, 651.1715440629199), &apos;color_space&apos;: &apos;DeviceGray&apos;, &apos;ncolor&apos;: 0, &apos;size&apos;: 10.803589660259945, &apos;value&apos;: &apos;e&apos;, &apos;children&apos;: [], &apos;features&apos;: {}}, {&apos;type&apos;: &apos;text&apos;, &apos;bbox&apos;: (356.38778676642, 640.36795440266, 359.690219580804, 651.1715440629199), &apos;color_space&apos;: &apos;DeviceGray&apos;, &apos;ncolor&apos;: 0, &apos;size&apos;: 10.803589660259945, &apos;value&apos;: &apos;l&apos;, &apos;children&apos;: [], &apos;features&apos;: {}}, {&apos;type&apos;: &apos;text&apos;, &apos;bbox&apos;: (359.69021958080396, 640.36795440266, 364.31124966999596, 651.1715440629199), &apos;color_space&apos;: &apos;DeviceGray&apos;, &apos;ncolor&apos;: 0, &apos;size&apos;: 10.803589660259945, &apos;value&apos;: &apos;s&apos;, &apos;children&apos;: [], &apos;features&apos;: {}}, {&apos;type&apos;: &apos;text&apos;, &apos;bbox&apos;: (364.31124966999596, 640.36795440266, 367.28106335199595, 651.1715440629199), &apos;color_space&apos;: &apos;DeviceGray&apos;, &apos;ncolor&apos;: 0, &apos;size&apos;: 10.803589660259945, &apos;value&apos;: &apos;,&apos;, &apos;children&apos;: [], &apos;features&apos;: {}}, {&apos;type&apos;: &apos;text&apos;, &apos;bbox&apos;: (367.28106335199595, 640.36795440266, 370.25087703399595, 651.1715440629199), &apos;color_space&apos;: &apos;DeviceGray&apos;, &apos;ncolor&apos;: 0, &apos;size&apos;: 10.803589660259945, &apos;value&apos;: &apos; &apos;, &apos;children&apos;: [], &apos;features&apos;: {}}, {&apos;type&apos;: &apos;text&apos;, &apos;bbox&apos;: (370.28651479818, 640.36795440266, 378.863336711796, 651.1715440629199), &apos;color_space&apos;: &apos;DeviceGray&apos;, &apos;ncolor&apos;: 0, &apos;size&apos;: 10.803589660259945, &apos;value&apos;: &apos;X&apos;, &apos;children&apos;: [], &apos;features&apos;: {}}, {&apos;type&apos;: &apos;text&apos;, &apos;bbox&apos;: (378.863336711796, 640.36795440266, 387.44015862541204, 651.1715440629199), &apos;color_space&apos;: &apos;DeviceGray&apos;, &apos;ncolor&apos;: 0, &apos;size&apos;: 10.803589660259945, &apos;value&apos;: &apos;X&apos;, &apos;children&apos;: [], &apos;features&apos;: {}}, {&apos;type&apos;: &apos;text&apos;, &apos;bbox&apos;: (387.499554899052, 640.36795440266, 396.076376812668, 651.1715440629199), &apos;color_space&apos;: &apos;DeviceGray&apos;, &apos;ncolor&apos;: 0, &apos;size&apos;: 10.803589660259945, &apos;value&apos;: &apos;X&apos;, &apos;children&apos;: [], &apos;features&apos;: {}}, {&apos;type&apos;: &apos;text&apos;, &apos;bbox&apos;: (396.06449755794, 640.36795440266, 399.03431123994, 651.1715440629199), &apos;color_space&apos;: &apos;DeviceGray&apos;, &apos;ncolor&apos;: 0, &apos;size&apos;: 10.803589660259945, &apos;value&apos;: &apos; &apos;, &apos;children&apos;: [], &apos;features&apos;: {}}, {&apos;type&apos;: &apos;text&apos;, &apos;bbox&apos;: (399.15310378722, 640.36795440266, 402.12291746922, 651.1715440629199), &apos;color_space&apos;: &apos;DeviceGray&apos;, &apos;ncolor&apos;: 0, &apos;size&apos;: 10.803589660259945, &apos;value&apos;: &apos; &apos;, &apos;children&apos;: [], &apos;features&apos;: {}}, {&apos;type&apos;: &apos;text&apos;, &apos;bbox&apos;: (324.19500645354, 626.70004669166, 328.150798277964, 637.5036363519199), &apos;color_space&apos;: &apos;DeviceGray&apos;, &apos;ncolor&apos;: 0, &apos;size&apos;: 10.803589660259945, &apos;value&apos;: &apos;[&apos;, &apos;children&apos;: [], &apos;features&apos;: {}}, {&apos;type&apos;: &apos;text&apos;, &apos;bbox&apos;: (328.222073806332, 626.70004669166, 340.10132853433197, 637.5036363519199), &apos;color_space&apos;: &apos;DeviceGray&apos;, &apos;ncolor&apos;: 0, &apos;size&apos;: 10.803589660259945, &apos;value&apos;: &apos;…&apos;, &apos;children&apos;: [], &apos;features&apos;: {}}, {&apos;type&apos;: &apos;text&apos;, &apos;bbox&apos;: (340.10132853433197, 626.70004669166, 344.057120358756, 637.5036363519199), &apos;color_space&apos;: &apos;DeviceGray&apos;, &apos;ncolor&apos;: 0, &apos;size&apos;: 10.803589660259945, &apos;value&apos;: &apos;]&apos;, &apos;children&apos;: [], &apos;features&apos;: {}}, {&apos;type&apos;: &apos;text&apos;, &apos;bbox&apos;: (344.15215439658, 626.70004669166, 348.107946221004, 637.5036363519199), &apos;color_space&apos;: &apos;DeviceGray&apos;, &apos;ncolor&apos;: 0, &apos;size&apos;: 10.803589660259945, &apos;value&apos;: &apos;(&apos;, &apos;children&apos;: [], &apos;features&apos;: {}}, {&apos;type&apos;: &apos;text&apos;, &apos;bbox&apos;: (348.107946221004, 626.70004669166, 354.047573585004, 637.5036363519199), &apos;color_space&apos;: &apos;DeviceGray&apos;, &apos;ncolor&apos;: 0, &apos;size&apos;: 10.803589660259945, &apos;value&apos;: &apos;2&apos;, &apos;children&apos;: [], &apos;features&apos;: {}}, {&apos;type&apos;: &apos;text&apos;, &apos;bbox&apos;: (354.047573585004, 626.70004669166, 359.987200949004, 637.5036363519199), &apos;color_space&apos;: &apos;DeviceGray&apos;, &apos;ncolor&apos;: 0, &apos;size&apos;: 10.803589660259945, &apos;value&apos;: &apos;0&apos;, &apos;children&apos;: [], &apos;features&apos;: {}}, {&apos;type&apos;: &apos;text&apos;, &apos;bbox&apos;: (359.987200949004, 626.70004669166, 365.92682831300397, 637.5036363519199), &apos;color_space&apos;: &apos;DeviceGray&apos;, &apos;ncolor&apos;: 0, &apos;size&apos;: 10.803589660259945, &apos;value&apos;: &apos;1&apos;, &apos;children&apos;: [], &apos;features&apos;: {}}, {&apos;type&apos;: &apos;text&apos;, &apos;bbox&apos;: (365.92682831300397, 626.70004669166, 371.86645567700396, 637.5036363519199), &apos;color_space&apos;: &apos;DeviceGray&apos;, &apos;ncolor&apos;: 0, &apos;size&apos;: 10.803589660259945, &apos;value&apos;: &apos;6&apos;, &apos;children&apos;: [], &apos;features&apos;: {}}, {&apos;type&apos;: &apos;text&apos;, &apos;bbox&apos;: (371.83081791282, 626.70004669166, 375.786609737244, 637.5036363519199), &apos;color_space&apos;: &apos;DeviceGray&apos;, &apos;ncolor&apos;: 0, &apos;size&apos;: 10.803589660259945, &apos;value&apos;: &apos;)&apos;, &apos;children&apos;: [], &apos;features&apos;: {}}, {&apos;type&apos;: &apos;text&apos;, &apos;bbox&apos;: (375.78660973724396, 626.70004669166, 378.75642341924396, 637.5036363519199), &apos;color_space&apos;: &apos;DeviceGray&apos;, &apos;ncolor&apos;: 0, &apos;size&apos;: 10.803589660259945, &apos;value&apos;: &apos; &apos;, &apos;children&apos;: [], &apos;features&apos;: {}}, {&apos;type&apos;: &apos;text&apos;, &apos;bbox&apos;: (378.72078565506, 626.70004669166, 387.297607568676, 637.5036363519199), &apos;color_space&apos;: &apos;DeviceGray&apos;, &apos;ncolor&apos;: 0, &apos;size&apos;: 10.803589660259945, &apos;value&apos;: &apos;X&apos;, &apos;children&apos;: [], &apos;features&apos;: {}}, {&apos;type&apos;: &apos;text&apos;, &apos;bbox&apos;: (387.27384905922, 626.70004669166, 395.85067097283604, 637.5036363519199), &apos;color_space&apos;: &apos;DeviceGray&apos;, &apos;ncolor&apos;: 0, &apos;size&apos;: 10.803589660259945, &apos;value&apos;: &apos;X&apos;, &apos;children&apos;: [], &apos;features&apos;: {}}, {&apos;type&apos;: &apos;text&apos;, &apos;bbox&apos;: (395.82691246338004, 626.70004669166, 404.40373437699606, 637.5036363519199), &apos;color_space&apos;: &apos;DeviceGray&apos;, &apos;ncolor&apos;: 0, &apos;size&apos;: 10.803589660259945, &apos;value&apos;: &apos;X&apos;, &apos;children&apos;: [], &apos;features&apos;: {}}, {&apos;type&apos;: &apos;text&apos;, &apos;bbox&apos;: (404.40967400436, 626.70004669166, 407.37948768636, 637.5036363519199), &apos;color_space&apos;: &apos;DeviceGray&apos;, &apos;ncolor&apos;: 0, &apos;size&apos;: 10.803589660259945, &apos;value&apos;: &apos; &apos;, &apos;children&apos;: [], &apos;features&apos;: {}}, {&apos;type&apos;: &apos;text&apos;, &apos;bbox&apos;: (407.37948768636, 626.70004669166, 413.31911505036, 637.5036363519199), &apos;color_space&apos;: &apos;DeviceGray&apos;, &apos;ncolor&apos;: 0, &apos;size&apos;: 10.803589660259945, &apos;value&apos;: &apos;d&apos;, &apos;children&apos;: [], &apos;features&apos;: {}}, {&apos;type&apos;: &apos;text&apos;, &apos;bbox&apos;: (413.31911505036, 626.70004669166, 417.274906874784, 637.5036363519199), &apos;color_space&apos;: &apos;DeviceGray&apos;, &apos;ncolor&apos;: 0, &apos;size&apos;: 10.803589660259945, &apos;value&apos;: &apos;r&apos;, &apos;children&apos;: [], &apos;features&apos;: {}}, {&apos;type&apos;: &apos;text&apos;, &apos;bbox&apos;: (417.2392691106, 626.70004669166, 422.513658209832, 637.5036363519199), &apos;color_space&apos;: &apos;DeviceGray&apos;, &apos;ncolor&apos;: 0, &apos;size&apos;: 10.803589660259945, &apos;value&apos;: &apos;a&apos;, &apos;children&apos;: [], &apos;features&apos;: {}}, {&apos;type&apos;: &apos;text&apos;, &apos;bbox&apos;: (422.46614119092, 626.70004669166, 426.421933015344, 637.5036363519199), &apos;color_space&apos;: &apos;DeviceGray&apos;, &apos;ncolor&apos;: 0, &apos;size&apos;: 10.803589660259945, &apos;value&apos;: &apos;f&apos;, &apos;children&apos;: [], &apos;features&apos;: {}}, {&apos;type&apos;: &apos;text&apos;, &apos;bbox&apos;: (426.421933015344, 626.70004669166, 429.724365829728, 637.5036363519199), &apos;color_space&apos;: &apos;DeviceGray&apos;, &apos;ncolor&apos;: 0, &apos;size&apos;: 10.803589660259945, &apos;value&apos;: &apos;t&apos;, &apos;children&apos;: [], &apos;features&apos;: {}}, {&apos;type&apos;: &apos;text&apos;, &apos;bbox&apos;: (429.83127912228, 626.70004669166, 432.80109280428, 637.5036363519199), &apos;color_space&apos;: &apos;DeviceGray&apos;, &apos;ncolor&apos;: 0, &apos;size&apos;: 10.803589660259945, &apos;value&apos;: &apos; &apos;, &apos;children&apos;: [], &apos;features&apos;: {}}, {&apos;type&apos;: &apos;text&apos;, &apos;bbox&apos;: (324.19500645354, 584.7104910500208, 328.1448586506, 599.0950725305628), &apos;color_space&apos;: &apos;DeviceGray&apos;, &apos;ncolor&apos;: 0, &apos;size&apos;: 14.38458148054201, &apos;value&apos;: &apos; &apos;, &apos;children&apos;: [], &apos;features&apos;: {}}, {&apos;type&apos;: &apos;text&apos;, &apos;bbox&apos;: (328.11516051378004, 584.7104910500208, 332.06501271084005, 599.0950725305628), &apos;color_space&apos;: &apos;DeviceGray&apos;, &apos;ncolor&apos;: 0, &apos;size&apos;: 14.38458148054201, &apos;value&apos;: &apos; &apos;, &apos;children&apos;: [], &apos;features&apos;: {}}, {&apos;type&apos;: &apos;text&apos;, &apos;bbox&apos;: (147.74253659961602, 541.10725072176, 156.319358513232, 551.72067818778), &apos;color_space&apos;: &apos;DeviceGray&apos;, &apos;ncolor&apos;: 0, &apos;size&apos;: 10.61342746601997, &apos;value&apos;: &apos;C&apos;, &apos;children&apos;: [], &apos;features&apos;: {}}, {&apos;type&apos;: &apos;text&apos;, &apos;bbox&apos;: (156.319358513232, 541.10725072176, 165.561418691616, 551.72067818778), &apos;color_space&apos;: &apos;DeviceGray&apos;, &apos;ncolor&apos;: 0, &apos;size&apos;: 10.61342746601997, &apos;value&apos;: &apos;O&apos;, &apos;children&apos;: [], &apos;features&apos;: {}}, {&apos;type&apos;: &apos;text&apos;, &apos;bbox&apos;: (165.561418691616, 541.10725072176, 176.77543515484803, 551.72067818778), &apos;color_space&apos;: &apos;DeviceGray&apos;, &apos;ncolor&apos;: 0, &apos;size&apos;: 10.61342746601997, &apos;value&apos;: &apos;M&apos;, &apos;children&apos;: [], &apos;features&apos;: {}}, {&apos;type&apos;: &apos;text&apos;, &apos;bbox&apos;: (176.72791813593602, 541.10725072176, 187.94193459916804, 551.72067818778), &apos;color_space&apos;: &apos;DeviceGray&apos;, &apos;ncolor&apos;: 0, &apos;size&apos;: 10.61342746601997, &apos;value&apos;: &apos;M&apos;, &apos;children&apos;: [], &apos;features&apos;: {}}, {&apos;type&apos;: &apos;text&apos;, &apos;bbox&apos;: (187.894417580256, 541.10725072176, 192.515447669448, 551.72067818778), &apos;color_space&apos;: &apos;DeviceGray&apos;, &apos;ncolor&apos;: 0, &apos;size&apos;: 10.61342746601997, &apos;value&apos;: &apos;I&apos;, &apos;children&apos;: [], &apos;features&apos;: {}}, {&apos;type&apos;: &apos;text&apos;, &apos;bbox&apos;: (192.515447669448, 541.10725072176, 199.12031329821602, 551.72067818778), &apos;color_space&apos;: &apos;DeviceGray&apos;, &apos;ncolor&apos;: 0, &apos;size&apos;: 10.61342746601997, &apos;value&apos;: &apos;S&apos;, &apos;children&apos;: [], &apos;features&apos;: {}}, {&apos;type&apos;: &apos;text&apos;, &apos;bbox&apos;: (199.16783031712802, 541.10725072176, 205.77269594589603, 551.72067818778), &apos;color_space&apos;: &apos;DeviceGray&apos;, &apos;ncolor&apos;: 0, &apos;size&apos;: 10.61342746601997, &apos;value&apos;: &apos;S&apos;, &apos;children&apos;: [], &apos;features&apos;: {}}, {&apos;type&apos;: &apos;text&apos;, &apos;bbox&apos;: (205.80833371008003, 541.10725072176, 210.42936379927204, 551.72067818778), &apos;color_space&apos;: &apos;DeviceGray&apos;, &apos;ncolor&apos;: 0, &apos;size&apos;: 10.61342746601997, &apos;value&apos;: &apos;I&apos;, &apos;children&apos;: [], &apos;features&apos;: {}}, {&apos;type&apos;: &apos;text&apos;, &apos;bbox&apos;: (210.429363799272, 541.10725072176, 219.67142397765602, 551.72067818778), &apos;color_space&apos;: &apos;DeviceGray&apos;, &apos;ncolor&apos;: 0, &apos;size&apos;: 10.61342746601997, &apos;value&apos;: &apos;O&apos;, &apos;children&apos;: [], &apos;features&apos;: {}}, {&apos;type&apos;: &apos;text&apos;, &apos;bbox&apos;: (219.67142397765605, 541.10725072176, 228.24824589127203, 551.72067818778), &apos;color_space&apos;: &apos;DeviceGray&apos;, &apos;ncolor&apos;: 0, &apos;size&apos;: 10.61342746601997, &apos;value&apos;: &apos;N&apos;, &apos;children&apos;: [], &apos;features&apos;: {}}, {&apos;type&apos;: &apos;text&apos;, &apos;bbox&apos;: (228.24824589127203, 541.10725072176, 231.21805957327203, 551.72067818778), &apos;color_space&apos;: &apos;DeviceGray&apos;, &apos;ncolor&apos;: 0, &apos;size&apos;: 10.61342746601997, &apos;value&apos;: &apos; &apos;, &apos;children&apos;: [], &apos;features&apos;: {}}, {&apos;type&apos;: &apos;text&apos;, &apos;bbox&apos;: (231.21805957327203, 541.10725072176, 239.79488148688802, 551.72067818778), &apos;color_space&apos;: &apos;DeviceGray&apos;, &apos;ncolor&apos;: 0, &apos;size&apos;: 10.61342746601997, &apos;value&apos;: &apos;D&apos;, &apos;children&apos;: [], &apos;features&apos;: {}}, {&apos;type&apos;: &apos;text&apos;, &apos;bbox&apos;: (239.79488148688802, 541.10725072176, 247.718344390464, 551.72067818778), &apos;color_space&apos;: &apos;DeviceGray&apos;, &apos;ncolor&apos;: 0, &apos;size&apos;: 10.61342746601997, &apos;value&apos;: &apos;E&apos;, &apos;children&apos;: [], &apos;features&apos;: {}}, {&apos;type&apos;: &apos;text&apos;, &apos;bbox&apos;: (247.71834439046404, 541.10725072176, 255.64180729404004, 551.72067818778), &apos;color_space&apos;: &apos;DeviceGray&apos;, &apos;ncolor&apos;: 0, &apos;size&apos;: 10.61342746601997, &apos;value&apos;: &apos;L&apos;, &apos;children&apos;: [], &apos;features&apos;: {}}, {&apos;type&apos;: &apos;text&apos;, &apos;bbox&apos;: (255.68932431295204, 541.10725072176, 263.61278721652803, 551.72067818778), &apos;color_space&apos;: &apos;DeviceGray&apos;, &apos;ncolor&apos;: 0, &apos;size&apos;: 10.61342746601997, &apos;value&apos;: &apos;E&apos;, &apos;children&apos;: [], &apos;features&apos;: {}}, {&apos;type&apos;: &apos;text&apos;, &apos;bbox&apos;: (263.529632433432, 541.10725072176, 272.77169261181604, 551.72067818778), &apos;color_space&apos;: &apos;DeviceGray&apos;, &apos;ncolor&apos;: 0, &apos;size&apos;: 10.61342746601997, &apos;value&apos;: &apos;G&apos;, &apos;children&apos;: [], &apos;features&apos;: {}}, {&apos;type&apos;: &apos;text&apos;, &apos;bbox&apos;: (272.67665857399203, 541.10725072176, 281.25348048760804, 551.72067818778), &apos;color_space&apos;: &apos;DeviceGray&apos;, &apos;ncolor&apos;: 0, &apos;size&apos;: 10.61342746601997, &apos;value&apos;: &apos;A&apos;, &apos;children&apos;: [], &apos;features&apos;: {}}, {&apos;type&apos;: &apos;text&apos;, &apos;bbox&apos;: (281.25348048760804, 541.10725072176, 289.17694339118407, 551.72067818778), &apos;color_space&apos;: &apos;DeviceGray&apos;, &apos;ncolor&apos;: 0, &apos;size&apos;: 10.61342746601997, &apos;value&apos;: &apos;T&apos;, &apos;children&apos;: [], &apos;features&apos;: {}}, {&apos;type&apos;: &apos;text&apos;, &apos;bbox&apos;: (289.17694339118407, 541.10725072176, 297.1004062947601, 551.72067818778), &apos;color_space&apos;: &apos;DeviceGray&apos;, &apos;ncolor&apos;: 0, &apos;size&apos;: 10.61342746601997, &apos;value&apos;: &apos;E&apos;, &apos;children&apos;: [], &apos;features&apos;: {}}, {&apos;type&apos;: &apos;text&apos;, &apos;bbox&apos;: (297.136044058944, 541.10725072176, 305.71286597256, 551.72067818778), &apos;color_space&apos;: &apos;DeviceGray&apos;, &apos;ncolor&apos;: 0, &apos;size&apos;: 10.61342746601997, &apos;value&apos;: &apos;D&apos;, &apos;children&apos;: [], &apos;features&apos;: {}}, {&apos;type&apos;: &apos;text&apos;, &apos;bbox&apos;: (305.71286597256, 541.10725072176, 308.68267965456, 551.72067818778), &apos;color_space&apos;: &apos;DeviceGray&apos;, &apos;ncolor&apos;: 0, &apos;size&apos;: 10.61342746601997, &apos;value&apos;: &apos; &apos;, &apos;children&apos;: [], &apos;features&apos;: {}}, {&apos;type&apos;: &apos;text&apos;, &apos;bbox&apos;: (308.68267965456005, 541.10725072176, 317.25950156817606, 551.72067818778), &apos;color_space&apos;: &apos;DeviceGray&apos;, &apos;ncolor&apos;: 0, &apos;size&apos;: 10.61342746601997, &apos;value&apos;: &apos;R&apos;, &apos;children&apos;: [], &apos;features&apos;: {}}, {&apos;type&apos;: &apos;text&apos;, &apos;bbox&apos;: (317.211984549264, 541.10725072176, 325.13544745284, 551.72067818778), &apos;color_space&apos;: &apos;DeviceGray&apos;, &apos;ncolor&apos;: 0, &apos;size&apos;: 10.61342746601997, &apos;value&apos;: &apos;E&apos;, &apos;children&apos;: [], &apos;features&apos;: {}}, {&apos;type&apos;: &apos;text&apos;, &apos;bbox&apos;: (325.15920596229597, 541.10725072176, 334.40126614068, 551.72067818778), &apos;color_space&apos;: &apos;DeviceGray&apos;, &apos;ncolor&apos;: 0, &apos;size&apos;: 10.61342746601997, &apos;value&apos;: &apos;G&apos;, &apos;children&apos;: [], &apos;features&apos;: {}}, {&apos;type&apos;: &apos;text&apos;, &apos;bbox&apos;: (334.40126614068004, 541.10725072176, 342.97808805429605, 551.72067818778), &apos;color_space&apos;: &apos;DeviceGray&apos;, &apos;ncolor&apos;: 0, &apos;size&apos;: 10.61342746601997, &apos;value&apos;: &apos;U&apos;, &apos;children&apos;: [], &apos;features&apos;: {}}, {&apos;type&apos;: &apos;text&apos;, &apos;bbox&apos;: (342.978088054296, 541.10725072176, 350.901550957872, 551.72067818778), &apos;color_space&apos;: &apos;DeviceGray&apos;, &apos;ncolor&apos;: 0, &apos;size&apos;: 10.61342746601997, &apos;value&apos;: &apos;L&apos;, &apos;children&apos;: [], &apos;features&apos;: {}}, {&apos;type&apos;: &apos;text&apos;, &apos;bbox&apos;: (350.92530946732796, 541.10725072176, 359.502131380944, 551.72067818778), &apos;color_space&apos;: &apos;DeviceGray&apos;, &apos;ncolor&apos;: 0, &apos;size&apos;: 10.61342746601997, &apos;value&apos;: &apos;A&apos;, &apos;children&apos;: [], &apos;features&apos;: {}}, {&apos;type&apos;: &apos;text&apos;, &apos;bbox&apos;: (359.502131380944, 541.10725072176, 367.42559428452, 551.72067818778), &apos;color_space&apos;: &apos;DeviceGray&apos;, &apos;ncolor&apos;: 0, &apos;size&apos;: 10.61342746601997, &apos;value&apos;: &apos;T&apos;, &apos;children&apos;: [], &apos;features&apos;: {}}, {&apos;type&apos;: &apos;text&apos;, &apos;bbox&apos;: (367.42559428451995, 541.10725072176, 372.04662437371195, 551.72067818778), &apos;color_space&apos;: &apos;DeviceGray&apos;, &apos;ncolor&apos;: 0, &apos;size&apos;: 10.61342746601997, &apos;value&apos;: &apos;I&apos;, &apos;children&apos;: [], &apos;features&apos;: {}}, {&apos;type&apos;: &apos;text&apos;, &apos;bbox&apos;: (372.04662437371195, 541.10725072176, 381.28868455209596, 551.72067818778), &apos;color_space&apos;: &apos;DeviceGray&apos;, &apos;ncolor&apos;: 0, &apos;size&apos;: 10.61342746601997, &apos;value&apos;: &apos;O&apos;, &apos;children&apos;: [], &apos;features&apos;: {}}, {&apos;type&apos;: &apos;text&apos;, &apos;bbox&apos;: (381.32432231627996, 541.10725072176, 389.901144229896, 551.72067818778), &apos;color_space&apos;: &apos;DeviceGray&apos;, &apos;ncolor&apos;: 0, &apos;size&apos;: 10.61342746601997, &apos;value&apos;: &apos;N&apos;, &apos;children&apos;: [], &apos;features&apos;: {}}, {&apos;type&apos;: &apos;text&apos;, &apos;bbox&apos;: (389.901144229896, 541.10725072176, 392.87095791189597, 551.72067818778), &apos;color_space&apos;: &apos;DeviceGray&apos;, &apos;ncolor&apos;: 0, &apos;size&apos;: 10.61342746601997, &apos;value&apos;: &apos; &apos;, &apos;children&apos;: [], &apos;features&apos;: {}}, {&apos;type&apos;: &apos;text&apos;, &apos;bbox&apos;: (392.87095791189597, 541.10725072176, 396.82674973632, 551.72067818778), &apos;color_space&apos;: &apos;DeviceGray&apos;, &apos;ncolor&apos;: 0, &apos;size&apos;: 10.61342746601997, &apos;value&apos;: &apos;(&apos;, &apos;children&apos;: [], &apos;features&apos;: {}}, {&apos;type&apos;: &apos;text&apos;, &apos;bbox&apos;: (396.76735346268, 541.10725072176, 404.690816366256, 551.72067818778), &apos;color_space&apos;: &apos;DeviceGray&apos;, &apos;ncolor&apos;: 0, &apos;size&apos;: 10.61342746601997, &apos;value&apos;: &apos;E&apos;, &apos;children&apos;: [], &apos;features&apos;: {}}, {&apos;type&apos;: &apos;text&apos;, &apos;bbox&apos;: (404.71457487571195, 541.10725072176, 413.29139678932796, 551.72067818778), &apos;color_space&apos;: &apos;DeviceGray&apos;, &apos;ncolor&apos;: 0, &apos;size&apos;: 10.61342746601997, &apos;value&apos;: &apos;U&apos;, &apos;children&apos;: [], &apos;features&apos;: {}}, {&apos;type&apos;: &apos;text&apos;, &apos;bbox&apos;: (413.29139678932796, 541.10725072176, 417.247188613752, 551.72067818778), &apos;color_space&apos;: &apos;DeviceGray&apos;, &apos;ncolor&apos;: 0, &apos;size&apos;: 10.61342746601997, &apos;value&apos;: &apos;)&apos;, &apos;children&apos;: [], &apos;features&apos;: {}}, {&apos;type&apos;: &apos;text&apos;, &apos;bbox&apos;: (417.1877923401119, 541.10725072176, 420.1576060221119, 551.72067818778), &apos;color_space&apos;: &apos;DeviceGray&apos;, &apos;ncolor&apos;: 0, &apos;size&apos;: 10.61342746601997, &apos;value&apos;: &apos; &apos;, &apos;children&apos;: [], &apos;features&apos;: {}}, {&apos;type&apos;: &apos;text&apos;, &apos;bbox&apos;: (420.1576060221119, 541.10725072176, 432.0368607501119, 551.72067818778), &apos;color_space&apos;: &apos;DeviceGray&apos;, &apos;ncolor&apos;: 0, &apos;size&apos;: 10.61342746601997, &apos;value&apos;: &apos;…&apos;, &apos;children&apos;: [], &apos;features&apos;: {}}, {&apos;type&apos;: &apos;text&apos;, &apos;bbox&apos;: (432.03686075011194, 541.10725072176, 435.33929356449596, 551.72067818778), &apos;color_space&apos;: &apos;DeviceGray&apos;, &apos;ncolor&apos;: 0, &apos;size&apos;: 10.61342746601997, &apos;value&apos;: &apos;/&apos;, &apos;children&apos;: [], &apos;features&apos;: {}}, {&apos;type&apos;: &apos;text&apos;, &apos;bbox&apos;: (435.33929356449596, 541.10725072176, 438.30910724649596, 551.72067818778), &apos;color_space&apos;: &apos;DeviceGray&apos;, &apos;ncolor&apos;: 0, &apos;size&apos;: 10.61342746601997, &apos;value&apos;: &apos;.&apos;, &apos;children&apos;: [], &apos;features&apos;: {}}, {&apos;type&apos;: &apos;text&apos;, &apos;bbox&apos;: (438.30910724649596, 541.10725072176, 441.27892092849595, 551.72067818778), &apos;color_space&apos;: &apos;DeviceGray&apos;, &apos;ncolor&apos;: 0, &apos;size&apos;: 10.61342746601997, &apos;value&apos;: &apos;.&apos;, &apos;children&apos;: [], &apos;features&apos;: {}}, {&apos;type&apos;: &apos;text&apos;, &apos;bbox&apos;: (441.27892092849595, 541.10725072176, 444.24873461049594, 551.72067818778), &apos;color_space&apos;: &apos;DeviceGray&apos;, &apos;ncolor&apos;: 0, &apos;size&apos;: 10.61342746601997, &apos;value&apos;: &apos;.&apos;, &apos;children&apos;: [], &apos;features&apos;: {}}, {&apos;type&apos;: &apos;text&apos;, &apos;bbox&apos;: (444.561554985, 541.10725072176, 447.531368667, 551.72067818778), &apos;color_space&apos;: &apos;DeviceGray&apos;, &apos;ncolor&apos;: 0, &apos;size&apos;: 10.61342746601997, &apos;value&apos;: &apos; &apos;, &apos;children&apos;: [], &apos;features&apos;: {}}, {&apos;type&apos;: &apos;text&apos;, &apos;bbox&apos;: (276.77698133094, 509.59182873885993, 282.71660869493996, 520.2052562048799), &apos;color_space&apos;: &apos;DeviceGray&apos;, &apos;ncolor&apos;: 0, &apos;size&apos;: 10.61342746601997, &apos;value&apos;: &apos;o&apos;, &apos;children&apos;: [], &apos;features&apos;: {}}, {&apos;type&apos;: &apos;text&apos;, &apos;bbox&apos;: (282.71660869493996, 509.59182873885993, 286.672400519364, 520.2052562048799), &apos;color_space&apos;: &apos;DeviceGray&apos;, &apos;ncolor&apos;: 0, &apos;size&apos;: 10.61342746601997, &apos;value&apos;: &apos;f&apos;, &apos;children&apos;: [], &apos;features&apos;: {}}, {&apos;type&apos;: &apos;text&apos;, &apos;bbox&apos;: (286.743676047732, 509.59182873885993, 289.713489729732, 520.2052562048799), &apos;color_space&apos;: &apos;DeviceGray&apos;, &apos;ncolor&apos;: 0, &apos;size&apos;: 10.61342746601997, &apos;value&apos;: &apos; &apos;, &apos;children&apos;: [], &apos;features&apos;: {}}, {&apos;type&apos;: &apos;text&apos;, &apos;bbox&apos;: (289.72536898446, 509.59182873885993, 298.302190898076, 520.2052562048799), &apos;color_space&apos;: &apos;DeviceGray&apos;, &apos;ncolor&apos;: 0, &apos;size&apos;: 10.61342746601997, &apos;value&apos;: &apos;X&apos;, &apos;children&apos;: [], &apos;features&apos;: {}}, {&apos;type&apos;: &apos;text&apos;, &apos;bbox&apos;: (298.27843238862, 509.59182873885993, 306.855254302236, 520.2052562048799), &apos;color_space&apos;: &apos;DeviceGray&apos;, &apos;ncolor&apos;: 0, &apos;size&apos;: 10.61342746601997, &apos;value&apos;: &apos;X&apos;, &apos;children&apos;: [], &apos;features&apos;: {}}, {&apos;type&apos;: &apos;text&apos;, &apos;bbox&apos;: (306.83149579277995, 509.59182873885993, 315.40831770639596, 520.2052562048799), &apos;color_space&apos;: &apos;DeviceGray&apos;, &apos;ncolor&apos;: 0, &apos;size&apos;: 10.61342746601997, &apos;value&apos;: &apos;X&apos;, &apos;children&apos;: [], &apos;features&apos;: {}}, {&apos;type&apos;: &apos;text&apos;, &apos;bbox&apos;: (315.40435795482, 509.59182873885993, 318.37417163682, 520.2052562048799), &apos;color_space&apos;: &apos;DeviceGray&apos;, &apos;ncolor&apos;: 0, &apos;size&apos;: 10.61342746601997, &apos;value&apos;: &apos; &apos;, &apos;children&apos;: [], &apos;features&apos;: {}}, {&apos;type&apos;: &apos;text&apos;, &apos;bbox&apos;: (84.04597274808, 478.09225360548, 88.66700283727201, 488.70568107149995), &apos;color_space&apos;: &apos;DeviceGray&apos;, &apos;ncolor&apos;: 0, &apos;size&apos;: 10.61342746601997, &apos;value&apos;: &apos;s&apos;, &apos;children&apos;: [], &apos;features&apos;: {}}, {&apos;type&apos;: &apos;text&apos;, &apos;bbox&apos;: (88.66700283727201, 478.09225360548, 95.27186846604, 488.70568107149995), &apos;color_space&apos;: &apos;DeviceGray&apos;, &apos;ncolor&apos;: 0, &apos;size&apos;: 10.61342746601997, &apos;value&apos;: &apos;u&apos;, &apos;children&apos;: [], &apos;features&apos;: {}}, {&apos;type&apos;: &apos;text&apos;, &apos;bbox&apos;: (95.31938548495201, 478.09225360548, 101.92425111372, 488.70568107149995), &apos;color_space&apos;: &apos;DeviceGray&apos;, &apos;ncolor&apos;: 0, &apos;size&apos;: 10.61342746601997, &apos;value&apos;: &apos;p&apos;, &apos;children&apos;: [], &apos;features&apos;: {}}, {&apos;type&apos;: &apos;text&apos;, &apos;bbox&apos;: (101.959888877904, 478.09225360548, 108.564754506672, 488.70568107149995), &apos;color_space&apos;: &apos;DeviceGray&apos;, &apos;ncolor&apos;: 0, &apos;size&apos;: 10.61342746601997, &apos;value&apos;: &apos;p&apos;, &apos;children&apos;: [], &apos;features&apos;: {}}, {&apos;type&apos;: &apos;text&apos;, &apos;bbox&apos;: (108.600392270856, 478.09225360548, 111.90282508524001, 488.70568107149995), &apos;color_space&apos;: &apos;DeviceGray&apos;, &apos;ncolor&apos;: 0, &apos;size&apos;: 10.61342746601997, &apos;value&apos;: &apos;l&apos;, &apos;children&apos;: [], &apos;features&apos;: {}}, {&apos;type&apos;: &apos;text&apos;, &apos;bbox&apos;: (111.90282508524001, 478.09225360548, 117.177214184472, 488.70568107149995), &apos;color_space&apos;: &apos;DeviceGray&apos;, &apos;ncolor&apos;: 0, &apos;size&apos;: 10.61342746601997, &apos;value&apos;: &apos;e&apos;, &apos;children&apos;: [], &apos;features&apos;: {}}, {&apos;type&apos;: &apos;text&apos;, &apos;bbox&apos;: (117.177214184472, 478.09225360548, 127.07263337289601, 488.70568107149995), &apos;color_space&apos;: &apos;DeviceGray&apos;, &apos;ncolor&apos;: 0, &apos;size&apos;: 10.61342746601997, &apos;value&apos;: &apos;m&apos;, &apos;children&apos;: [], &apos;features&apos;: {}}, {&apos;type&apos;: &apos;text&apos;, &apos;bbox&apos;: (126.89444455197602, 478.09225360548, 132.16883365120802, 488.70568107149995), &apos;color_space&apos;: &apos;DeviceGray&apos;, &apos;ncolor&apos;: 0, &apos;size&apos;: 10.61342746601997, &apos;value&apos;: &apos;e&apos;, &apos;children&apos;: [], &apos;features&apos;: {}}, {&apos;type&apos;: &apos;text&apos;, &apos;bbox&apos;: (132.12131663229601, 478.09225360548, 138.72618226106403, 488.70568107149995), &apos;color_space&apos;: &apos;DeviceGray&apos;, &apos;ncolor&apos;: 0, &apos;size&apos;: 10.61342746601997, &apos;value&apos;: &apos;n&apos;, &apos;children&apos;: [], &apos;features&apos;: {}}, {&apos;type&apos;: &apos;text&apos;, &apos;bbox&apos;: (138.76182002524803, 478.09225360548, 142.71761184967204, 488.70568107149995), &apos;color_space&apos;: &apos;DeviceGray&apos;, &apos;ncolor&apos;: 0, &apos;size&apos;: 10.61342746601997, &apos;value&apos;: &apos;t&apos;, &apos;children&apos;: [], &apos;features&apos;: {}}, {&apos;type&apos;: &apos;text&apos;, &apos;bbox&apos;: (142.71761184967204, 478.09225360548, 146.02004466405603, 488.70568107149995), &apos;color_space&apos;: &apos;DeviceGray&apos;, &apos;ncolor&apos;: 0, &apos;size&apos;: 10.61342746601997, &apos;value&apos;: &apos;i&apos;, &apos;children&apos;: [], &apos;features&apos;: {}}, {&apos;type&apos;: &apos;text&apos;, &apos;bbox&apos;: (146.02004466405603, 478.09225360548, 152.62491029282404, 488.70568107149995), &apos;color_space&apos;: &apos;DeviceGray&apos;, &apos;ncolor&apos;: 0, &apos;size&apos;: 10.61342746601997, &apos;value&apos;: &apos;n&apos;, &apos;children&apos;: [], &apos;features&apos;: {}}, {&apos;type&apos;: &apos;text&apos;, &apos;bbox&apos;: (152.62491029282404, 478.09225360548, 158.56453765682403, 488.70568107149995), &apos;color_space&apos;: &apos;DeviceGray&apos;, &apos;ncolor&apos;: 0, &apos;size&apos;: 10.61342746601997, &apos;value&apos;: &apos;g&apos;, &apos;children&apos;: [], &apos;features&apos;: {}}, {&apos;type&apos;: &apos;text&apos;, &apos;bbox&apos;: (158.56453765682403, 478.09225360548, 161.53435133882402, 488.70568107149995), &apos;color_space&apos;: &apos;DeviceGray&apos;, &apos;ncolor&apos;: 0, &apos;size&apos;: 10.61342746601997, &apos;value&apos;: &apos; &apos;, &apos;children&apos;: [], &apos;features&apos;: {}}, {&apos;type&apos;: &apos;text&apos;, &apos;bbox&apos;: (161.53435133882402, 478.09225360548, 170.11117325244, 488.70568107149995), &apos;color_space&apos;: &apos;DeviceGray&apos;, &apos;ncolor&apos;: 0, &apos;size&apos;: 10.61342746601997, &apos;value&apos;: &apos;R&apos;, &apos;children&apos;: [], &apos;features&apos;: {}}, {&apos;type&apos;: &apos;text&apos;, &apos;bbox&apos;: (170.11117325244004, 478.09225360548, 175.38556235167204, 488.70568107149995), &apos;color_space&apos;: &apos;DeviceGray&apos;, &apos;ncolor&apos;: 0, &apos;size&apos;: 10.61342746601997, &apos;value&apos;: &apos;e&apos;, &apos;children&apos;: [], &apos;features&apos;: {}}, {&apos;type&apos;: &apos;text&apos;, &apos;bbox&apos;: (175.34992458748803, 478.09225360548, 181.28955195148802, 488.70568107149995), &apos;color_space&apos;: &apos;DeviceGray&apos;, &apos;ncolor&apos;: 0, &apos;size&apos;: 10.61342746601997, &apos;value&apos;: &apos;g&apos;, &apos;children&apos;: [], &apos;features&apos;: {}}, {&apos;type&apos;: &apos;text&apos;, &apos;bbox&apos;: (181.28955195148802, 478.09225360548, 187.89441758025603, 488.70568107149995), &apos;color_space&apos;: &apos;DeviceGray&apos;, &apos;ncolor&apos;: 0, &apos;size&apos;: 10.61342746601997, &apos;value&apos;: &apos;u&apos;, &apos;children&apos;: [], &apos;features&apos;: {}}, {&apos;type&apos;: &apos;text&apos;, &apos;bbox&apos;: (187.93005534444004, 478.09225360548, 191.23248815882403, 488.70568107149995), &apos;color_space&apos;: &apos;DeviceGray&apos;, &apos;ncolor&apos;: 0, &apos;size&apos;: 10.61342746601997, &apos;value&apos;: &apos;l&apos;, &apos;children&apos;: [], &apos;features&apos;: {}}, {&apos;type&apos;: &apos;text&apos;, &apos;bbox&apos;: (191.23248815882403, 478.09225360548, 197.17211552282401, 488.70568107149995), &apos;color_space&apos;: &apos;DeviceGray&apos;, &apos;ncolor&apos;: 0, &apos;size&apos;: 10.61342746601997, &apos;value&apos;: &apos;a&apos;, &apos;children&apos;: [], &apos;features&apos;: {}}, {&apos;type&apos;: &apos;text&apos;, &apos;bbox&apos;: (197.17211552282401, 478.09225360548, 201.12790734724803, 488.70568107149995), &apos;color_space&apos;: &apos;DeviceGray&apos;, &apos;ncolor&apos;: 0, &apos;size&apos;: 10.61342746601997, &apos;value&apos;: &apos;t&apos;, &apos;children&apos;: [], &apos;features&apos;: {}}, {&apos;type&apos;: &apos;text&apos;, &apos;bbox&apos;: (201.12790734724803, 478.09225360548, 204.43034016163202, 488.70568107149995), &apos;color_space&apos;: &apos;DeviceGray&apos;, &apos;ncolor&apos;: 0, &apos;size&apos;: 10.61342746601997, &apos;value&apos;: &apos;i&apos;, &apos;children&apos;: [], &apos;features&apos;: {}}, {&apos;type&apos;: &apos;text&apos;, &apos;bbox&apos;: (204.43034016163202, 478.09225360548, 210.369967525632, 488.70568107149995), &apos;color_space&apos;: &apos;DeviceGray&apos;, &apos;ncolor&apos;: 0, &apos;size&apos;: 10.61342746601997, &apos;value&apos;: &apos;o&apos;, &apos;children&apos;: [], &apos;features&apos;: {}}, {&apos;type&apos;: &apos;text&apos;, &apos;bbox&apos;: (210.36996752563203, 478.09225360548, 216.97483315440005, 488.70568107149995), &apos;color_space&apos;: &apos;DeviceGray&apos;, &apos;ncolor&apos;: 0, &apos;size&apos;: 10.61342746601997, &apos;value&apos;: &apos;n&apos;, &apos;children&apos;: [], &apos;features&apos;: {}}, {&apos;type&apos;: &apos;text&apos;, &apos;bbox&apos;: (217.02235017331202, 478.09225360548, 219.99216385531201, 488.70568107149995), &apos;color_space&apos;: &apos;DeviceGray&apos;, &apos;ncolor&apos;: 0, &apos;size&apos;: 10.61342746601997, &apos;value&apos;: &apos; &apos;, &apos;children&apos;: [], &apos;features&apos;: {}}, {&apos;type&apos;: &apos;text&apos;, &apos;bbox&apos;: (219.99216385531204, 478.09225360548, 223.94795567973605, 488.70568107149995), &apos;color_space&apos;: &apos;DeviceGray&apos;, &apos;ncolor&apos;: 0, &apos;size&apos;: 10.61342746601997, &apos;value&apos;: &apos;(&apos;, &apos;children&apos;: [], &apos;features&apos;: {}}, {&apos;type&apos;: &apos;text&apos;, &apos;bbox&apos;: (223.91231791555205, 478.09225360548, 231.83578081912805, 488.70568107149995), &apos;color_space&apos;: &apos;DeviceGray&apos;, &apos;ncolor&apos;: 0, &apos;size&apos;: 10.61342746601997, &apos;value&apos;: &apos;E&apos;, &apos;children&apos;: [], &apos;features&apos;: {}}, {&apos;type&apos;: &apos;text&apos;, &apos;bbox&apos;: (231.85953932858402, 478.09225360548, 240.4363612422, 488.70568107149995), &apos;color_space&apos;: &apos;DeviceGray&apos;, &apos;ncolor&apos;: 0, &apos;size&apos;: 10.61342746601997, &apos;value&apos;: &apos;U&apos;, &apos;children&apos;: [], &apos;features&apos;: {}}, {&apos;type&apos;: &apos;text&apos;, &apos;bbox&apos;: (240.4363612422, 478.09225360548, 244.39215306662402, 488.70568107149995), &apos;color_space&apos;: &apos;DeviceGray&apos;, &apos;ncolor&apos;: 0, &apos;size&apos;: 10.61342746601997, &apos;value&apos;: &apos;)&apos;, &apos;children&apos;: [], &apos;features&apos;: {}}, {&apos;type&apos;: &apos;text&apos;, &apos;bbox&apos;: (244.33275679298401, 478.09225360548, 247.302570474984, 488.70568107149995), &apos;color_space&apos;: &apos;DeviceGray&apos;, &apos;ncolor&apos;: 0, &apos;size&apos;: 10.61342746601997, &apos;value&apos;: &apos; &apos;, &apos;children&apos;: [], &apos;features&apos;: {}}, {&apos;type&apos;: &apos;text&apos;, &apos;bbox&apos;: (247.30257047498404, 478.09225360548, 255.87939238860002, 488.70568107149995), &apos;color_space&apos;: &apos;DeviceGray&apos;, &apos;ncolor&apos;: 0, &apos;size&apos;: 10.61342746601997, &apos;value&apos;: &apos;N&apos;, &apos;children&apos;: [], &apos;features&apos;: {}}, {&apos;type&apos;: &apos;text&apos;, &apos;bbox&apos;: (255.87939238860002, 478.09225360548, 261.8190197526, 488.70568107149995), &apos;color_space&apos;: &apos;DeviceGray&apos;, &apos;ncolor&apos;: 0, &apos;size&apos;: 10.61342746601997, &apos;value&apos;: &apos;o&apos;, &apos;children&apos;: [], &apos;features&apos;: {}}, {&apos;type&apos;: &apos;text&apos;, &apos;bbox&apos;: (261.8190197526, 478.09225360548, 264.7888334346, 488.70568107149995), &apos;color_space&apos;: &apos;DeviceGray&apos;, &apos;ncolor&apos;: 0, &apos;size&apos;: 10.61342746601997, &apos;value&apos;: &apos; &apos;, &apos;children&apos;: [], &apos;features&apos;: {}}, {&apos;type&apos;: &apos;text&apos;, &apos;bbox&apos;: (264.7888334346, 478.09225360548, 270.7284607986, 488.70568107149995), &apos;color_space&apos;: &apos;DeviceGray&apos;, &apos;ncolor&apos;: 0, &apos;size&apos;: 10.61342746601997, &apos;value&apos;: &apos;6&apos;, &apos;children&apos;: [], &apos;features&apos;: {}}, {&apos;type&apos;: &apos;text&apos;, &apos;bbox&apos;: (270.72846079860005, 478.09225360548, 276.66808816260004, 488.70568107149995), &apos;color_space&apos;: &apos;DeviceGray&apos;, &apos;ncolor&apos;: 0, &apos;size&apos;: 10.61342746601997, &apos;value&apos;: &apos;0&apos;, &apos;children&apos;: [], &apos;features&apos;: {}}, {&apos;type&apos;: &apos;text&apos;, &apos;bbox&apos;: (276.66808816260004, 478.09225360548, 282.60771552660003, 488.70568107149995), &apos;color_space&apos;: &apos;DeviceGray&apos;, &apos;ncolor&apos;: 0, &apos;size&apos;: 10.61342746601997, &apos;value&apos;: &apos;0&apos;, &apos;children&apos;: [], &apos;features&apos;: {}}, {&apos;type&apos;: &apos;text&apos;, &apos;bbox&apos;: (282.60771552660003, 478.09225360548, 285.91014834098405, 488.70568107149995), &apos;color_space&apos;: &apos;DeviceGray&apos;, &apos;ncolor&apos;: 0, &apos;size&apos;: 10.61342746601997, &apos;value&apos;: &apos;/&apos;, &apos;children&apos;: [], &apos;features&apos;: {}}, {&apos;type&apos;: &apos;text&apos;, &apos;bbox&apos;: (285.91014834098405, 478.09225360548, 291.84977570498404, 488.70568107149995), &apos;color_space&apos;: &apos;DeviceGray&apos;, &apos;ncolor&apos;: 0, &apos;size&apos;: 10.61342746601997, &apos;value&apos;: &apos;2&apos;, &apos;children&apos;: [], &apos;features&apos;: {}}, {&apos;type&apos;: &apos;text&apos;, &apos;bbox&apos;: (291.84977570498404, 478.09225360548, 297.78940306898403, 488.70568107149995), &apos;color_space&apos;: &apos;DeviceGray&apos;, &apos;ncolor&apos;: 0, &apos;size&apos;: 10.61342746601997, &apos;value&apos;: &apos;0&apos;, &apos;children&apos;: [], &apos;features&apos;: {}}, {&apos;type&apos;: &apos;text&apos;, &apos;bbox&apos;: (297.78940306898403, 478.09225360548, 303.729030432984, 488.70568107149995), &apos;color_space&apos;: &apos;DeviceGray&apos;, &apos;ncolor&apos;: 0, &apos;size&apos;: 10.61342746601997, &apos;value&apos;: &apos;1&apos;, &apos;children&apos;: [], &apos;features&apos;: {}}, {&apos;type&apos;: &apos;text&apos;, &apos;bbox&apos;: (303.729030432984, 478.09225360548, 309.668657796984, 488.70568107149995), &apos;color_space&apos;: &apos;DeviceGray&apos;, &apos;ncolor&apos;: 0, &apos;size&apos;: 10.61342746601997, &apos;value&apos;: &apos;4&apos;, &apos;children&apos;: [], &apos;features&apos;: {}}, {&apos;type&apos;: &apos;text&apos;, &apos;bbox&apos;: (309.668657796984, 478.09225360548, 312.638471478984, 488.70568107149995), &apos;color_space&apos;: &apos;DeviceGray&apos;, &apos;ncolor&apos;: 0, &apos;size&apos;: 10.61342746601997, &apos;value&apos;: &apos; &apos;, &apos;children&apos;: [], &apos;features&apos;: {}}, {&apos;type&apos;: &apos;text&apos;, &apos;bbox&apos;: (312.638471478984, 478.09225360548, 318.578098842984, 488.70568107149995), &apos;color_space&apos;: &apos;DeviceGray&apos;, &apos;ncolor&apos;: 0, &apos;size&apos;: 10.61342746601997, &apos;value&apos;: &apos;o&apos;, &apos;children&apos;: [], &apos;features&apos;: {}}, {&apos;type&apos;: &apos;text&apos;, &apos;bbox&apos;: (318.578098842984, 478.09225360548, 322.533890667408, 488.70568107149995), &apos;color_space&apos;: &apos;DeviceGray&apos;, &apos;ncolor&apos;: 0, &apos;size&apos;: 10.61342746601997, &apos;value&apos;: &apos;f&apos;, &apos;children&apos;: [], &apos;features&apos;: {}}, {&apos;type&apos;: &apos;text&apos;, &apos;bbox&apos;: (322.60516619577606, 478.09225360548, 325.57497987777606, 488.70568107149995), &apos;color_space&apos;: &apos;DeviceGray&apos;, &apos;ncolor&apos;: 0, &apos;size&apos;: 10.61342746601997, &apos;value&apos;: &apos; &apos;, &apos;children&apos;: [], &apos;features&apos;: {}}, {&apos;type&apos;: &apos;text&apos;, &apos;bbox&apos;: (325.57497987777606, 478.09225360548, 329.53077170220007, 488.70568107149995), &apos;color_space&apos;: &apos;DeviceGray&apos;, &apos;ncolor&apos;: 0, &apos;size&apos;: 10.61342746601997, &apos;value&apos;: &apos;t&apos;, &apos;children&apos;: [], &apos;features&apos;: {}}, {&apos;type&apos;: &apos;text&apos;, &apos;bbox&apos;: (329.495133938016, 478.09225360548, 336.099999566784, 488.70568107149995), &apos;color_space&apos;: &apos;DeviceGray&apos;, &apos;ncolor&apos;: 0, &apos;size&apos;: 10.61342746601997, &apos;value&apos;: &apos;h&apos;, &apos;children&apos;: [], &apos;features&apos;: {}}, {&apos;type&apos;: &apos;text&apos;, &apos;bbox&apos;: (336.13563733096805, 478.09225360548, 341.41002643020005, 488.70568107149995), &apos;color_space&apos;: &apos;DeviceGray&apos;, &apos;ncolor&apos;: 0, &apos;size&apos;: 10.61342746601997, &apos;value&apos;: &apos;e&apos;, &apos;children&apos;: [], &apos;features&apos;: {}}, {&apos;type&apos;: &apos;text&apos;, &apos;bbox&apos;: (341.362509411288, 478.09225360548, 344.332323093288, 488.70568107149995), &apos;color_space&apos;: &apos;DeviceGray&apos;, &apos;ncolor&apos;: 0, &apos;size&apos;: 10.61342746601997, &apos;value&apos;: &apos; &apos;, &apos;children&apos;: [], &apos;features&apos;: {}}, {&apos;type&apos;: &apos;text&apos;, &apos;bbox&apos;: (344.332323093288, 478.09225360548, 352.255785996864, 488.70568107149995), &apos;color_space&apos;: &apos;DeviceGray&apos;, &apos;ncolor&apos;: 0, &apos;size&apos;: 10.61342746601997, &apos;value&apos;: &apos;E&apos;, &apos;children&apos;: [], &apos;features&apos;: {}}, {&apos;type&apos;: &apos;text&apos;, &apos;bbox&apos;: (352.27954450632, 478.09225360548, 358.884410135088, 488.70568107149995), &apos;color_space&apos;: &apos;DeviceGray&apos;, &apos;ncolor&apos;: 0, &apos;size&apos;: 10.61342746601997, &apos;value&apos;: &apos;u&apos;, &apos;children&apos;: [], &apos;features&apos;: {}}, {&apos;type&apos;: &apos;text&apos;, &apos;bbox&apos;: (358.92004789927205, 478.09225360548, 364.19443699850405, 488.70568107149995), &apos;color_space&apos;: &apos;DeviceGray&apos;, &apos;ncolor&apos;: 0, &apos;size&apos;: 10.61342746601997, &apos;value&apos;: &apos;r&apos;, &apos;children&apos;: [], &apos;features&apos;: {}}, {&apos;type&apos;: &apos;text&apos;, &apos;bbox&apos;: (364.146919979592, 478.09225360548, 370.086547343592, 488.70568107149995), &apos;color_space&apos;: &apos;DeviceGray&apos;, &apos;ncolor&apos;: 0, &apos;size&apos;: 10.61342746601997, &apos;value&apos;: &apos;o&apos;, &apos;children&apos;: [], &apos;features&apos;: {}}, {&apos;type&apos;: &apos;text&apos;, &apos;bbox&apos;: (370.0865473435921, 478.09225360548, 376.69141297236007, 488.70568107149995), &apos;color_space&apos;: &apos;DeviceGray&apos;, &apos;ncolor&apos;: 0, &apos;size&apos;: 10.61342746601997, &apos;value&apos;: &apos;p&apos;, &apos;children&apos;: [], &apos;features&apos;: {}}, {&apos;type&apos;: &apos;text&apos;, &apos;bbox&apos;: (376.727050736544, 478.09225360548, 382.001439835776, 488.70568107149995), &apos;color_space&apos;: &apos;DeviceGray&apos;, &apos;ncolor&apos;: 0, &apos;size&apos;: 10.61342746601997, &apos;value&apos;: &apos;e&apos;, &apos;children&apos;: [], &apos;features&apos;: {}}, {&apos;type&apos;: &apos;text&apos;, &apos;bbox&apos;: (381.95392281686406, 478.09225360548, 387.89355018086405, 488.70568107149995), &apos;color_space&apos;: &apos;DeviceGray&apos;, &apos;ncolor&apos;: 0, &apos;size&apos;: 10.61342746601997, &apos;value&apos;: &apos;a&apos;, &apos;children&apos;: [], &apos;features&apos;: {}}, {&apos;type&apos;: &apos;text&apos;, &apos;bbox&apos;: (387.89355018086405, 478.09225360548, 394.49841580963204, 488.70568107149995), &apos;color_space&apos;: &apos;DeviceGray&apos;, &apos;ncolor&apos;: 0, &apos;size&apos;: 10.61342746601997, &apos;value&apos;: &apos;n&apos;, &apos;children&apos;: [], &apos;features&apos;: {}}, {&apos;type&apos;: &apos;text&apos;, &apos;bbox&apos;: (394.5340535738161, 478.09225360548, 397.5038672558161, 488.70568107149995), &apos;color_space&apos;: &apos;DeviceGray&apos;, &apos;ncolor&apos;: 0, &apos;size&apos;: 10.61342746601997, &apos;value&apos;: &apos; &apos;, &apos;children&apos;: [], &apos;features&apos;: {}}, {&apos;type&apos;: &apos;text&apos;, &apos;bbox&apos;: (397.5038672558161, 478.09225360548, 404.76209189462406, 488.70568107149995), &apos;color_space&apos;: &apos;DeviceGray&apos;, &apos;ncolor&apos;: 0, &apos;size&apos;: 10.61342746601997, &apos;value&apos;: &apos;P&apos;, &apos;children&apos;: [], &apos;features&apos;: {}}, {&apos;type&apos;: &apos;text&apos;, &apos;bbox&apos;: (404.63142009261605, 478.09225360548, 410.57104745661604, 488.70568107149995), &apos;color_space&apos;: &apos;DeviceGray&apos;, &apos;ncolor&apos;: 0, &apos;size&apos;: 10.61342746601997, &apos;value&apos;: &apos;a&apos;, &apos;children&apos;: [], &apos;features&apos;: {}}, {&apos;type&apos;: &apos;text&apos;, &apos;bbox&apos;: (410.57104745661604, 478.09225360548, 415.84543655584804, 488.70568107149995), &apos;color_space&apos;: &apos;DeviceGray&apos;, &apos;ncolor&apos;: 0, &apos;size&apos;: 10.61342746601997, &apos;value&apos;: &apos;r&apos;, &apos;children&apos;: [], &apos;features&apos;: {}}, {&apos;type&apos;: &apos;text&apos;, &apos;bbox&apos;: (415.797919536936, 478.09225360548, 419.10035235132, 488.70568107149995), &apos;color_space&apos;: &apos;DeviceGray&apos;, &apos;ncolor&apos;: 0, &apos;size&apos;: 10.61342746601997, &apos;value&apos;: &apos;l&apos;, &apos;children&apos;: [], &apos;features&apos;: {}}, {&apos;type&apos;: &apos;text&apos;, &apos;bbox&apos;: (419.10035235132, 478.09225360548, 422.402785165704, 488.70568107149995), &apos;color_space&apos;: &apos;DeviceGray&apos;, &apos;ncolor&apos;: 0, &apos;size&apos;: 10.61342746601997, &apos;value&apos;: &apos;i&apos;, &apos;children&apos;: [], &apos;features&apos;: {}}, {&apos;type&apos;: &apos;text&apos;, &apos;bbox&apos;: (422.438422929888, 478.09225360548, 428.378050293888, 488.70568107149995), &apos;color_space&apos;: &apos;DeviceGray&apos;, &apos;ncolor&apos;: 0, &apos;size&apos;: 10.61342746601997, &apos;value&apos;: &apos;a&apos;, &apos;children&apos;: [], &apos;features&apos;: {}}, {&apos;type&apos;: &apos;text&apos;, &apos;bbox&apos;: (428.48496358644, 478.09225360548, 438.380382774864, 488.70568107149995), &apos;color_space&apos;: &apos;DeviceGray&apos;, &apos;ncolor&apos;: 0, &apos;size&apos;: 10.61342746601997, &apos;value&apos;: &apos;m&apos;, &apos;children&apos;: [], &apos;features&apos;: {}}, {&apos;type&apos;: &apos;text&apos;, &apos;bbox&apos;: (438.22595246340006, 478.09225360548, 443.50034156263206, 488.70568107149995), &apos;color_space&apos;: &apos;DeviceGray&apos;, &apos;ncolor&apos;: 0, &apos;size&apos;: 10.61342746601997, &apos;value&apos;: &apos;e&apos;, &apos;children&apos;: [], &apos;features&apos;: {}}, {&apos;type&apos;: &apos;text&apos;, &apos;bbox&apos;: (443.559737836272, 478.09225360548, 450.16460346504, 488.70568107149995), &apos;color_space&apos;: &apos;DeviceGray&apos;, &apos;ncolor&apos;: 0, &apos;size&apos;: 10.61342746601997, &apos;value&apos;: &apos;n&apos;, &apos;children&apos;: [], &apos;features&apos;: {}}, {&apos;type&apos;: &apos;text&apos;, &apos;bbox&apos;: (450.20024122922405, 478.09225360548, 454.15603305364806, 488.70568107149995), &apos;color_space&apos;: &apos;DeviceGray&apos;, &apos;ncolor&apos;: 0, &apos;size&apos;: 10.61342746601997, &apos;value&apos;: &apos;t&apos;, &apos;children&apos;: [], &apos;features&apos;: {}}, {&apos;type&apos;: &apos;text&apos;, &apos;bbox&apos;: (454.156033053648, 478.09225360548, 457.125846735648, 488.70568107149995), &apos;color_space&apos;: &apos;DeviceGray&apos;, &apos;ncolor&apos;: 0, &apos;size&apos;: 10.61342746601997, &apos;value&apos;: &apos; &apos;, &apos;children&apos;: [], &apos;features&apos;: {}}, {&apos;type&apos;: &apos;text&apos;, &apos;bbox&apos;: (457.125846735648, 478.09225360548, 463.065474099648, 488.70568107149995), &apos;color_space&apos;: &apos;DeviceGray&apos;, &apos;ncolor&apos;: 0, &apos;size&apos;: 10.61342746601997, &apos;value&apos;: &apos;a&apos;, &apos;children&apos;: [], &apos;features&apos;: {}}, {&apos;type&apos;: &apos;text&apos;, &apos;bbox&apos;: (463.065474099648, 478.09225360548, 469.67033972841597, 488.70568107149995), &apos;color_space&apos;: &apos;DeviceGray&apos;, &apos;ncolor&apos;: 0, &apos;size&apos;: 10.61342746601997, &apos;value&apos;: &apos;n&apos;, &apos;children&apos;: [], &apos;features&apos;: {}}, {&apos;type&apos;: &apos;text&apos;, &apos;bbox&apos;: (469.670339728416, 478.09225360548, 476.275205357184, 488.70568107149995), &apos;color_space&apos;: &apos;DeviceGray&apos;, &apos;ncolor&apos;: 0, &apos;size&apos;: 10.61342746601997, &apos;value&apos;: &apos;d&apos;, &apos;children&apos;: [], &apos;features&apos;: {}}, {&apos;type&apos;: &apos;text&apos;, &apos;bbox&apos;: (476.32272237609607, 478.09225360548, 479.29253605809606, 488.70568107149995), &apos;color_space&apos;: &apos;DeviceGray&apos;, &apos;ncolor&apos;: 0, &apos;size&apos;: 10.61342746601997, &apos;value&apos;: &apos; &apos;, &apos;children&apos;: [], &apos;features&apos;: {}}, {&apos;type&apos;: &apos;text&apos;, &apos;bbox&apos;: (479.29253605809606, 478.09225360548, 485.23216342209605, 488.70568107149995), &apos;color_space&apos;: &apos;DeviceGray&apos;, &apos;ncolor&apos;: 0, &apos;size&apos;: 10.61342746601997, &apos;value&apos;: &apos;o&apos;, &apos;children&apos;: [], &apos;features&apos;: {}}, {&apos;type&apos;: &apos;text&apos;, &apos;bbox&apos;: (485.11337087481604, 478.09225360548, 489.06916269924005, 488.70568107149995), &apos;color_space&apos;: &apos;DeviceGray&apos;, &apos;ncolor&apos;: 0, &apos;size&apos;: 10.61342746601997, &apos;value&apos;: &apos;f&apos;, &apos;children&apos;: [], &apos;features&apos;: {}}, {&apos;type&apos;: &apos;text&apos;, &apos;bbox&apos;: (489.140438227608, 478.09225360548, 492.110251909608, 488.70568107149995), &apos;color_space&apos;: &apos;DeviceGray&apos;, &apos;ncolor&apos;: 0, &apos;size&apos;: 10.61342746601997, &apos;value&apos;: &apos; &apos;, &apos;children&apos;: [], &apos;features&apos;: {}}, {&apos;type&apos;: &apos;text&apos;, &apos;bbox&apos;: (492.110251909608, 478.09225360548, 496.066043734032, 488.70568107149995), &apos;color_space&apos;: &apos;DeviceGray&apos;, &apos;ncolor&apos;: 0, &apos;size&apos;: 10.61342746601997, &apos;value&apos;: &apos;t&apos;, &apos;children&apos;: [], &apos;features&apos;: {}}, {&apos;type&apos;: &apos;text&apos;, &apos;bbox&apos;: (496.03040596984806, 478.09225360548, 502.63527159861604, 488.70568107149995), &apos;color_space&apos;: &apos;DeviceGray&apos;, &apos;ncolor&apos;: 0, &apos;size&apos;: 10.61342746601997, &apos;value&apos;: &apos;h&apos;, &apos;children&apos;: [], &apos;features&apos;: {}}, {&apos;type&apos;: &apos;text&apos;, &apos;bbox&apos;: (502.6709093628001, 478.09225360548, 507.9452984620321, 488.70568107149995), &apos;color_space&apos;: &apos;DeviceGray&apos;, &apos;ncolor&apos;: 0, &apos;size&apos;: 10.61342746601997, &apos;value&apos;: &apos;e&apos;, &apos;children&apos;: [], &apos;features&apos;: {}}, {&apos;type&apos;: &apos;text&apos;, &apos;bbox&apos;: (507.89778144312004, 478.09225360548, 510.86759512512003, 488.70568107149995), &apos;color_space&apos;: &apos;DeviceGray&apos;, &apos;ncolor&apos;: 0, &apos;size&apos;: 10.61342746601997, &apos;value&apos;: &apos; &apos;, &apos;children&apos;: [], &apos;features&apos;: {}}, {&apos;type&apos;: &apos;text&apos;, &apos;bbox&apos;: (76.44324972216, 464.42434589448, 85.020071635776, 475.03777336049995), &apos;color_space&apos;: &apos;DeviceGray&apos;, &apos;ncolor&apos;: 0, &apos;size&apos;: 10.61342746601997, &apos;value&apos;: &apos;C&apos;, &apos;children&apos;: [], &apos;features&apos;: {}}, {&apos;type&apos;: &apos;text&apos;, &apos;bbox&apos;: (85.020071635776, 464.42434589448, 90.95969899977601, 475.03777336049995), &apos;color_space&apos;: &apos;DeviceGray&apos;, &apos;ncolor&apos;: 0, &apos;size&apos;: 10.61342746601997, &apos;value&apos;: &apos;o&apos;, &apos;children&apos;: [], &apos;features&apos;: {}}, {&apos;type&apos;: &apos;text&apos;, &apos;bbox&apos;: (90.95969899977601, 464.42434589448, 97.564564628544, 475.03777336049995), &apos;color_space&apos;: &apos;DeviceGray&apos;, &apos;ncolor&apos;: 0, &apos;size&apos;: 10.61342746601997, &apos;value&apos;: &apos;u&apos;, &apos;children&apos;: [], &apos;features&apos;: {}}, {&apos;type&apos;: &apos;text&apos;, &apos;bbox&apos;: (97.564564628544, 464.42434589448, 104.169430257312, 475.03777336049995), &apos;color_space&apos;: &apos;DeviceGray&apos;, &apos;ncolor&apos;: 0, &apos;size&apos;: 10.61342746601997, &apos;value&apos;: &apos;n&apos;, &apos;children&apos;: [], &apos;features&apos;: {}}, {&apos;type&apos;: &apos;text&apos;, &apos;bbox&apos;: (104.228826530952, 464.42434589448, 109.503215630184, 475.03777336049995), &apos;color_space&apos;: &apos;DeviceGray&apos;, &apos;ncolor&apos;: 0, &apos;size&apos;: 10.61342746601997, &apos;value&apos;: &apos;c&apos;, &apos;children&apos;: [], &apos;features&apos;: {}}, {&apos;type&apos;: &apos;text&apos;, &apos;bbox&apos;: (109.455698611272, 464.42434589448, 112.758131425656, 475.03777336049995), &apos;color_space&apos;: &apos;DeviceGray&apos;, &apos;ncolor&apos;: 0, &apos;size&apos;: 10.61342746601997, &apos;value&apos;: &apos;i&apos;, &apos;children&apos;: [], &apos;features&apos;: {}}, {&apos;type&apos;: &apos;text&apos;, &apos;bbox&apos;: (112.758131425656, 464.42434589448, 116.06056424004001, 475.03777336049995), &apos;color_space&apos;: &apos;DeviceGray&apos;, &apos;ncolor&apos;: 0, &apos;size&apos;: 10.61342746601997, &apos;value&apos;: &apos;l&apos;, &apos;children&apos;: [], &apos;features&apos;: {}}, {&apos;type&apos;: &apos;text&apos;, &apos;bbox&apos;: (116.09620200422401, 464.42434589448, 119.066015686224, 475.03777336049995), &apos;color_space&apos;: &apos;DeviceGray&apos;, &apos;ncolor&apos;: 0, &apos;size&apos;: 10.61342746601997, &apos;value&apos;: &apos; &apos;, &apos;children&apos;: [], &apos;features&apos;: {}}, {&apos;type&apos;: &apos;text&apos;, &apos;bbox&apos;: (119.066015686224, 464.42434589448, 127.64283759984, 475.03777336049995), &apos;color_space&apos;: &apos;DeviceGray&apos;, &apos;ncolor&apos;: 0, &apos;size&apos;: 10.61342746601997, &apos;value&apos;: &apos;w&apos;, &apos;children&apos;: [], &apos;features&apos;: {}}, {&apos;type&apos;: &apos;text&apos;, &apos;bbox&apos;: (127.64283759983999, 464.42434589448, 130.94527041422398, 475.03777336049995), &apos;color_space&apos;: &apos;DeviceGray&apos;, &apos;ncolor&apos;: 0, &apos;size&apos;: 10.61342746601997, &apos;value&apos;: &apos;i&apos;, &apos;children&apos;: [], &apos;features&apos;: {}}, {&apos;type&apos;: &apos;text&apos;, &apos;bbox&apos;: (130.945270414224, 464.42434589448, 134.90106223864802, 475.03777336049995), &apos;color_space&apos;: &apos;DeviceGray&apos;, &apos;ncolor&apos;: 0, &apos;size&apos;: 10.61342746601997, &apos;value&apos;: &apos;t&apos;, &apos;children&apos;: [], &apos;features&apos;: {}}, {&apos;type&apos;: &apos;text&apos;, &apos;bbox&apos;: (134.901062238648, 464.42434589448, 141.505927867416, 475.03777336049995), &apos;color_space&apos;: &apos;DeviceGray&apos;, &apos;ncolor&apos;: 0, &apos;size&apos;: 10.61342746601997, &apos;value&apos;: &apos;h&apos;, &apos;children&apos;: [], &apos;features&apos;: {}}, {&apos;type&apos;: &apos;text&apos;, &apos;bbox&apos;: (141.505927867416, 464.42434589448, 144.475741549416, 475.03777336049995), &apos;color_space&apos;: &apos;DeviceGray&apos;, &apos;ncolor&apos;: 0, &apos;size&apos;: 10.61342746601997, &apos;value&apos;: &apos; &apos;, &apos;children&apos;: [], &apos;features&apos;: {}}, {&apos;type&apos;: &apos;text&apos;, &apos;bbox&apos;: (144.475741549416, 464.42434589448, 149.750130648648, 475.03777336049995), &apos;color_space&apos;: &apos;DeviceGray&apos;, &apos;ncolor&apos;: 0, &apos;size&apos;: 10.61342746601997, &apos;value&apos;: &apos;r&apos;, &apos;children&apos;: [], &apos;features&apos;: {}}, {&apos;type&apos;: &apos;text&apos;, &apos;bbox&apos;: (149.750130648648, 464.42434589448, 155.02451974788, 475.03777336049995), &apos;color_space&apos;: &apos;DeviceGray&apos;, &apos;ncolor&apos;: 0, &apos;size&apos;: 10.61342746601997, &apos;value&apos;: &apos;e&apos;, &apos;children&apos;: [], &apos;features&apos;: {}}, {&apos;type&apos;: &apos;text&apos;, &apos;bbox&apos;: (154.94136496478401, 464.42434589448, 160.880992328784, 475.03777336049995), &apos;color_space&apos;: &apos;DeviceGray&apos;, &apos;ncolor&apos;: 0, &apos;size&apos;: 10.61342746601997, &apos;value&apos;: &apos;g&apos;, &apos;children&apos;: [], &apos;features&apos;: {}}, {&apos;type&apos;: &apos;text&apos;, &apos;bbox&apos;: (160.880992328784, 464.42434589448, 166.820619692784, 475.03777336049995), &apos;color_space&apos;: &apos;DeviceGray&apos;, &apos;ncolor&apos;: 0, &apos;size&apos;: 10.61342746601997, &apos;value&apos;: &apos;a&apos;, &apos;children&apos;: [], &apos;features&apos;: {}}, {&apos;type&apos;: &apos;text&apos;, &apos;bbox&apos;: (166.82061969278402, 464.42434589448, 172.09500879201602, 475.03777336049995), &apos;color_space&apos;: &apos;DeviceGray&apos;, &apos;ncolor&apos;: 0, &apos;size&apos;: 10.61342746601997, &apos;value&apos;: &apos;r&apos;, &apos;children&apos;: [], &apos;features&apos;: {}}, {&apos;type&apos;: &apos;text&apos;, &apos;bbox&apos;: (172.047491773104, 464.42434589448, 178.65235740187202, 475.03777336049995), &apos;color_space&apos;: &apos;DeviceGray&apos;, &apos;ncolor&apos;: 0, &apos;size&apos;: 10.61342746601997, &apos;value&apos;: &apos;d&apos;, &apos;children&apos;: [], &apos;features&apos;: {}}, {&apos;type&apos;: &apos;text&apos;, &apos;bbox&apos;: (178.687995166056, 464.42434589448, 181.657808848056, 475.03777336049995), &apos;color_space&apos;: &apos;DeviceGray&apos;, &apos;ncolor&apos;: 0, &apos;size&apos;: 10.61342746601997, &apos;value&apos;: &apos; &apos;, &apos;children&apos;: [], &apos;features&apos;: {}}, {&apos;type&apos;: &apos;text&apos;, &apos;bbox&apos;: (181.657808848056, 464.42434589448, 185.61360067248, 475.03777336049995), &apos;color_space&apos;: &apos;DeviceGray&apos;, &apos;ncolor&apos;: 0, &apos;size&apos;: 10.61342746601997, &apos;value&apos;: &apos;t&apos;, &apos;children&apos;: [], &apos;features&apos;: {}}, {&apos;type&apos;: &apos;text&apos;, &apos;bbox&apos;: (185.577962908296, 464.42434589448, 191.517590272296, 475.03777336049995), &apos;color_space&apos;: &apos;DeviceGray&apos;, &apos;ncolor&apos;: 0, &apos;size&apos;: 10.61342746601997, &apos;value&apos;: &apos;o&apos;, &apos;children&apos;: [], &apos;features&apos;: {}}, {&apos;type&apos;: &apos;text&apos;, &apos;bbox&apos;: (191.517590272296, 464.42434589448, 194.48740395429598, 475.03777336049995), &apos;color_space&apos;: &apos;DeviceGray&apos;, &apos;ncolor&apos;: 0, &apos;size&apos;: 10.61342746601997, &apos;value&apos;: &apos; &apos;, &apos;children&apos;: [], &apos;features&apos;: {}}, {&apos;type&apos;: &apos;text&apos;, &apos;bbox&apos;: (194.48740395429598, 464.42434589448, 199.76179305352798, 475.03777336049995), &apos;color_space&apos;: &apos;DeviceGray&apos;, &apos;ncolor&apos;: 0, &apos;size&apos;: 10.61342746601997, &apos;value&apos;: &apos;r&apos;, &apos;children&apos;: [], &apos;features&apos;: {}}, {&apos;type&apos;: &apos;text&apos;, &apos;bbox&apos;: (199.714276034616, 464.42434589448, 204.988665133848, 475.03777336049995), &apos;color_space&apos;: &apos;DeviceGray&apos;, &apos;ncolor&apos;: 0, &apos;size&apos;: 10.61342746601997, &apos;value&apos;: &apos;e&apos;, &apos;children&apos;: [], &apos;features&apos;: {}}, {&apos;type&apos;: &apos;text&apos;, &apos;bbox&apos;: (204.941148114936, 464.42434589448, 210.880775478936, 475.03777336049995), &apos;color_space&apos;: &apos;DeviceGray&apos;, &apos;ncolor&apos;: 0, &apos;size&apos;: 10.61342746601997, &apos;value&apos;: &apos;g&apos;, &apos;children&apos;: [], &apos;features&apos;: {}}, {&apos;type&apos;: &apos;text&apos;, &apos;bbox&apos;: (210.88077547893602, 464.42434589448, 217.48564110770403, 475.03777336049995), &apos;color_space&apos;: &apos;DeviceGray&apos;, &apos;ncolor&apos;: 0, &apos;size&apos;: 10.61342746601997, &apos;value&apos;: &apos;u&apos;, &apos;children&apos;: [], &apos;features&apos;: {}}, {&apos;type&apos;: &apos;text&apos;, &apos;bbox&apos;: (217.521278871888, 464.42434589448, 220.823711686272, 475.03777336049995), &apos;color_space&apos;: &apos;DeviceGray&apos;, &apos;ncolor&apos;: 0, &apos;size&apos;: 10.61342746601997, &apos;value&apos;: &apos;l&apos;, &apos;children&apos;: [], &apos;features&apos;: {}}, {&apos;type&apos;: &apos;text&apos;, &apos;bbox&apos;: (220.82371168627202, 464.42434589448, 226.763339050272, 475.03777336049995), &apos;color_space&apos;: &apos;DeviceGray&apos;, &apos;ncolor&apos;: 0, &apos;size&apos;: 10.61342746601997, &apos;value&apos;: &apos;a&apos;, &apos;children&apos;: [], &apos;features&apos;: {}}, {&apos;type&apos;: &apos;text&apos;, &apos;bbox&apos;: (226.763339050272, 464.42434589448, 230.71913087469602, 475.03777336049995), &apos;color_space&apos;: &apos;DeviceGray&apos;, &apos;ncolor&apos;: 0, &apos;size&apos;: 10.61342746601997, &apos;value&apos;: &apos;t&apos;, &apos;children&apos;: [], &apos;features&apos;: {}}, {&apos;type&apos;: &apos;text&apos;, &apos;bbox&apos;: (230.71913087469602, 464.42434589448, 236.658758238696, 475.03777336049995), &apos;color_space&apos;: &apos;DeviceGray&apos;, &apos;ncolor&apos;: 0, &apos;size&apos;: 10.61342746601997, &apos;value&apos;: &apos;o&apos;, &apos;children&apos;: [], &apos;features&apos;: {}}, {&apos;type&apos;: &apos;text&apos;, &apos;bbox&apos;: (236.65875823869604, 464.42434589448, 241.93314733792803, 475.03777336049995), &apos;color_space&apos;: &apos;DeviceGray&apos;, &apos;ncolor&apos;: 0, &apos;size&apos;: 10.61342746601997, &apos;value&apos;: &apos;r&apos;, &apos;children&apos;: [], &apos;features&apos;: {}}, {&apos;type&apos;: &apos;text&apos;, &apos;bbox&apos;: (241.87375106428803, 464.42434589448, 247.81337842828802, 475.03777336049995), &apos;color_space&apos;: &apos;DeviceGray&apos;, &apos;ncolor&apos;: 0, &apos;size&apos;: 10.61342746601997, &apos;value&apos;: &apos;y&apos;, &apos;children&apos;: [], &apos;features&apos;: {}}, {&apos;type&apos;: &apos;text&apos;, &apos;bbox&apos;: (247.81337842828802, 464.42434589448, 250.783192110288, 475.03777336049995), &apos;color_space&apos;: &apos;DeviceGray&apos;, &apos;ncolor&apos;: 0, &apos;size&apos;: 10.61342746601997, &apos;value&apos;: &apos; &apos;, &apos;children&apos;: [], &apos;features&apos;: {}}, {&apos;type&apos;: &apos;text&apos;, &apos;bbox&apos;: (250.783192110288, 464.42434589448, 254.73898393471202, 475.03777336049995), &apos;color_space&apos;: &apos;DeviceGray&apos;, &apos;ncolor&apos;: 0, &apos;size&apos;: 10.61342746601997, &apos;value&apos;: &apos;t&apos;, &apos;children&apos;: [], &apos;features&apos;: {}}, {&apos;type&apos;: &apos;text&apos;, &apos;bbox&apos;: (254.81025946308003, 464.42434589448, 260.08464856231205, 475.03777336049995), &apos;color_space&apos;: &apos;DeviceGray&apos;, &apos;ncolor&apos;: 0, &apos;size&apos;: 10.61342746601997, &apos;value&apos;: &apos;e&apos;, &apos;children&apos;: [], &apos;features&apos;: {}}, {&apos;type&apos;: &apos;text&apos;, &apos;bbox&apos;: (260.03713154340005, 464.42434589448, 265.31152064263205, 475.03777336049995), &apos;color_space&apos;: &apos;DeviceGray&apos;, &apos;ncolor&apos;: 0, &apos;size&apos;: 10.61342746601997, &apos;value&apos;: &apos;c&apos;, &apos;children&apos;: [], &apos;features&apos;: {}}, {&apos;type&apos;: &apos;text&apos;, &apos;bbox&apos;: (265.26400362372004, 464.42434589448, 271.868869252488, 475.03777336049995), &apos;color_space&apos;: &apos;DeviceGray&apos;, &apos;ncolor&apos;: 0, &apos;size&apos;: 10.61342746601997, &apos;value&apos;: &apos;h&apos;, &apos;children&apos;: [], &apos;features&apos;: {}}, {&apos;type&apos;: &apos;text&apos;, &apos;bbox&apos;: (271.904507016672, 464.42434589448, 278.50937264544, 475.03777336049995), &apos;color_space&apos;: &apos;DeviceGray&apos;, &apos;ncolor&apos;: 0, &apos;size&apos;: 10.61342746601997, &apos;value&apos;: &apos;n&apos;, &apos;children&apos;: [], &apos;features&apos;: {}}, {&apos;type&apos;: &apos;text&apos;, &apos;bbox&apos;: (278.54501040962407, 464.42434589448, 281.8474432240081, 475.03777336049995), &apos;color_space&apos;: &apos;DeviceGray&apos;, &apos;ncolor&apos;: 0, &apos;size&apos;: 10.61342746601997, &apos;value&apos;: &apos;i&apos;, &apos;children&apos;: [], &apos;features&apos;: {}}, {&apos;type&apos;: &apos;text&apos;, &apos;bbox&apos;: (281.8474432240081, 464.42434589448, 287.1218323232401, 475.03777336049995), &apos;color_space&apos;: &apos;DeviceGray&apos;, &apos;ncolor&apos;: 0, &apos;size&apos;: 10.61342746601997, &apos;value&apos;: &apos;c&apos;, &apos;children&apos;: [], &apos;features&apos;: {}}, {&apos;type&apos;: &apos;text&apos;, &apos;bbox&apos;: (287.12183232324, 464.42434589448, 293.06145968724, 475.03777336049995), &apos;color_space&apos;: &apos;DeviceGray&apos;, &apos;ncolor&apos;: 0, &apos;size&apos;: 10.61342746601997, &apos;value&apos;: &apos;a&apos;, &apos;children&apos;: [], &apos;features&apos;: {}}, {&apos;type&apos;: &apos;text&apos;, &apos;bbox&apos;: (293.06145968724, 464.42434589448, 296.36389250162404, 475.03777336049995), &apos;color_space&apos;: &apos;DeviceGray&apos;, &apos;ncolor&apos;: 0, &apos;size&apos;: 10.61342746601997, &apos;value&apos;: &apos;l&apos;, &apos;children&apos;: [], &apos;features&apos;: {}}, {&apos;type&apos;: &apos;text&apos;, &apos;bbox&apos;: (296.36389250162404, 464.42434589448, 299.33370618362403, 475.03777336049995), &apos;color_space&apos;: &apos;DeviceGray&apos;, &apos;ncolor&apos;: 0, &apos;size&apos;: 10.61342746601997, &apos;value&apos;: &apos; &apos;, &apos;children&apos;: [], &apos;features&apos;: {}}, {&apos;type&apos;: &apos;text&apos;, &apos;bbox&apos;: (299.33370618362403, 464.42434589448, 303.95473627281604, 475.03777336049995), &apos;color_space&apos;: &apos;DeviceGray&apos;, &apos;ncolor&apos;: 0, &apos;size&apos;: 10.61342746601997, &apos;value&apos;: &apos;s&apos;, &apos;children&apos;: [], &apos;features&apos;: {}}, {&apos;type&apos;: &apos;text&apos;, &apos;bbox&apos;: (303.95473627281604, 464.42434589448, 307.91052809724005, 475.03777336049995), &apos;color_space&apos;: &apos;DeviceGray&apos;, &apos;ncolor&apos;: 0, &apos;size&apos;: 10.61342746601997, &apos;value&apos;: &apos;t&apos;, &apos;children&apos;: [], &apos;features&apos;: {}}, {&apos;type&apos;: &apos;text&apos;, &apos;bbox&apos;: (307.9105280972401, 464.42434589448, 313.8501554612401, 475.03777336049995), &apos;color_space&apos;: &apos;DeviceGray&apos;, &apos;ncolor&apos;: 0, &apos;size&apos;: 10.61342746601997, &apos;value&apos;: &apos;a&apos;, &apos;children&apos;: [], &apos;features&apos;: {}}, {&apos;type&apos;: &apos;text&apos;, &apos;bbox&apos;: (313.8501554612401, 464.42434589448, 320.4550210900081, 475.03777336049995), &apos;color_space&apos;: &apos;DeviceGray&apos;, &apos;ncolor&apos;: 0, &apos;size&apos;: 10.61342746601997, &apos;value&apos;: &apos;n&apos;, &apos;children&apos;: [], &apos;features&apos;: {}}, {&apos;type&apos;: &apos;text&apos;, &apos;bbox&apos;: (320.4550210900081, 464.42434589448, 327.05988671877606, 475.03777336049995), &apos;color_space&apos;: &apos;DeviceGray&apos;, &apos;ncolor&apos;: 0, &apos;size&apos;: 10.61342746601997, &apos;value&apos;: &apos;d&apos;, &apos;children&apos;: [], &apos;features&apos;: {}}, {&apos;type&apos;: &apos;text&apos;, &apos;bbox&apos;: (327.11928299241606, 464.42434589448, 333.05891035641605, 475.03777336049995), &apos;color_space&apos;: &apos;DeviceGray&apos;, &apos;ncolor&apos;: 0, &apos;size&apos;: 10.61342746601997, &apos;value&apos;: &apos;a&apos;, &apos;children&apos;: [], &apos;features&apos;: {}}, {&apos;type&apos;: &apos;text&apos;, &apos;bbox&apos;: (333.05891035641605, 464.42434589448, 338.33329945564805, 475.03777336049995), &apos;color_space&apos;: &apos;DeviceGray&apos;, &apos;ncolor&apos;: 0, &apos;size&apos;: 10.61342746601997, &apos;value&apos;: &apos;r&apos;, &apos;children&apos;: [], &apos;features&apos;: {}}, {&apos;type&apos;: &apos;text&apos;, &apos;bbox&apos;: (338.285782436736, 464.42434589448, 344.89064806550397, 475.03777336049995), &apos;color_space&apos;: &apos;DeviceGray&apos;, &apos;ncolor&apos;: 0, &apos;size&apos;: 10.61342746601997, &apos;value&apos;: &apos;d&apos;, &apos;children&apos;: [], &apos;features&apos;: {}}, {&apos;type&apos;: &apos;text&apos;, &apos;bbox&apos;: (344.926285829688, 464.42434589448, 349.54731591888003, 475.03777336049995), &apos;color_space&apos;: &apos;DeviceGray&apos;, &apos;ncolor&apos;: 0, &apos;size&apos;: 10.61342746601997, &apos;value&apos;: &apos;s&apos;, &apos;children&apos;: [], &apos;features&apos;: {}}, {&apos;type&apos;: &apos;text&apos;, &apos;bbox&apos;: (349.54731591888003, 464.42434589448, 352.51712960088, 475.03777336049995), &apos;color_space&apos;: &apos;DeviceGray&apos;, &apos;ncolor&apos;: 0, &apos;size&apos;: 10.61342746601997, &apos;value&apos;: &apos; &apos;, &apos;children&apos;: [], &apos;features&apos;: {}}, {&apos;type&apos;: &apos;text&apos;, &apos;bbox&apos;: (352.410216308328, 464.42434589448, 356.36600813275203, 475.03777336049995), &apos;color_space&apos;: &apos;DeviceGray&apos;, &apos;ncolor&apos;: 0, &apos;size&apos;: 10.61342746601997, &apos;value&apos;: &apos;f&apos;, &apos;children&apos;: [], &apos;features&apos;: {}}, {&apos;type&apos;: &apos;text&apos;, &apos;bbox&apos;: (356.43728366112, 464.42434589448, 362.37691102511997, 475.03777336049995), &apos;color_space&apos;: &apos;DeviceGray&apos;, &apos;ncolor&apos;: 0, &apos;size&apos;: 10.61342746601997, &apos;value&apos;: &apos;o&apos;, &apos;children&apos;: [], &apos;features&apos;: {}}, {&apos;type&apos;: &apos;text&apos;, &apos;bbox&apos;: (362.3769110251201, 464.42434589448, 367.6513001243521, 475.03777336049995), &apos;color_space&apos;: &apos;DeviceGray&apos;, &apos;ncolor&apos;: 0, &apos;size&apos;: 10.61342746601997, &apos;value&apos;: &apos;r&apos;, &apos;children&apos;: [], &apos;features&apos;: {}}, {&apos;type&apos;: &apos;text&apos;, &apos;bbox&apos;: (367.60378310544, 464.42434589448, 370.57359678744, 475.03777336049995), &apos;color_space&apos;: &apos;DeviceGray&apos;, &apos;ncolor&apos;: 0, &apos;size&apos;: 10.61342746601997, &apos;value&apos;: &apos; &apos;, &apos;children&apos;: [], &apos;features&apos;: {}}, {&apos;type&apos;: &apos;text&apos;, &apos;bbox&apos;: (370.57359678744, 464.42434589448, 374.529388611864, 475.03777336049995), &apos;color_space&apos;: &apos;DeviceGray&apos;, &apos;ncolor&apos;: 0, &apos;size&apos;: 10.61342746601997, &apos;value&apos;: &apos;t&apos;, &apos;children&apos;: [], &apos;features&apos;: {}}, {&apos;type&apos;: &apos;text&apos;, &apos;bbox&apos;: (374.49375084767996, 464.42434589448, 381.09861647644794, 475.03777336049995), &apos;color_space&apos;: &apos;DeviceGray&apos;, &apos;ncolor&apos;: 0, &apos;size&apos;: 10.61342746601997, &apos;value&apos;: &apos;h&apos;, &apos;children&apos;: [], &apos;features&apos;: {}}, {&apos;type&apos;: &apos;text&apos;, &apos;bbox&apos;: (381.134254240632, 464.42434589448, 386.408643339864, 475.03777336049995), &apos;color_space&apos;: &apos;DeviceGray&apos;, &apos;ncolor&apos;: 0, &apos;size&apos;: 10.61342746601997, &apos;value&apos;: &apos;e&apos;, &apos;children&apos;: [], &apos;features&apos;: {}}, {&apos;type&apos;: &apos;text&apos;, &apos;bbox&apos;: (386.36112632095194, 464.42434589448, 389.33094000295193, 475.03777336049995), &apos;color_space&apos;: &apos;DeviceGray&apos;, &apos;ncolor&apos;: 0, &apos;size&apos;: 10.61342746601997, &apos;value&apos;: &apos; &apos;, &apos;children&apos;: [], &apos;features&apos;: {}}, {&apos;type&apos;: &apos;text&apos;, &apos;bbox&apos;: (389.33094000295193, 464.42434589448, 394.60532910218393, 475.03777336049995), &apos;color_space&apos;: &apos;DeviceGray&apos;, &apos;ncolor&apos;: 0, &apos;size&apos;: 10.61342746601997, &apos;value&apos;: &apos;r&apos;, &apos;children&apos;: [], &apos;features&apos;: {}}, {&apos;type&apos;: &apos;text&apos;, &apos;bbox&apos;: (394.557812083272, 464.42434589448, 399.832201182504, 475.03777336049995), &apos;color_space&apos;: &apos;DeviceGray&apos;, &apos;ncolor&apos;: 0, &apos;size&apos;: 10.61342746601997, &apos;value&apos;: &apos;e&apos;, &apos;children&apos;: [], &apos;features&apos;: {}}, {&apos;type&apos;: &apos;text&apos;, &apos;bbox&apos;: (399.7846841635919, 464.42434589448, 406.3895497923599, 475.03777336049995), &apos;color_space&apos;: &apos;DeviceGray&apos;, &apos;ncolor&apos;: 0, &apos;size&apos;: 10.61342746601997, &apos;value&apos;: &apos;p&apos;, &apos;children&apos;: [], &apos;features&apos;: {}}, {&apos;type&apos;: &apos;text&apos;, &apos;bbox&apos;: (406.42518755654396, 464.42434589448, 412.36481492054395, 475.03777336049995), &apos;color_space&apos;: &apos;DeviceGray&apos;, &apos;ncolor&apos;: 0, &apos;size&apos;: 10.61342746601997, &apos;value&apos;: &apos;o&apos;, &apos;children&apos;: [], &apos;features&apos;: {}}, {&apos;type&apos;: &apos;text&apos;, &apos;bbox&apos;: (412.36481492054395, 464.42434589448, 417.63920401977595, 475.03777336049995), &apos;color_space&apos;: &apos;DeviceGray&apos;, &apos;ncolor&apos;: 0, &apos;size&apos;: 10.61342746601997, &apos;value&apos;: &apos;r&apos;, &apos;children&apos;: [], &apos;features&apos;: {}}, {&apos;type&apos;: &apos;text&apos;, &apos;bbox&apos;: (417.5916870008639, 464.42434589448, 421.5474788252879, 475.03777336049995), &apos;color_space&apos;: &apos;DeviceGray&apos;, &apos;ncolor&apos;: 0, &apos;size&apos;: 10.61342746601997, &apos;value&apos;: &apos;t&apos;, &apos;children&apos;: [], &apos;features&apos;: {}}, {&apos;type&apos;: &apos;text&apos;, &apos;bbox&apos;: (421.54747882528795, 464.42434589448, 424.849911639672, 475.03777336049995), &apos;color_space&apos;: &apos;DeviceGray&apos;, &apos;ncolor&apos;: 0, &apos;size&apos;: 10.61342746601997, &apos;value&apos;: &apos;i&apos;, &apos;children&apos;: [], &apos;features&apos;: {}}, {&apos;type&apos;: &apos;text&apos;, &apos;bbox&apos;: (424.849911639672, 464.42434589448, 431.45477726843995, 475.03777336049995), &apos;color_space&apos;: &apos;DeviceGray&apos;, &apos;ncolor&apos;: 0, &apos;size&apos;: 10.61342746601997, &apos;value&apos;: &apos;n&apos;, &apos;children&apos;: [], &apos;features&apos;: {}}, {&apos;type&apos;: &apos;text&apos;, &apos;bbox&apos;: (431.5973283251759, 464.42434589448, 437.5369556891759, 475.03777336049995), &apos;color_space&apos;: &apos;DeviceGray&apos;, &apos;ncolor&apos;: 0, &apos;size&apos;: 10.61342746601997, &apos;value&apos;: &apos;g&apos;, &apos;children&apos;: [], &apos;features&apos;: {}}, {&apos;type&apos;: &apos;text&apos;, &apos;bbox&apos;: (437.5369556891759, 464.42434589448, 440.5067693711759, 475.03777336049995), &apos;color_space&apos;: &apos;DeviceGray&apos;, &apos;ncolor&apos;: 0, &apos;size&apos;: 10.61342746601997, &apos;value&apos;: &apos; &apos;, &apos;children&apos;: [], &apos;features&apos;: {}}, {&apos;type&apos;: &apos;text&apos;, &apos;bbox&apos;: (440.506769371176, 464.42434589448, 446.446396735176, 475.03777336049995), &apos;color_space&apos;: &apos;DeviceGray&apos;, &apos;ncolor&apos;: 0, &apos;size&apos;: 10.61342746601997, &apos;value&apos;: &apos;o&apos;, &apos;children&apos;: [], &apos;features&apos;: {}}, {&apos;type&apos;: &apos;text&apos;, &apos;bbox&apos;: (446.446396735176, 464.42434589448, 450.4021885596, 475.03777336049995), &apos;color_space&apos;: &apos;DeviceGray&apos;, &apos;ncolor&apos;: 0, &apos;size&apos;: 10.61342746601997, &apos;value&apos;: &apos;f&apos;, &apos;children&apos;: [], &apos;features&apos;: {}}, {&apos;type&apos;: &apos;text&apos;, &apos;bbox&apos;: (450.47346408796795, 464.42434589448, 453.44327776996795, 475.03777336049995), &apos;color_space&apos;: &apos;DeviceGray&apos;, &apos;ncolor&apos;: 0, &apos;size&apos;: 10.61342746601997, &apos;value&apos;: &apos; &apos;, &apos;children&apos;: [], &apos;features&apos;: {}}, {&apos;type&apos;: &apos;text&apos;, &apos;bbox&apos;: (453.44327776996795, 464.42434589448, 457.39906959439196, 475.03777336049995), &apos;color_space&apos;: &apos;DeviceGray&apos;, &apos;ncolor&apos;: 0, &apos;size&apos;: 10.61342746601997, &apos;value&apos;: &apos;t&apos;, &apos;children&apos;: [], &apos;features&apos;: {}}, {&apos;type&apos;: &apos;text&apos;, &apos;bbox&apos;: (457.3634318302079, 464.42434589448, 462.6378209294399, 475.03777336049995), &apos;color_space&apos;: &apos;DeviceGray&apos;, &apos;ncolor&apos;: 0, &apos;size&apos;: 10.61342746601997, &apos;value&apos;: &apos;r&apos;, &apos;children&apos;: [], &apos;features&apos;: {}}, {&apos;type&apos;: &apos;text&apos;, &apos;bbox&apos;: (462.59030391052784, 464.42434589448, 468.5299312745278, 475.03777336049995), &apos;color_space&apos;: &apos;DeviceGray&apos;, &apos;ncolor&apos;: 0, &apos;size&apos;: 10.61342746601997, &apos;value&apos;: &apos;a&apos;, &apos;children&apos;: [], &apos;features&apos;: {}}, {&apos;type&apos;: &apos;text&apos;, &apos;bbox&apos;: (468.52993127452794, 464.42434589448, 475.1347969032959, 475.03777336049995), &apos;color_space&apos;: &apos;DeviceGray&apos;, &apos;ncolor&apos;: 0, &apos;size&apos;: 10.61342746601997, &apos;value&apos;: &apos;n&apos;, &apos;children&apos;: [], &apos;features&apos;: {}}, {&apos;type&apos;: &apos;text&apos;, &apos;bbox&apos;: (475.17043466747987, 464.42434589448, 479.79146475667187, 475.03777336049995), &apos;color_space&apos;: &apos;DeviceGray&apos;, &apos;ncolor&apos;: 0, &apos;size&apos;: 10.61342746601997, &apos;value&apos;: &apos;s&apos;, &apos;children&apos;: [], &apos;features&apos;: {}}, {&apos;type&apos;: &apos;text&apos;, &apos;bbox&apos;: (479.79146475667187, 464.42434589448, 485.73109212067186, 475.03777336049995), &apos;color_space&apos;: &apos;DeviceGray&apos;, &apos;ncolor&apos;: 0, &apos;size&apos;: 10.61342746601997, &apos;value&apos;: &apos;a&apos;, &apos;children&apos;: [], &apos;features&apos;: {}}, {&apos;type&apos;: &apos;text&apos;, &apos;bbox&apos;: (485.731092120672, 464.42434589448, 491.00548121990397, 475.03777336049995), &apos;color_space&apos;: &apos;DeviceGray&apos;, &apos;ncolor&apos;: 0, &apos;size&apos;: 10.61342746601997, &apos;value&apos;: &apos;c&apos;, &apos;children&apos;: [], &apos;features&apos;: {}}, {&apos;type&apos;: &apos;text&apos;, &apos;bbox&apos;: (491.0054812199039, 464.42434589448, 494.9612730443279, 475.03777336049995), &apos;color_space&apos;: &apos;DeviceGray&apos;, &apos;ncolor&apos;: 0, &apos;size&apos;: 10.61342746601997, &apos;value&apos;: &apos;t&apos;, &apos;children&apos;: [], &apos;features&apos;: {}}, {&apos;type&apos;: &apos;text&apos;, &apos;bbox&apos;: (494.88999751595986, 464.42434589448, 498.1924303303439, 475.03777336049995), &apos;color_space&apos;: &apos;DeviceGray&apos;, &apos;ncolor&apos;: 0, &apos;size&apos;: 10.61342746601997, &apos;value&apos;: &apos;i&apos;, &apos;children&apos;: [], &apos;features&apos;: {}}, {&apos;type&apos;: &apos;text&apos;, &apos;bbox&apos;: (498.1924303303439, 464.42434589448, 504.13205769434387, 475.03777336049995), &apos;color_space&apos;: &apos;DeviceGray&apos;, &apos;ncolor&apos;: 0, &apos;size&apos;: 10.61342746601997, &apos;value&apos;: &apos;o&apos;, &apos;children&apos;: [], &apos;features&apos;: {}}, {&apos;type&apos;: &apos;text&apos;, &apos;bbox&apos;: (504.13205769434387, 464.42434589448, 510.73692332311185, 475.03777336049995), &apos;color_space&apos;: &apos;DeviceGray&apos;, &apos;ncolor&apos;: 0, &apos;size&apos;: 10.61342746601997, &apos;value&apos;: &apos;n&apos;, &apos;children&apos;: [], &apos;features&apos;: {}}, {&apos;type&apos;: &apos;text&apos;, &apos;bbox&apos;: (510.7963195967519, 464.42434589448, 515.4173496859439, 475.03777336049995), &apos;color_space&apos;: &apos;DeviceGray&apos;, &apos;ncolor&apos;: 0, &apos;size&apos;: 10.61342746601997, &apos;value&apos;: &apos;s&apos;, &apos;children&apos;: [], &apos;features&apos;: {}}, {&apos;type&apos;: &apos;text&apos;, &apos;bbox&apos;: (515.4173496859439, 464.42434589448, 518.3871633679439, 475.03777336049995), &apos;color_space&apos;: &apos;DeviceGray&apos;, &apos;ncolor&apos;: 0, &apos;size&apos;: 10.61342746601997, &apos;value&apos;: &apos; &apos;, &apos;children&apos;: [], &apos;features&apos;: {}}, {&apos;type&apos;: &apos;text&apos;, &apos;bbox&apos;: (234.36804195198, 450.75643818348, 238.323833776404, 461.36986564949996), &apos;color_space&apos;: &apos;DeviceGray&apos;, &apos;ncolor&apos;: 0, &apos;size&apos;: 10.61342746601997, &apos;value&apos;: &apos;t&apos;, &apos;children&apos;: [], &apos;features&apos;: {}}, {&apos;type&apos;: &apos;text&apos;, &apos;bbox&apos;: (238.323833776404, 450.75643818348, 244.263461140404, 461.36986564949996), &apos;color_space&apos;: &apos;DeviceGray&apos;, &apos;ncolor&apos;: 0, &apos;size&apos;: 10.61342746601997, &apos;value&apos;: &apos;o&apos;, &apos;children&apos;: [], &apos;features&apos;: {}}, {&apos;type&apos;: &apos;text&apos;, &apos;bbox&apos;: (244.263461140404, 450.75643818348, 247.23327482240398, 461.36986564949996), &apos;color_space&apos;: &apos;DeviceGray&apos;, &apos;ncolor&apos;: 0, &apos;size&apos;: 10.61342746601997, &apos;value&apos;: &apos; &apos;, &apos;children&apos;: [], &apos;features&apos;: {}}, {&apos;type&apos;: &apos;text&apos;, &apos;bbox&apos;: (247.23327482240398, 450.75643818348, 252.50766392163598, 461.36986564949996), &apos;color_space&apos;: &apos;DeviceGray&apos;, &apos;ncolor&apos;: 0, &apos;size&apos;: 10.61342746601997, &apos;value&apos;: &apos;c&apos;, &apos;children&apos;: [], &apos;features&apos;: {}}, {&apos;type&apos;: &apos;text&apos;, &apos;bbox&apos;: (252.42450913854, 450.75643818348, 258.36413650254, 461.36986564949996), &apos;color_space&apos;: &apos;DeviceGray&apos;, &apos;ncolor&apos;: 0, &apos;size&apos;: 10.61342746601997, &apos;value&apos;: &apos;o&apos;, &apos;children&apos;: [], &apos;features&apos;: {}}, {&apos;type&apos;: &apos;text&apos;, &apos;bbox&apos;: (258.471049795092, 450.75643818348, 268.366468983516, 461.36986564949996), &apos;color_space&apos;: &apos;DeviceGray&apos;, &apos;ncolor&apos;: 0, &apos;size&apos;: 10.61342746601997, &apos;value&apos;: &apos;m&apos;, &apos;children&apos;: [], &apos;features&apos;: {}}, {&apos;type&apos;: &apos;text&apos;, &apos;bbox&apos;: (268.212038672052, 450.75643818348, 274.81690430082, 461.36986564949996), &apos;color_space&apos;: &apos;DeviceGray&apos;, &apos;ncolor&apos;: 0, &apos;size&apos;: 10.61342746601997, &apos;value&apos;: &apos;p&apos;, &apos;children&apos;: [], &apos;features&apos;: {}}, {&apos;type&apos;: &apos;text&apos;, &apos;bbox&apos;: (274.852542065004, 450.75643818348, 280.126931164236, 461.36986564949996), &apos;color_space&apos;: &apos;DeviceGray&apos;, &apos;ncolor&apos;: 0, &apos;size&apos;: 10.61342746601997, &apos;value&apos;: &apos;e&apos;, &apos;children&apos;: [], &apos;features&apos;: {}}, {&apos;type&apos;: &apos;text&apos;, &apos;bbox&apos;: (280.079414145324, 450.75643818348, 284.035205969748, 461.36986564949996), &apos;color_space&apos;: &apos;DeviceGray&apos;, &apos;ncolor&apos;: 0, &apos;size&apos;: 10.61342746601997, &apos;value&apos;: &apos;t&apos;, &apos;children&apos;: [], &apos;features&apos;: {}}, {&apos;type&apos;: &apos;text&apos;, &apos;bbox&apos;: (284.106481498116, 450.75643818348, 289.380870597348, 461.36986564949996), &apos;color_space&apos;: &apos;DeviceGray&apos;, &apos;ncolor&apos;: 0, &apos;size&apos;: 10.61342746601997, &apos;value&apos;: &apos;e&apos;, &apos;children&apos;: [], &apos;features&apos;: {}}, {&apos;type&apos;: &apos;text&apos;, &apos;bbox&apos;: (289.333353578436, 450.75643818348, 295.938219207204, 461.36986564949996), &apos;color_space&apos;: &apos;DeviceGray&apos;, &apos;ncolor&apos;: 0, &apos;size&apos;: 10.61342746601997, &apos;value&apos;: &apos;n&apos;, &apos;children&apos;: [], &apos;features&apos;: {}}, {&apos;type&apos;: &apos;text&apos;, &apos;bbox&apos;: (295.973856971388, 450.75643818348, 299.929648795812, 461.36986564949996), &apos;color_space&apos;: &apos;DeviceGray&apos;, &apos;ncolor&apos;: 0, &apos;size&apos;: 10.61342746601997, &apos;value&apos;: &apos;t&apos;, &apos;children&apos;: [], &apos;features&apos;: {}}, {&apos;type&apos;: &apos;text&apos;, &apos;bbox&apos;: (299.929648795812, 450.75643818348, 302.899462477812, 461.36986564949996), &apos;color_space&apos;: &apos;DeviceGray&apos;, &apos;ncolor&apos;: 0, &apos;size&apos;: 10.61342746601997, &apos;value&apos;: &apos; &apos;, &apos;children&apos;: [], &apos;features&apos;: {}}, {&apos;type&apos;: &apos;text&apos;, &apos;bbox&apos;: (302.899462477812, 450.75643818348, 308.839089841812, 461.36986564949996), &apos;color_space&apos;: &apos;DeviceGray&apos;, &apos;ncolor&apos;: 0, &apos;size&apos;: 10.61342746601997, &apos;value&apos;: &apos;a&apos;, &apos;children&apos;: [], &apos;features&apos;: {}}, {&apos;type&apos;: &apos;text&apos;, &apos;bbox&apos;: (308.839089841812, 450.75643818348, 315.44395547057997, 461.36986564949996), &apos;color_space&apos;: &apos;DeviceGray&apos;, &apos;ncolor&apos;: 0, &apos;size&apos;: 10.61342746601997, &apos;value&apos;: &apos;u&apos;, &apos;children&apos;: [], &apos;features&apos;: {}}, {&apos;type&apos;: &apos;text&apos;, &apos;bbox&apos;: (315.44395547058, 450.75643818348, 319.39974729500403, 461.36986564949996), &apos;color_space&apos;: &apos;DeviceGray&apos;, &apos;ncolor&apos;: 0, &apos;size&apos;: 10.61342746601997, &apos;value&apos;: &apos;t&apos;, &apos;children&apos;: [], &apos;features&apos;: {}}, {&apos;type&apos;: &apos;text&apos;, &apos;bbox&apos;: (319.399747295004, 450.75643818348, 326.00461292377196, 461.36986564949996), &apos;color_space&apos;: &apos;DeviceGray&apos;, &apos;ncolor&apos;: 0, &apos;size&apos;: 10.61342746601997, &apos;value&apos;: &apos;h&apos;, &apos;children&apos;: [], &apos;features&apos;: {}}, {&apos;type&apos;: &apos;text&apos;, &apos;bbox&apos;: (326.004612923772, 450.75643818348, 331.944240287772, 461.36986564949996), &apos;color_space&apos;: &apos;DeviceGray&apos;, &apos;ncolor&apos;: 0, &apos;size&apos;: 10.61342746601997, &apos;value&apos;: &apos;o&apos;, &apos;children&apos;: [], &apos;features&apos;: {}}, {&apos;type&apos;: &apos;text&apos;, &apos;bbox&apos;: (331.944240287772, 450.75643818348, 337.218629387004, 461.36986564949996), &apos;color_space&apos;: &apos;DeviceGray&apos;, &apos;ncolor&apos;: 0, &apos;size&apos;: 10.61342746601997, &apos;value&apos;: &apos;r&apos;, &apos;children&apos;: [], &apos;features&apos;: {}}, {&apos;type&apos;: &apos;text&apos;, &apos;bbox&apos;: (337.218629387004, 450.75643818348, 340.521062201388, 461.36986564949996), &apos;color_space&apos;: &apos;DeviceGray&apos;, &apos;ncolor&apos;: 0, &apos;size&apos;: 10.61342746601997, &apos;value&apos;: &apos;i&apos;, &apos;children&apos;: [], &apos;features&apos;: {}}, {&apos;type&apos;: &apos;text&apos;, &apos;bbox&apos;: (340.52106220138796, 450.75643818348, 344.476854025812, 461.36986564949996), &apos;color_space&apos;: &apos;DeviceGray&apos;, &apos;ncolor&apos;: 0, &apos;size&apos;: 10.61342746601997, &apos;value&apos;: &apos;t&apos;, &apos;children&apos;: [], &apos;features&apos;: {}}, {&apos;type&apos;: &apos;text&apos;, &apos;bbox&apos;: (344.44121626162797, 450.75643818348, 347.743649076012, 461.36986564949996), &apos;color_space&apos;: &apos;DeviceGray&apos;, &apos;ncolor&apos;: 0, &apos;size&apos;: 10.61342746601997, &apos;value&apos;: &apos;i&apos;, &apos;children&apos;: [], &apos;features&apos;: {}}, {&apos;type&apos;: &apos;text&apos;, &apos;bbox&apos;: (347.743649076012, 450.75643818348, 353.018038175244, 461.36986564949996), &apos;color_space&apos;: &apos;DeviceGray&apos;, &apos;ncolor&apos;: 0, &apos;size&apos;: 10.61342746601997, &apos;value&apos;: &apos;e&apos;, &apos;children&apos;: [], &apos;features&apos;: {}}, {&apos;type&apos;: &apos;text&apos;, &apos;bbox&apos;: (353.10119295834, 450.75643818348, 357.722223047532, 461.36986564949996), &apos;color_space&apos;: &apos;DeviceGray&apos;, &apos;ncolor&apos;: 0, &apos;size&apos;: 10.61342746601997, &apos;value&apos;: &apos;s&apos;, &apos;children&apos;: [], &apos;features&apos;: {}}, {&apos;type&apos;: &apos;text&apos;, &apos;bbox&apos;: (357.81329733378, 450.75643818348, 360.78311101578, 461.36986564949996), &apos;color_space&apos;: &apos;DeviceGray&apos;, &apos;ncolor&apos;: 0, &apos;size&apos;: 10.61342746601997, &apos;value&apos;: &apos; &apos;, &apos;children&apos;: [], &apos;features&apos;: {}}, {&apos;type&apos;: &apos;text&apos;, &apos;bbox&apos;: (231.99219100637998, 401.647051521, 235.947982830804, 412.45064118126), &apos;color_space&apos;: &apos;DeviceGray&apos;, &apos;ncolor&apos;: 0, &apos;size&apos;: 10.803589660260002, &apos;value&apos;: &apos;(&apos;, &apos;children&apos;: [], &apos;features&apos;: {}}, {&apos;type&apos;: &apos;text&apos;, &apos;bbox&apos;: (235.947982830804, 401.647051521, 243.206207469612, 412.45064118126), &apos;color_space&apos;: &apos;DeviceGray&apos;, &apos;ncolor&apos;: 0, &apos;size&apos;: 10.803589660260002, &apos;value&apos;: &apos;T&apos;, &apos;children&apos;: [], &apos;features&apos;: {}}, {&apos;type&apos;: &apos;text&apos;, &apos;bbox&apos;: (243.1586904507, 401.647051521, 248.433079549932, 412.45064118126), &apos;color_space&apos;: &apos;DeviceGray&apos;, &apos;ncolor&apos;: 0, &apos;size&apos;: 10.803589660260002, &apos;value&apos;: &apos;e&apos;, &apos;children&apos;: [], &apos;features&apos;: {}}, {&apos;type&apos;: &apos;text&apos;, &apos;bbox&apos;: (248.38556253101999, 401.647051521, 254.32518989501997, 412.45064118126), &apos;color_space&apos;: &apos;DeviceGray&apos;, &apos;ncolor&apos;: 0, &apos;size&apos;: 10.803589660260002, &apos;value&apos;: &apos;x&apos;, &apos;children&apos;: [], &apos;features&apos;: {}}, {&apos;type&apos;: &apos;text&apos;, &apos;bbox&apos;: (254.43210318757198, 401.647051521, 257.734536001956, 412.45064118126), &apos;color_space&apos;: &apos;DeviceGray&apos;, &apos;ncolor&apos;: 0, &apos;size&apos;: 10.803589660260002, &apos;value&apos;: &apos;t&apos;, &apos;children&apos;: [], &apos;features&apos;: {}}, {&apos;type&apos;: &apos;text&apos;, &apos;bbox&apos;: (257.734536001956, 401.647051521, 260.70434968395597, 412.45064118126), &apos;color_space&apos;: &apos;DeviceGray&apos;, &apos;ncolor&apos;: 0, &apos;size&apos;: 10.803589660260002, &apos;value&apos;: &apos; &apos;, &apos;children&apos;: [], &apos;features&apos;: {}}, {&apos;type&apos;: &apos;text&apos;, &apos;bbox&apos;: (260.70434968395597, 401.647051521, 269.281171597572, 412.45064118126), &apos;color_space&apos;: &apos;DeviceGray&apos;, &apos;ncolor&apos;: 0, &apos;size&apos;: 10.803589660260002, &apos;value&apos;: &apos;w&apos;, &apos;children&apos;: [], &apos;features&apos;: {}}, {&apos;type&apos;: &apos;text&apos;, &apos;bbox&apos;: (269.281171597572, 401.647051521, 272.583604411956, 412.45064118126), &apos;color_space&apos;: &apos;DeviceGray&apos;, &apos;ncolor&apos;: 0, &apos;size&apos;: 10.803589660260002, &apos;value&apos;: &apos;i&apos;, &apos;children&apos;: [], &apos;features&apos;: {}}, {&apos;type&apos;: &apos;text&apos;, &apos;bbox&apos;: (272.583604411956, 401.647051521, 275.88603722634, 412.45064118126), &apos;color_space&apos;: &apos;DeviceGray&apos;, &apos;ncolor&apos;: 0, &apos;size&apos;: 10.803589660260002, &apos;value&apos;: &apos;t&apos;, &apos;children&apos;: [], &apos;features&apos;: {}}, {&apos;type&apos;: &apos;text&apos;, &apos;bbox&apos;: (275.92167499052397, 401.647051521, 281.86130235452396, 412.45064118126), &apos;color_space&apos;: &apos;DeviceGray&apos;, &apos;ncolor&apos;: 0, &apos;size&apos;: 10.803589660260002, &apos;value&apos;: &apos;h&apos;, &apos;children&apos;: [], &apos;features&apos;: {}}, {&apos;type&apos;: &apos;text&apos;, &apos;bbox&apos;: (281.861302354524, 401.647051521, 284.831116036524, 412.45064118126), &apos;color_space&apos;: &apos;DeviceGray&apos;, &apos;ncolor&apos;: 0, &apos;size&apos;: 10.803589660260002, &apos;value&apos;: &apos; &apos;, &apos;children&apos;: [], &apos;features&apos;: {}}, {&apos;type&apos;: &apos;text&apos;, &apos;bbox&apos;: (284.831116036524, 401.647051521, 292.089340675332, 412.45064118126), &apos;color_space&apos;: &apos;DeviceGray&apos;, &apos;ncolor&apos;: 0, &apos;size&apos;: 10.803589660260002, &apos;value&apos;: &apos;E&apos;, &apos;children&apos;: [], &apos;features&apos;: {}}, {&apos;type&apos;: &apos;text&apos;, &apos;bbox&apos;: (292.089340675332, 401.647051521, 299.34756531413996, 412.45064118126), &apos;color_space&apos;: &apos;DeviceGray&apos;, &apos;ncolor&apos;: 0, &apos;size&apos;: 10.803589660260002, &apos;value&apos;: &apos;E&apos;, &apos;children&apos;: [], &apos;features&apos;: {}}, {&apos;type&apos;: &apos;text&apos;, &apos;bbox&apos;: (299.34756531413996, 401.647051521, 307.924387227756, 412.45064118126), &apos;color_space&apos;: &apos;DeviceGray&apos;, &apos;ncolor&apos;: 0, &apos;size&apos;: 10.803589660260002, &apos;value&apos;: &apos;A&apos;, &apos;children&apos;: [], &apos;features&apos;: {}}, {&apos;type&apos;: &apos;text&apos;, &apos;bbox&apos;: (307.87687020884397, 401.647051521, 310.84668389084396, 412.45064118126), &apos;color_space&apos;: &apos;DeviceGray&apos;, &apos;ncolor&apos;: 0, &apos;size&apos;: 10.803589660260002, &apos;value&apos;: &apos; &apos;, &apos;children&apos;: [], &apos;features&apos;: {}}, {&apos;type&apos;: &apos;text&apos;, &apos;bbox&apos;: (310.846683890844, 401.647051521, 314.80247571526803, 412.45064118126), &apos;color_space&apos;: &apos;DeviceGray&apos;, &apos;ncolor&apos;: 0, &apos;size&apos;: 10.803589660260002, &apos;value&apos;: &apos;r&apos;, &apos;children&apos;: [], &apos;features&apos;: {}}, {&apos;type&apos;: &apos;text&apos;, &apos;bbox&apos;: (314.76683795108397, 401.647051521, 320.04122705031597, 412.45064118126), &apos;color_space&apos;: &apos;DeviceGray&apos;, &apos;ncolor&apos;: 0, &apos;size&apos;: 10.803589660260002, &apos;value&apos;: &apos;e&apos;, &apos;children&apos;: [], &apos;features&apos;: {}}, {&apos;type&apos;: &apos;text&apos;, &apos;bbox&apos;: (319.99371003140396, 401.647051521, 323.296142845788, 412.45064118126), &apos;color_space&apos;: &apos;DeviceGray&apos;, &apos;ncolor&apos;: 0, &apos;size&apos;: 10.803589660260002, &apos;value&apos;: &apos;l&apos;, &apos;children&apos;: [], &apos;features&apos;: {}}, {&apos;type&apos;: &apos;text&apos;, &apos;bbox&apos;: (323.296142845788, 401.647051521, 328.57053194502, 412.45064118126), &apos;color_space&apos;: &apos;DeviceGray&apos;, &apos;ncolor&apos;: 0, &apos;size&apos;: 10.803589660260002, &apos;value&apos;: &apos;e&apos;, &apos;children&apos;: [], &apos;features&apos;: {}}, {&apos;type&apos;: &apos;text&apos;, &apos;bbox&apos;: (328.57053194502, 401.647051521, 334.51015930901997, 412.45064118126), &apos;color_space&apos;: &apos;DeviceGray&apos;, &apos;ncolor&apos;: 0, &apos;size&apos;: 10.803589660260002, &apos;value&apos;: &apos;v&apos;, &apos;children&apos;: [], &apos;features&apos;: {}}, {&apos;type&apos;: &apos;text&apos;, &apos;bbox&apos;: (334.51015930901997, 401.647051521, 339.78454840825196, 412.45064118126), &apos;color_space&apos;: &apos;DeviceGray&apos;, &apos;ncolor&apos;: 0, &apos;size&apos;: 10.803589660260002, &apos;value&apos;: &apos;a&apos;, &apos;children&apos;: [], &apos;features&apos;: {}}, {&apos;type&apos;: &apos;text&apos;, &apos;bbox&apos;: (339.713272879884, 401.647051521, 345.652900243884, 412.45064118126), &apos;color_space&apos;: &apos;DeviceGray&apos;, &apos;ncolor&apos;: 0, &apos;size&apos;: 10.803589660260002, &apos;value&apos;: &apos;n&apos;, &apos;children&apos;: [], &apos;features&apos;: {}}, {&apos;type&apos;: &apos;text&apos;, &apos;bbox&apos;: (345.652900243884, 401.647051521, 350.927289343116, 412.45064118126), &apos;color_space&apos;: &apos;DeviceGray&apos;, &apos;ncolor&apos;: 0, &apos;size&apos;: 10.803589660260002, &apos;value&apos;: &apos;c&apos;, &apos;children&apos;: [], &apos;features&apos;: {}}, {&apos;type&apos;: &apos;text&apos;, &apos;bbox&apos;: (350.986685616756, 401.647051521, 356.261074715988, 412.45064118126), &apos;color_space&apos;: &apos;DeviceGray&apos;, &apos;ncolor&apos;: 0, &apos;size&apos;: 10.803589660260002, &apos;value&apos;: &apos;e&apos;, &apos;children&apos;: [], &apos;features&apos;: {}}, {&apos;type&apos;: &apos;text&apos;, &apos;bbox&apos;: (356.213557697076, 401.647051521, 360.1693495215, 412.45064118126), &apos;color_space&apos;: &apos;DeviceGray&apos;, &apos;ncolor&apos;: 0, &apos;size&apos;: 10.803589660260002, &apos;value&apos;: &apos;)&apos;, &apos;children&apos;: [], &apos;features&apos;: {}}, {&apos;type&apos;: &apos;text&apos;, &apos;bbox&apos;: (360.30794082666, 401.647051521, 363.27775450866, 412.45064118126), &apos;color_space&apos;: &apos;DeviceGray&apos;, &apos;ncolor&apos;: 0, &apos;size&apos;: 10.803589660260002, &apos;value&apos;: &apos; &apos;, &apos;children&apos;: [], &apos;features&apos;: {}}], &apos;features&apos;: {}}
*********************





--------------------------------- CONTENT AREA --------------------------------- 
EN
EN



--------------------------------- NEW PAGE --------------------------------
--------------------------------- CONTENT AREA --------------------------------- 
EXPLANATORY MEMORANDUM



--------------------------------- CONTENT AREA --------------------------------- 
1. CONTEXT OF THE DELEGATED ACT



--------------------------------- CONTENT AREA --------------------------------- 
The Markets in Financial Instruments Regulation (EU) No 600/2014 (MiFIR)
requires investment firms to report complete and accurate details of transactions in
financial instruments no later than the close of the following working day.



--------------------------------- CONTENT AREA --------------------------------- 
In this context, Article 26(9) of MiFIR empowers ESMA to develop draft regulatory
technical standards to specify further the rules applicable to reporting transactions to
competent authorities by investment firms.



--------------------------------- CONTENT AREA --------------------------------- 
The draft regulatory technical standards were submitted to the Commission on 28
September 2015. In accordance with Article 10(1) of Regulation No (EU) 1095/2010
establishing the ESMA, the Commission shall decide within three months of receipt
of the draft standards whether to endorse them. The Commission may also endorse
the draft standards in part only, or with amendments, where the Union&apos;s interests so
require, having regard to the specific procedure laid down in those Articles.



--------------------------------- CONTENT AREA --------------------------------- 
2. CONSULTATIONS PRIOR TO THE ADOPTION OF THE ACT



--------------------------------- CONTENT AREA --------------------------------- 
In accordance with Article 10 of the Regulation (EU) 1095/2010 ESMA has carried
out a public consultation on the draft regulatory technical standards . A consultation
paper was published on 19 December 2014 on the ESMA website and the
consultation closed on 2 March 2015. In addition, the ESMA invited sought the
views of the Securities and Markets Stakeholder Group (SMSG) established in
accordance with Article 37 of the ESMA Regulation. The SMSG chose not to
provide advice on these issues due to the technical nature of the standards.



--------------------------------- CONTENT AREA --------------------------------- 
Together with the draft technical standards, and in accordance with the third
subparagraph of Article 10(1) of Regulation (EU) No 1095/2010, the ESMA has
submitted its impact assessment, including the analysis of costs and benefits related
to the draft technical standards. This analysis is available at
http://www.esma.europa.eu/system/files/2015-esma-1464_annex_ii_-_cba_-
_draft_rts_and_its_on_mifid_ii_and_mifir.pdf



--------------------------------- CONTENT AREA --------------------------------- 
The draft technical standards that were consulted on 19 December 2014 and those
submitted to the Commission in July 2015 did not contain an explicit reference to the
exclusion of collateral transfers from the meaning of transaction.



--------------------------------- CONTENT AREA --------------------------------- 
However, the earlier feedback during the consultation on the MiFID II/MiFIR
Discussion paper1 indicated support for an explicit reference. As a result ESMA
wrote to the Commission in April to request the explicit exclusion of transfer of
collateral from transaction reporting. Therefore Article 2(4) of this regulation has
been amended to explicitly exclude collateral transfers from the reporting obligation.



--------------------------------- CONTENT AREA --------------------------------- 
3. LEGAL ELEMENTS OF THE DELEGATED ACT



--------------------------------- CONTENT AREA --------------------------------- 
This Regulation lays down rules concerning the harmonised reporting of transactions
to competent authorities. In particular it sets out the necessary details which need to



--------------------------------- CONTENT AREA --------------------------------- 
1 Ref. ESMA/2014/548 p. 442 paragraph 15(iii), available at:
https://www.esma.europa.eu/sites/default/files/library/2015/11/2014-548_discussion_paper_mifid-
mifir.pdf



--------------------------------- CONTENT AREA --------------------------------- 
EN 2 EN



--------------------------------- NEW PAGE --------------------------------
--------------------------------- CONTENT AREA --------------------------------- 
be reported to Competent Authorities. The regulation further specifies the notion of
reportable transactions and orders.



--------------------------------- CONTENT AREA --------------------------------- 
The requirements are considered to be proportionate and have been tailored as to
minimize the costs for firms whilst providing enough comprehensive information to
Authorities so they can pursue their mandate of market monitoring.



--------------------------------- CONTENT AREA --------------------------------- 
EN 3 EN



--------------------------------- NEW PAGE --------------------------------
--------------------------------- CONTENT AREA --------------------------------- 
COMMISSION DELEGATED REGULATION (EU) …/...



--------------------------------- CONTENT AREA --------------------------------- 
of XXX



--------------------------------- CONTENT AREA --------------------------------- 
supplementing Regulation (EU) No 600/2014 of the European Parliament and of the
Council with regard to regulatory technical standards for the reporting of transactions
to competent authorities



--------------------------------- CONTENT AREA --------------------------------- 
(Text with EEA relevance)



--------------------------------- CONTENT AREA --------------------------------- 
THE EUROPEAN COMMISSION,



--------------------------------- CONTENT AREA --------------------------------- 
Having regard to the Treaty on the Functioning of the European Union,



--------------------------------- CONTENT AREA --------------------------------- 
Having regard to Regulation (EU) No 600/2014 of the European Parliament and of the
Council of 15 May 2014 on markets in financial instruments and amending Regulation (EU)
No 648/20122, and in particular the third subparagraph of Article 26(9) thereof,



--------------------------------- CONTENT AREA --------------------------------- 
Whereas:



--------------------------------- CONTENT AREA --------------------------------- 
(1) for the purposes of effective data analysis by competent authorities, there should be
consistency in the standards and formats used when reporting transactions.



--------------------------------- CONTENT AREA --------------------------------- 
(2) Given market practices, supervisory experience and market developments, the
meaning of a transaction for reporting purposes should be broad. It should cover
purchases and sales of reportable instruments as well as other cases of acquisition or
disposal of reportable instruments, as these may also give rise to market abuse
concerns. Furthermore, changes to notional amount may give rise to concerns about
possible market abuse as they are similar in nature to additional purchase or sale
transactions. In order for competent authorities to distinguish those changes from other
purchases or sales, information on those changes should be specifically reported in
transaction reports.



--------------------------------- CONTENT AREA --------------------------------- 
(3) The concept of a transaction should not include acts or events which do not need to be
reported to competent authorities for market surveillance purposes. In order to ensure
that information on such acts and events is not included in transaction reports, they
should be specifically excluded from the meaning of a transaction.



--------------------------------- CONTENT AREA --------------------------------- 
(4) In order to clarify which investment firms are required to report transactions, the
activities or services which lead to a transaction should be specified. Accordingly, an
investment firm should be considered to be executing a transaction where it performs a
service or activity referred to in points 1, 2 and 3 of Section A of Annex I to Directive
2014/65/EU of the European Parliament and of the Council3, makes the investment
decision in accordance with a discretionary mandate given by a client, or transfers
financial instruments to or from accounts, provided that in each case such services or
activities have resulted in a transaction. However, in accordance with Article 26(4) of
Regulation (EU) No 600/2014, investment firms which are considered to have



--------------------------------- CONTENT AREA --------------------------------- 
2 OJ L 173, 12.6.2014, p. 84.
3 Directive 2014/65/EU of the European Parliament and of the Council of 15 May 2014 on markets in
financial instruments and amending Directive 2002/92/EC and Directive 2011/61/EU (OJ L 173,
12.6.2014, p. 349).



--------------------------------- CONTENT AREA --------------------------------- 
EN 4 EN



--------------------------------- NEW PAGE --------------------------------
--------------------------------- CONTENT AREA --------------------------------- 
transmitted orders which result in transactions should not be considered as having
executed those transactions.



--------------------------------- CONTENT AREA --------------------------------- 
(5) In order to avoid non-reporting or double reporting by investment firms that transmit
orders to each other, the investment firm that intends to transmit the order should
agree with the firm receiving the order whether the receiving firm will report all the
details of the resulting transaction or transmit the order onwards to another investment
firm. In the absence of an agreement, the order should be deemed not transmitted and
each investment firm should submit its own transaction report containing [all] the
details that pertain to the transaction that each investment firm is reporting. Moreover,
the details relating to the order to be transmitted between firms should be specified in
order to ensure that the competent authorities receive information that is relevant,
accurate and complete.



--------------------------------- CONTENT AREA --------------------------------- 
(6) In order to ensure certain and efficient identification of investment firms responsible
for execution of transactions, those firms should ensure that they are identified in the
transaction report submitted pursuant to their transaction reporting obligation using
validated, issued and duly renewed legal entity identifiers (LEIs).



--------------------------------- CONTENT AREA --------------------------------- 
(7) In order to ensure consistent and robust identification of natural persons referred to in
transaction reports, they should be identified by a concatenation of the country of their
nationality followed by identifiers assigned by the country of nationality of those
persons. Where those identifiers are not available, natural persons should be identified
by identifiers created from a concatenation of their date of birth and name.



--------------------------------- CONTENT AREA --------------------------------- 
(8) In order to facilitate market surveillance, client identification should be consistent,
unique and robust. Transaction reports should therefore include the full name and date
of birth of clients that are natural persons and should identify clients that are legal
entities by their LEIs.



--------------------------------- CONTENT AREA --------------------------------- 
(9) Persons or computer algorithms which make investment decisions may be responsible
for market abuse. Therefore, in order to ensure effective market surveillance, where
investment decisions are made by a person other than the client or by a computer
algorithm, the person or algorithm should be identified in the transaction report using
unique, robust and consistent identifiers. Where more than one person in an
investment firm makes the investment decision, the person taking the primary
responsibility for the decision should be identified in the report.



--------------------------------- CONTENT AREA --------------------------------- 
(10) The persons or computer algorithms responsible for determining the venue to access or
an investment firm to which the orders are to be transmitted or any other conditions
related to the execution of the order may thereby be responsible for market abuse.
Therefore, in order to ensure effective market surveillance, a person or computer
algorithm within the investment firm that is responsible for such activities should be
identified in the transaction report. Where both a person and computer algorithm are
involved, or more than one person or algorithm is involved, the investment firm
should determine, on a consistent basis following predetermined criteria, which person
or algorithm is primarily responsible for those activities.



--------------------------------- CONTENT AREA --------------------------------- 
(11) In order to enable effective market monitoring, transaction reports should include
exact information on any change in the position of an investment firm or its client
resulting from a reportable transaction at the time such transaction took place.
Investment firms should therefore report related fields in an individual transaction
report consistently and should report a transaction or different legs of a transaction in



--------------------------------- CONTENT AREA --------------------------------- 
EN 5 EN



--------------------------------- NEW PAGE --------------------------------
--------------------------------- CONTENT AREA --------------------------------- 
such manner that their reports, collectively, provide a clear overall picture which
accurately reflects changes in position.



--------------------------------- CONTENT AREA --------------------------------- 
(12) Short Sale transactions should be specifically flagged as such regardless of whether
these transactions constitute a full or partial short sale transaction.



--------------------------------- CONTENT AREA --------------------------------- 
(13) Effective market surveillance in the case of a transaction in a combination of financial
instruments presents particular challenges for market surveillance. The competent
authority needs to have the global view and needs to be able to see separately the
transaction in respect of each financial instrument that is part of a transaction in which
more than one financial instrument is involved. Therefore, investment firms which
execute transactions in a combination of financial instruments should report the
transaction for each financial instrument separately and link those reports by an
identifier that is unique at the level of the firm to the group of transaction reports
related to that execution.



--------------------------------- CONTENT AREA --------------------------------- 
(14) In order to safeguard the effectiveness of market abuse surveillance of legal persons,
Member States should ensure that LEIs are developed, attributed and maintained in
accordance with internationally established principles to ensure legal persons are
consistently and uniquely identified. Investment firms should obtain LEIs from their
clients before providing services which would trigger reporting obligations in respect
of transactions carried out on behalf of those clients and use those LEIs in their
transaction reports.



--------------------------------- CONTENT AREA --------------------------------- 
(15) In order to ensure efficient and effective market monitoring, transaction reports should
be submitted only once and to a single competent authority that can route them to
other relevant competent authorities. Therefore, where an investment firm executes a
transaction, it should submit the report to the competent authority of the home
Member State of the investment firm irrespective of whether or not a branch is
involved, or whether the reporting firm executed the transaction through a branch in
another Member State. Moreover, where a transaction is executed wholly or partly
through a branch of an investment firm located in another Member State, the report
should be submitted only once to the competent authority of the home Member State
of the investment firm unless otherwise agreed by the competent authorities of the
home and the host Member State. In order to ensure that competent authorities of host
Member State can supervise the services provided by branches within their territory,
they need to receive transaction reports on the activities of branches. For this reason,
and to allow for the transaction reports to be routed to all the relevant competent
authorities for the branches that take part in those transactions, it is necessary to
include granular data on branch activity in the reports.



--------------------------------- CONTENT AREA --------------------------------- 
(16) Complete and accurate transaction reporting data is essential to market abuse
surveillance. Trading venues and investment firms should therefore have methods and
arrangements to ensure that complete and accurate transaction reports are submitted to
competent authorities. ARMs should not be covered by this regulation since they are
subject to own specific regime specified in the Commision Delegated Regulation
supplementing Directive 2014/65/EU of the European Parliament and of the Council
with regard to regulatory technical standards on the authorization, organisational
requirements and the publication of transactions for data reporting services providers
and have analogous requirements to ensure the data completeness and accuracy.



--------------------------------- CONTENT AREA --------------------------------- 
(17) In order to be able to track the cancellations or corrections, the investment firm should
retain the details of the corrections and cancellations provided to it by the ARM in the



--------------------------------- CONTENT AREA --------------------------------- 
EN 6 EN



--------------------------------- NEW PAGE --------------------------------
--------------------------------- CONTENT AREA --------------------------------- 
case where the ARM, in accordance with instructions from the investment firm,
cancels or corrects a transaction report submitted on behalf of an investment firm.



--------------------------------- CONTENT AREA --------------------------------- 
(18) Determination of the most relevant market in terms of liquidity enables the routing of
transaction reports to other competent authorities and enables investors to identify the
competent authorities to whom they must report their short positions pursuant to
Articles 5, 7 and 8 of Regulation (EU) No 236/2012 of the European Parliament and of
the Council4. The rules for determining the relevant competent authority under
Directive 2004/39/EC of the European Parliament and of the Council5 have worked
effectively for most financial instruments and should therefore remain unchanged.
However, new rules should be introduced specifically for those instruments which are
not covered by Directive 2004/39/EC, namely for debt instruments issued by a third-
country entity, emission allowances and for derivatives for which the immediate
underlying has no global identifier, or is a basket or a non-EEA index .



--------------------------------- CONTENT AREA --------------------------------- 
(19) For reasons of consistency and in order to ensure the smooth functioning of the
financial markets, it is necessary that the provisions laid down in this Regulation and
the provisions laid down in Regulation (EU) No 600/2014 apply from the same date.



--------------------------------- CONTENT AREA --------------------------------- 
(20) This Regulation is based on the draft regulatory technical standards submitted by the
European Securities and Markets Authority (ESMA) to the Commission.



--------------------------------- CONTENT AREA --------------------------------- 
(21) ESMA has conducted open public consultations on the draft regulatory technical
standards on which this Regulation is based, analysed the potential related costs and
benefits and requested the opinion of the Securities and Markets Stakeholder Group
established by Article 37 of Regulation (EU) No 1095/2010 of the European
Parliament and of the Council6,



--------------------------------- CONTENT AREA --------------------------------- 
HAS ADOPTED THIS REGULATION:



--------------------------------- CONTENT AREA --------------------------------- 
Article 1
Data standards and formats for transaction reporting



--------------------------------- CONTENT AREA --------------------------------- 
A transaction report shall include all details referred to in Table 2 of Annex I that pertain to
the financial instruments concerned. All details to be included in transaction reports shall be
submitted in accordance with the standards and formats specified in Table 2 of Annex I, in an
electronic and machine-readable form and in a common XML template in accordance with the
ISO 20022 methodology.



--------------------------------- CONTENT AREA --------------------------------- 
Article 2
Meaning of transaction



--------------------------------- CONTENT AREA --------------------------------- 
1. For the purposes of Article 26 of Regulation (EU) No 600/2014, the conclusion of an
acquisition or disposal of a financial instrument referred to in Article 26(2) of
Regulation (EU) No 600/2014 shall constitute a transaction.



--------------------------------- CONTENT AREA --------------------------------- 
4 Regulation (EU) No 236/2012 of the European Parliament and of the Council of 14 March 2012 on
short selling and certain aspects of credit default swaps (OJ L 086, 24.3.2012, p. 1).
5 Directive 2004/39/EC of the European Parliament and of the Council of 21 April 2004 on markets in
financial instruments amending Council Directives 85/611/EEC and 93/6/EEC and Directive
2000/12/EC of the European Parliament and of the Council and repealing Council Directive 93/22/EEC
(OJ L 145, 30.4.2004, p. 1).
6 Regulation (EU) No 1095/2010 of the European Parliament and of the Council of 24 November 2010
establishing a European Supervisory Authority (European Securities and Markets Authority), amending
Decision No 716/2009/EC and repealing Commission Decision 2009/77/EC (OJ L 331, 15.12.2010, p.
84).



--------------------------------- CONTENT AREA --------------------------------- 
EN 7 EN



--------------------------------- NEW PAGE --------------------------------
--------------------------------- CONTENT AREA --------------------------------- 
2. An acquisition referred to in paragraph 1 shall include the following:



--------------------------------- CONTENT AREA --------------------------------- 
(a) a purchase of a financial instrument;



--------------------------------- CONTENT AREA --------------------------------- 
(b) entering into a derivative contract;



--------------------------------- CONTENT AREA --------------------------------- 
(c) an increase in the notional amount of a derivative contract.



--------------------------------- CONTENT AREA --------------------------------- 
3. A disposal referred to in paragraph 1 shall include the following:



--------------------------------- CONTENT AREA --------------------------------- 
(a) sale of a financial instrument;



--------------------------------- CONTENT AREA --------------------------------- 
(b) closing out of a derivative contract;



--------------------------------- CONTENT AREA --------------------------------- 
(c) a decrease in the notional amount of a derivative



--------------------------------- CONTENT AREA --------------------------------- 
4. For the purposes of Article 26 of Regulation (EU) No 600/2014, transaction shall
also include a simultaneous acquisition and disposal of a financial instrument where
there is no change in the ownership of that financial instrument but post-trade
publication is required under Articles 6, 10, 20 or 21 of Regulation (EU) No
600/2014



--------------------------------- CONTENT AREA --------------------------------- 
5. A transaction for the purposes of Article 26 of Regulation (EU) No 600/2014 shall
not include the following:



--------------------------------- CONTENT AREA --------------------------------- 
(a) securities financing transactions as defined in Article 3(11) of Regulation (EU)
2015/2365 of the European Parliament and of the Council7;



--------------------------------- CONTENT AREA --------------------------------- 
(b) a contract arising exclusively for clearing or settlement purposes;



--------------------------------- CONTENT AREA --------------------------------- 
(c) a settlement of mutual obligations between parties where the net obligation is
carried forward;



--------------------------------- CONTENT AREA --------------------------------- 
(d) an acquisition or disposal that is solely a result of custodial activity;



--------------------------------- CONTENT AREA --------------------------------- 
(e) a post-trade assignment or novation of a derivative contract where one of the
parties to the derivative contract is replaced by a third party



--------------------------------- CONTENT AREA --------------------------------- 
(f) a portfolio compression;



--------------------------------- CONTENT AREA --------------------------------- 
(g) the creation or redemption of units of a collective investment undertaking by
the administrator of the collective investment undertaking;



--------------------------------- CONTENT AREA --------------------------------- 
(h) the exercise of a right embedded in a financial instrument, or the conversion of
a convertible bond and the resultant transaction in the underlying financial
instrument;



--------------------------------- CONTENT AREA --------------------------------- 
(i) the creation, expiration or redemption of a financial instrument as a result of
pre-determined contractual terms, or as a result of mandatory events which are
beyond the control of the investor where no investment decision by the investor
takes place at the point in time of the creation, expiration or redemption of the
financial instrument;



--------------------------------- CONTENT AREA --------------------------------- 
(j) a decrease or increase in the notional amount of a derivative contract as a result
of pre-determined contractual terms or mandatory events where no investment
decision by the investor takes place at the point in time of the change in the
notional amount;



--------------------------------- CONTENT AREA --------------------------------- 
7 Regulation (EU) 2015/2365 of the European Parliament and of the Council of 25 November 2015 on
transparency of securities financing transactions and of reuse and amending Regulation (EU) No
648/2012 (OJ L 337, 23.12.2015, p. 1).



--------------------------------- CONTENT AREA --------------------------------- 
EN 8 EN



</system-out></testcase><testcase classname="tests.basic_parse_test" file="tests/basic_parse_test.py" line="108" name="test_mifir_qas" time="48.77655529975891"><system-out>Parsing PDF /Users/pdodds/src/hohonu/padhana/tests/../test_documents/MIFIR_QAs_20190409.pdf
--------------------------------- NEW PAGE --------------------------------
--------------------------------- CONTENT AREA --------------------------------- 
This content area has an image
{&apos;type&apos;: &apos;figure&apos;, &apos;bbox&apos;: (28.85, 741.32, 202.85, 812.57), &apos;name&apos;: &apos;Image11&apos;, &apos;children&apos;: [{&apos;type&apos;: &apos;image&apos;, &apos;height&apos;: 71.25, &apos;width&apos;: 174.0, &apos;value&apos;: &apos;data:image/jpeg;base64,/9j/4AAQSkZJRgABAQEAkACQAAD/2wBDAA0JCgsKCA0LCwsPDg0QFCEVFBISFCgdHhghMCoyMS8qLi00O0tANDhHOS0uQllCR05QVFVUMz9dY1xSYktTVFH/2wBDAQ4PDxQRFCcVFSdRNi42UVFRUVFRUVFRUVFRUVFRUVFRUVFRUVFRUVFRUVFRUVFRUVFRUVFRUVFRUVFRUVFRUVH/wAARCABeAOcDASIAAhEBAxEB/8QAHwAAAQUBAQEBAQEAAAAAAAAAAAECAwQFBgcICQoL/8QAtRAAAgEDAwIEAwUFBAQAAAF9AQIDAAQRBRIhMUEGE1FhByJxFDKBkaEII0KxwRVS0fAkM2JyggkKFhcYGRolJicoKSo0NTY3ODk6Q0RFRkdISUpTVFVWV1hZWmNkZWZnaGlqc3R1dnd4eXqDhIWGh4iJipKTlJWWl5iZmqKjpKWmp6ipqrKztLW2t7i5usLDxMXGx8jJytLT1NXW19jZ2uHi4+Tl5ufo6erx8vP09fb3+Pn6/8QAHwEAAwEBAQEBAQEBAQAAAAAAAAECAwQFBgcICQoL/8QAtREAAgECBAQDBAcFBAQAAQJ3AAECAxEEBSExBhJBUQdhcRMiMoEIFEKRobHBCSMzUvAVYnLRChYkNOEl8RcYGRomJygpKjU2Nzg5OkNERUZHSElKU1RVVldYWVpjZGVmZ2hpanN0dXZ3eHl6goOEhYaHiImKkpOUlZaXmJmaoqOkpaanqKmqsrO0tba3uLm6wsPExcbHyMnK0tPU1dbX2Nna4uPk5ebn6Onq8vP09fb3+Pn6/9oADAMBAAIRAxEAPwD06iiigApsciSLuRgwyRkeoODVfUUdrKQxPIsijK+WeSewrO0Kzu7aWRbppVAAZVDZU56/jVqKcb3Jb1sbdYuv311aIiRooVyCrhueDnGK2qaY0aQOyAsAQCR0B60otJ3Y2rohsJ5bm1SaVETeNyhWzxVimxokaBEUKo6AdBTqT3GhpkQSLGWAZgSB6gdf506ucvLS/OqedFJOYImC78/MAfvY9cV0SLsQLknAxknJNVKKSWpKdxaKKKgoKKKKACiiigAooooAKKKKACiiigAooooAKKKKACiiigAooooAKjjmjleREbLRttb64z/WieNZYXRwSpHQHB/CsTStIuLa8WW5+ZWBOA5O1u2fWrik022S27m/RRRUFBRRRQAUUUUAFFFIwDKVIyDwaAGedGbgwbv3gXfj2zipK55dGnGpfaCG+z+Zt2eYd231z6e1dCAAAAMAVcklsyU29woooqCgooooAKKKKACiiigAooooAKKKKACiiigAooooAKKKKACise81tLa+igMUqgE+YCvJGOMevNa0T+ZGr7GTPOGGCKpxaV2JNMdUc88NtEZZ5UijXqztgD8akrhfGtxE/iKxtL2R1sUQSSBc85Jz/ICnThzuwM6+01OwvWK2t5DMw5Ko4J/Kpbq7trOLzbqeOFOm52AFebaxdaLBcWl34fLxTxPllw2D6dfy/GtXxmBH4gsbnUIJZtNCAFUOOcnI+vT61r7FXXmK519pqdhfMVtbyGZhyVRwT+VJdarp1m+y5vYIn/us4z+VYnh+38M3F8t5pQ23Ean92WYEZ4Jwfr24rJ8OaXZarresm+g87y5vlyxGMs2eh9qn2cdW76Dudg2saYtus7X9uIm4DeYOTU1peW17H5lrcRzIOCUYHFcJp2h6fJ42vNPkhL20SF0QsePu9+verdtbR6L8QIbSx3Jb3EeWjySOhP8AMU3Tjsnra4XOtu9TsLJgt1eQwseiu4B/KpLW8tr2LzLWeOZOmUYHFcjrH/CJ2usXEt95tzcucuikkIfwx+WTVPwrcWq+MZU0zzEspozhH9gD/PNHsk431C56BWYNQZtVltTc2kQjkVBG/wDrHBUNkc++OnatOqSW1zFezSxzReVNIHZWjJYYVV4Of9n0rAY/+0LXy1kMmEaNpQSD91cZP6imyanbRKGkEq5XewMTZRc4y3HA+tVG0iZoXha4TyxBLBHiM5AfHJ55xj8anvtPluGlMUyoJ4fIk3Jk7eeRyMH5j+lAE39oW/2o2+X3BthbYdu7GcZ6ZwaSLUraUMU8w4XeP3bfOvTK8fMPp6iqkNlcSX1wXZUt1ullUbDubCKBg5xjPt2psGiGC1eBHhQ7AiSLGQxAIOGO7kHABxigC4dTt/LVsSli5j8sRtu3AZxjHpzTp7wDTWvLdfNGzcowefw6/wBarWelG3dHLxgrO0xVEIXlNmBz+NWre3ktrEQRyL5ig4ZlyOTnpn+tAEUV8EtlmmniuBI22M2yE7jjOAMn0P5U8ajbOYxGZJDIA3yRsdozjJ445z19D6VUl0d58ySPCZTMJtvlnyyQpXkZznB657D0qaKwlt5kkt3gTMaxyL5R24BJyozx949c0AWBfW5CHfw5cAkH+HO7+Rqrc6oEtHuIR0tpZ0SRGUttxz9Of1po0uXftM6eSvmlBsO7589TntmpLjTPPhWIy4AtJLYkL/e28/8Ajv60ASNfxIzM7FEEe8q0bBuuOn9MZo/tO22g4lLlinliJi4IGTkYz0IP4iornTZLtXM8qb3iCHah25DbgcZ6e1RyaUzWXkILWNy5fckTDacYDA7shh60AaM0ywxeYVdh6IhY/kKrPqtqsaPmRg4ZsLGxICnDZGOMHinX1o9zapEsuCrAneCQ+OxwRVe20kwRqvmrxHMmFXA/eOG456DpQBHrWtpp9hNNbqZpYwp+4Sg3EdSPY5/L1oqO90OW5sZrNbpEinWPeTGSwKgDjnvtFFAF+40y2uZnllDGQgBWzymPSrlFIGBJAIJHB9qbbYrC1x/i+xuI9Ws9ZjtPtcMShJYtu7gEnkenJ/KuwoqoS5XcbOMstbtLu/t4rHwyDlwGk8pRsHrwO31Famva8+mXYgm0qW4tHTJlHIJ9MYx+tb9FNzi3e34iscJoMH2/xampWFg9lYxqd2RgMSCOO3foPSr3g2GWPWdcLxsoMwAJGP4mrraKqVW6asFjktMhlX4iak5jYJ5P3iOOdmKL+GU/EewkEbFPJzuxx0autope01v5WCx57bSnw3rF/wD2lpb3ImfMcwUHjJPGfXP6Va0Ay6j4xfU4bCS3tfLI+ZcAfKB9K7fI3FcjI5xS1Tq3vpqwsFYcl7d2+pXyqGmSSRYoFxkJJsUjPoDkk+m33rcpkcKRvK6LhpW3Oc9TgD+QFYDMSPVJrLSoGkdbh0jZ5C24uwBIzwCB06nip9R1CWO3upcbIbaeJCUJLt8yFuPoxGKtSaVZyLtKOF27CFkZdy5JwcHkcnr6mpmtIGDgpxJIsrcnlhjB/wDHRQBn3OrzwrFi2VnkjaUKpZ/lBGBlQeTnr0+tKLy7jfUZVj81EmQKp3FlykeeADwMk8c9atHTLXChVePbu2+XIyYBOSOD0z2qR7KFpJXzKjS437JWXJGOeD14Az6CgBI7tP7P+1yPGUVC7NGcrgdcVlaZqji1lEkonlEsTdfuiVgCP+AksPoBWuLOAWn2XYfJ7gsTnnJyepyevrRcWcFyxaVMkrsyCRxkHt3yAQe1AFG4u7h76GKEKpS7MRBYgOPJLc/n+lMtr+eEkzhXhe4nRWDEsNpduR6YUj8qujTbYIFxJkSebv8ANbduxtznOenH0qQWduNn7v7kjSjk/ebOT/48fzoAof2pcJFmSCMO6I8YVyR8zBcHjtkU28ubhZGjjwsyyQA/Odp3Hkewq5HplpGpUIxHy/ekZsBTlQMngA9qkmsrefzC6nMm0kqxBypyCCOmKAIFv3N4LQxjzfN2kA/wbN2788D61fqnFZkanJeSBAREIY8Ek7c5JJP4fl71coAKKKKACiiigBkwZoWCSeU2OHwDj86wNIOotqDGeR40mG/JQfPjjj04roqKuMrJolq7CiimxyJKGKMDtYqfYjrUFDqKKKACiiigApGBKkBipPQjtSNIiyJGzAM+do9cdadQBzdu+pNrBZpmEbsYvO8v5SFz0FdIPzoxRVylzEpWCiiioKCiiigAooooAKKKKACiiigAooooAKKKKACiiigAooooAKKKKAIL6MyWkgVpFYAlTGSGzWTolheW1y/2tpQCN4Cv8pbvn36Vu0Vam0rEtXdwqC6u4rWLzJWAGQOvqcVPWTq+lLqNxGEKRsFJZ8ZJ9BSik3qNtpaGqGVuhB+lLVXTIFtrGOIIqsvDbe5HBNWqTVmCOd1Cwvn1EzQPOYYiMHf8wz97b+FdBGgjjVAWYAdWOSfxp1FVKbkkhJWCiiioKCiiigAooooAKKKKACiiigAooooAKKKKACiiigAooooAKKKKAP/ZDQo=&apos;, &apos;children&apos;: [], &apos;features&apos;: {}}], &apos;features&apos;: {}}
*********************





--------------------------------- CONTENT AREA --------------------------------- 
Questions and Answers



--------------------------------- CONTENT AREA --------------------------------- 
On MiFIR data reporting



--------------------------------- CONTENT AREA --------------------------------- 
09April 2019 | ESMA70-1861941480-56



--------------------------------- CONTENT AREA --------------------------------- 
This content area has an image
{&apos;type&apos;: &apos;figure&apos;, &apos;bbox&apos;: (-0.19992, 0.020142, 595.1000799999999, 535.520142), &apos;name&apos;: &apos;Image4&apos;, &apos;children&apos;: [{&apos;type&apos;: &apos;image&apos;, &apos;height&apos;: 535.5, &apos;width&apos;: 595.3, &apos;value&apos;: &apos;data:image/jpeg;base64,/9j/4AAQSkZJRgABAQEAkACQAAD/2wBDAA0JCgsKCA0LCwsPDg0QFCEVFBISFCgdHhghMCoyMS8qLi00O0tANDhHOS0uQllCR05QVFVUMz9dY1xSYktTVFH/2wBDAQ4PDxQRFCcVFSdRNi42UVFRUVFRUVFRUVFRUVFRUVFRUVFRUVFRUVFRUVFRUVFRUVFRUVFRUVFRUVFRUVFRUVH/wAARCALJAxkDASIAAhEBAxEB/8QAHwAAAQUBAQEBAQEAAAAAAAAAAAECAwQFBgcICQoL/8QAtRAAAgEDAwIEAwUFBAQAAAF9AQIDAAQRBRIhMUEGE1FhByJxFDKBkaEII0KxwRVS0fAkM2JyggkKFhcYGRolJicoKSo0NTY3ODk6Q0RFRkdISUpTVFVWV1hZWmNkZWZnaGlqc3R1dnd4eXqDhIWGh4iJipKTlJWWl5iZmqKjpKWmp6ipqrKztLW2t7i5usLDxMXGx8jJytLT1NXW19jZ2uHi4+Tl5ufo6erx8vP09fb3+Pn6/8QAHwEAAwEBAQEBAQEBAQAAAAAAAAECAwQFBgcICQoL/8QAtREAAgECBAQDBAcFBAQAAQJ3AAECAxEEBSExBhJBUQdhcRMiMoEIFEKRobHBCSMzUvAVYnLRChYkNOEl8RcYGRomJygpKjU2Nzg5OkNERUZHSElKU1RVVldYWVpjZGVmZ2hpanN0dXZ3eHl6goOEhYaHiImKkpOUlZaXmJmaoqOkpaanqKmqsrO0tba3uLm6wsPExcbHyMnK0tPU1dbX2Nna4uPk5ebn6Onq8vP09fb3+Pn6/9oADAMBAAIRAxEAPwDm6KKK9g5QooooAKKKKACiiigAooooAKKKKACiiigAooooAKKKKACiiigAooooAKKKKACiiigAooooAKKKKACiiigAooooAKKKKACiiigAooooAKKKKACiiigAooooAKKKKACiiigAooooAKKKKACiiigAooooAKKKKACiiigAooooAKKKKACiiigAooooAKKKKACiiigAooooAKKKKACiiigAooooAKKKKACiiigAooooAKKKKACiiigAooooAKKKKACiiigAooooAKKKKACiiigAooooAKKKKACiiigAooooAKKKKACiiigAooooAKKKKACiiigAooooAKKKKACiiigAooooAKKKKACiiigAooooAKKKKACiiigAooooAKKKKACiiigAooooAKKKKACiiigAooooAKKKKACiiigAooooAKKKKACiiigAooooAKKKKACiiigAooooAKKKKACiiigAooooAKKKKACiiigAooooAKKKKACiiigAooooAKKKKACiiigAooooAKKKKACiiigAooooAKKKKACiiigAooooAKKKKACiiigAooooAKKKKACiiigAooooAKKKKACiiigAooooAKKKKACiiigAooooAKKKKACiiigAooooAKKKKACiiigAooooAKKKKACiiigAooooAKKKKACiiigAooooAKKKKACiiigAooooAKKKKACiiigAooooAKKKKACiiigAooooAKKKKACiiigAooooAKKKKACiiigAooooAKKKKACiiigAooooAKKKKACiiigAooooAKKKKACiiigAooooAKKKKACiiigAooooAKKKKACiiigAooooAKKKKACiiigAooooAKKKKACiiigAooooAKKKKACiiigAooooAKKKKACiiigAooooAKKKKACiiigAooooAKKKKACiiigAooooAKKKKACiiigAooooAKKKKACiiigAooooAKKKKACiiigAooooAKKKKACiiigAooooAKKKKACiiigAooooAKKKKACiiigAooooAKKKKACiiigAooooAKKKKACiiigAooooAKKKKACiiigAooooAKKKKACiiigAooooAKKKKACiiigAooooAKKKKACiiigAooooAKKKKACiiigAooooAKKKKACiiigAooooAKKKKACiiigAooooAKKKKACiiigAooooAKKKKACiiigAooooAKKKKACiiigAooooAKKKKACiiigAooooAKKKKACiiigAooooAKKKKACiiigAooooAKKKKACiiigAooooAKKKKACiiigAooooAKKKKACiiigAooooAKKKKACiiigAooooAKKKKACiiigAooooAKKKKACiiigAooooAKKKKACiiigAooooAKKKKACiiigAooooAKKKKACiiigAooooAKKKKACiiigAooooAKKKKACiiigAooooAKKKKACiiigAooooAKKKKACiiigAooooAKKKKACiiigAooooAKKKKACiiigAooooAKKKKACiiigAooooAKKKKACiiigAooooAKKKKACiiigAooooAKKKKACiiigAooooAKKKKACiiigAooooAKKKKACiiigAooooAKKKKACiiigAooooAKKKKACiiigAooooAKKKKACiiigAooooAKKKKACiiigAooooAKKKKACiiigAooooAKKKKACiiigAooooAKKKKACiiigAooooAKKKKACiiigAooooAKKKKACiiigAooooAKKKKACiiigAooooAKKKKACiiigAooooAKKKKACiiigAooooAKKKKACiiigAooooAKKKKACiiigAooooAKKKKACiiigAooooAKKKKACiiigAooooAKKKKACiiigAooooAKKKKACiiigAooooAKKKKACiiigAooooAKKKKACiiigAooooAKKKKACiiigAooooAKKKKACiiigAooooAKKKKACiiigAooooAKKKKACiiigAooooAKKKKACiiigAooooAKKKKACiiigAooooAKKKKACiiigAooooAKKKKACiiigAooooAKKKKACiiigAooooAKKKKACiiigAooooAKKKKACiiigAooooAKKKKACiiigAooooAKKKKACiiigAooooAKKKKACiiigAooooAKKKKACiiigAooooAKKKKACiiigAooooAKKKKACiiigAooooAKKKKACiiigAooooAKKKKACiiigAooooAKKKKACiiigAooooAKKKKACiiigAooooAKKKKACiiigAooooAKKKKACiiigAooooAKKKKACiiigAooooAKKKKACiiigAooooAKKKKACiiigAooooAKKKKACiiigAooooAKKKKACiiigAooooAKKKKACiiigAooooAKKKKACiiigAooooAKKKKACiiigAooooAKKKKACiiigAooooAKKKKACiiigAooooAKKKKACiiigAooooAKKKKACiiigAooooAKKKKACiiigAooooAKKKKACiiigAooooAKKKKACiiigAooooAKKKKACiiigAooooAKKKKACiiigAooooAKKKKACiiigAooooAKKKKACiiigAooooAKKKKACiiigAooooAKKKKACiiigAooooAKKKKACiiigAooooAKKKKACiiigAooooAKKKKACiiigAooooAKKKKACiiigAooooAKKKKACiiigAooooAKKKKACiiigAooooAKKKKACiiigAooooAKKKKACiiigAooooAKKKKACiiigAooooAKKKKACiiigAooooAKKKKACiiigAooooAKKKKACiiigAooooAKKKKACiiigAooooAKKKKACiiigAooooAKKKKACiiigAooooAKKKKACiiigAooooAKKKKACiiigAooooAKKKKACiiigAooooAKKKKACiiigAooooAKKKKACiiigAooooAKKKKACiiigAooooAKKKKACiiigAooooAKKKKACiiigAooooAKKKKACiiigAooooAKKKKACiiigAooooAKKKKACiiigAooooAKKKKACiiigAooooAKKKKACiiigAooooAKKKKACiiigAooooAKKKKACiiigAooooAKKKKACiiigAooooAKKKKACiiigAooooAKKKKACiiigAooooAKKKKACiiigAooooAKKKKACiiigAooooAKKKKACiiigAooooAKKKKACiiigAooooAKKKKACiiigAooooAKKKKACiiigAooooAKKKKACiiigAooooAKKKKACiiigAooooAKKKKACiiigAooooAKKKKACiiigAooooAKKKKACiiigAooooAKKKKACiiigAooooAKKKKACiiigAooooAKKKKACiiigAooooAKKKKACiiigAooooAKKKKACiiigAooooAKKKKACiiigAooooAKKKKACiiigAooooAKKKKACiiigAooooAKKKKACiiigAooooAKKKKACiiigAooooAKKKKACiiigAooooAKKKKACiiigAooooAKKKKACiiigAooooAKKKKACiiigAooooAKKKKACiiigAooooAKKKKACiiigAooooAKKKKACiiigAooooAKKKKACiiigAooooAKKKKACiiigAooooAKKKKACiiigAooooAKKKKACiiigAooooAKKKKACiiigAooooAKKKKACiiigAooooAKKKKACiiigAooooAKKKKACiiigAooooAKKKKACiiigAooooAKKKKACiiigAooooAKKKKACiiigAooooAKKKKACiiigAooooAKKKKACiiigAooooAKKKKACiiigAooooAKKKKACiiigAooooAKKKKACiiigAooooAKKKKACiiigAooooAKKKKACiiigAooooAKKKKACiiigAooooAKKKKACiiigAooooAKKKKACiiigAooooAKKKKACiiigAooooAKKKKACiiigAooooAKKKKACiiigAooooAKKKKACiiigAooooAKKKKACiiigAooooAKKKKACiiigAooooAKKKKACiiigAooooAKKKKACiiigAooooAKKKKACiiigAooooAKKKKACiiigAooooAKKKKACiiigAooooAKKKKACiiigAooooAKKKKACiiigAooooAKKKKACiiigAooooAKKKKACiiigAooooAKKKKACiiigAooooAKKKKACiiigAooooAKKKKACiiigAooooAKKKKACiiigAooooAKKKKACiiigAooooAKKKKACiiigAooooAKKKKACiiigAooooAKKKKACiiigAooooAKKKKACiiigAooooAKKKKACiiigAooooAKKKKACiiigAooooAKKKfFGZZVjXqxxQAyinSIY5GRuqnBptABRRRQAUUUUAFFFFABRRRQAUUUUAFFFFABRRRQAUUUUAFFFFABRRRQAUUUUAFFFFABRRRQAUUUUAFFFFABRRRQAUUUUAFFFFABRRRQAUUUUAFFFFABRRRQAUUUUAFFFFABRRRQAUUUUAFFFFABRRRQAUUUUAFFFFABRRRQAUUUUAFFFFABRRRQAUUUUAFFFFABRRRQAUUUUAFFFFABRRRQAUUUUAFFFFABRRRQAUUUUAFFFFABRRRQAUUUUAFFFFABWjo0O+5MhHCD9TWdXQaVD5VmpI5f5j/SkxMz9Yh8u6EgHEgz+NZ9b+rQ+bZlgOUO7/ABrAoQIKKKKYwooooAKKKKACiiigAooooAKKKKACiiigAooooAKKKKACiiigAooooAKKKKACiiigAooooAKKKKACiiigAooooAKKKKACiiigAooooAKKKKACiiigAooooAKKKKACiiigAooooAKKKKACiiigAooooAKKKKACiiigAooooAKKKKACiiigAooooAKKKKACiiigAooooAKKKKACiiigAooooAKKKKACiiigAooooAKKKKACiiigAooooAKKKKAJIIzNMkY/iOK6dQFUKBgDgVjaLDunaUjhBgfU1tVLExGUMpUjIIwa5ieMwzPGeqnFdRWLrMO2dZQOHGD9RQgRm0UtJVDCiiigAooooAKKKKACiiigAooooAKKKKACiiigAooooAKKKKACiiigAooooAKKKKACiiigAooooAKKKKACiiigAooooAKKKKACiiigAooooAKKKKACiiigAooooAKKKKACiiigAooooAKKKKACiiigAooooAKKKKACiiigAooooAKKKKACiiigAooooAKKKKACiiigAooooAKKKKACiiigAooooAKKKKACiiigAooooAKfG5jcMArY7MMimUUAbtlNaXK4EMayd12j9KueTEP+WSf98iuXBKkFSQR0IrXstUDYjuDg9n/xqWhGl5cY/gX8qXao/hH5UoOeRRUiCiiigAooooAMD0pNo9BS0E4GT0oAbsT+6Pyqne3VvbAqER5P7uOn1qC+1TGY7c/V/wDCskkkkk5JqkhjpZGlcu2Mn0GKZRRVDCiiigAooooAKKKKACiiigAooooAKKKKACiiigAooooAKKKKACiiigAooooAKKKKACiiigAooooAKKKKACiiigAooooAKKKKACiiigAooooAKKKKACiiigAooooAKKKKACiiigAooooAKKKKACiiigAooooAKKKKACiiigAooooAKkjheSOR16RjJqOt3TLcCxO4f63Ofp0pN2EYVFPlQxStG3VTimUxhRRRQAUUUUAFFFFABRRRQAUUUUAFFFFABRRRQAUUUUAFFFFABRRRQBdstQktsI2Xi9O4+lbkM0c8YeNgwNctW9pEXl2YY9XOaloTL1FFFSIKKKKAGTSxwxl5GCqKw73UJLklFykXp3P1rT1SLzbJiOqfMK5+qSGgoooqhhRRRQAUUUUAFFFFABRRRQAUUUUAFFFFABRRRQAUUUUAFFFFABRRRQAU+WJomCuMEgH86faRefdRx9iefpWjrUPyxzAdPlP9KVxGRRRRTGFFFFABRRRQAUUUUAFFFFABRRRQAUUUUAFFFFABRRRQAUUUUAFFFFABRRRQAUUUUAFFFFABRRRQAUUUUAFFFFABRRRQAUUUUAFFFFABRRRQAUUUUAPijMsqRjqxxXUIoRAq8ADArF0aHfctKRwg4+prbqWJmJrMOy5EgHDj9RWdXQapD5tmxA5T5h/WufpoEFFFFMYUUUUAFFFFABRRRQAUUUUAFFFFABRRRQAUUUUAFFFFABRRRQA5FLuFHUnArqI0EcaoOigCsLSovMvVJ6IN1b9TITCkJABJOAO9RXFzFbJukb6AdTWJeX0t0cfdj7KP60kriOgVgygqQQehFLXOWl7Lat8p3J3U9K3LW7iulyhw3dT1FDVgJmUMpU9CMGuXlQxSvGeqkiuprC1iLZd7x0cZ/GnEaKFFFFUMKKKKACiiigAooooAKKKKACiiigAooooAKKKKACiiigAooooAKKKKANXRIctJMe3yitK6i8+2kj7kcfWmWEPk2cakckbj9TVioe5JyhGDg0lW9Th8m8fA+VvmFVKsoKKKKACiiigAooooAKKKKACiiigAooooAKKKKACiiigAooooAKKKKACiiigAooooAKKKKACiiigAooooAKKKKACiiigAooooAKKKs2lykDYkhSRD1yoJFAFaiukhW1mjDxRxlT6KKl8mIf8ALJP++RU8wrnLUV1Xlxj+Bfypdqj+EflRzBcqaXD5VmpI5f5jVyiipEIQGUg8g8VzE8RhneM/wnFdRSEA9QKadgOUorqtif3R+VHlx/3F/KnzDucrRXUGGLvGn/fIrLvryAZjt4oye77R+lO9wMuiiimMKKKKACiiigAooooAKKKKACiiigAooooAKKKKANrRYtsLyn+I4H0FLe6mkWUhw7+vYVmveSG3S3j+SNRg46mq1Kwh8kjyuXkYsx7mmUUUxhTkdkYMjFWHQim0UAbNnqivhLjCt/f7H61Jq8fmWYkHOw5/A1hVZgvJIo2hb54mGCp7fSlYRWooopjCiiigAooooAKKKKACiiigAooooAKKKKACiiigAopRwc4zWrZLp9yAphCyf3Sx5+lDEZNFdGLC0H/LFf1pRZWo/wCWCflU8wXObqezi8+6jj7E8/St8WlsP+WEf/fIpyQxRnKRIp9QoFHMFySiiipEZ2sw77dZQOUPP0NYldWQGGCAR6GmeRD/AM8U/wC+RTTGcvRXUfZ4P+eMf/fIpPs0H/PCP/vkU+YLnMUV0U62cEe+WKIDt8gyaxLqdZnykSRoOgVQPzpp3AgooopjCiiigAooooAKKKKACiiigAooooAKKKKACiiigAooooAKKKKACiiigAooooAKKKKACiiigAooooAKKKKACiiigCW3uJLeTfG2PUdjW7Z3sd0uB8sndT/SudpVYqwZSQR0IpNXEdXRWXY6oGxHcHDdn7H61qVAgooooAKKKKACmSypDGXkYKoqG7vYrVefmc9FFYVxcy3Mm6RvoOwppXAsXuoPcZRMpF6dz9ao0UVZQUUUUAFFFFABRRRQAUUUUAFFFFABRRRQAUUUUAFFFFABRRRQAUUUUAFFFFABRRRQAUUUUAFFFFABRRRQAUUUUAFFFFABRRRQAUUUUAFFFFABSgkHI4NJRQBq2WqYxHcHI7P/AI1rAhgCCCD3FcpVuzvpLU4+9H3U/wBKloVjoaKit7iO4j3xtn1HcVLUiCiiigAooooAKqXt9Hajb96Tsvp9arX2phcx25ye7+n0rIJLEkkknuapIdh888k8heRsn+VR0UVQwooooAKKKKACiiigAooooAKKKKACiiigAooooAKKKKACiiigAooooAKKKKACiiigAooooAKKKKACiiigAooooAKKKKACiiigB0aGSRUHViAK6lFCIqjoBgVhaRF5l4GPRBmt6pkJhRRSFgCASAT0z3qRC0UUUAYmsxbbhZB0cfqKzq39Wi8yzLAcod1YFWhoKKKKYwooooAKKKKACiiigAooooAKKKKACiiigAooooAKKKKACiiigAooooAKKKKACiiigAooooAKKKKACiiigAooooAKKKKACiiigAooooAKKKKACiiigAooooA0tFjJneTsq4/OtqqWkxeXZBj1c7qu1D3JCiiikAUyVBJE8Z6MCKfRQByjKVYqeoODSVc1SLyr1iOj/MKp1oUFFFFABRRRQAUUUUAFFFFABRRRQAUUUUAFFFFABRRRQAUUUUAFFFFABRRRQAUUUUAFFFFABRRRQAUUUUAFFFFABRRRQAUUUUAFFFKBk4FAG1o0W22aQ9XP6CtGoYwlraoHYKqLyTWXe6o0mUgyqf3u5/wqNyS7eajHb5RMPJ6dh9axZp5Z5N8jknt7VFRVJWGadnqjJhLjLL/e7j61ro6uoZGDKehFcrU9rdy2rZQ/L3U9DSaCx0boHjZD0YYNcu6lJGQ9VODXQ2l7FdL8p2v3U9aytWi8u8LDo43UIEUaKKKoYUUUUAFFFFABRRRQAUUUUAFFFFABRRRQAUUUUAFFFFABRRRQAUUUUAFFFFABRRRQAUUUUAFFFFABRRRQAUUUUAFFFFABRRRQAUUUUAFFFFABRRRQAU5FLuqjqxwKbV3SovMvVJ6IN1AG7GgjjVB0UAClJCgkkADuaiubmK2TdI30A6msO7vpbo4Pyx9lH9ahK5JcvdU6x234v/hVCC7mgkLo5OeoPINQUVVhnRWl9FdDAO2T+6f6VarlASDkHBFadnqpXCXHI/v9/wAaTQWJtai3QpKOqnB+hrFrpp0W5tHVSGDLwR+lczTQIKKKKYwooooAKKKKACiiigAooooAKKKKACiiigAooooAKKKKACiiigAooooAKKKKACiiigAooooAKKKKACiiigAooooAKKKKACpIHWOZHZdwU5x61HRQBPc3Uty+6RuOyjoKgoooAKKKKACiiigBVYqwZSQR0IqxcXbXMKLKMuh4b1FVqKACiiigAooooAKKKKACiiigAooooAKKKKACiiigAooooAKKKKACiiigAooooAKKKKACiiigAooooAKKKKACiiigAooooAKKKKACiiigAooooAKKKKACiiigAq3aXYtYpCi5lfgE9AKqUUAPkkeVy8jFmPc0yiigAooooAKKKKALFrdy2rZQ5Xup6Go5mV5ndAQGOcelR0UAFFFFABRRRQAUUUUAFFFFABRRRQAUUUUAFFFFABRRRQAUUUUAFFFFABRRRQAUUUUAFFFFABRRRQAUUUUAFFFFABRRRQAUUUUAFFFFABRRRQAUUUUAFFFFABRRRQAUUUUAFFFFABRRRQAUUUUAFFFFABRRRQAUUUUAFFFFABRRRQAUUUUAFFFFABRRRQAUUUUAFFFFABRRRQAUUUUAFFFFABRRRQAUUUUAFFFFABRRRQAUUUUAFFFFABRRRQAUUUUAFFFFABRRRQAUUUUAFFFFABRRRQAUUUUAFFFFABRRRQAUUUUAFFFFABRRRQAUUUUAFFFFABRRRQAUUUUAFFFFABRRRQAUUUUAFFFFABRRRQAUUUUAFFFFABRRRQAUUUUAFFFFABRRRQAUUUUAFFFFABRRRQAUUUUAFFFFABRRRQAUUUUAFFFFABRRRQAUUUUAFFFFABRRRQAUUUUAFFFFABRRRQAUUUUAFFFFABRRRQAUUUUAFFFFABRRRQAUUUUAFFFFABRRRQAUUUUAFFFFABRRRQAUUUUAFFFFABRRRQAUUUUAFFFFABRRRQAUUUUAFFFFABRRRQAUUUUAFFFFABRRRQAUUUUAFFFFABRRRQAUUUUAFFFFABRRRQAUUUUAFFFFABRRRQAUUUUAFFFFABRRRQAUUUUAFFFFABRRRQAUUUUAFFFFABRRRQAUUUUAFFFFABRRRQAUUUUAFFFFABRRRQAUUUUAFFFFABRRRQAUUUUAFFFFABRRRQAUUUUAFFFFABRRRQAUUUUAFFFFABRRRQAUUUUAFFFFABRRRQAUUUUAFFFFABRRRQAUUUUAFFFPhjMsyRjqxxQAyipbmIwXDxH+E8fSoqACiiigAooooAKKKKACiiigAooooAKKKKACiiigAooooAKKKKACiiigAooooAKKKKACiiigAooooAKKKKACiiigAooooAKKKKACiiigAooooAKKKKACiiigAooooAKKKKACiiigAooooAKKKKACiiigAooooAKKKKACiiigAooooAKKKKACiiigAooooAKKKKACiiigAooooAKKKKACiiigAooooAKKKKACiiigAooooAKKKKACiiigAooooAKKKKACtHRod9w0pHCDj6ms6ug0uHyrJSRy/wAxpMTKetQ4kSYD7w2n61l10l/D51m6gcgZH1Fc3QgQUUUUxhRRRQAUUUUAFFFFABRRRQAUUUUAFFFFABRRRQAUUUUAFFFFABRRRQAUUUUAFFFFABRRRQAUUUUAFFFFABRRRQAUUUUAFFFFABRRRQAUUUUAFFFFABRRRQAUUUUAFFFFABRRRQAUUUUAFFFFABRRRQAUUUUAFFFFABRRRQAUUUUAFFFFABRRRQAUUUUAFFFFABRRRQAUUUUAFFFFABRRRQAUUUUAFFFFABRRRQAUUUUAFFFKAScAEn2oASin+VIf+WbflS+RMf8Alk//AHyaAI6Kl+zXB/5YSf8AfJpfslyf+WEn/fJoAbBEZp0jH8RxXTgBQAOAOKytJtJEnaWWMrtGBketa1QxMK5q9h8i7kTtnI+ldLWbq1q8xjkiQsw+UgelCBGLRVj7Fdf88H/Kk+x3P/PCT/vmrGQUVN9kuf8AnhJ/3yaPstx/zwk/75NAENFOdHjOHVlPoRim0AFFFFABRRRQAUUUUAFFFFABRRRQAUUUUAFFFFABRRRQAUUUUAFFFFABRRRQAUUUUAFFFFABRRRQAUUUUAFFFFABRRRQAUUUUAFFFFABRRRQAUUUUAFFFFABRRRQAUUUUAFFFFABRRRQAUUUUAFFFFABRRRQAUUUUAFFFFABRRRQAUUUUAFFFFABRRRQAUUUUAFFFFABRRRQAUUUUAFFFFABRRRQAUUUUAFOVmRgykhh0IptFAG1ZamsmI5yFfs3Y1pVydX7LUXgwkmXj/UVLQrG7RTIpElQPGwZT3FPqRBRRRQAUUUUAFFFNd1jQu7BVHUmgB1Z19qaxZjgwz927Cqt9qTTZjhysfc9zWdVJDsOd2dizsWY9SabRRVDCiiigAooooAKKKKACiiigAooooAKKKKACiiigAooooAKKKKACiiigAooooAKKKKACiiigAooooAKKKKACiiigAooooAKKKKACiiigAooooAKKKKACiiigAooooAKKKKACiiigAooooAKKKKACiiigAooooAKKKKACiiigAooooAKKKKACiiigAooooAKKKKACiiigAooooAKKKKACiiigAooooAKKKKACiiigAooooAmtrmW2fdGeO4PQ1vWd2l3GWUEMPvA9q5ut7SIvLs9x6uc/hUsTL1FFFSIKKKKAIrm4S2hMj5x0AHc1gXd3LdPljhR0UdBW7fRedZyJ3xkfUVzVVEaCiiiqGFFFFABRRRQAUUUUAFFFFABRRRQAUUUUAFFFFABRRRQAUUUUAFFFFABRRRQAUUUUAFFFFABRRRQAUUUUAFFFFABRRRQAUUUUAFFFFABRRRQAUUUUAFFFFABRRRQAUUUUAFFFFABRRRQAUUUUAFFFFABRRRQAUUUUAFFFFABRRRQAUUUUAFFFFABRRRQAUUUUAFFFFABRRRQAUUUUAFFFFABRRRQAUUUUAFFFFABRRRQAUUUUAOVS7BR1JwK6iNBHGqDooArB0qLzL1SeifNXQVMhMKbJIkSF3YKo7mq93fRWowTuk7KP61h3NzLcvukbjso6CklcR0UE8U6bomDD+VSVy0UskLh42KtW1Z6lHPhJcJJ+hoaHYv1zN5F5N1JH2B4+ldNWPrcWJI5QPvDaaECMuiiirGFFFFABRRRQAUUUUAFFFFABRRRQAUUUUAFFFFABRRRQAUUUUAFFFFABRRRQAUUUUAFFFFABRRRQAUUUUAFFFFABRRRQAUUUUAFFFFABRRRQAUUUUAFFFFABRRRQAUUUUAFFFFABRRRQAUUUUAFFFFABRRRQAUUUUAFFFFABRRRQAUUUUAFFFFABRRRQAUUUUAFFFFABRRRQAUUUUAFFFFABRRRQAUUUUAFFFFABRRRQAUUUUAbOjRhIJJmwATjJ9BTL3Vesdt+L/4VnPcSPCsOcRr/AAjvUVKwhSSxJJJJ7mkoopjCiiigC/Z6lJBhJcvH+oq/feXd6ezxMG2/MMe1YNSQzSQtlGxngjsaVhEdFFFMYUUUUAFFFFABRRRQAUUUUAFFFFABRRRQAUUUUAFFFFABRRRQAUUUUAFFFFABRRRQAUUUUAFFFFABRRRQAUUUUAFFFFABRRRQAUUUUAFFFFABRRRQAUUUUAFFFFABRRRQAUUUUAFFFFABRRRQAUUUUAFFFFABRRRQAUUUUAFFFFABRRRQAUUUUAFFFFABRRRQAUUUUAFFFFABRRRQAUUUUAFFFFABRRRQAUUUUAFFFFABRRRQAUUUUAFFFFABRRRQAUUUUAFFFFABRRRQAUUUUAFFFFABRRRQAUUUUAFFFFABRRRQAUUUUAFFFFABRRRQAUUUUAFFFFABRRRQAUUUUAFFFFABRRRQAUUUUAFFFFABRRRQAUUUUAFFFFABRRRQAUUUUAFFFFABRRRQAUUUUAFFFFABRRRQAUUUUAFFFFABRRRQAUUUUAFFFFABRRRQAUUUUAFFFFABRRRQAUUUUAFFFFABRRRQAUUUUAFFFFABRRRQAUUUUAFFFFABRRRQAUUUUAFFFFABRRRQAUUUUAFFFFABRRRQAUUUUAFFFFABRRRQAUUUUAFFFFABRRRQAUUUUAFFFFABRRRQAUUUUAFFFFABRRRQAUUUUAFFFFABRRRQAUUUUAFFFFABRRRQAUUUUAFFFFABRRRQAUUUUAFFFFABRRRQAUUUUAFFFFABRRRQAUUUUAFFFFABRRRQAUUUUAFFFFABRRRQAUUUUAFFFFABRRRQAUUUUAFFFFABRRRQAUUUUAFFFFABRRRQAUUUUAFFFFABRRRQAUUUUAFFFFABRRRQAUUUUAFFFFABRRRQAUUUUAFFFFABRRRQAUUUUAFFFFABRRRQAUUUUAFFFFABRRRQAUUUUAFFFFABRRRQAUUUUAFFFFABRRRQAUUUUAFFFFABRRRQAUUUUAFFFFABRRRQAUUUUAFFFFABRRRQAUUUUAFFFFABRRRQAUUUUAFFFFABRRRQAUUUUAFFFFABRRRQAUUUUAFFFFABRRRQAUUUUAFFFFABRRRQAUUUUAFFFFABRRRQAUUUUAFFFFABRRRQAUUUUAFFFFABRRRQAUUUUAFFFFABRRRQAUUUUAFFFFABRRRQAUUUUAFFFFABRRRQAUUUUAFFFFABRRRQAUUUUAFFFFABRRRQAUUUUAFFFFABRRRQAUUUUAFFFFABRRRQAUUUUAFFFFABRRRQAUUUUAFFFFABRRRQAUUUUAFFFFABRRRQAUUUUAFFFFABRRRQAUUUUAFFFFABRRRQAUUUUAFFFFABRRRQAUUUUAFFFFABRRRQAUUUUAFFFFABRRRQAUUUUAFFFFABRRRQAUUUUAFFFFABRRRQAUUUUAFFFFABRRRQAUUUUAFFFFABRRRQAUUUUAFFFFABRRRQAUUUUAFFFFABRRRQAUUUUAFFFFABRRRQAUUUUAFFFFABRRRQAUUUUAFFFFABRRRQAUUUUAFFFFABRRRQAUUUUAFFFFABRRRQAUUUUAFFFFABRRRQAUUUUAFFFFABRRRQAUUUUAFFFFABRRRQAUUUUAFFFFABRRRQAUUUUAFFFFABRRRQAUUUUAFFFFABRRRQAUUUUAFFFFABRRRQAUUUUAFFFFABRRRQAUUUUAFFFFABRRRQAUUUUAFFFFABRRRQAUUUUAFFFFABRRRQAUUUUAFFFFABRRRQAUUUUAFFFFABRRRQAUUUUAFFFFABRRRQAUUUUAFFFFABRRRQAUUUUAFFFFABRRRQAUUUUAFFFFABRRRQAUUUUAFFFFABRRRQAUUUUAFFFFABRRRQAUUUUAFFFFABRRRQAUUUUAFFFFABRRRQAUUUUAFFFFABRRRQAUUUUAFFFFABRRRQAUUUUAFFFFABRRRQAUUUUAFFFFABRRRQAUUUUAFFFFABRRRQAUUUUAFFFFABRRRQAUUUUAFFFFABRRRQAUUUUAFFFFABRRRQAUUUUAFFFFABRRRQAUUUUAFFFFABRRRQAUUUUAFFFFABRRRQAUUUUAFFFFABRRRQAUUUUAFFFFABRRRQAUUUUAFFFFABRRRQAUUUUAFFFFABRRRQAUUUUAFFFFABRRRQAUUUUAFFFFABRRRQAUUUUAFFFFABRRRQAUUUUAFFFFABRRRQAUUUUAFFFFABRRRQAUUUUAFFFFABRRRQAUUUUAFFFFABRRRQAUUUUAFFFFABRRRQAUUUUAFFFFABRRRQAUUUUAFFFFABRRRQAUUUUAFFFFABRRRQAUUUUAFFFFABRRRQAUUUUAFFFFABRRRQAUUUUAFFFFABRRRQAUUUUAFFFFABRRRQAUUUUAFFFFABRRRQAUUUUAFFFFABRRRQAUUUUAFFFFABRRRQAUUUUAFFFFABRRRQAUUUUAFFFFABRRRQAUUUUAFFFFABRRRQAUUUUAFFFFABRRRQAUUUUAFFFFAH/9kNCg==&apos;, &apos;children&apos;: [], &apos;features&apos;: {}}], &apos;features&apos;: {}}
*********************





--------------------------------- NEW PAGE --------------------------------
--------------------------------- CONTENT AREA --------------------------------- 
Date: 09 April 2019
ESMA70-1861941480-56



--------------------------------- CONTENT AREA --------------------------------- 
This content area has an image
{&apos;type&apos;: &apos;figure&apos;, &apos;bbox&apos;: (70.85, 735.32, 244.85, 806.57), &apos;name&apos;: &apos;Image11&apos;, &apos;children&apos;: [{&apos;type&apos;: &apos;image&apos;, &apos;height&apos;: 71.25, &apos;width&apos;: 174.0, &apos;value&apos;: &apos;data:image/jpeg;base64,/9j/4AAQSkZJRgABAQEAkACQAAD/2wBDAA0JCgsKCA0LCwsPDg0QFCEVFBISFCgdHhghMCoyMS8qLi00O0tANDhHOS0uQllCR05QVFVUMz9dY1xSYktTVFH/2wBDAQ4PDxQRFCcVFSdRNi42UVFRUVFRUVFRUVFRUVFRUVFRUVFRUVFRUVFRUVFRUVFRUVFRUVFRUVFRUVFRUVFRUVH/wAARCABeAOcDASIAAhEBAxEB/8QAHwAAAQUBAQEBAQEAAAAAAAAAAAECAwQFBgcICQoL/8QAtRAAAgEDAwIEAwUFBAQAAAF9AQIDAAQRBRIhMUEGE1FhByJxFDKBkaEII0KxwRVS0fAkM2JyggkKFhcYGRolJicoKSo0NTY3ODk6Q0RFRkdISUpTVFVWV1hZWmNkZWZnaGlqc3R1dnd4eXqDhIWGh4iJipKTlJWWl5iZmqKjpKWmp6ipqrKztLW2t7i5usLDxMXGx8jJytLT1NXW19jZ2uHi4+Tl5ufo6erx8vP09fb3+Pn6/8QAHwEAAwEBAQEBAQEBAQAAAAAAAAECAwQFBgcICQoL/8QAtREAAgECBAQDBAcFBAQAAQJ3AAECAxEEBSExBhJBUQdhcRMiMoEIFEKRobHBCSMzUvAVYnLRChYkNOEl8RcYGRomJygpKjU2Nzg5OkNERUZHSElKU1RVVldYWVpjZGVmZ2hpanN0dXZ3eHl6goOEhYaHiImKkpOUlZaXmJmaoqOkpaanqKmqsrO0tba3uLm6wsPExcbHyMnK0tPU1dbX2Nna4uPk5ebn6Onq8vP09fb3+Pn6/9oADAMBAAIRAxEAPwD06iiigApsciSLuRgwyRkeoODVfUUdrKQxPIsijK+WeSewrO0Kzu7aWRbppVAAZVDZU56/jVqKcb3Jb1sbdYuv311aIiRooVyCrhueDnGK2qaY0aQOyAsAQCR0B60otJ3Y2rohsJ5bm1SaVETeNyhWzxVimxokaBEUKo6AdBTqT3GhpkQSLGWAZgSB6gdf506ucvLS/OqedFJOYImC78/MAfvY9cV0SLsQLknAxknJNVKKSWpKdxaKKKgoKKKKACiiigAooooAKKKKACiiigAooooAKKKKACiiigAooooAKjjmjleREbLRttb64z/WieNZYXRwSpHQHB/CsTStIuLa8WW5+ZWBOA5O1u2fWrik022S27m/RRRUFBRRRQAUUUUAFFFIwDKVIyDwaAGedGbgwbv3gXfj2zipK55dGnGpfaCG+z+Zt2eYd231z6e1dCAAAAMAVcklsyU29woooqCgooooAKKKKACiiigAooooAKKKKACiiigAooooAKKKKACise81tLa+igMUqgE+YCvJGOMevNa0T+ZGr7GTPOGGCKpxaV2JNMdUc88NtEZZ5UijXqztgD8akrhfGtxE/iKxtL2R1sUQSSBc85Jz/ICnThzuwM6+01OwvWK2t5DMw5Ko4J/Kpbq7trOLzbqeOFOm52AFebaxdaLBcWl34fLxTxPllw2D6dfy/GtXxmBH4gsbnUIJZtNCAFUOOcnI+vT61r7FXXmK519pqdhfMVtbyGZhyVRwT+VJdarp1m+y5vYIn/us4z+VYnh+38M3F8t5pQ23Ean92WYEZ4Jwfr24rJ8OaXZarresm+g87y5vlyxGMs2eh9qn2cdW76Dudg2saYtus7X9uIm4DeYOTU1peW17H5lrcRzIOCUYHFcJp2h6fJ42vNPkhL20SF0QsePu9+verdtbR6L8QIbSx3Jb3EeWjySOhP8AMU3Tjsnra4XOtu9TsLJgt1eQwseiu4B/KpLW8tr2LzLWeOZOmUYHFcjrH/CJ2usXEt95tzcucuikkIfwx+WTVPwrcWq+MZU0zzEspozhH9gD/PNHsk431C56BWYNQZtVltTc2kQjkVBG/wDrHBUNkc++OnatOqSW1zFezSxzReVNIHZWjJYYVV4Of9n0rAY/+0LXy1kMmEaNpQSD91cZP6imyanbRKGkEq5XewMTZRc4y3HA+tVG0iZoXha4TyxBLBHiM5AfHJ55xj8anvtPluGlMUyoJ4fIk3Jk7eeRyMH5j+lAE39oW/2o2+X3BthbYdu7GcZ6ZwaSLUraUMU8w4XeP3bfOvTK8fMPp6iqkNlcSX1wXZUt1ullUbDubCKBg5xjPt2psGiGC1eBHhQ7AiSLGQxAIOGO7kHABxigC4dTt/LVsSli5j8sRtu3AZxjHpzTp7wDTWvLdfNGzcowefw6/wBarWelG3dHLxgrO0xVEIXlNmBz+NWre3ktrEQRyL5ig4ZlyOTnpn+tAEUV8EtlmmniuBI22M2yE7jjOAMn0P5U8ajbOYxGZJDIA3yRsdozjJ445z19D6VUl0d58ySPCZTMJtvlnyyQpXkZznB657D0qaKwlt5kkt3gTMaxyL5R24BJyozx949c0AWBfW5CHfw5cAkH+HO7+Rqrc6oEtHuIR0tpZ0SRGUttxz9Of1po0uXftM6eSvmlBsO7589TntmpLjTPPhWIy4AtJLYkL/e28/8Ajv60ASNfxIzM7FEEe8q0bBuuOn9MZo/tO22g4lLlinliJi4IGTkYz0IP4iornTZLtXM8qb3iCHah25DbgcZ6e1RyaUzWXkILWNy5fckTDacYDA7shh60AaM0ywxeYVdh6IhY/kKrPqtqsaPmRg4ZsLGxICnDZGOMHinX1o9zapEsuCrAneCQ+OxwRVe20kwRqvmrxHMmFXA/eOG456DpQBHrWtpp9hNNbqZpYwp+4Sg3EdSPY5/L1oqO90OW5sZrNbpEinWPeTGSwKgDjnvtFFAF+40y2uZnllDGQgBWzymPSrlFIGBJAIJHB9qbbYrC1x/i+xuI9Ws9ZjtPtcMShJYtu7gEnkenJ/KuwoqoS5XcbOMstbtLu/t4rHwyDlwGk8pRsHrwO31Famva8+mXYgm0qW4tHTJlHIJ9MYx+tb9FNzi3e34iscJoMH2/xampWFg9lYxqd2RgMSCOO3foPSr3g2GWPWdcLxsoMwAJGP4mrraKqVW6asFjktMhlX4iak5jYJ5P3iOOdmKL+GU/EewkEbFPJzuxx0autope01v5WCx57bSnw3rF/wD2lpb3ImfMcwUHjJPGfXP6Va0Ay6j4xfU4bCS3tfLI+ZcAfKB9K7fI3FcjI5xS1Tq3vpqwsFYcl7d2+pXyqGmSSRYoFxkJJsUjPoDkk+m33rcpkcKRvK6LhpW3Oc9TgD+QFYDMSPVJrLSoGkdbh0jZ5C24uwBIzwCB06nip9R1CWO3upcbIbaeJCUJLt8yFuPoxGKtSaVZyLtKOF27CFkZdy5JwcHkcnr6mpmtIGDgpxJIsrcnlhjB/wDHRQBn3OrzwrFi2VnkjaUKpZ/lBGBlQeTnr0+tKLy7jfUZVj81EmQKp3FlykeeADwMk8c9atHTLXChVePbu2+XIyYBOSOD0z2qR7KFpJXzKjS437JWXJGOeD14Az6CgBI7tP7P+1yPGUVC7NGcrgdcVlaZqji1lEkonlEsTdfuiVgCP+AksPoBWuLOAWn2XYfJ7gsTnnJyepyevrRcWcFyxaVMkrsyCRxkHt3yAQe1AFG4u7h76GKEKpS7MRBYgOPJLc/n+lMtr+eEkzhXhe4nRWDEsNpduR6YUj8qujTbYIFxJkSebv8ANbduxtznOenH0qQWduNn7v7kjSjk/ebOT/48fzoAof2pcJFmSCMO6I8YVyR8zBcHjtkU28ubhZGjjwsyyQA/Odp3Hkewq5HplpGpUIxHy/ekZsBTlQMngA9qkmsrefzC6nMm0kqxBypyCCOmKAIFv3N4LQxjzfN2kA/wbN2788D61fqnFZkanJeSBAREIY8Ek7c5JJP4fl71coAKKKKACiiigBkwZoWCSeU2OHwDj86wNIOotqDGeR40mG/JQfPjjj04roqKuMrJolq7CiimxyJKGKMDtYqfYjrUFDqKKKACiiigApGBKkBipPQjtSNIiyJGzAM+do9cdadQBzdu+pNrBZpmEbsYvO8v5SFz0FdIPzoxRVylzEpWCiiioKCiiigAooooAKKKKACiiigAooooAKKKKACiiigAooooAKKKKAIL6MyWkgVpFYAlTGSGzWTolheW1y/2tpQCN4Cv8pbvn36Vu0Vam0rEtXdwqC6u4rWLzJWAGQOvqcVPWTq+lLqNxGEKRsFJZ8ZJ9BSik3qNtpaGqGVuhB+lLVXTIFtrGOIIqsvDbe5HBNWqTVmCOd1Cwvn1EzQPOYYiMHf8wz97b+FdBGgjjVAWYAdWOSfxp1FVKbkkhJWCiiioKCiiigAooooAKKKKACiiigAooooAKKKKACiiigAooooAKKKKAP/ZDQo=&apos;, &apos;children&apos;: [], &apos;features&apos;: {}}], &apos;features&apos;: {}}
*********************





--------------------------------- CONTENT AREA --------------------------------- 
ESMA • CS 60747 – 103 rue de Grenelle • 75345 Paris Cedex 07 • France • Tel. +33 (0) 1 58 36 43 21 • www.esma.europa.eu



--------------------------------- NEW PAGE --------------------------------
--------------------------------- CONTENT AREA --------------------------------- 
This content area has an image
{&apos;type&apos;: &apos;figure&apos;, &apos;bbox&apos;: (70.85, 762.32, 115.1, 806.57), &apos;name&apos;: &apos;Image24&apos;, &apos;children&apos;: [{&apos;type&apos;: &apos;image&apos;, &apos;height&apos;: 44.25, &apos;width&apos;: 44.25, &apos;value&apos;: &apos;data:image/jpeg;base64,/9j/4AAQSkZJRgABAQEAkACQAAD/2wBDAA0JCgsKCA0LCwsPDg0QFCEVFBISFCgdHhghMCoyMS8qLi00O0tANDhHOS0uQllCR05QVFVUMz9dY1xSYktTVFH/2wBDAQ4PDxQRFCcVFSdRNi42UVFRUVFRUVFRUVFRUVFRUVFRUVFRUVFRUVFRUVFRUVFRUVFRUVFRUVFRUVFRUVFRUVH/wAARCAA6ADsDASIAAhEBAxEB/8QAHwAAAQUBAQEBAQEAAAAAAAAAAAECAwQFBgcICQoL/8QAtRAAAgEDAwIEAwUFBAQAAAF9AQIDAAQRBRIhMUEGE1FhByJxFDKBkaEII0KxwRVS0fAkM2JyggkKFhcYGRolJicoKSo0NTY3ODk6Q0RFRkdISUpTVFVWV1hZWmNkZWZnaGlqc3R1dnd4eXqDhIWGh4iJipKTlJWWl5iZmqKjpKWmp6ipqrKztLW2t7i5usLDxMXGx8jJytLT1NXW19jZ2uHi4+Tl5ufo6erx8vP09fb3+Pn6/8QAHwEAAwEBAQEBAQEBAQAAAAAAAAECAwQFBgcICQoL/8QAtREAAgECBAQDBAcFBAQAAQJ3AAECAxEEBSExBhJBUQdhcRMiMoEIFEKRobHBCSMzUvAVYnLRChYkNOEl8RcYGRomJygpKjU2Nzg5OkNERUZHSElKU1RVVldYWVpjZGVmZ2hpanN0dXZ3eHl6goOEhYaHiImKkpOUlZaXmJmaoqOkpaanqKmqsrO0tba3uLm6wsPExcbHyMnK0tPU1dbX2Nna4uPk5ebn6Onq8vP09fb3+Pn6/9oADAMBAAIRAxEAPwD06obu5S0tnncMVUdhmi4uoLVQZpVTJAGT74p+I54x92RG59Qaa7sQ21uEurdJkDBWGRkYqrew30l5A9vNthU5ccfTj8M9avIixqFRQqjsKWnezugtcKp2+oxXF5LbIrh4+uVIq5TFhiRy6xqGOckDk5pK3UB9FQPeWyXC27TIJCOhYe3H15qeiwyC7tIbyMRzruUHOM45xUyjCgelUbe6u5NRlhktwsKj5XycHHXHHPUflV+m7rRiQZGcZ5NISBySB9a8/ktrrVLnVpRpkt3crcPHFci4CeTt+6ApPatLVtMv5Ws7y+sf7RijtVSaATbSkn8TDHWtPZJbsLnXkgDJOBSZHHI56Vxiw6dquoaJbpG7ae1vIyxO7cEE9eexFVY9Isv7P16by3EtlNItu4kbMYXkAc0ezXVhc7aS0t2ulu3H71OFbPQc/wCNWK4y5eLVpLONtKk1O7Wzjkk3XHlIu4Zz7nmqel6pf2+nxwrMyrGWUKTu24Y8Z9qfsm1uK53xYKMkgDpzS1T1Kx+3RLGJmiIOdy5/z1x+VWo02RqnoMdSf51jpYZl3nhzS7y5e4lhcNJ/rAkjKH+oBp19oGnX0qySpIrKgjzHIy5Udjg1qUU+eXcdilFpVlDPbTRQ7GtozHEATgKev1oGlWYhvIRGdl4zNN8x5JGD9Ku0UuZ9wMm58PaZcGEMjo8UYjVo5CrFBxg461Nb6HplvCsUdou1em4kn8zTn08vqa3nnuAox5e44P6+uOOnFXqpydrXEgqG8SaS1dbeTZKR8p4qaipWgyvYRTQ2iR3EnmSLwTx07U251CC2uIoJC2+Q8YUn+nNWqqXMaNPuZFLKFKkjkfN2ql7z1Jei0LdULa3vU1GWWWctAwwq8Z46Z49z0q/RUp2HYKKKKQz/2Q0K&apos;, &apos;children&apos;: [], &apos;features&apos;: {}}], &apos;features&apos;: {}}
*********************





--------------------------------- CONTENT AREA --------------------------------- 
Table of Contents



--------------------------------- CONTENT AREA --------------------------------- 
Table of questions ................................................................................................................. 6



--------------------------------- CONTENT AREA --------------------------------- 
1 Introduction .................................................................................................................... 9



--------------------------------- CONTENT AREA --------------------------------- 
2 LEI of the issuer [Last update: 04/02/2019] ...................................................................11



--------------------------------- CONTENT AREA --------------------------------- 
3 Date and time of the request of admission and admission [Last update: 14/12/2017] ....14



--------------------------------- CONTENT AREA --------------------------------- 
4 Instrument identification code and Underlying instrument code [Last update: 02/02/2017]



--------------------------------- CONTENT AREA --------------------------------- 
5 1 M6a turity Date, expiry date and termination date [Last update: 04/02/2019]....................17



--------------------------------- CONTENT AREA --------------------------------- 
6 Classification of Financial Instruments (CFI) and Financial Instrument Short Name (FISN)
[Last update: 02/02/2017] .....................................................................................................18



--------------------------------- CONTENT AREA --------------------------------- 
7 Request for admission to trading by issuer [Last update: 02/02/2017] ...........................18



--------------------------------- CONTENT AREA --------------------------------- 
8 Base Point Spread of the index/benchmark of a floating rate bond [Last update:
02/02/2017] ..........................................................................................................................19



--------------------------------- CONTENT AREA --------------------------------- 
9 Field 23 – Seniority of the Bond [Last update: 03/04/2017] ............................................19



--------------------------------- CONTENT AREA --------------------------------- 
10 Business Case: Inflation Indexed bond [Last update: 03/04/2017] .............................20



--------------------------------- CONTENT AREA --------------------------------- 
11 Field 14 and Field 17 – Total issued nominal amount [Last update: 26/09/2018] .......21



--------------------------------- CONTENT AREA --------------------------------- 
12 Field 30 – Quantity [Last update: 07/07/2017] ............................................................22



--------------------------------- CONTENT AREA --------------------------------- 
13 Reference Data for financial instruments [Last update: 07/07/2017] ..........................23



--------------------------------- CONTENT AREA --------------------------------- 
14 Financial instruments’ volatile attributes [Last update: 05/10/2017] ............................23



--------------------------------- CONTENT AREA --------------------------------- 
15 FX Swaps reporting [Last update: 26/09/2018] ..........................................................24



--------------------------------- CONTENT AREA --------------------------------- 
16 Interest Rate Swaps reporting [Last update: 26/09/2018] ...........................................28



--------------------------------- CONTENT AREA --------------------------------- 
17 Complex trades [Last update: 04/02/2019] .................................................................35



--------------------------------- CONTENT AREA --------------------------------- 
18 FIRDS fields 8 to 11 [Last update: 26/09/2018] ..........................................................37



--------------------------------- CONTENT AREA --------------------------------- 
19 Defined List of Instruments [Last update: 08/04/2019] ...............................................40



--------------------------------- CONTENT AREA --------------------------------- 
20 Transaction reporting [Last update: 25/05/2018] ........................................................41



--------------------------------- CONTENT AREA --------------------------------- 
21 Order Record Keeping [Last update: 07/07/2017] ......................................................63



--------------------------------- NEW PAGE --------------------------------
--------------------------------- CONTENT AREA --------------------------------- 
This content area has an image
{&apos;type&apos;: &apos;figure&apos;, &apos;bbox&apos;: (70.85, 762.32, 115.1, 806.57), &apos;name&apos;: &apos;Image24&apos;, &apos;children&apos;: [{&apos;type&apos;: &apos;image&apos;, &apos;height&apos;: 44.25, &apos;width&apos;: 44.25, &apos;value&apos;: &apos;data:image/jpeg;base64,/9j/4AAQSkZJRgABAQEAkACQAAD/2wBDAA0JCgsKCA0LCwsPDg0QFCEVFBISFCgdHhghMCoyMS8qLi00O0tANDhHOS0uQllCR05QVFVUMz9dY1xSYktTVFH/2wBDAQ4PDxQRFCcVFSdRNi42UVFRUVFRUVFRUVFRUVFRUVFRUVFRUVFRUVFRUVFRUVFRUVFRUVFRUVFRUVFRUVFRUVH/wAARCAA6ADsDASIAAhEBAxEB/8QAHwAAAQUBAQEBAQEAAAAAAAAAAAECAwQFBgcICQoL/8QAtRAAAgEDAwIEAwUFBAQAAAF9AQIDAAQRBRIhMUEGE1FhByJxFDKBkaEII0KxwRVS0fAkM2JyggkKFhcYGRolJicoKSo0NTY3ODk6Q0RFRkdISUpTVFVWV1hZWmNkZWZnaGlqc3R1dnd4eXqDhIWGh4iJipKTlJWWl5iZmqKjpKWmp6ipqrKztLW2t7i5usLDxMXGx8jJytLT1NXW19jZ2uHi4+Tl5ufo6erx8vP09fb3+Pn6/8QAHwEAAwEBAQEBAQEBAQAAAAAAAAECAwQFBgcICQoL/8QAtREAAgECBAQDBAcFBAQAAQJ3AAECAxEEBSExBhJBUQdhcRMiMoEIFEKRobHBCSMzUvAVYnLRChYkNOEl8RcYGRomJygpKjU2Nzg5OkNERUZHSElKU1RVVldYWVpjZGVmZ2hpanN0dXZ3eHl6goOEhYaHiImKkpOUlZaXmJmaoqOkpaanqKmqsrO0tba3uLm6wsPExcbHyMnK0tPU1dbX2Nna4uPk5ebn6Onq8vP09fb3+Pn6/9oADAMBAAIRAxEAPwD06obu5S0tnncMVUdhmi4uoLVQZpVTJAGT74p+I54x92RG59Qaa7sQ21uEurdJkDBWGRkYqrew30l5A9vNthU5ccfTj8M9avIixqFRQqjsKWnezugtcKp2+oxXF5LbIrh4+uVIq5TFhiRy6xqGOckDk5pK3UB9FQPeWyXC27TIJCOhYe3H15qeiwyC7tIbyMRzruUHOM45xUyjCgelUbe6u5NRlhktwsKj5XycHHXHHPUflV+m7rRiQZGcZ5NISBySB9a8/ktrrVLnVpRpkt3crcPHFci4CeTt+6ApPatLVtMv5Ws7y+sf7RijtVSaATbSkn8TDHWtPZJbsLnXkgDJOBSZHHI56Vxiw6dquoaJbpG7ae1vIyxO7cEE9eexFVY9Isv7P16by3EtlNItu4kbMYXkAc0ezXVhc7aS0t2ulu3H71OFbPQc/wCNWK4y5eLVpLONtKk1O7Wzjkk3XHlIu4Zz7nmqel6pf2+nxwrMyrGWUKTu24Y8Z9qfsm1uK53xYKMkgDpzS1T1Kx+3RLGJmiIOdy5/z1x+VWo02RqnoMdSf51jpYZl3nhzS7y5e4lhcNJ/rAkjKH+oBp19oGnX0qySpIrKgjzHIy5Udjg1qUU+eXcdilFpVlDPbTRQ7GtozHEATgKev1oGlWYhvIRGdl4zNN8x5JGD9Ku0UuZ9wMm58PaZcGEMjo8UYjVo5CrFBxg461Nb6HplvCsUdou1em4kn8zTn08vqa3nnuAox5e44P6+uOOnFXqpydrXEgqG8SaS1dbeTZKR8p4qaipWgyvYRTQ2iR3EnmSLwTx07U251CC2uIoJC2+Q8YUn+nNWqqXMaNPuZFLKFKkjkfN2ql7z1Jei0LdULa3vU1GWWWctAwwq8Z46Z49z0q/RUp2HYKKKKQz/2Q0K&apos;, &apos;children&apos;: [], &apos;features&apos;: {}}], &apos;features&apos;: {}}
*********************





--------------------------------- NEW PAGE --------------------------------
--------------------------------- CONTENT AREA --------------------------------- 
This content area has an image
{&apos;type&apos;: &apos;figure&apos;, &apos;bbox&apos;: (70.85, 762.32, 115.1, 806.57), &apos;name&apos;: &apos;Image24&apos;, &apos;children&apos;: [{&apos;type&apos;: &apos;image&apos;, &apos;height&apos;: 44.25, &apos;width&apos;: 44.25, &apos;value&apos;: &apos;data:image/jpeg;base64,/9j/4AAQSkZJRgABAQEAkACQAAD/2wBDAA0JCgsKCA0LCwsPDg0QFCEVFBISFCgdHhghMCoyMS8qLi00O0tANDhHOS0uQllCR05QVFVUMz9dY1xSYktTVFH/2wBDAQ4PDxQRFCcVFSdRNi42UVFRUVFRUVFRUVFRUVFRUVFRUVFRUVFRUVFRUVFRUVFRUVFRUVFRUVFRUVFRUVFRUVH/wAARCAA6ADsDASIAAhEBAxEB/8QAHwAAAQUBAQEBAQEAAAAAAAAAAAECAwQFBgcICQoL/8QAtRAAAgEDAwIEAwUFBAQAAAF9AQIDAAQRBRIhMUEGE1FhByJxFDKBkaEII0KxwRVS0fAkM2JyggkKFhcYGRolJicoKSo0NTY3ODk6Q0RFRkdISUpTVFVWV1hZWmNkZWZnaGlqc3R1dnd4eXqDhIWGh4iJipKTlJWWl5iZmqKjpKWmp6ipqrKztLW2t7i5usLDxMXGx8jJytLT1NXW19jZ2uHi4+Tl5ufo6erx8vP09fb3+Pn6/8QAHwEAAwEBAQEBAQEBAQAAAAAAAAECAwQFBgcICQoL/8QAtREAAgECBAQDBAcFBAQAAQJ3AAECAxEEBSExBhJBUQdhcRMiMoEIFEKRobHBCSMzUvAVYnLRChYkNOEl8RcYGRomJygpKjU2Nzg5OkNERUZHSElKU1RVVldYWVpjZGVmZ2hpanN0dXZ3eHl6goOEhYaHiImKkpOUlZaXmJmaoqOkpaanqKmqsrO0tba3uLm6wsPExcbHyMnK0tPU1dbX2Nna4uPk5ebn6Onq8vP09fb3+Pn6/9oADAMBAAIRAxEAPwD06obu5S0tnncMVUdhmi4uoLVQZpVTJAGT74p+I54x92RG59Qaa7sQ21uEurdJkDBWGRkYqrew30l5A9vNthU5ccfTj8M9avIixqFRQqjsKWnezugtcKp2+oxXF5LbIrh4+uVIq5TFhiRy6xqGOckDk5pK3UB9FQPeWyXC27TIJCOhYe3H15qeiwyC7tIbyMRzruUHOM45xUyjCgelUbe6u5NRlhktwsKj5XycHHXHHPUflV+m7rRiQZGcZ5NISBySB9a8/ktrrVLnVpRpkt3crcPHFci4CeTt+6ApPatLVtMv5Ws7y+sf7RijtVSaATbSkn8TDHWtPZJbsLnXkgDJOBSZHHI56Vxiw6dquoaJbpG7ae1vIyxO7cEE9eexFVY9Isv7P16by3EtlNItu4kbMYXkAc0ezXVhc7aS0t2ulu3H71OFbPQc/wCNWK4y5eLVpLONtKk1O7Wzjkk3XHlIu4Zz7nmqel6pf2+nxwrMyrGWUKTu24Y8Z9qfsm1uK53xYKMkgDpzS1T1Kx+3RLGJmiIOdy5/z1x+VWo02RqnoMdSf51jpYZl3nhzS7y5e4lhcNJ/rAkjKH+oBp19oGnX0qySpIrKgjzHIy5Udjg1qUU+eXcdilFpVlDPbTRQ7GtozHEATgKev1oGlWYhvIRGdl4zNN8x5JGD9Ku0UuZ9wMm58PaZcGEMjo8UYjVo5CrFBxg461Nb6HplvCsUdou1em4kn8zTn08vqa3nnuAox5e44P6+uOOnFXqpydrXEgqG8SaS1dbeTZKR8p4qaipWgyvYRTQ2iR3EnmSLwTx07U251CC2uIoJC2+Q8YUn+nNWqqXMaNPuZFLKFKkjkfN2ql7z1Jei0LdULa3vU1GWWWctAwwq8Z46Z49z0q/RUp2HYKKKKQz/2Q0K&apos;, &apos;children&apos;: [], &apos;features&apos;: {}}], &apos;features&apos;: {}}
*********************





--------------------------------- CONTENT AREA --------------------------------- 
Acronyms and definitions used



--------------------------------- CONTENT AREA --------------------------------- 
LEI ISO 17 442 Legal Entity Identifier



--------------------------------- CONTENT AREA --------------------------------- 
EMIR European Market Infrastructures Regulation – Regulation (EU)
648/2012 of the European Parliament and Council on OTC
derivatives, central counterparties and trade repositories



--------------------------------- CONTENT AREA --------------------------------- 
ESMA The European Markets and Securities Authority



--------------------------------- CONTENT AREA --------------------------------- 
GLEIF Global Legal Entity Identifier Foundation



--------------------------------- CONTENT AREA --------------------------------- 
ITS Implementing Technical Standards



--------------------------------- CONTENT AREA --------------------------------- 
MiFID I Markets in Financial Instruments Directive – Directive
2004/39/EC of the European Parliament and of the Council



--------------------------------- CONTENT AREA --------------------------------- 
MiFID II Markets in Financial Instruments Directive (recast) – Directive
2014/65/EU of the European Parliament and of the Council



--------------------------------- CONTENT AREA --------------------------------- 
MiFIR Markets in Financial Instruments Regulation – Regulation
600/2014 of the European Parliament and of the Council



--------------------------------- CONTENT AREA --------------------------------- 
MAR Market Abuse Regulation – Regulation 596/2014 of the
European Parliament and of the Council



--------------------------------- CONTENT AREA --------------------------------- 
NCA National Competent Authority



--------------------------------- CONTENT AREA --------------------------------- 
Q&amp;A Question and answer



--------------------------------- CONTENT AREA --------------------------------- 
RTS Regulatory Technical Standards



--------------------------------- NEW PAGE --------------------------------
--------------------------------- CONTENT AREA --------------------------------- 
This content area has an image
{&apos;type&apos;: &apos;figure&apos;, &apos;bbox&apos;: (70.85, 762.32, 115.1, 806.57), &apos;name&apos;: &apos;Image24&apos;, &apos;children&apos;: [{&apos;type&apos;: &apos;image&apos;, &apos;height&apos;: 44.25, &apos;width&apos;: 44.25, &apos;value&apos;: &apos;data:image/jpeg;base64,/9j/4AAQSkZJRgABAQEAkACQAAD/2wBDAA0JCgsKCA0LCwsPDg0QFCEVFBISFCgdHhghMCoyMS8qLi00O0tANDhHOS0uQllCR05QVFVUMz9dY1xSYktTVFH/2wBDAQ4PDxQRFCcVFSdRNi42UVFRUVFRUVFRUVFRUVFRUVFRUVFRUVFRUVFRUVFRUVFRUVFRUVFRUVFRUVFRUVFRUVH/wAARCAA6ADsDASIAAhEBAxEB/8QAHwAAAQUBAQEBAQEAAAAAAAAAAAECAwQFBgcICQoL/8QAtRAAAgEDAwIEAwUFBAQAAAF9AQIDAAQRBRIhMUEGE1FhByJxFDKBkaEII0KxwRVS0fAkM2JyggkKFhcYGRolJicoKSo0NTY3ODk6Q0RFRkdISUpTVFVWV1hZWmNkZWZnaGlqc3R1dnd4eXqDhIWGh4iJipKTlJWWl5iZmqKjpKWmp6ipqrKztLW2t7i5usLDxMXGx8jJytLT1NXW19jZ2uHi4+Tl5ufo6erx8vP09fb3+Pn6/8QAHwEAAwEBAQEBAQEBAQAAAAAAAAECAwQFBgcICQoL/8QAtREAAgECBAQDBAcFBAQAAQJ3AAECAxEEBSExBhJBUQdhcRMiMoEIFEKRobHBCSMzUvAVYnLRChYkNOEl8RcYGRomJygpKjU2Nzg5OkNERUZHSElKU1RVVldYWVpjZGVmZ2hpanN0dXZ3eHl6goOEhYaHiImKkpOUlZaXmJmaoqOkpaanqKmqsrO0tba3uLm6wsPExcbHyMnK0tPU1dbX2Nna4uPk5ebn6Onq8vP09fb3+Pn6/9oADAMBAAIRAxEAPwD06obu5S0tnncMVUdhmi4uoLVQZpVTJAGT74p+I54x92RG59Qaa7sQ21uEurdJkDBWGRkYqrew30l5A9vNthU5ccfTj8M9avIixqFRQqjsKWnezugtcKp2+oxXF5LbIrh4+uVIq5TFhiRy6xqGOckDk5pK3UB9FQPeWyXC27TIJCOhYe3H15qeiwyC7tIbyMRzruUHOM45xUyjCgelUbe6u5NRlhktwsKj5XycHHXHHPUflV+m7rRiQZGcZ5NISBySB9a8/ktrrVLnVpRpkt3crcPHFci4CeTt+6ApPatLVtMv5Ws7y+sf7RijtVSaATbSkn8TDHWtPZJbsLnXkgDJOBSZHHI56Vxiw6dquoaJbpG7ae1vIyxO7cEE9eexFVY9Isv7P16by3EtlNItu4kbMYXkAc0ezXVhc7aS0t2ulu3H71OFbPQc/wCNWK4y5eLVpLONtKk1O7Wzjkk3XHlIu4Zz7nmqel6pf2+nxwrMyrGWUKTu24Y8Z9qfsm1uK53xYKMkgDpzS1T1Kx+3RLGJmiIOdy5/z1x+VWo02RqnoMdSf51jpYZl3nhzS7y5e4lhcNJ/rAkjKH+oBp19oGnX0qySpIrKgjzHIy5Udjg1qUU+eXcdilFpVlDPbTRQ7GtozHEATgKev1oGlWYhvIRGdl4zNN8x5JGD9Ku0UuZ9wMm58PaZcGEMjo8UYjVo5CrFBxg461Nb6HplvCsUdou1em4kn8zTn08vqa3nnuAox5e44P6+uOOnFXqpydrXEgqG8SaS1dbeTZKR8p4qaipWgyvYRTQ2iR3EnmSLwTx07U251CC2uIoJC2+Q8YUn+nNWqqXMaNPuZFLKFKkjkfN2ql7z1Jei0LdULa3vU1GWWWctAwwq8Z46Z49z0q/RUp2HYKKKKQz/2Q0K&apos;, &apos;children&apos;: [], &apos;features&apos;: {}}], &apos;features&apos;: {}}
*********************





--------------------------------- CONTENT AREA --------------------------------- 
Table of questions



--------------------------------- CONTENT AREA --------------------------------- 
Topic of the Question



--------------------------------- CONTENT AREA --------------------------------- 
1 LEI of the issuer



--------------------------------- CONTENT AREA --------------------------------- 
LEI of an operator of a trading



--------------------------------- CONTENT AREA --------------------------------- 
Level 1/Level 2 Last Updated



--------------------------------- CONTENT AREA --------------------------------- 
issue



--------------------------------- CONTENT AREA --------------------------------- 
MiFIR RTS 21
3 20/12/2016



--------------------------------- CONTENT AREA --------------------------------- 
2 venue or a systematic MiFIR RTS 23 20/12/2016



--------------------------------- CONTENT AREA --------------------------------- 
LEI of the issuer analyser



--------------------------------- CONTENT AREA --------------------------------- 
Issuer LEI vs Ultimate Parent



--------------------------------- CONTENT AREA --------------------------------- 
3 LEI



--------------------------------- CONTENT AREA --------------------------------- 
4 LEI annual maintenance



--------------------------------- CONTENT AREA --------------------------------- 
5 LEI of the branch



--------------------------------- CONTENT AREA --------------------------------- 
Date and time of the request



--------------------------------- CONTENT AREA --------------------------------- 
MiFIR RTS 23 20/12/2016



--------------------------------- CONTENT AREA --------------------------------- 
MiFIR RTS 23 20/12/2016



--------------------------------- CONTENT AREA --------------------------------- 
MiFIR RTS 23 0 4/02/2019



--------------------------------- CONTENT AREA --------------------------------- 
1 and of the admission of MiFIR RTS 23 20/12/2016



--------------------------------- CONTENT AREA --------------------------------- 
instruments in the past



--------------------------------- CONTENT AREA --------------------------------- 
Unknown time of the request



--------------------------------- CONTENT AREA --------------------------------- 
2 and of the admission



--------------------------------- CONTENT AREA --------------------------------- 
Date and time of
Coinciding date and time of
the request of



--------------------------------- CONTENT AREA --------------------------------- 
MiFIR RTS 23 20/12/2016



--------------------------------- CONTENT AREA --------------------------------- 
3 the request and of the MiFIR RTS 23 20/12/2016
admission and
admission
admission



--------------------------------- CONTENT AREA --------------------------------- 
Date of request for admission



--------------------------------- CONTENT AREA --------------------------------- 
4 to trading



--------------------------------- CONTENT AREA --------------------------------- 
Date of admission to trading or



--------------------------------- CONTENT AREA --------------------------------- 
5 date of first trade



--------------------------------- CONTENT AREA --------------------------------- 
6 Unknown date of admission



--------------------------------- CONTENT AREA --------------------------------- 
1 ISIN, CFI and FISN



--------------------------------- CONTENT AREA --------------------------------- 
Instrument



--------------------------------- CONTENT AREA --------------------------------- 
identification



--------------------------------- CONTENT AREA --------------------------------- 
code and 2 Timeline to obtain ISINs



--------------------------------- CONTENT AREA --------------------------------- 
Underlying



--------------------------------- CONTENT AREA --------------------------------- 
instrument code



--------------------------------- CONTENT AREA --------------------------------- 
Underlying Instrument Code



--------------------------------- CONTENT AREA --------------------------------- 
MiFIR RTS 23 02/02/2017



--------------------------------- CONTENT AREA --------------------------------- 
MiFIR RTS 23 02/02/2017



--------------------------------- CONTENT AREA --------------------------------- 
MiFIR RTS 23 14/12/2017



--------------------------------- CONTENT AREA --------------------------------- 
MiFIR RTS 23 02/02/2017



--------------------------------- CONTENT AREA --------------------------------- 
MiFIR RTS 23 02/02/2017



--------------------------------- CONTENT AREA --------------------------------- 
3 for future contracts on MiFIR RTS 23 02/02/2017



--------------------------------- CONTENT AREA --------------------------------- 
sovereign bonds



--------------------------------- CONTENT AREA --------------------------------- 
1 Please note that, for ease of reference, RTS have been numbered in this document in accordance with the numbering used in
the package sent by ESMA to the Commission in September 2015 (ESMA/2015/1464). Readers are nevertheless invited to consult
the Commission and European Parliament websites for updated versions of those RTS.



--------------------------------- NEW PAGE --------------------------------
--------------------------------- CONTENT AREA --------------------------------- 
This content area has an image
{&apos;type&apos;: &apos;figure&apos;, &apos;bbox&apos;: (70.85, 762.32, 115.1, 806.57), &apos;name&apos;: &apos;Image24&apos;, &apos;children&apos;: [{&apos;type&apos;: &apos;image&apos;, &apos;height&apos;: 44.25, &apos;width&apos;: 44.25, &apos;value&apos;: &apos;data:image/jpeg;base64,/9j/4AAQSkZJRgABAQEAkACQAAD/2wBDAA0JCgsKCA0LCwsPDg0QFCEVFBISFCgdHhghMCoyMS8qLi00O0tANDhHOS0uQllCR05QVFVUMz9dY1xSYktTVFH/2wBDAQ4PDxQRFCcVFSdRNi42UVFRUVFRUVFRUVFRUVFRUVFRUVFRUVFRUVFRUVFRUVFRUVFRUVFRUVFRUVFRUVFRUVH/wAARCAA6ADsDASIAAhEBAxEB/8QAHwAAAQUBAQEBAQEAAAAAAAAAAAECAwQFBgcICQoL/8QAtRAAAgEDAwIEAwUFBAQAAAF9AQIDAAQRBRIhMUEGE1FhByJxFDKBkaEII0KxwRVS0fAkM2JyggkKFhcYGRolJicoKSo0NTY3ODk6Q0RFRkdISUpTVFVWV1hZWmNkZWZnaGlqc3R1dnd4eXqDhIWGh4iJipKTlJWWl5iZmqKjpKWmp6ipqrKztLW2t7i5usLDxMXGx8jJytLT1NXW19jZ2uHi4+Tl5ufo6erx8vP09fb3+Pn6/8QAHwEAAwEBAQEBAQEBAQAAAAAAAAECAwQFBgcICQoL/8QAtREAAgECBAQDBAcFBAQAAQJ3AAECAxEEBSExBhJBUQdhcRMiMoEIFEKRobHBCSMzUvAVYnLRChYkNOEl8RcYGRomJygpKjU2Nzg5OkNERUZHSElKU1RVVldYWVpjZGVmZ2hpanN0dXZ3eHl6goOEhYaHiImKkpOUlZaXmJmaoqOkpaanqKmqsrO0tba3uLm6wsPExcbHyMnK0tPU1dbX2Nna4uPk5ebn6Onq8vP09fb3+Pn6/9oADAMBAAIRAxEAPwD06obu5S0tnncMVUdhmi4uoLVQZpVTJAGT74p+I54x92RG59Qaa7sQ21uEurdJkDBWGRkYqrew30l5A9vNthU5ccfTj8M9avIixqFRQqjsKWnezugtcKp2+oxXF5LbIrh4+uVIq5TFhiRy6xqGOckDk5pK3UB9FQPeWyXC27TIJCOhYe3H15qeiwyC7tIbyMRzruUHOM45xUyjCgelUbe6u5NRlhktwsKj5XycHHXHHPUflV+m7rRiQZGcZ5NISBySB9a8/ktrrVLnVpRpkt3crcPHFci4CeTt+6ApPatLVtMv5Ws7y+sf7RijtVSaATbSkn8TDHWtPZJbsLnXkgDJOBSZHHI56Vxiw6dquoaJbpG7ae1vIyxO7cEE9eexFVY9Isv7P16by3EtlNItu4kbMYXkAc0ezXVhc7aS0t2ulu3H71OFbPQc/wCNWK4y5eLVpLONtKk1O7Wzjkk3XHlIu4Zz7nmqel6pf2+nxwrMyrGWUKTu24Y8Z9qfsm1uK53xYKMkgDpzS1T1Kx+3RLGJmiIOdy5/z1x+VWo02RqnoMdSf51jpYZl3nhzS7y5e4lhcNJ/rAkjKH+oBp19oGnX0qySpIrKgjzHIy5Udjg1qUU+eXcdilFpVlDPbTRQ7GtozHEATgKev1oGlWYhvIRGdl4zNN8x5JGD9Ku0UuZ9wMm58PaZcGEMjo8UYjVo5CrFBxg461Nb6HplvCsUdou1em4kn8zTn08vqa3nnuAox5e44P6+uOOnFXqpydrXEgqG8SaS1dbeTZKR8p4qaipWgyvYRTQ2iR3EnmSLwTx07U251CC2uIoJC2+Q8YUn+nNWqqXMaNPuZFLKFKkjkfN2ql7z1Jei0LdULa3vU1GWWWctAwwq8Z46Z49z0q/RUp2HYKKKKQz/2Q0K&apos;, &apos;children&apos;: [], &apos;features&apos;: {}}], &apos;features&apos;: {}}
*********************





--------------------------------- CONTENT AREA --------------------------------- 
Maturity Date, Maturity Date for perpetual



--------------------------------- CONTENT AREA --------------------------------- 
expiry date and 1 debt financial instruments



--------------------------------- CONTENT AREA --------------------------------- 
termination date 2 Bonds traded after maturity



--------------------------------- CONTENT AREA --------------------------------- 
3 Non-trading dates



--------------------------------- CONTENT AREA --------------------------------- 
4 Termination date



--------------------------------- CONTENT AREA --------------------------------- 
Classification of



--------------------------------- CONTENT AREA --------------------------------- 
Financial



--------------------------------- CONTENT AREA --------------------------------- 
Instruments and
1 CFI
Financial



--------------------------------- CONTENT AREA --------------------------------- 
Instrument Short



--------------------------------- CONTENT AREA --------------------------------- 
Name



--------------------------------- CONTENT AREA --------------------------------- 
Request for



--------------------------------- CONTENT AREA --------------------------------- 
admission to 1 Population of Field 8



--------------------------------- CONTENT AREA --------------------------------- 
trading by issuer



--------------------------------- CONTENT AREA --------------------------------- 
Base point



--------------------------------- CONTENT AREA --------------------------------- 
Spread of the



--------------------------------- CONTENT AREA --------------------------------- 
index/benchmark 1 Population of field 22



--------------------------------- CONTENT AREA --------------------------------- 
of a floating rate



--------------------------------- CONTENT AREA --------------------------------- 
bond



--------------------------------- CONTENT AREA --------------------------------- 
Field 23-



--------------------------------- CONTENT AREA --------------------------------- 
Seniority of the 1 Population of field 23



--------------------------------- CONTENT AREA --------------------------------- 
Bond



--------------------------------- CONTENT AREA --------------------------------- 
Business Case:
Reporting of Inflation Indexed
Inflation Indexed 1
bonds
bond



--------------------------------- CONTENT AREA --------------------------------- 
Field 14 and



--------------------------------- CONTENT AREA --------------------------------- 
Field 17 – Total Population of field 14 and field



--------------------------------- CONTENT AREA --------------------------------- 
issued nominal 1 17



--------------------------------- CONTENT AREA --------------------------------- 
amount



--------------------------------- CONTENT AREA --------------------------------- 
Financial



--------------------------------- CONTENT AREA --------------------------------- 
Instruments’
1 Fixed rate and strike price
volatile



--------------------------------- CONTENT AREA --------------------------------- 
attributes



--------------------------------- CONTENT AREA --------------------------------- 
MiFIR RTS 23 02/02/2017



--------------------------------- CONTENT AREA --------------------------------- 
MiFIR RTS 23 04/02/2019



--------------------------------- CONTENT AREA --------------------------------- 
MiFIR RTS 23 04/02/2019



--------------------------------- CONTENT AREA --------------------------------- 
MiFIR RTS 23 04/02/2019



--------------------------------- CONTENT AREA --------------------------------- 
MiFIR RTS 23 02/02/2017



--------------------------------- CONTENT AREA --------------------------------- 
MiFIR RTS 23 02/02/2017



--------------------------------- CONTENT AREA --------------------------------- 
MiFIR RTS 23 02/02/2017



--------------------------------- CONTENT AREA --------------------------------- 
MiFIR RTS 23 03/04/2017



--------------------------------- CONTENT AREA --------------------------------- 
MiFIR RTS 23 03/04/2017



--------------------------------- CONTENT AREA --------------------------------- 
MiFIR RTS 23 25/05/2018



--------------------------------- CONTENT AREA --------------------------------- 
MiFIR RTS 23
04/10/2017
and 22



--------------------------------- CONTENT AREA --------------------------------- 
Reference data and MiFIR RTS 23



--------------------------------- CONTENT AREA --------------------------------- 
FX Swaps



--------------------------------- CONTENT AREA --------------------------------- 
1 transaction



--------------------------------- CONTENT AREA --------------------------------- 
reporting



--------------------------------- CONTENT AREA --------------------------------- 
scenarios



--------------------------------- CONTENT AREA --------------------------------- 
1 Field 41



--------------------------------- CONTENT AREA --------------------------------- 
reporting 26/09/2018
and 22



--------------------------------- CONTENT AREA --------------------------------- 
MiFIR RTS 23 26/09/2018



--------------------------------- CONTENT AREA --------------------------------- 
Interest Rate Reference data and
MiFIR RTS 23
Swaps reporting 2 transaction



--------------------------------- CONTENT AREA --------------------------------- 
scenarios



--------------------------------- CONTENT AREA --------------------------------- 
reporting 26/09/2018
and 22



--------------------------------- NEW PAGE --------------------------------
--------------------------------- CONTENT AREA --------------------------------- 
This content area has an image
{&apos;type&apos;: &apos;figure&apos;, &apos;bbox&apos;: (70.85, 762.32, 115.1, 806.57), &apos;name&apos;: &apos;Image24&apos;, &apos;children&apos;: [{&apos;type&apos;: &apos;image&apos;, &apos;height&apos;: 44.25, &apos;width&apos;: 44.25, &apos;value&apos;: &apos;data:image/jpeg;base64,/9j/4AAQSkZJRgABAQEAkACQAAD/2wBDAA0JCgsKCA0LCwsPDg0QFCEVFBISFCgdHhghMCoyMS8qLi00O0tANDhHOS0uQllCR05QVFVUMz9dY1xSYktTVFH/2wBDAQ4PDxQRFCcVFSdRNi42UVFRUVFRUVFRUVFRUVFRUVFRUVFRUVFRUVFRUVFRUVFRUVFRUVFRUVFRUVFRUVFRUVH/wAARCAA6ADsDASIAAhEBAxEB/8QAHwAAAQUBAQEBAQEAAAAAAAAAAAECAwQFBgcICQoL/8QAtRAAAgEDAwIEAwUFBAQAAAF9AQIDAAQRBRIhMUEGE1FhByJxFDKBkaEII0KxwRVS0fAkM2JyggkKFhcYGRolJicoKSo0NTY3ODk6Q0RFRkdISUpTVFVWV1hZWmNkZWZnaGlqc3R1dnd4eXqDhIWGh4iJipKTlJWWl5iZmqKjpKWmp6ipqrKztLW2t7i5usLDxMXGx8jJytLT1NXW19jZ2uHi4+Tl5ufo6erx8vP09fb3+Pn6/8QAHwEAAwEBAQEBAQEBAQAAAAAAAAECAwQFBgcICQoL/8QAtREAAgECBAQDBAcFBAQAAQJ3AAECAxEEBSExBhJBUQdhcRMiMoEIFEKRobHBCSMzUvAVYnLRChYkNOEl8RcYGRomJygpKjU2Nzg5OkNERUZHSElKU1RVVldYWVpjZGVmZ2hpanN0dXZ3eHl6goOEhYaHiImKkpOUlZaXmJmaoqOkpaanqKmqsrO0tba3uLm6wsPExcbHyMnK0tPU1dbX2Nna4uPk5ebn6Onq8vP09fb3+Pn6/9oADAMBAAIRAxEAPwD06obu5S0tnncMVUdhmi4uoLVQZpVTJAGT74p+I54x92RG59Qaa7sQ21uEurdJkDBWGRkYqrew30l5A9vNthU5ccfTj8M9avIixqFRQqjsKWnezugtcKp2+oxXF5LbIrh4+uVIq5TFhiRy6xqGOckDk5pK3UB9FQPeWyXC27TIJCOhYe3H15qeiwyC7tIbyMRzruUHOM45xUyjCgelUbe6u5NRlhktwsKj5XycHHXHHPUflV+m7rRiQZGcZ5NISBySB9a8/ktrrVLnVpRpkt3crcPHFci4CeTt+6ApPatLVtMv5Ws7y+sf7RijtVSaATbSkn8TDHWtPZJbsLnXkgDJOBSZHHI56Vxiw6dquoaJbpG7ae1vIyxO7cEE9eexFVY9Isv7P16by3EtlNItu4kbMYXkAc0ezXVhc7aS0t2ulu3H71OFbPQc/wCNWK4y5eLVpLONtKk1O7Wzjkk3XHlIu4Zz7nmqel6pf2+nxwrMyrGWUKTu24Y8Z9qfsm1uK53xYKMkgDpzS1T1Kx+3RLGJmiIOdy5/z1x+VWo02RqnoMdSf51jpYZl3nhzS7y5e4lhcNJ/rAkjKH+oBp19oGnX0qySpIrKgjzHIy5Udjg1qUU+eXcdilFpVlDPbTRQ7GtozHEATgKev1oGlWYhvIRGdl4zNN8x5JGD9Ku0UuZ9wMm58PaZcGEMjo8UYjVo5CrFBxg461Nb6HplvCsUdou1em4kn8zTn08vqa3nnuAox5e44P6+uOOnFXqpydrXEgqG8SaS1dbeTZKR8p4qaipWgyvYRTQ2iR3EnmSLwTx07U251CC2uIoJC2+Q8YUn+nNWqqXMaNPuZFLKFKkjkfN2ql7z1Jei0LdULa3vU1GWWWctAwwq8Z46Z49z0q/RUp2HYKKKKQz/2Q0K&apos;, &apos;children&apos;: [], &apos;features&apos;: {}}], &apos;features&apos;: {}}
*********************





--------------------------------- CONTENT AREA --------------------------------- 
Complex trades and reporting
of instrument reference data
MiFIR RTS 23 and
Complex trades 1 for instruments where the 04/02/2019
execution results in a complex 22
trade



--------------------------------- CONTENT AREA --------------------------------- 
FIRDS fields 8 to
1 Population of field 8 to field 11 MiFIR RTS 23 26/09/2018



--------------------------------- CONTENT AREA --------------------------------- 
1 1 Price not available at the time
1 of execution



--------------------------------- CONTENT AREA --------------------------------- 
National client identifiers for
2 natural persons



--------------------------------- CONTENT AREA --------------------------------- 
Circumstances where the
Transaction buyer and seller in a
reporting 3 transaction under Art. 26 of
MiFIR are the same



--------------------------------- CONTENT AREA --------------------------------- 
Population of Field 30 –
4 Quantity



--------------------------------- CONTENT AREA --------------------------------- 
5 OTC derivative contracts



--------------------------------- CONTENT AREA --------------------------------- 
6 Portfolio management



--------------------------------- CONTENT AREA --------------------------------- 
7 Portfolio management



--------------------------------- CONTENT AREA --------------------------------- 
8 Primary issuance



--------------------------------- CONTENT AREA --------------------------------- 
9 Corporate events



--------------------------------- CONTENT AREA --------------------------------- 
10 Reporting of swaps



--------------------------------- CONTENT AREA --------------------------------- 
11 Concept of underlying



--------------------------------- CONTENT AREA --------------------------------- 
Non-EU branches of EU
12 Investment firms



--------------------------------- CONTENT AREA --------------------------------- 
Order Record Actionable Indication of
Keeping 1 Interest



--------------------------------- CONTENT AREA --------------------------------- 
MiFIR RTS 22 03/04/2017



--------------------------------- CONTENT AREA --------------------------------- 
MiFIR RTS 22 05/10/2017



--------------------------------- CONTENT AREA --------------------------------- 
MiFIR RTS 22 07/07/2017



--------------------------------- CONTENT AREA --------------------------------- 
MiFIR RTS 22 07/07/2017



--------------------------------- CONTENT AREA --------------------------------- 
MiFIR RTS 22 05/10/2017



--------------------------------- CONTENT AREA --------------------------------- 
MiFIR RTS 22 05/10/2017



--------------------------------- CONTENT AREA --------------------------------- 
MiFIR RTS 22 10/11/2017



--------------------------------- CONTENT AREA --------------------------------- 
MIFIR RTS 22 10/11/2017



--------------------------------- CONTENT AREA --------------------------------- 
MiFIR RTS 22 10/11/2017



--------------------------------- CONTENT AREA --------------------------------- 
MiFIR RTS 22 10/11/2017



--------------------------------- CONTENT AREA --------------------------------- 
MiFIR RTS 22 14/12/2017



--------------------------------- CONTENT AREA --------------------------------- 
MiFIR RTS 22 14/12/2017



--------------------------------- CONTENT AREA --------------------------------- 
MiFIR RTS 24 07/07/2017



</system-out></testcase><testcase classname="tests.basic_parse_test" file="tests/basic_parse_test.py" line="123" name="test_emir_qas" time="133.4690387248993"><system-out>Parsing PDF /Users/pdodds/src/hohonu/padhana/tests/../test_documents/EMIR_QAs_20190204.pdf
--------------------------------- NEW PAGE --------------------------------
--------------------------------- CONTENT AREA --------------------------------- 
This content area has an image
{&apos;type&apos;: &apos;figure&apos;, &apos;bbox&apos;: (29.75, 740.92, 203.75, 812.17), &apos;name&apos;: &apos;Image10&apos;, &apos;children&apos;: [{&apos;type&apos;: &apos;image&apos;, &apos;height&apos;: 71.25, &apos;width&apos;: 174.0, &apos;value&apos;: &apos;data:image/jpeg;base64,/9j/4AAQSkZJRgABAQEAwADAAAD/2wBDAA0JCgsKCA0LCwsPDg0QFCEVFBISFCgdHhghMCoyMS8qLi00O0tANDhHOS0uQllCR05QVFVUMz9dY1xSYktTVFH/2wBDAQ4PDxQRFCcVFSdRNi42UVFRUVFRUVFRUVFRUVFRUVFRUVFRUVFRUVFRUVFRUVFRUVFRUVFRUVFRUVFRUVFRUVH/wAARCABeAOcDASIAAhEBAxEB/8QAHwAAAQUBAQEBAQEAAAAAAAAAAAECAwQFBgcICQoL/8QAtRAAAgEDAwIEAwUFBAQAAAF9AQIDAAQRBRIhMUEGE1FhByJxFDKBkaEII0KxwRVS0fAkM2JyggkKFhcYGRolJicoKSo0NTY3ODk6Q0RFRkdISUpTVFVWV1hZWmNkZWZnaGlqc3R1dnd4eXqDhIWGh4iJipKTlJWWl5iZmqKjpKWmp6ipqrKztLW2t7i5usLDxMXGx8jJytLT1NXW19jZ2uHi4+Tl5ufo6erx8vP09fb3+Pn6/8QAHwEAAwEBAQEBAQEBAQAAAAAAAAECAwQFBgcICQoL/8QAtREAAgECBAQDBAcFBAQAAQJ3AAECAxEEBSExBhJBUQdhcRMiMoEIFEKRobHBCSMzUvAVYnLRChYkNOEl8RcYGRomJygpKjU2Nzg5OkNERUZHSElKU1RVVldYWVpjZGVmZ2hpanN0dXZ3eHl6goOEhYaHiImKkpOUlZaXmJmaoqOkpaanqKmqsrO0tba3uLm6wsPExcbHyMnK0tPU1dbX2Nna4uPk5ebn6Onq8vP09fb3+Pn6/9oADAMBAAIRAxEAPwD06iiigApsciSLuRgwyRkeoODVfUUdrKQxPIsijK+WeSewrO0Kzu7aWRbppVAAZVDZU56/jVqKcb3Jb1sbdYuv311aIiRooVyCrhueDnGK2qaY0aQOyAsAQCR0B60otJ3Y2rohsJ5bm1SaVETeNyhWzxVimxokaBEUKo6AdBTqT3GhpkQSLGWAZgSB6gdf506ucvLS/OqedFJOYImC78/MAfvY9cV0SLsQLknAxknJNVKKSWpKdxaKKKgoKKKKACiiigAooooAKKKKACiiigAooooAKKKKACiiigAooooAKjjmjleREbLRttb64z/WieNZYXRwSpHQHB/CsTStIuLa8WW5+ZWBOA5O1u2fWrik022S27m/RRRUFBRRRQAUUUUAFFFIwDKVIyDwaAGedGbgwbv3gXfj2zipK55dGnGpfaCG+z+Zt2eYd231z6e1dCAAAAMAVcklsyU29woooqCgooooAKKKKACiiigAooooAKKKKACiiigAooooAKKKKACise81tLa+igMUqgE+YCvJGOMevNa0T+ZGr7GTPOGGCKpxaV2JNMdUc88NtEZZ5UijXqztgD8akrhfGtxE/iKxtL2R1sUQSSBc85Jz/ICnThzuwM6+01OwvWK2t5DMw5Ko4J/Kpbq7trOLzbqeOFOm52AFebaxdaLBcWl34fLxTxPllw2D6dfy/GtXxmBH4gsbnUIJZtNCAFUOOcnI+vT61r7FXXmK519pqdhfMVtbyGZhyVRwT+VJdarp1m+y5vYIn/us4z+VYnh+38M3F8t5pQ23Ean92WYEZ4Jwfr24rJ8OaXZarresm+g87y5vlyxGMs2eh9qn2cdW76Dudg2saYtus7X9uIm4DeYOTU1peW17H5lrcRzIOCUYHFcJp2h6fJ42vNPkhL20SF0QsePu9+verdtbR6L8QIbSx3Jb3EeWjySOhP8AMU3Tjsnra4XOtu9TsLJgt1eQwseiu4B/KpLW8tr2LzLWeOZOmUYHFcjrH/CJ2usXEt95tzcucuikkIfwx+WTVPwrcWq+MZU0zzEspozhH9gD/PNHsk431C56BWYNQZtVltTc2kQjkVBG/wDrHBUNkc++OnatOqSW1zFezSxzReVNIHZWjJYYVV4Of9n0rAY/+0LXy1kMmEaNpQSD91cZP6imyanbRKGkEq5XewMTZRc4y3HA+tVG0iZoXha4TyxBLBHiM5AfHJ55xj8anvtPluGlMUyoJ4fIk3Jk7eeRyMH5j+lAE39oW/2o2+X3BthbYdu7GcZ6ZwaSLUraUMU8w4XeP3bfOvTK8fMPp6iqkNlcSX1wXZUt1ullUbDubCKBg5xjPt2psGiGC1eBHhQ7AiSLGQxAIOGO7kHABxigC4dTt/LVsSli5j8sRtu3AZxjHpzTp7wDTWvLdfNGzcowefw6/wBarWelG3dHLxgrO0xVEIXlNmBz+NWre3ktrEQRyL5ig4ZlyOTnpn+tAEUV8EtlmmniuBI22M2yE7jjOAMn0P5U8ajbOYxGZJDIA3yRsdozjJ445z19D6VUl0d58ySPCZTMJtvlnyyQpXkZznB657D0qaKwlt5kkt3gTMaxyL5R24BJyozx949c0AWBfW5CHfw5cAkH+HO7+Rqrc6oEtHuIR0tpZ0SRGUttxz9Of1po0uXftM6eSvmlBsO7589TntmpLjTPPhWIy4AtJLYkL/e28/8Ajv60ASNfxIzM7FEEe8q0bBuuOn9MZo/tO22g4lLlinliJi4IGTkYz0IP4iornTZLtXM8qb3iCHah25DbgcZ6e1RyaUzWXkILWNy5fckTDacYDA7shh60AaM0ywxeYVdh6IhY/kKrPqtqsaPmRg4ZsLGxICnDZGOMHinX1o9zapEsuCrAneCQ+OxwRVe20kwRqvmrxHMmFXA/eOG456DpQBHrWtpp9hNNbqZpYwp+4Sg3EdSPY5/L1oqO90OW5sZrNbpEinWPeTGSwKgDjnvtFFAF+40y2uZnllDGQgBWzymPSrlFIGBJAIJHB9qbbYrC1x/i+xuI9Ws9ZjtPtcMShJYtu7gEnkenJ/KuwoqoS5XcbOMstbtLu/t4rHwyDlwGk8pRsHrwO31Famva8+mXYgm0qW4tHTJlHIJ9MYx+tb9FNzi3e34iscJoMH2/xampWFg9lYxqd2RgMSCOO3foPSr3g2GWPWdcLxsoMwAJGP4mrraKqVW6asFjktMhlX4iak5jYJ5P3iOOdmKL+GU/EewkEbFPJzuxx0autope01v5WCx57bSnw3rF/wD2lpb3ImfMcwUHjJPGfXP6Va0Ay6j4xfU4bCS3tfLI+ZcAfKB9K7fI3FcjI5xS1Tq3vpqwsFYcl7d2+pXyqGmSSRYoFxkJJsUjPoDkk+m33rcpkcKRvK6LhpW3Oc9TgD+QFYDMSPVJrLSoGkdbh0jZ5C24uwBIzwCB06nip9R1CWO3upcbIbaeJCUJLt8yFuPoxGKtSaVZyLtKOF27CFkZdy5JwcHkcnr6mpmtIGDgpxJIsrcnlhjB/wDHRQBn3OrzwrFi2VnkjaUKpZ/lBGBlQeTnr0+tKLy7jfUZVj81EmQKp3FlykeeADwMk8c9atHTLXChVePbu2+XIyYBOSOD0z2qR7KFpJXzKjS437JWXJGOeD14Az6CgBI7tP7P+1yPGUVC7NGcrgdcVlaZqji1lEkonlEsTdfuiVgCP+AksPoBWuLOAWn2XYfJ7gsTnnJyepyevrRcWcFyxaVMkrsyCRxkHt3yAQe1AFG4u7h76GKEKpS7MRBYgOPJLc/n+lMtr+eEkzhXhe4nRWDEsNpduR6YUj8qujTbYIFxJkSebv8ANbduxtznOenH0qQWduNn7v7kjSjk/ebOT/48fzoAof2pcJFmSCMO6I8YVyR8zBcHjtkU28ubhZGjjwsyyQA/Odp3Hkewq5HplpGpUIxHy/ekZsBTlQMngA9qkmsrefzC6nMm0kqxBypyCCOmKAIFv3N4LQxjzfN2kA/wbN2788D61fqnFZkanJeSBAREIY8Ek7c5JJP4fl71coAKKKKACiiigBkwZoWCSeU2OHwDj86wNIOotqDGeR40mG/JQfPjjj04roqKuMrJolq7CiimxyJKGKMDtYqfYjrUFDqKKKACiiigApGBKkBipPQjtSNIiyJGzAM+do9cdadQBzdu+pNrBZpmEbsYvO8v5SFz0FdIPzoxRVylzEpWCiiioKCiiigAooooAKKKKACiiigAooooAKKKKACiiigAooooAKKKKAIL6MyWkgVpFYAlTGSGzWTolheW1y/2tpQCN4Cv8pbvn36Vu0Vam0rEtXdwqC6u4rWLzJWAGQOvqcVPWTq+lLqNxGEKRsFJZ8ZJ9BSik3qNtpaGqGVuhB+lLVXTIFtrGOIIqsvDbe5HBNWqTVmCOd1Cwvn1EzQPOYYiMHf8wz97b+FdBGgjjVAWYAdWOSfxp1FVKbkkhJWCiiioKCiiigAooooAKKKKACiiigAooooAKKKKACiiigAooooAKKKKAP/ZDQo=&apos;, &apos;children&apos;: [], &apos;features&apos;: {}}], &apos;features&apos;: {}}
*********************





--------------------------------- CONTENT AREA --------------------------------- 
Questions and Answers



--------------------------------- CONTENT AREA --------------------------------- 
Implementation of the Regulation (EU) No 648/2012 on OTC derivatives,
central counterparties and trade repositories (EMIR)



--------------------------------- CONTENT AREA --------------------------------- 
4 February 2019| ESMA70-1861941480-52



--------------------------------- CONTENT AREA --------------------------------- 
This content area has an image
{&apos;type&apos;: &apos;figure&apos;, &apos;bbox&apos;: (29.75, 740.92, 203.75, 812.17), &apos;name&apos;: &apos;Image10&apos;, &apos;children&apos;: [{&apos;type&apos;: &apos;image&apos;, &apos;height&apos;: 71.25, &apos;width&apos;: 174.0, &apos;value&apos;: &apos;data:image/jpeg;base64,/9j/4AAQSkZJRgABAQEAwADAAAD/2wBDAA0JCgsKCA0LCwsPDg0QFCEVFBISFCgdHhghMCoyMS8qLi00O0tANDhHOS0uQllCR05QVFVUMz9dY1xSYktTVFH/2wBDAQ4PDxQRFCcVFSdRNi42UVFRUVFRUVFRUVFRUVFRUVFRUVFRUVFRUVFRUVFRUVFRUVFRUVFRUVFRUVFRUVFRUVH/wAARCABeAOcDASIAAhEBAxEB/8QAHwAAAQUBAQEBAQEAAAAAAAAAAAECAwQFBgcICQoL/8QAtRAAAgEDAwIEAwUFBAQAAAF9AQIDAAQRBRIhMUEGE1FhByJxFDKBkaEII0KxwRVS0fAkM2JyggkKFhcYGRolJicoKSo0NTY3ODk6Q0RFRkdISUpTVFVWV1hZWmNkZWZnaGlqc3R1dnd4eXqDhIWGh4iJipKTlJWWl5iZmqKjpKWmp6ipqrKztLW2t7i5usLDxMXGx8jJytLT1NXW19jZ2uHi4+Tl5ufo6erx8vP09fb3+Pn6/8QAHwEAAwEBAQEBAQEBAQAAAAAAAAECAwQFBgcICQoL/8QAtREAAgECBAQDBAcFBAQAAQJ3AAECAxEEBSExBhJBUQdhcRMiMoEIFEKRobHBCSMzUvAVYnLRChYkNOEl8RcYGRomJygpKjU2Nzg5OkNERUZHSElKU1RVVldYWVpjZGVmZ2hpanN0dXZ3eHl6goOEhYaHiImKkpOUlZaXmJmaoqOkpaanqKmqsrO0tba3uLm6wsPExcbHyMnK0tPU1dbX2Nna4uPk5ebn6Onq8vP09fb3+Pn6/9oADAMBAAIRAxEAPwD06iiigApsciSLuRgwyRkeoODVfUUdrKQxPIsijK+WeSewrO0Kzu7aWRbppVAAZVDZU56/jVqKcb3Jb1sbdYuv311aIiRooVyCrhueDnGK2qaY0aQOyAsAQCR0B60otJ3Y2rohsJ5bm1SaVETeNyhWzxVimxokaBEUKo6AdBTqT3GhpkQSLGWAZgSB6gdf506ucvLS/OqedFJOYImC78/MAfvY9cV0SLsQLknAxknJNVKKSWpKdxaKKKgoKKKKACiiigAooooAKKKKACiiigAooooAKKKKACiiigAooooAKjjmjleREbLRttb64z/WieNZYXRwSpHQHB/CsTStIuLa8WW5+ZWBOA5O1u2fWrik022S27m/RRRUFBRRRQAUUUUAFFFIwDKVIyDwaAGedGbgwbv3gXfj2zipK55dGnGpfaCG+z+Zt2eYd231z6e1dCAAAAMAVcklsyU29woooqCgooooAKKKKACiiigAooooAKKKKACiiigAooooAKKKKACise81tLa+igMUqgE+YCvJGOMevNa0T+ZGr7GTPOGGCKpxaV2JNMdUc88NtEZZ5UijXqztgD8akrhfGtxE/iKxtL2R1sUQSSBc85Jz/ICnThzuwM6+01OwvWK2t5DMw5Ko4J/Kpbq7trOLzbqeOFOm52AFebaxdaLBcWl34fLxTxPllw2D6dfy/GtXxmBH4gsbnUIJZtNCAFUOOcnI+vT61r7FXXmK519pqdhfMVtbyGZhyVRwT+VJdarp1m+y5vYIn/us4z+VYnh+38M3F8t5pQ23Ean92WYEZ4Jwfr24rJ8OaXZarresm+g87y5vlyxGMs2eh9qn2cdW76Dudg2saYtus7X9uIm4DeYOTU1peW17H5lrcRzIOCUYHFcJp2h6fJ42vNPkhL20SF0QsePu9+verdtbR6L8QIbSx3Jb3EeWjySOhP8AMU3Tjsnra4XOtu9TsLJgt1eQwseiu4B/KpLW8tr2LzLWeOZOmUYHFcjrH/CJ2usXEt95tzcucuikkIfwx+WTVPwrcWq+MZU0zzEspozhH9gD/PNHsk431C56BWYNQZtVltTc2kQjkVBG/wDrHBUNkc++OnatOqSW1zFezSxzReVNIHZWjJYYVV4Of9n0rAY/+0LXy1kMmEaNpQSD91cZP6imyanbRKGkEq5XewMTZRc4y3HA+tVG0iZoXha4TyxBLBHiM5AfHJ55xj8anvtPluGlMUyoJ4fIk3Jk7eeRyMH5j+lAE39oW/2o2+X3BthbYdu7GcZ6ZwaSLUraUMU8w4XeP3bfOvTK8fMPp6iqkNlcSX1wXZUt1ullUbDubCKBg5xjPt2psGiGC1eBHhQ7AiSLGQxAIOGO7kHABxigC4dTt/LVsSli5j8sRtu3AZxjHpzTp7wDTWvLdfNGzcowefw6/wBarWelG3dHLxgrO0xVEIXlNmBz+NWre3ktrEQRyL5ig4ZlyOTnpn+tAEUV8EtlmmniuBI22M2yE7jjOAMn0P5U8ajbOYxGZJDIA3yRsdozjJ445z19D6VUl0d58ySPCZTMJtvlnyyQpXkZznB657D0qaKwlt5kkt3gTMaxyL5R24BJyozx949c0AWBfW5CHfw5cAkH+HO7+Rqrc6oEtHuIR0tpZ0SRGUttxz9Of1po0uXftM6eSvmlBsO7589TntmpLjTPPhWIy4AtJLYkL/e28/8Ajv60ASNfxIzM7FEEe8q0bBuuOn9MZo/tO22g4lLlinliJi4IGTkYz0IP4iornTZLtXM8qb3iCHah25DbgcZ6e1RyaUzWXkILWNy5fckTDacYDA7shh60AaM0ywxeYVdh6IhY/kKrPqtqsaPmRg4ZsLGxICnDZGOMHinX1o9zapEsuCrAneCQ+OxwRVe20kwRqvmrxHMmFXA/eOG456DpQBHrWtpp9hNNbqZpYwp+4Sg3EdSPY5/L1oqO90OW5sZrNbpEinWPeTGSwKgDjnvtFFAF+40y2uZnllDGQgBWzymPSrlFIGBJAIJHB9qbbYrC1x/i+xuI9Ws9ZjtPtcMShJYtu7gEnkenJ/KuwoqoS5XcbOMstbtLu/t4rHwyDlwGk8pRsHrwO31Famva8+mXYgm0qW4tHTJlHIJ9MYx+tb9FNzi3e34iscJoMH2/xampWFg9lYxqd2RgMSCOO3foPSr3g2GWPWdcLxsoMwAJGP4mrraKqVW6asFjktMhlX4iak5jYJ5P3iOOdmKL+GU/EewkEbFPJzuxx0autope01v5WCx57bSnw3rF/wD2lpb3ImfMcwUHjJPGfXP6Va0Ay6j4xfU4bCS3tfLI+ZcAfKB9K7fI3FcjI5xS1Tq3vpqwsFYcl7d2+pXyqGmSSRYoFxkJJsUjPoDkk+m33rcpkcKRvK6LhpW3Oc9TgD+QFYDMSPVJrLSoGkdbh0jZ5C24uwBIzwCB06nip9R1CWO3upcbIbaeJCUJLt8yFuPoxGKtSaVZyLtKOF27CFkZdy5JwcHkcnr6mpmtIGDgpxJIsrcnlhjB/wDHRQBn3OrzwrFi2VnkjaUKpZ/lBGBlQeTnr0+tKLy7jfUZVj81EmQKp3FlykeeADwMk8c9atHTLXChVePbu2+XIyYBOSOD0z2qR7KFpJXzKjS437JWXJGOeD14Az6CgBI7tP7P+1yPGUVC7NGcrgdcVlaZqji1lEkonlEsTdfuiVgCP+AksPoBWuLOAWn2XYfJ7gsTnnJyepyevrRcWcFyxaVMkrsyCRxkHt3yAQe1AFG4u7h76GKEKpS7MRBYgOPJLc/n+lMtr+eEkzhXhe4nRWDEsNpduR6YUj8qujTbYIFxJkSebv8ANbduxtznOenH0qQWduNn7v7kjSjk/ebOT/48fzoAof2pcJFmSCMO6I8YVyR8zBcHjtkU28ubhZGjjwsyyQA/Odp3Hkewq5HplpGpUIxHy/ekZsBTlQMngA9qkmsrefzC6nMm0kqxBypyCCOmKAIFv3N4LQxjzfN2kA/wbN2788D61fqnFZkanJeSBAREIY8Ek7c5JJP4fl71coAKKKKACiiigBkwZoWCSeU2OHwDj86wNIOotqDGeR40mG/JQfPjjj04roqKuMrJolq7CiimxyJKGKMDtYqfYjrUFDqKKKACiiigApGBKkBipPQjtSNIiyJGzAM+do9cdadQBzdu+pNrBZpmEbsYvO8v5SFz0FdIPzoxRVylzEpWCiiioKCiiigAooooAKKKKACiiigAooooAKKKKACiiigAooooAKKKKAIL6MyWkgVpFYAlTGSGzWTolheW1y/2tpQCN4Cv8pbvn36Vu0Vam0rEtXdwqC6u4rWLzJWAGQOvqcVPWTq+lLqNxGEKRsFJZ8ZJ9BSik3qNtpaGqGVuhB+lLVXTIFtrGOIIqsvDbe5HBNWqTVmCOd1Cwvn1EzQPOYYiMHf8wz97b+FdBGgjjVAWYAdWOSfxp1FVKbkkhJWCiiioKCiiigAooooAKKKKACiiigAooooAKKKKACiiigAooooAKKKKAP/ZDQo=&apos;, &apos;children&apos;: [], &apos;features&apos;: {}}], &apos;features&apos;: {}}
*********************





--------------------------------- CONTENT AREA --------------------------------- 
This content area has an image
{&apos;type&apos;: &apos;figure&apos;, &apos;bbox&apos;: (0.0, -0.3299, 595.3, 535.1701), &apos;name&apos;: &apos;Image4&apos;, &apos;children&apos;: [{&apos;type&apos;: &apos;image&apos;, &apos;height&apos;: 535.5, &apos;width&apos;: 595.3, &apos;value&apos;: &apos;data:image/jpeg;base64,/9j/4AAQSkZJRgABAQEAwADAAAD/2wBDAA0JCgsKCA0LCwsPDg0QFCEVFBISFCgdHhghMCoyMS8qLi00O0tANDhHOS0uQllCR05QVFVUMz9dY1xSYktTVFH/2wBDAQ4PDxQRFCcVFSdRNi42UVFRUVFRUVFRUVFRUVFRUVFRUVFRUVFRUVFRUVFRUVFRUVFRUVFRUVFRUVFRUVFRUVH/wAARCALJAxkDASIAAhEBAxEB/8QAHwAAAQUBAQEBAQEAAAAAAAAAAAECAwQFBgcICQoL/8QAtRAAAgEDAwIEAwUFBAQAAAF9AQIDAAQRBRIhMUEGE1FhByJxFDKBkaEII0KxwRVS0fAkM2JyggkKFhcYGRolJicoKSo0NTY3ODk6Q0RFRkdISUpTVFVWV1hZWmNkZWZnaGlqc3R1dnd4eXqDhIWGh4iJipKTlJWWl5iZmqKjpKWmp6ipqrKztLW2t7i5usLDxMXGx8jJytLT1NXW19jZ2uHi4+Tl5ufo6erx8vP09fb3+Pn6/8QAHwEAAwEBAQEBAQEBAQAAAAAAAAECAwQFBgcICQoL/8QAtREAAgECBAQDBAcFBAQAAQJ3AAECAxEEBSExBhJBUQdhcRMiMoEIFEKRobHBCSMzUvAVYnLRChYkNOEl8RcYGRomJygpKjU2Nzg5OkNERUZHSElKU1RVVldYWVpjZGVmZ2hpanN0dXZ3eHl6goOEhYaHiImKkpOUlZaXmJmaoqOkpaanqKmqsrO0tba3uLm6wsPExcbHyMnK0tPU1dbX2Nna4uPk5ebn6Onq8vP09fb3+Pn6/9oADAMBAAIRAxEAPwDm6KKK9g5QooooAKKKKACiiigAooooAKKKKACiiigAooooAKKKKACiiigAooooAKKKKACiiigAooooAKKKKACiiigAooooAKKKKACiiigAooooAKKKKACiiigAooooAKKKKACiiigAooooAKKKKACiiigAooooAKKKKACiiigAooooAKKKKACiiigAooooAKKKKACiiigAooooAKKKKACiiigAooooAKKKKACiiigAooooAKKKKACiiigAooooAKKKKACiiigAooooAKKKKACiiigAooooAKKKKACiiigAooooAKKKKACiiigAooooAKKKKACiiigAooooAKKKKACiiigAooooAKKKKACiiigAooooAKKKKACiiigAooooAKKKKACiiigAooooAKKKKACiiigAooooAKKKKACiiigAooooAKKKKACiiigAooooAKKKKACiiigAooooAKKKKACiiigAooooAKKKKACiiigAooooAKKKKACiiigAooooAKKKKACiiigAooooAKKKKACiiigAooooAKKKKACiiigAooooAKKKKACiiigAooooAKKKKACiiigAooooAKKKKACiiigAooooAKKKKACiiigAooooAKKKKACiiigAooooAKKKKACiiigAooooAKKKKACiiigAooooAKKKKACiiigAooooAKKKKACiiigAooooAKKKKACiiigAooooAKKKKACiiigAooooAKKKKACiiigAooooAKKKKACiiigAooooAKKKKACiiigAooooAKKKKACiiigAooooAKKKKACiiigAooooAKKKKACiiigAooooAKKKKACiiigAooooAKKKKACiiigAooooAKKKKACiiigAooooAKKKKACiiigAooooAKKKKACiiigAooooAKKKKACiiigAooooAKKKKACiiigAooooAKKKKACiiigAooooAKKKKACiiigAooooAKKKKACiiigAooooAKKKKACiiigAooooAKKKKACiiigAooooAKKKKACiiigAooooAKKKKACiiigAooooAKKKKACiiigAooooAKKKKACiiigAooooAKKKKACiiigAooooAKKKKACiiigAooooAKKKKACiiigAooooAKKKKACiiigAooooAKKKKACiiigAooooAKKKKACiiigAooooAKKKKACiiigAooooAKKKKACiiigAooooAKKKKACiiigAooooAKKKKACiiigAooooAKKKKACiiigAooooAKKKKACiiigAooooAKKKKACiiigAooooAKKKKACiiigAooooAKKKKACiiigAooooAKKKKACiiigAooooAKKKKACiiigAooooAKKKKACiiigAooooAKKKKACiiigAooooAKKKKACiiigAooooAKKKKACiiigAooooAKKKKACiiigAooooAKKKKACiiigAooooAKKKKACiiigAooooAKKKKACiiigAooooAKKKKACiiigAooooAKKKKACiiigAooooAKKKKACiiigAooooAKKKKACiiigAooooAKKKKACiiigAooooAKKKKACiiigAooooAKKKKACiiigAooooAKKKKACiiigAooooAKKKKACiiigAooooAKKKKACiiigAooooAKKKKACiiigAooooAKKKKACiiigAooooAKKKKACiiigAooooAKKKKACiiigAooooAKKKKACiiigAooooAKKKKACiiigAooooAKKKKACiiigAooooAKKKKACiiigAooooAKKKKACiiigAooooAKKKKACiiigAooooAKKKKACiiigAooooAKKKKACiiigAooooAKKKKACiiigAooooAKKKKACiiigAooooAKKKKACiiigAooooAKKKKACiiigAooooAKKKKACiiigAooooAKKKKACiiigAooooAKKKKACiiigAooooAKKKKACiiigAooooAKKKKACiiigAooooAKKKKACiiigAooooAKKKKACiiigAooooAKKKKACiiigAooooAKKKKACiiigAooooAKKKKACiiigAooooAKKKKACiiigAooooAKKKKACiiigAooooAKKKKACiiigAooooAKKKKACiiigAooooAKKKKACiiigAooooAKKKKACiiigAooooAKKKKACiiigAooooAKKKKACiiigAooooAKKKKACiiigAooooAKKKKACiiigAooooAKKKKACiiigAooooAKKKKACiiigAooooAKKKKACiiigAooooAKKKKACiiigAooooAKKKKACiiigAooooAKKKKACiiigAooooAKKKKACiiigAooooAKKKKACiiigAooooAKKKKACiiigAooooAKKKKACiiigAooooAKKKKACiiigAooooAKKKKACiiigAooooAKKKKACiiigAooooAKKKKACiiigAooooAKKKKACiiigAooooAKKKKACiiigAooooAKKKKACiiigAooooAKKKKACiiigAooooAKKKKACiiigAooooAKKKKACiiigAooooAKKKKACiiigAooooAKKKKACiiigAooooAKKKKACiiigAooooAKKKKACiiigAooooAKKKKACiiigAooooAKKKKACiiigAooooAKKKKACiiigAooooAKKKKACiiigAooooAKKKKACiiigAooooAKKKKACiiigAooooAKKKKACiiigAooooAKKKKACiiigAooooAKKKKACiiigAooooAKKKKACiiigAooooAKKKKACiiigAooooAKKKKACiiigAooooAKKKKACiiigAooooAKKKKACiiigAooooAKKKKACiiigAooooAKKKKACiiigAooooAKKKKACiiigAooooAKKKKACiiigAooooAKKKKACiiigAooooAKKKKACiiigAooooAKKKKACiiigAooooAKKKKACiiigAooooAKKKKACiiigAooooAKKKKACiiigAooooAKKKKACiiigAooooAKKKKACiiigAooooAKKKKACiiigAooooAKKKKACiiigAooooAKKKKACiiigAooooAKKKKACiiigAooooAKKKKACiiigAooooAKKKKACiiigAooooAKKKKACiiigAooooAKKKKACiiigAooooAKKKKACiiigAooooAKKKKACiiigAooooAKKKKACiiigAooooAKKKKACiiigAooooAKKKKACiiigAooooAKKKKACiiigAooooAKKKKACiiigAooooAKKKKACiiigAooooAKKKKACiiigAooooAKKKKACiiigAooooAKKKKACiiigAooooAKKKKACiiigAooooAKKKKACiiigAooooAKKKKACiiigAooooAKKKKACiiigAooooAKKKKACiiigAooooAKKKKACiiigAooooAKKKKACiiigAooooAKKKKACiiigAooooAKKKKACiiigAooooAKKKKACiiigAooooAKKKKACiiigAooooAKKKKACiiigAooooAKKKKACiiigAooooAKKKKACiiigAooooAKKKKACiiigAooooAKKKKACiiigAooooAKKKKACiiigAooooAKKKKACiiigAooooAKKKKACiiigAooooAKKKKACiiigAooooAKKKKACiiigAooooAKKKKACiiigAooooAKKKKACiiigAooooAKKKKACiiigAooooAKKKKACiiigAooooAKKKKACiiigAooooAKKKKACiiigAooooAKKKKACiiigAooooAKKKKACiiigAooooAKKKKACiiigAooooAKKKKACiiigAooooAKKKKACiiigAooooAKKKKACiiigAooooAKKKKACiiigAooooAKKKKACiiigAooooAKKKKACiiigAooooAKKKKACiiigAooooAKKKKACiiigAooooAKKKKACiiigAooooAKKKKACiiigAooooAKKKKACiiigAooooAKKKKACiiigAooooAKKKKACiiigAooooAKKKKACiiigAooooAKKKKACiiigAooooAKKKKACiiigAooooAKKKKACiiigAooooAKKKKACiiigAooooAKKKKACiiigAooooAKKKKACiiigAooooAKKKKACiiigAooooAKKKKACiiigAooooAKKKKACiiigAooooAKKKKACiiigAooooAKKKKACiiigAooooAKKKKACiiigAooooAKKKKACiiigAooooAKKKKACiiigAooooAKKKKACiiigAooooAKKKKACiiigAooooAKKKKACiiigAooooAKKKKACiiigAooooAKKKKACiiigAooooAKKKKACiiigAooooAKKKKACiiigAooooAKKKfFGZZVjXqxxQAyinSIY5GRuqnBptABRRRQAUUUUAFFFFABRRRQAUUUUAFFFFABRRRQAUUUUAFFFFABRRRQAUUUUAFFFFABRRRQAUUUUAFFFFABRRRQAUUUUAFFFFABRRRQAUUUUAFFFFABRRRQAUUUUAFFFFABRRRQAUUUUAFFFFABRRRQAUUUUAFFFFABRRRQAUUUUAFFFFABRRRQAUUUUAFFFFABRRRQAUUUUAFFFFABRRRQAUUUUAFFFFABRRRQAUUUUAFFFFABRRRQAUUUUAFFFFABWjo0O+5MhHCD9TWdXQaVD5VmpI5f5j/SkxMz9Yh8u6EgHEgz+NZ9b+rQ+bZlgOUO7/ABrAoQIKKKKYwooooAKKKKACiiigAooooAKKKKACiiigAooooAKKKKACiiigAooooAKKKKACiiigAooooAKKKKACiiigAooooAKKKKACiiigAooooAKKKKACiiigAooooAKKKKACiiigAooooAKKKKACiiigAooooAKKKKACiiigAooooAKKKKACiiigAooooAKKKKACiiigAooooAKKKKACiiigAooooAKKKKACiiigAooooAKKKKACiiigAooooAKKKKAJIIzNMkY/iOK6dQFUKBgDgVjaLDunaUjhBgfU1tVLExGUMpUjIIwa5ieMwzPGeqnFdRWLrMO2dZQOHGD9RQgRm0UtJVDCiiigAooooAKKKKACiiigAooooAKKKKACiiigAooooAKKKKACiiigAooooAKKKKACiiigAooooAKKKKACiiigAooooAKKKKACiiigAooooAKKKKACiiigAooooAKKKKACiiigAooooAKKKKACiiigAooooAKKKKACiiigAooooAKKKKACiiigAooooAKKKKACiiigAooooAKKKKACiiigAooooAKKKKACiiigAooooAKfG5jcMArY7MMimUUAbtlNaXK4EMayd12j9KueTEP+WSf98iuXBKkFSQR0IrXstUDYjuDg9n/xqWhGl5cY/gX8qXao/hH5UoOeRRUiCiiigAooooAMD0pNo9BS0E4GT0oAbsT+6Pyqne3VvbAqER5P7uOn1qC+1TGY7c/V/wDCskkkkk5JqkhjpZGlcu2Mn0GKZRRVDCiiigAooooAKKKKACiiigAooooAKKKKACiiigAooooAKKKKACiiigAooooAKKKKACiiigAooooAKKKKACiiigAooooAKKKKACiiigAooooAKKKKACiiigAooooAKKKKACiiigAooooAKKKKACiiigAooooAKKKKACiiigAooooAKkjheSOR16RjJqOt3TLcCxO4f63Ofp0pN2EYVFPlQxStG3VTimUxhRRRQAUUUUAFFFFABRRRQAUUUUAFFFFABRRRQAUUUUAFFFFABRRRQBdstQktsI2Xi9O4+lbkM0c8YeNgwNctW9pEXl2YY9XOaloTL1FFFSIKKKKAGTSxwxl5GCqKw73UJLklFykXp3P1rT1SLzbJiOqfMK5+qSGgoooqhhRRRQAUUUUAFFFFABRRRQAUUUUAFFFFABRRRQAUUUUAFFFFABRRRQAU+WJomCuMEgH86faRefdRx9iefpWjrUPyxzAdPlP9KVxGRRRRTGFFFFABRRRQAUUUUAFFFFABRRRQAUUUUAFFFFABRRRQAUUUUAFFFFABRRRQAUUUUAFFFFABRRRQAUUUUAFFFFABRRRQAUUUUAFFFFABRRRQAUUUUAPijMsqRjqxxXUIoRAq8ADArF0aHfctKRwg4+prbqWJmJrMOy5EgHDj9RWdXQapD5tmxA5T5h/WufpoEFFFFMYUUUUAFFFFABRRRQAUUUUAFFFFABRRRQAUUUUAFFFFABRRRQA5FLuFHUnArqI0EcaoOigCsLSovMvVJ6IN1b9TITCkJABJOAO9RXFzFbJukb6AdTWJeX0t0cfdj7KP60kriOgVgygqQQehFLXOWl7Lat8p3J3U9K3LW7iulyhw3dT1FDVgJmUMpU9CMGuXlQxSvGeqkiuprC1iLZd7x0cZ/GnEaKFFFFUMKKKKACiiigAooooAKKKKACiiigAooooAKKKKACiiigAooooAKKKKANXRIctJMe3yitK6i8+2kj7kcfWmWEPk2cakckbj9TVioe5JyhGDg0lW9Th8m8fA+VvmFVKsoKKKKACiiigAooooAKKKKACiiigAooooAKKKKACiiigAooooAKKKKACiiigAooooAKKKKACiiigAooooAKKKKACiiigAooooAKKKs2lykDYkhSRD1yoJFAFaiukhW1mjDxRxlT6KKl8mIf8ALJP++RU8wrnLUV1Xlxj+Bfypdqj+EflRzBcqaXD5VmpI5f5jVyiipEIQGUg8g8VzE8RhneM/wnFdRSEA9QKadgOUorqtif3R+VHlx/3F/KnzDucrRXUGGLvGn/fIrLvryAZjt4oye77R+lO9wMuiiimMKKKKACiiigAooooAKKKKACiiigAooooAKKKKANrRYtsLyn+I4H0FLe6mkWUhw7+vYVmveSG3S3j+SNRg46mq1Kwh8kjyuXkYsx7mmUUUxhTkdkYMjFWHQim0UAbNnqivhLjCt/f7H61Jq8fmWYkHOw5/A1hVZgvJIo2hb54mGCp7fSlYRWooopjCiiigAooooAKKKKACiiigAooooAKKKKACiiigAopRwc4zWrZLp9yAphCyf3Sx5+lDEZNFdGLC0H/LFf1pRZWo/wCWCflU8wXObqezi8+6jj7E8/St8WlsP+WEf/fIpyQxRnKRIp9QoFHMFySiiipEZ2sw77dZQOUPP0NYldWQGGCAR6GmeRD/AM8U/wC+RTTGcvRXUfZ4P+eMf/fIpPs0H/PCP/vkU+YLnMUV0U62cEe+WKIDt8gyaxLqdZnykSRoOgVQPzpp3AgooopjCiiigAooooAKKKKACiiigAooooAKKKKACiiigAooooAKKKKACiiigAooooAKKKKACiiigAooooAKKKKACiiigCW3uJLeTfG2PUdjW7Z3sd0uB8sndT/SudpVYqwZSQR0IpNXEdXRWXY6oGxHcHDdn7H61qVAgooooAKKKKACmSypDGXkYKoqG7vYrVefmc9FFYVxcy3Mm6RvoOwppXAsXuoPcZRMpF6dz9ao0UVZQUUUUAFFFFABRRRQAUUUUAFFFFABRRRQAUUUUAFFFFABRRRQAUUUUAFFFFABRRRQAUUUUAFFFFABRRRQAUUUUAFFFFABRRRQAUUUUAFFFFABSgkHI4NJRQBq2WqYxHcHI7P/AI1rAhgCCCD3FcpVuzvpLU4+9H3U/wBKloVjoaKit7iO4j3xtn1HcVLUiCiiigAooooAKqXt9Hajb96Tsvp9arX2phcx25ye7+n0rIJLEkkknuapIdh888k8heRsn+VR0UVQwooooAKKKKACiiigAooooAKKKKACiiigAooooAKKKKACiiigAooooAKKKKACiiigAooooAKKKKACiiigAooooAKKKKACiiigB0aGSRUHViAK6lFCIqjoBgVhaRF5l4GPRBmt6pkJhRRSFgCASAT0z3qRC0UUUAYmsxbbhZB0cfqKzq39Wi8yzLAcod1YFWhoKKKKYwooooAKKKKACiiigAooooAKKKKACiiigAooooAKKKKACiiigAooooAKKKKACiiigAooooAKKKKACiiigAooooAKKKKACiiigAooooAKKKKACiiigAooooA0tFjJneTsq4/OtqqWkxeXZBj1c7qu1D3JCiiikAUyVBJE8Z6MCKfRQByjKVYqeoODSVc1SLyr1iOj/MKp1oUFFFFABRRRQAUUUUAFFFFABRRRQAUUUUAFFFFABRRRQAUUUUAFFFFABRRRQAUUUUAFFFFABRRRQAUUUUAFFFFABRRRQAUUUUAFFFKBk4FAG1o0W22aQ9XP6CtGoYwlraoHYKqLyTWXe6o0mUgyqf3u5/wqNyS7eajHb5RMPJ6dh9axZp5Z5N8jknt7VFRVJWGadnqjJhLjLL/e7j61ro6uoZGDKehFcrU9rdy2rZQ/L3U9DSaCx0boHjZD0YYNcu6lJGQ9VODXQ2l7FdL8p2v3U9aytWi8u8LDo43UIEUaKKKoYUUUUAFFFFABRRRQAUUUUAFFFFABRRRQAUUUUAFFFFABRRRQAUUUUAFFFFABRRRQAUUUUAFFFFABRRRQAUUUUAFFFFABRRRQAUUUUAFFFFABRRRQAU5FLuqjqxwKbV3SovMvVJ6IN1AG7GgjjVB0UAClJCgkkADuaiubmK2TdI30A6msO7vpbo4Pyx9lH9ahK5JcvdU6x234v/hVCC7mgkLo5OeoPINQUVVhnRWl9FdDAO2T+6f6VarlASDkHBFadnqpXCXHI/v9/wAaTQWJtai3QpKOqnB+hrFrpp0W5tHVSGDLwR+lczTQIKKKKYwooooAKKKKACiiigAooooAKKKKACiiigAooooAKKKKACiiigAooooAKKKKACiiigAooooAKKKKACiiigAooooAKKKKACpIHWOZHZdwU5x61HRQBPc3Uty+6RuOyjoKgoooAKKKKACiiigBVYqwZSQR0IqxcXbXMKLKMuh4b1FVqKACiiigAooooAKKKKACiiigAooooAKKKKACiiigAooooAKKKKACiiigAooooAKKKKACiiigAooooAKKKKACiiigAooooAKKKKACiiigAooooAKKKKACiiigAq3aXYtYpCi5lfgE9AKqUUAPkkeVy8jFmPc0yiigAooooAKKKKALFrdy2rZQ5Xup6Go5mV5ndAQGOcelR0UAFFFFABRRRQAUUUUAFFFFABRRRQAUUUUAFFFFABRRRQAUUUUAFFFFABRRRQAUUUUAFFFFABRRRQAUUUUAFFFFABRRRQAUUUUAFFFFABRRRQAUUUUAFFFFABRRRQAUUUUAFFFFABRRRQAUUUUAFFFFABRRRQAUUUUAFFFFABRRRQAUUUUAFFFFABRRRQAUUUUAFFFFABRRRQAUUUUAFFFFABRRRQAUUUUAFFFFABRRRQAUUUUAFFFFABRRRQAUUUUAFFFFABRRRQAUUUUAFFFFABRRRQAUUUUAFFFFABRRRQAUUUUAFFFFABRRRQAUUUUAFFFFABRRRQAUUUUAFFFFABRRRQAUUUUAFFFFABRRRQAUUUUAFFFFABRRRQAUUUUAFFFFABRRRQAUUUUAFFFFABRRRQAUUUUAFFFFABRRRQAUUUUAFFFFABRRRQAUUUUAFFFFABRRRQAUUUUAFFFFABRRRQAUUUUAFFFFABRRRQAUUUUAFFFFABRRRQAUUUUAFFFFABRRRQAUUUUAFFFFABRRRQAUUUUAFFFFABRRRQAUUUUAFFFFABRRRQAUUUUAFFFFABRRRQAUUUUAFFFFABRRRQAUUUUAFFFFABRRRQAUUUUAFFFFABRRRQAUUUUAFFFFABRRRQAUUUUAFFFFABRRRQAUUUUAFFFFABRRRQAUUUUAFFFFABRRRQAUUUUAFFFFABRRRQAUUUUAFFFFABRRRQAUUUUAFFFFABRRRQAUUUUAFFFFABRRRQAUUUUAFFFFABRRRQAUUUUAFFFFABRRRQAUUUUAFFFFABRRRQAUUUUAFFFFABRRRQAUUUUAFFFPhjMsyRjqxxQAyipbmIwXDxH+E8fSoqACiiigAooooAKKKKACiiigAooooAKKKKACiiigAooooAKKKKACiiigAooooAKKKKACiiigAooooAKKKKACiiigAooooAKKKKACiiigAooooAKKKKACiiigAooooAKKKKACiiigAooooAKKKKACiiigAooooAKKKKACiiigAooooAKKKKACiiigAooooAKKKKACiiigAooooAKKKKACiiigAooooAKKKKACiiigAooooAKKKKACiiigAooooAKKKKACtHRod9w0pHCDj6ms6ug0uHyrJSRy/wAxpMTKetQ4kSYD7w2n61l10l/D51m6gcgZH1Fc3QgQUUUUxhRRRQAUUUUAFFFFABRRRQAUUUUAFFFFABRRRQAUUUUAFFFFABRRRQAUUUUAFFFFABRRRQAUUUUAFFFFABRRRQAUUUUAFFFFABRRRQAUUUUAFFFFABRRRQAUUUUAFFFFABRRRQAUUUUAFFFFABRRRQAUUUUAFFFFABRRRQAUUUUAFFFFABRRRQAUUUUAFFFFABRRRQAUUUUAFFFFABRRRQAUUUUAFFFFABRRRQAUUUUAFFFKAScAEn2oASin+VIf+WbflS+RMf8Alk//AHyaAI6Kl+zXB/5YSf8AfJpfslyf+WEn/fJoAbBEZp0jH8RxXTgBQAOAOKytJtJEnaWWMrtGBketa1QxMK5q9h8i7kTtnI+ldLWbq1q8xjkiQsw+UgelCBGLRVj7Fdf88H/Kk+x3P/PCT/vmrGQUVN9kuf8AnhJ/3yaPstx/zwk/75NAENFOdHjOHVlPoRim0AFFFFABRRRQAUUUUAFFFFABRRRQAUUUUAFFFFABRRRQAUUUUAFFFFABRRRQAUUUUAFFFFABRRRQAUUUUAFFFFABRRRQAUUUUAFFFFABRRRQAUUUUAFFFFABRRRQAUUUUAFFFFABRRRQAUUUUAFFFFABRRRQAUUUUAFFFFABRRRQAUUUUAFFFFABRRRQAUUUUAFFFFABRRRQAUUUUAFFFFABRRRQAUUUUAFOVmRgykhh0IptFAG1ZamsmI5yFfs3Y1pVydX7LUXgwkmXj/UVLQrG7RTIpElQPGwZT3FPqRBRRRQAUUUUAFFFNd1jQu7BVHUmgB1Z19qaxZjgwz927Cqt9qTTZjhysfc9zWdVJDsOd2dizsWY9SabRRVDCiiigAooooAKKKKACiiigAooooAKKKKACiiigAooooAKKKKACiiigAooooAKKKKACiiigAooooAKKKKACiiigAooooAKKKKACiiigAooooAKKKKACiiigAooooAKKKKACiiigAooooAKKKKACiiigAooooAKKKKACiiigAooooAKKKKACiiigAooooAKKKKACiiigAooooAKKKKACiiigAooooAKKKKACiiigAooooAmtrmW2fdGeO4PQ1vWd2l3GWUEMPvA9q5ut7SIvLs9x6uc/hUsTL1FFFSIKKKKAIrm4S2hMj5x0AHc1gXd3LdPljhR0UdBW7fRedZyJ3xkfUVzVVEaCiiiqGFFFFABRRRQAUUUUAFFFFABRRRQAUUUUAFFFFABRRRQAUUUUAFFFFABRRRQAUUUUAFFFFABRRRQAUUUUAFFFFABRRRQAUUUUAFFFFABRRRQAUUUUAFFFFABRRRQAUUUUAFFFFABRRRQAUUUUAFFFFABRRRQAUUUUAFFFFABRRRQAUUUUAFFFFABRRRQAUUUUAFFFFABRRRQAUUUUAFFFFABRRRQAUUUUAFFFFABRRRQAUUUUAOVS7BR1JwK6iNBHGqDooArB0qLzL1SeifNXQVMhMKbJIkSF3YKo7mq93fRWowTuk7KP61h3NzLcvukbjso6CklcR0UE8U6bomDD+VSVy0UskLh42KtW1Z6lHPhJcJJ+hoaHYv1zN5F5N1JH2B4+ldNWPrcWJI5QPvDaaECMuiiirGFFFFABRRRQAUUUUAFFFFABRRRQAUUUUAFFFFABRRRQAUUUUAFFFFABRRRQAUUUUAFFFFABRRRQAUUUUAFFFFABRRRQAUUUUAFFFFABRRRQAUUUUAFFFFABRRRQAUUUUAFFFFABRRRQAUUUUAFFFFABRRRQAUUUUAFFFFABRRRQAUUUUAFFFFABRRRQAUUUUAFFFFABRRRQAUUUUAFFFFABRRRQAUUUUAFFFFABRRRQAUUUUAbOjRhIJJmwATjJ9BTL3Vesdt+L/4VnPcSPCsOcRr/AAjvUVKwhSSxJJJJ7mkoopjCiiigC/Z6lJBhJcvH+oq/feXd6ezxMG2/MMe1YNSQzSQtlGxngjsaVhEdFFFMYUUUUAFFFFABRRRQAUUUUAFFFFABRRRQAUUUUAFFFFABRRRQAUUUUAFFFFABRRRQAUUUUAFFFFABRRRQAUUUUAFFFFABRRRQAUUUUAFFFFABRRRQAUUUUAFFFFABRRRQAUUUUAFFFFABRRRQAUUUUAFFFFABRRRQAUUUUAFFFFABRRRQAUUUUAFFFFABRRRQAUUUUAFFFFABRRRQAUUUUAFFFFABRRRQAUUUUAFFFFABRRRQAUUUUAFFFFABRRRQAUUUUAFFFFABRRRQAUUUUAFFFFABRRRQAUUUUAFFFFABRRRQAUUUUAFFFFABRRRQAUUUUAFFFFABRRRQAUUUUAFFFFABRRRQAUUUUAFFFFABRRRQAUUUUAFFFFABRRRQAUUUUAFFFFABRRRQAUUUUAFFFFABRRRQAUUUUAFFFFABRRRQAUUUUAFFFFABRRRQAUUUUAFFFFABRRRQAUUUUAFFFFABRRRQAUUUUAFFFFABRRRQAUUUUAFFFFABRRRQAUUUUAFFFFABRRRQAUUUUAFFFFABRRRQAUUUUAFFFFABRRRQAUUUUAFFFFABRRRQAUUUUAFFFFABRRRQAUUUUAFFFFABRRRQAUUUUAFFFFABRRRQAUUUUAFFFFABRRRQAUUUUAFFFFABRRRQAUUUUAFFFFABRRRQAUUUUAFFFFABRRRQAUUUUAFFFFABRRRQAUUUUAFFFFABRRRQAUUUUAFFFFABRRRQAUUUUAFFFFABRRRQAUUUUAFFFFABRRRQAUUUUAFFFFABRRRQAUUUUAFFFFABRRRQAUUUUAFFFFABRRRQAUUUUAFFFFABRRRQAUUUUAFFFFABRRRQAUUUUAFFFFABRRRQAUUUUAFFFFABRRRQAUUUUAFFFFABRRRQAUUUUAFFFFABRRRQAUUUUAFFFFABRRRQAUUUUAFFFFABRRRQAUUUUAFFFFABRRRQAUUUUAFFFFABRRRQAUUUUAFFFFABRRRQAUUUUAFFFFABRRRQAUUUUAFFFFABRRRQAUUUUAFFFFABRRRQAUUUUAFFFFABRRRQAUUUUAFFFFABRRRQAUUUUAFFFFABRRRQAUUUUAFFFFABRRRQAUUUUAFFFFABRRRQAUUUUAFFFFABRRRQAUUUUAFFFFABRRRQAUUUUAFFFFABRRRQAUUUUAFFFFABRRRQAUUUUAFFFFABRRRQAUUUUAFFFFABRRRQAUUUUAFFFFABRRRQAUUUUAFFFFABRRRQAUUUUAFFFFABRRRQAUUUUAFFFFABRRRQAUUUUAFFFFABRRRQAUUUUAFFFFABRRRQAUUUUAFFFFABRRRQAUUUUAFFFFABRRRQAUUUUAFFFFABRRRQAUUUUAFFFFABRRRQAUUUUAFFFFABRRRQAUUUUAFFFFABRRRQAUUUUAFFFFABRRRQAUUUUAFFFFABRRRQAUUUUAFFFFABRRRQAUUUUAFFFFABRRRQAUUUUAFFFFABRRRQAUUUUAFFFFABRRRQAUUUUAFFFFABRRRQAUUUUAFFFFABRRRQAUUUUAFFFFABRRRQAUUUUAFFFFABRRRQAUUUUAFFFFABRRRQAUUUUAFFFFABRRRQAUUUUAFFFFABRRRQAUUUUAFFFFABRRRQAUUUUAFFFFABRRRQAUUUUAFFFFABRRRQAUUUUAFFFFABRRRQAUUUUAFFFFABRRRQAUUUUAFFFFABRRRQAUUUUAFFFFABRRRQAUUUUAFFFFABRRRQAUUUUAFFFFABRRRQAUUUUAFFFFABRRRQAUUUUAFFFFABRRRQAUUUUAFFFFABRRRQAUUUUAFFFFABRRRQAUUUUAFFFFABRRRQAUUUUAFFFFABRRRQAUUUUAFFFFABRRRQAUUUUAFFFFABRRRQAUUUUAFFFFABRRRQAUUUUAFFFFABRRRQAUUUUAFFFFABRRRQAUUUUAFFFFABRRRQAUUUUAFFFFABRRRQAUUUUAFFFFABRRRQAUUUUAFFFFABRRRQAUUUUAFFFFABRRRQAUUUUAFFFFABRRRQAUUUUAFFFFABRRRQAUUUUAFFFFABRRRQAUUUUAFFFFABRRRQAUUUUAFFFFABRRRQAUUUUAFFFFABRRRQAUUUUAFFFFABRRRQAUUUUAFFFFABRRRQAUUUUAFFFFABRRRQAUUUUAFFFFABRRRQAUUUUAFFFFABRRRQAUUUUAFFFFABRRRQAUUUUAFFFFABRRRQAUUUUAFFFFABRRRQAUUUUAFFFFABRRRQAUUUUAFFFFABRRRQAUUUUAFFFFABRRRQAUUUUAFFFFABRRRQAUUUUAFFFFABRRRQAUUUUAFFFFABRRRQAUUUUAFFFFABRRRQAUUUUAFFFFABRRRQAUUUUAFFFFABRRRQAUUUUAFFFFABRRRQAUUUUAFFFFABRRRQAUUUUAFFFFAH/9kNCg==&apos;, &apos;children&apos;: [], &apos;features&apos;: {}}], &apos;features&apos;: {}}
*********************





--------------------------------- CONTENT AREA --------------------------------- 
This content area has an image
{&apos;type&apos;: &apos;figure&apos;, &apos;bbox&apos;: (0.0, -0.3299, 595.3, 535.1701), &apos;name&apos;: &apos;Image4&apos;, &apos;children&apos;: [{&apos;type&apos;: &apos;image&apos;, &apos;height&apos;: 535.5, &apos;width&apos;: 595.3, &apos;value&apos;: &apos;data:image/jpeg;base64,/9j/4AAQSkZJRgABAQEAwADAAAD/2wBDAA0JCgsKCA0LCwsPDg0QFCEVFBISFCgdHhghMCoyMS8qLi00O0tANDhHOS0uQllCR05QVFVUMz9dY1xSYktTVFH/2wBDAQ4PDxQRFCcVFSdRNi42UVFRUVFRUVFRUVFRUVFRUVFRUVFRUVFRUVFRUVFRUVFRUVFRUVFRUVFRUVFRUVFRUVH/wAARCALJAxkDASIAAhEBAxEB/8QAHwAAAQUBAQEBAQEAAAAAAAAAAAECAwQFBgcICQoL/8QAtRAAAgEDAwIEAwUFBAQAAAF9AQIDAAQRBRIhMUEGE1FhByJxFDKBkaEII0KxwRVS0fAkM2JyggkKFhcYGRolJicoKSo0NTY3ODk6Q0RFRkdISUpTVFVWV1hZWmNkZWZnaGlqc3R1dnd4eXqDhIWGh4iJipKTlJWWl5iZmqKjpKWmp6ipqrKztLW2t7i5usLDxMXGx8jJytLT1NXW19jZ2uHi4+Tl5ufo6erx8vP09fb3+Pn6/8QAHwEAAwEBAQEBAQEBAQAAAAAAAAECAwQFBgcICQoL/8QAtREAAgECBAQDBAcFBAQAAQJ3AAECAxEEBSExBhJBUQdhcRMiMoEIFEKRobHBCSMzUvAVYnLRChYkNOEl8RcYGRomJygpKjU2Nzg5OkNERUZHSElKU1RVVldYWVpjZGVmZ2hpanN0dXZ3eHl6goOEhYaHiImKkpOUlZaXmJmaoqOkpaanqKmqsrO0tba3uLm6wsPExcbHyMnK0tPU1dbX2Nna4uPk5ebn6Onq8vP09fb3+Pn6/9oADAMBAAIRAxEAPwDm6KKK9g5QooooAKKKKACiiigAooooAKKKKACiiigAooooAKKKKACiiigAooooAKKKKACiiigAooooAKKKKACiiigAooooAKKKKACiiigAooooAKKKKACiiigAooooAKKKKACiiigAooooAKKKKACiiigAooooAKKKKACiiigAooooAKKKKACiiigAooooAKKKKACiiigAooooAKKKKACiiigAooooAKKKKACiiigAooooAKKKKACiiigAooooAKKKKACiiigAooooAKKKKACiiigAooooAKKKKACiiigAooooAKKKKACiiigAooooAKKKKACiiigAooooAKKKKACiiigAooooAKKKKACiiigAooooAKKKKACiiigAooooAKKKKACiiigAooooAKKKKACiiigAooooAKKKKACiiigAooooAKKKKACiiigAooooAKKKKACiiigAooooAKKKKACiiigAooooAKKKKACiiigAooooAKKKKACiiigAooooAKKKKACiiigAooooAKKKKACiiigAooooAKKKKACiiigAooooAKKKKACiiigAooooAKKKKACiiigAooooAKKKKACiiigAooooAKKKKACiiigAooooAKKKKACiiigAooooAKKKKACiiigAooooAKKKKACiiigAooooAKKKKACiiigAooooAKKKKACiiigAooooAKKKKACiiigAooooAKKKKACiiigAooooAKKKKACiiigAooooAKKKKACiiigAooooAKKKKACiiigAooooAKKKKACiiigAooooAKKKKACiiigAooooAKKKKACiiigAooooAKKKKACiiigAooooAKKKKACiiigAooooAKKKKACiiigAooooAKKKKACiiigAooooAKKKKACiiigAooooAKKKKACiiigAooooAKKKKACiiigAooooAKKKKACiiigAooooAKKKKACiiigAooooAKKKKACiiigAooooAKKKKACiiigAooooAKKKKACiiigAooooAKKKKACiiigAooooAKKKKACiiigAooooAKKKKACiiigAooooAKKKKACiiigAooooAKKKKACiiigAooooAKKKKACiiigAooooAKKKKACiiigAooooAKKKKACiiigAooooAKKKKACiiigAooooAKKKKACiiigAooooAKKKKACiiigAooooAKKKKACiiigAooooAKKKKACiiigAooooAKKKKACiiigAooooAKKKKACiiigAooooAKKKKACiiigAooooAKKKKACiiigAooooAKKKKACiiigAooooAKKKKACiiigAooooAKKKKACiiigAooooAKKKKACiiigAooooAKKKKACiiigAooooAKKKKACiiigAooooAKKKKACiiigAooooAKKKKACiiigAooooAKKKKACiiigAooooAKKKKACiiigAooooAKKKKACiiigAooooAKKKKACiiigAooooAKKKKACiiigAooooAKKKKACiiigAooooAKKKKACiiigAooooAKKKKACiiigAooooAKKKKACiiigAooooAKKKKACiiigAooooAKKKKACiiigAooooAKKKKACiiigAooooAKKKKACiiigAooooAKKKKACiiigAooooAKKKKACiiigAooooAKKKKACiiigAooooAKKKKACiiigAooooAKKKKACiiigAooooAKKKKACiiigAooooAKKKKACiiigAooooAKKKKACiiigAooooAKKKKACiiigAooooAKKKKACiiigAooooAKKKKACiiigAooooAKKKKACiiigAooooAKKKKACiiigAooooAKKKKACiiigAooooAKKKKACiiigAooooAKKKKACiiigAooooAKKKKACiiigAooooAKKKKACiiigAooooAKKKKACiiigAooooAKKKKACiiigAooooAKKKKACiiigAooooAKKKKACiiigAooooAKKKKACiiigAooooAKKKKACiiigAooooAKKKKACiiigAooooAKKKKACiiigAooooAKKKKACiiigAooooAKKKKACiiigAooooAKKKKACiiigAooooAKKKKACiiigAooooAKKKKACiiigAooooAKKKKACiiigAooooAKKKKACiiigAooooAKKKKACiiigAooooAKKKKACiiigAooooAKKKKACiiigAooooAKKKKACiiigAooooAKKKKACiiigAooooAKKKKACiiigAooooAKKKKACiiigAooooAKKKKACiiigAooooAKKKKACiiigAooooAKKKKACiiigAooooAKKKKACiiigAooooAKKKKACiiigAooooAKKKKACiiigAooooAKKKKACiiigAooooAKKKKACiiigAooooAKKKKACiiigAooooAKKKKACiiigAooooAKKKKACiiigAooooAKKKKACiiigAooooAKKKKACiiigAooooAKKKKACiiigAooooAKKKKACiiigAooooAKKKKACiiigAooooAKKKKACiiigAooooAKKKKACiiigAooooAKKKKACiiigAooooAKKKKACiiigAooooAKKKKACiiigAooooAKKKKACiiigAooooAKKKKACiiigAooooAKKKKACiiigAooooAKKKKACiiigAooooAKKKKACiiigAooooAKKKKACiiigAooooAKKKKACiiigAooooAKKKKACiiigAooooAKKKKACiiigAooooAKKKKACiiigAooooAKKKKACiiigAooooAKKKKACiiigAooooAKKKKACiiigAooooAKKKKACiiigAooooAKKKKACiiigAooooAKKKKACiiigAooooAKKKKACiiigAooooAKKKKACiiigAooooAKKKKACiiigAooooAKKKKACiiigAooooAKKKKACiiigAooooAKKKKACiiigAooooAKKKKACiiigAooooAKKKKACiiigAooooAKKKKACiiigAooooAKKKKACiiigAooooAKKKKACiiigAooooAKKKKACiiigAooooAKKKKACiiigAooooAKKKKACiiigAooooAKKKKACiiigAooooAKKKKACiiigAooooAKKKKACiiigAooooAKKKKACiiigAooooAKKKKACiiigAooooAKKKKACiiigAooooAKKKKACiiigAooooAKKKKACiiigAooooAKKKKACiiigAooooAKKKKACiiigAooooAKKKKACiiigAooooAKKKKACiiigAooooAKKKKACiiigAooooAKKKKACiiigAooooAKKKKACiiigAooooAKKKKACiiigAooooAKKKKACiiigAooooAKKKKACiiigAooooAKKKKACiiigAooooAKKKKACiiigAooooAKKKKACiiigAooooAKKKKACiiigAooooAKKKKACiiigAooooAKKKKACiiigAooooAKKKKACiiigAooooAKKKKACiiigAooooAKKKKACiiigAooooAKKKKACiiigAooooAKKKKACiiigAooooAKKKKACiiigAooooAKKKKACiiigAooooAKKKKACiiigAooooAKKKKACiiigAooooAKKKKACiiigAooooAKKKKACiiigAooooAKKKKACiiigAooooAKKKKACiiigAooooAKKKKACiiigAooooAKKKKACiiigAooooAKKKKACiiigAooooAKKKKACiiigAooooAKKKKACiiigAooooAKKKKACiiigAooooAKKKKACiiigAooooAKKKKACiiigAooooAKKKKACiiigAooooAKKKKACiiigAooooAKKKKACiiigAooooAKKKKACiiigAooooAKKKKACiiigAooooAKKKKACiiigAooooAKKKKACiiigAooooAKKKKACiiigAooooAKKKKACiiigAooooAKKKKACiiigAooooAKKKKACiiigAooooAKKKKACiiigAooooAKKKKACiiigAooooAKKKKACiiigAooooAKKKKACiiigAooooAKKKKACiiigAooooAKKKKACiiigAooooAKKKKACiiigAooooAKKKKACiiigAooooAKKKKACiiigAooooAKKKKACiiigAooooAKKKKACiiigAooooAKKKKACiiigAooooAKKKKACiiigAooooAKKKKACiiigAooooAKKKKACiiigAooooAKKKKACiiigAooooAKKKKACiiigAooooAKKKKACiiigAooooAKKKKACiiigAooooAKKKKACiiigAooooAKKKKACiiigAooooAKKKKACiiigAooooAKKKKACiiigAooooAKKKKACiiigAooooAKKKfFGZZVjXqxxQAyinSIY5GRuqnBptABRRRQAUUUUAFFFFABRRRQAUUUUAFFFFABRRRQAUUUUAFFFFABRRRQAUUUUAFFFFABRRRQAUUUUAFFFFABRRRQAUUUUAFFFFABRRRQAUUUUAFFFFABRRRQAUUUUAFFFFABRRRQAUUUUAFFFFABRRRQAUUUUAFFFFABRRRQAUUUUAFFFFABRRRQAUUUUAFFFFABRRRQAUUUUAFFFFABRRRQAUUUUAFFFFABRRRQAUUUUAFFFFABRRRQAUUUUAFFFFABWjo0O+5MhHCD9TWdXQaVD5VmpI5f5j/SkxMz9Yh8u6EgHEgz+NZ9b+rQ+bZlgOUO7/ABrAoQIKKKKYwooooAKKKKACiiigAooooAKKKKACiiigAooooAKKKKACiiigAooooAKKKKACiiigAooooAKKKKACiiigAooooAKKKKACiiigAooooAKKKKACiiigAooooAKKKKACiiigAooooAKKKKACiiigAooooAKKKKACiiigAooooAKKKKACiiigAooooAKKKKACiiigAooooAKKKKACiiigAooooAKKKKACiiigAooooAKKKKACiiigAooooAKKKKAJIIzNMkY/iOK6dQFUKBgDgVjaLDunaUjhBgfU1tVLExGUMpUjIIwa5ieMwzPGeqnFdRWLrMO2dZQOHGD9RQgRm0UtJVDCiiigAooooAKKKKACiiigAooooAKKKKACiiigAooooAKKKKACiiigAooooAKKKKACiiigAooooAKKKKACiiigAooooAKKKKACiiigAooooAKKKKACiiigAooooAKKKKACiiigAooooAKKKKACiiigAooooAKKKKACiiigAooooAKKKKACiiigAooooAKKKKACiiigAooooAKKKKACiiigAooooAKKKKACiiigAooooAKfG5jcMArY7MMimUUAbtlNaXK4EMayd12j9KueTEP+WSf98iuXBKkFSQR0IrXstUDYjuDg9n/xqWhGl5cY/gX8qXao/hH5UoOeRRUiCiiigAooooAMD0pNo9BS0E4GT0oAbsT+6Pyqne3VvbAqER5P7uOn1qC+1TGY7c/V/wDCskkkkk5JqkhjpZGlcu2Mn0GKZRRVDCiiigAooooAKKKKACiiigAooooAKKKKACiiigAooooAKKKKACiiigAooooAKKKKACiiigAooooAKKKKACiiigAooooAKKKKACiiigAooooAKKKKACiiigAooooAKKKKACiiigAooooAKKKKACiiigAooooAKKKKACiiigAooooAKkjheSOR16RjJqOt3TLcCxO4f63Ofp0pN2EYVFPlQxStG3VTimUxhRRRQAUUUUAFFFFABRRRQAUUUUAFFFFABRRRQAUUUUAFFFFABRRRQBdstQktsI2Xi9O4+lbkM0c8YeNgwNctW9pEXl2YY9XOaloTL1FFFSIKKKKAGTSxwxl5GCqKw73UJLklFykXp3P1rT1SLzbJiOqfMK5+qSGgoooqhhRRRQAUUUUAFFFFABRRRQAUUUUAFFFFABRRRQAUUUUAFFFFABRRRQAU+WJomCuMEgH86faRefdRx9iefpWjrUPyxzAdPlP9KVxGRRRRTGFFFFABRRRQAUUUUAFFFFABRRRQAUUUUAFFFFABRRRQAUUUUAFFFFABRRRQAUUUUAFFFFABRRRQAUUUUAFFFFABRRRQAUUUUAFFFFABRRRQAUUUUAPijMsqRjqxxXUIoRAq8ADArF0aHfctKRwg4+prbqWJmJrMOy5EgHDj9RWdXQapD5tmxA5T5h/WufpoEFFFFMYUUUUAFFFFABRRRQAUUUUAFFFFABRRRQAUUUUAFFFFABRRRQA5FLuFHUnArqI0EcaoOigCsLSovMvVJ6IN1b9TITCkJABJOAO9RXFzFbJukb6AdTWJeX0t0cfdj7KP60kriOgVgygqQQehFLXOWl7Lat8p3J3U9K3LW7iulyhw3dT1FDVgJmUMpU9CMGuXlQxSvGeqkiuprC1iLZd7x0cZ/GnEaKFFFFUMKKKKACiiigAooooAKKKKACiiigAooooAKKKKACiiigAooooAKKKKANXRIctJMe3yitK6i8+2kj7kcfWmWEPk2cakckbj9TVioe5JyhGDg0lW9Th8m8fA+VvmFVKsoKKKKACiiigAooooAKKKKACiiigAooooAKKKKACiiigAooooAKKKKACiiigAooooAKKKKACiiigAooooAKKKKACiiigAooooAKKKs2lykDYkhSRD1yoJFAFaiukhW1mjDxRxlT6KKl8mIf8ALJP++RU8wrnLUV1Xlxj+Bfypdqj+EflRzBcqaXD5VmpI5f5jVyiipEIQGUg8g8VzE8RhneM/wnFdRSEA9QKadgOUorqtif3R+VHlx/3F/KnzDucrRXUGGLvGn/fIrLvryAZjt4oye77R+lO9wMuiiimMKKKKACiiigAooooAKKKKACiiigAooooAKKKKANrRYtsLyn+I4H0FLe6mkWUhw7+vYVmveSG3S3j+SNRg46mq1Kwh8kjyuXkYsx7mmUUUxhTkdkYMjFWHQim0UAbNnqivhLjCt/f7H61Jq8fmWYkHOw5/A1hVZgvJIo2hb54mGCp7fSlYRWooopjCiiigAooooAKKKKACiiigAooooAKKKKACiiigAopRwc4zWrZLp9yAphCyf3Sx5+lDEZNFdGLC0H/LFf1pRZWo/wCWCflU8wXObqezi8+6jj7E8/St8WlsP+WEf/fIpyQxRnKRIp9QoFHMFySiiipEZ2sw77dZQOUPP0NYldWQGGCAR6GmeRD/AM8U/wC+RTTGcvRXUfZ4P+eMf/fIpPs0H/PCP/vkU+YLnMUV0U62cEe+WKIDt8gyaxLqdZnykSRoOgVQPzpp3AgooopjCiiigAooooAKKKKACiiigAooooAKKKKACiiigAooooAKKKKACiiigAooooAKKKKACiiigAooooAKKKKACiiigCW3uJLeTfG2PUdjW7Z3sd0uB8sndT/SudpVYqwZSQR0IpNXEdXRWXY6oGxHcHDdn7H61qVAgooooAKKKKACmSypDGXkYKoqG7vYrVefmc9FFYVxcy3Mm6RvoOwppXAsXuoPcZRMpF6dz9ao0UVZQUUUUAFFFFABRRRQAUUUUAFFFFABRRRQAUUUUAFFFFABRRRQAUUUUAFFFFABRRRQAUUUUAFFFFABRRRQAUUUUAFFFFABRRRQAUUUUAFFFFABSgkHI4NJRQBq2WqYxHcHI7P/AI1rAhgCCCD3FcpVuzvpLU4+9H3U/wBKloVjoaKit7iO4j3xtn1HcVLUiCiiigAooooAKqXt9Hajb96Tsvp9arX2phcx25ye7+n0rIJLEkkknuapIdh888k8heRsn+VR0UVQwooooAKKKKACiiigAooooAKKKKACiiigAooooAKKKKACiiigAooooAKKKKACiiigAooooAKKKKACiiigAooooAKKKKACiiigB0aGSRUHViAK6lFCIqjoBgVhaRF5l4GPRBmt6pkJhRRSFgCASAT0z3qRC0UUUAYmsxbbhZB0cfqKzq39Wi8yzLAcod1YFWhoKKKKYwooooAKKKKACiiigAooooAKKKKACiiigAooooAKKKKACiiigAooooAKKKKACiiigAooooAKKKKACiiigAooooAKKKKACiiigAooooAKKKKACiiigAooooA0tFjJneTsq4/OtqqWkxeXZBj1c7qu1D3JCiiikAUyVBJE8Z6MCKfRQByjKVYqeoODSVc1SLyr1iOj/MKp1oUFFFFABRRRQAUUUUAFFFFABRRRQAUUUUAFFFFABRRRQAUUUUAFFFFABRRRQAUUUUAFFFFABRRRQAUUUUAFFFFABRRRQAUUUUAFFFKBk4FAG1o0W22aQ9XP6CtGoYwlraoHYKqLyTWXe6o0mUgyqf3u5/wqNyS7eajHb5RMPJ6dh9axZp5Z5N8jknt7VFRVJWGadnqjJhLjLL/e7j61ro6uoZGDKehFcrU9rdy2rZQ/L3U9DSaCx0boHjZD0YYNcu6lJGQ9VODXQ2l7FdL8p2v3U9aytWi8u8LDo43UIEUaKKKoYUUUUAFFFFABRRRQAUUUUAFFFFABRRRQAUUUUAFFFFABRRRQAUUUUAFFFFABRRRQAUUUUAFFFFABRRRQAUUUUAFFFFABRRRQAUUUUAFFFFABRRRQAU5FLuqjqxwKbV3SovMvVJ6IN1AG7GgjjVB0UAClJCgkkADuaiubmK2TdI30A6msO7vpbo4Pyx9lH9ahK5JcvdU6x234v/hVCC7mgkLo5OeoPINQUVVhnRWl9FdDAO2T+6f6VarlASDkHBFadnqpXCXHI/v9/wAaTQWJtai3QpKOqnB+hrFrpp0W5tHVSGDLwR+lczTQIKKKKYwooooAKKKKACiiigAooooAKKKKACiiigAooooAKKKKACiiigAooooAKKKKACiiigAooooAKKKKACiiigAooooAKKKKACpIHWOZHZdwU5x61HRQBPc3Uty+6RuOyjoKgoooAKKKKACiiigBVYqwZSQR0IqxcXbXMKLKMuh4b1FVqKACiiigAooooAKKKKACiiigAooooAKKKKACiiigAooooAKKKKACiiigAooooAKKKKACiiigAooooAKKKKACiiigAooooAKKKKACiiigAooooAKKKKACiiigAq3aXYtYpCi5lfgE9AKqUUAPkkeVy8jFmPc0yiigAooooAKKKKALFrdy2rZQ5Xup6Go5mV5ndAQGOcelR0UAFFFFABRRRQAUUUUAFFFFABRRRQAUUUUAFFFFABRRRQAUUUUAFFFFABRRRQAUUUUAFFFFABRRRQAUUUUAFFFFABRRRQAUUUUAFFFFABRRRQAUUUUAFFFFABRRRQAUUUUAFFFFABRRRQAUUUUAFFFFABRRRQAUUUUAFFFFABRRRQAUUUUAFFFFABRRRQAUUUUAFFFFABRRRQAUUUUAFFFFABRRRQAUUUUAFFFFABRRRQAUUUUAFFFFABRRRQAUUUUAFFFFABRRRQAUUUUAFFFFABRRRQAUUUUAFFFFABRRRQAUUUUAFFFFABRRRQAUUUUAFFFFABRRRQAUUUUAFFFFABRRRQAUUUUAFFFFABRRRQAUUUUAFFFFABRRRQAUUUUAFFFFABRRRQAUUUUAFFFFABRRRQAUUUUAFFFFABRRRQAUUUUAFFFFABRRRQAUUUUAFFFFABRRRQAUUUUAFFFFABRRRQAUUUUAFFFFABRRRQAUUUUAFFFFABRRRQAUUUUAFFFFABRRRQAUUUUAFFFFABRRRQAUUUUAFFFFABRRRQAUUUUAFFFFABRRRQAUUUUAFFFFABRRRQAUUUUAFFFFABRRRQAUUUUAFFFFABRRRQAUUUUAFFFFABRRRQAUUUUAFFFFABRRRQAUUUUAFFFFABRRRQAUUUUAFFFFABRRRQAUUUUAFFFFABRRRQAUUUUAFFFFABRRRQAUUUUAFFFFABRRRQAUUUUAFFFFABRRRQAUUUUAFFFFABRRRQAUUUUAFFFFABRRRQAUUUUAFFFFABRRRQAUUUUAFFFFABRRRQAUUUUAFFFFABRRRQAUUUUAFFFPhjMsyRjqxxQAyipbmIwXDxH+E8fSoqACiiigAooooAKKKKACiiigAooooAKKKKACiiigAooooAKKKKACiiigAooooAKKKKACiiigAooooAKKKKACiiigAooooAKKKKACiiigAooooAKKKKACiiigAooooAKKKKACiiigAooooAKKKKACiiigAooooAKKKKACiiigAooooAKKKKACiiigAooooAKKKKACiiigAooooAKKKKACiiigAooooAKKKKACiiigAooooAKKKKACiiigAooooAKKKKACtHRod9w0pHCDj6ms6ug0uHyrJSRy/wAxpMTKetQ4kSYD7w2n61l10l/D51m6gcgZH1Fc3QgQUUUUxhRRRQAUUUUAFFFFABRRRQAUUUUAFFFFABRRRQAUUUUAFFFFABRRRQAUUUUAFFFFABRRRQAUUUUAFFFFABRRRQAUUUUAFFFFABRRRQAUUUUAFFFFABRRRQAUUUUAFFFFABRRRQAUUUUAFFFFABRRRQAUUUUAFFFFABRRRQAUUUUAFFFFABRRRQAUUUUAFFFFABRRRQAUUUUAFFFFABRRRQAUUUUAFFFFABRRRQAUUUUAFFFKAScAEn2oASin+VIf+WbflS+RMf8Alk//AHyaAI6Kl+zXB/5YSf8AfJpfslyf+WEn/fJoAbBEZp0jH8RxXTgBQAOAOKytJtJEnaWWMrtGBketa1QxMK5q9h8i7kTtnI+ldLWbq1q8xjkiQsw+UgelCBGLRVj7Fdf88H/Kk+x3P/PCT/vmrGQUVN9kuf8AnhJ/3yaPstx/zwk/75NAENFOdHjOHVlPoRim0AFFFFABRRRQAUUUUAFFFFABRRRQAUUUUAFFFFABRRRQAUUUUAFFFFABRRRQAUUUUAFFFFABRRRQAUUUUAFFFFABRRRQAUUUUAFFFFABRRRQAUUUUAFFFFABRRRQAUUUUAFFFFABRRRQAUUUUAFFFFABRRRQAUUUUAFFFFABRRRQAUUUUAFFFFABRRRQAUUUUAFFFFABRRRQAUUUUAFFFFABRRRQAUUUUAFOVmRgykhh0IptFAG1ZamsmI5yFfs3Y1pVydX7LUXgwkmXj/UVLQrG7RTIpElQPGwZT3FPqRBRRRQAUUUUAFFFNd1jQu7BVHUmgB1Z19qaxZjgwz927Cqt9qTTZjhysfc9zWdVJDsOd2dizsWY9SabRRVDCiiigAooooAKKKKACiiigAooooAKKKKACiiigAooooAKKKKACiiigAooooAKKKKACiiigAooooAKKKKACiiigAooooAKKKKACiiigAooooAKKKKACiiigAooooAKKKKACiiigAooooAKKKKACiiigAooooAKKKKACiiigAooooAKKKKACiiigAooooAKKKKACiiigAooooAKKKKACiiigAooooAKKKKACiiigAooooAmtrmW2fdGeO4PQ1vWd2l3GWUEMPvA9q5ut7SIvLs9x6uc/hUsTL1FFFSIKKKKAIrm4S2hMj5x0AHc1gXd3LdPljhR0UdBW7fRedZyJ3xkfUVzVVEaCiiiqGFFFFABRRRQAUUUUAFFFFABRRRQAUUUUAFFFFABRRRQAUUUUAFFFFABRRRQAUUUUAFFFFABRRRQAUUUUAFFFFABRRRQAUUUUAFFFFABRRRQAUUUUAFFFFABRRRQAUUUUAFFFFABRRRQAUUUUAFFFFABRRRQAUUUUAFFFFABRRRQAUUUUAFFFFABRRRQAUUUUAFFFFABRRRQAUUUUAFFFFABRRRQAUUUUAFFFFABRRRQAUUUUAOVS7BR1JwK6iNBHGqDooArB0qLzL1SeifNXQVMhMKbJIkSF3YKo7mq93fRWowTuk7KP61h3NzLcvukbjso6CklcR0UE8U6bomDD+VSVy0UskLh42KtW1Z6lHPhJcJJ+hoaHYv1zN5F5N1JH2B4+ldNWPrcWJI5QPvDaaECMuiiirGFFFFABRRRQAUUUUAFFFFABRRRQAUUUUAFFFFABRRRQAUUUUAFFFFABRRRQAUUUUAFFFFABRRRQAUUUUAFFFFABRRRQAUUUUAFFFFABRRRQAUUUUAFFFFABRRRQAUUUUAFFFFABRRRQAUUUUAFFFFABRRRQAUUUUAFFFFABRRRQAUUUUAFFFFABRRRQAUUUUAFFFFABRRRQAUUUUAFFFFABRRRQAUUUUAFFFFABRRRQAUUUUAbOjRhIJJmwATjJ9BTL3Vesdt+L/4VnPcSPCsOcRr/AAjvUVKwhSSxJJJJ7mkoopjCiiigC/Z6lJBhJcvH+oq/feXd6ezxMG2/MMe1YNSQzSQtlGxngjsaVhEdFFFMYUUUUAFFFFABRRRQAUUUUAFFFFABRRRQAUUUUAFFFFABRRRQAUUUUAFFFFABRRRQAUUUUAFFFFABRRRQAUUUUAFFFFABRRRQAUUUUAFFFFABRRRQAUUUUAFFFFABRRRQAUUUUAFFFFABRRRQAUUUUAFFFFABRRRQAUUUUAFFFFABRRRQAUUUUAFFFFABRRRQAUUUUAFFFFABRRRQAUUUUAFFFFABRRRQAUUUUAFFFFABRRRQAUUUUAFFFFABRRRQAUUUUAFFFFABRRRQAUUUUAFFFFABRRRQAUUUUAFFFFABRRRQAUUUUAFFFFABRRRQAUUUUAFFFFABRRRQAUUUUAFFFFABRRRQAUUUUAFFFFABRRRQAUUUUAFFFFABRRRQAUUUUAFFFFABRRRQAUUUUAFFFFABRRRQAUUUUAFFFFABRRRQAUUUUAFFFFABRRRQAUUUUAFFFFABRRRQAUUUUAFFFFABRRRQAUUUUAFFFFABRRRQAUUUUAFFFFABRRRQAUUUUAFFFFABRRRQAUUUUAFFFFABRRRQAUUUUAFFFFABRRRQAUUUUAFFFFABRRRQAUUUUAFFFFABRRRQAUUUUAFFFFABRRRQAUUUUAFFFFABRRRQAUUUUAFFFFABRRRQAUUUUAFFFFABRRRQAUUUUAFFFFABRRRQAUUUUAFFFFABRRRQAUUUUAFFFFABRRRQAUUUUAFFFFABRRRQAUUUUAFFFFABRRRQAUUUUAFFFFABRRRQAUUUUAFFFFABRRRQAUUUUAFFFFABRRRQAUUUUAFFFFABRRRQAUUUUAFFFFABRRRQAUUUUAFFFFABRRRQAUUUUAFFFFABRRRQAUUUUAFFFFABRRRQAUUUUAFFFFABRRRQAUUUUAFFFFABRRRQAUUUUAFFFFABRRRQAUUUUAFFFFABRRRQAUUUUAFFFFABRRRQAUUUUAFFFFABRRRQAUUUUAFFFFABRRRQAUUUUAFFFFABRRRQAUUUUAFFFFABRRRQAUUUUAFFFFABRRRQAUUUUAFFFFABRRRQAUUUUAFFFFABRRRQAUUUUAFFFFABRRRQAUUUUAFFFFABRRRQAUUUUAFFFFABRRRQAUUUUAFFFFABRRRQAUUUUAFFFFABRRRQAUUUUAFFFFABRRRQAUUUUAFFFFABRRRQAUUUUAFFFFABRRRQAUUUUAFFFFABRRRQAUUUUAFFFFABRRRQAUUUUAFFFFABRRRQAUUUUAFFFFABRRRQAUUUUAFFFFABRRRQAUUUUAFFFFABRRRQAUUUUAFFFFABRRRQAUUUUAFFFFABRRRQAUUUUAFFFFABRRRQAUUUUAFFFFABRRRQAUUUUAFFFFABRRRQAUUUUAFFFFABRRRQAUUUUAFFFFABRRRQAUUUUAFFFFABRRRQAUUUUAFFFFABRRRQAUUUUAFFFFABRRRQAUUUUAFFFFABRRRQAUUUUAFFFFABRRRQAUUUUAFFFFABRRRQAUUUUAFFFFABRRRQAUUUUAFFFFABRRRQAUUUUAFFFFABRRRQAUUUUAFFFFABRRRQAUUUUAFFFFABRRRQAUUUUAFFFFABRRRQAUUUUAFFFFABRRRQAUUUUAFFFFABRRRQAUUUUAFFFFABRRRQAUUUUAFFFFABRRRQAUUUUAFFFFABRRRQAUUUUAFFFFABRRRQAUUUUAFFFFABRRRQAUUUUAFFFFABRRRQAUUUUAFFFFABRRRQAUUUUAFFFFABRRRQAUUUUAFFFFABRRRQAUUUUAFFFFABRRRQAUUUUAFFFFABRRRQAUUUUAFFFFABRRRQAUUUUAFFFFABRRRQAUUUUAFFFFABRRRQAUUUUAFFFFABRRRQAUUUUAFFFFABRRRQAUUUUAFFFFABRRRQAUUUUAFFFFABRRRQAUUUUAFFFFABRRRQAUUUUAFFFFABRRRQAUUUUAFFFFABRRRQAUUUUAFFFFABRRRQAUUUUAFFFFABRRRQAUUUUAFFFFABRRRQAUUUUAFFFFABRRRQAUUUUAFFFFABRRRQAUUUUAFFFFABRRRQAUUUUAFFFFABRRRQAUUUUAFFFFABRRRQAUUUUAFFFFABRRRQAUUUUAFFFFABRRRQAUUUUAFFFFABRRRQAUUUUAFFFFABRRRQAUUUUAFFFFABRRRQAUUUUAFFFFABRRRQAUUUUAFFFFABRRRQAUUUUAFFFFABRRRQAUUUUAFFFFABRRRQAUUUUAFFFFABRRRQAUUUUAFFFFABRRRQAUUUUAFFFFABRRRQAUUUUAFFFFABRRRQAUUUUAFFFFABRRRQAUUUUAFFFFABRRRQAUUUUAFFFFABRRRQAUUUUAFFFFABRRRQAUUUUAFFFFABRRRQAUUUUAFFFFABRRRQAUUUUAFFFFABRRRQAUUUUAFFFFABRRRQAUUUUAFFFFAH/9kNCg==&apos;, &apos;children&apos;: [], &apos;features&apos;: {}}], &apos;features&apos;: {}}
*********************





--------------------------------- NEW PAGE --------------------------------
--------------------------------- CONTENT AREA --------------------------------- 
Date: 4 February 2019
ESMA70-1861941480-52



--------------------------------- CONTENT AREA --------------------------------- 
This content area has an image
{&apos;type&apos;: &apos;figure&apos;, &apos;bbox&apos;: (74.35, 737.47, 118.6, 781.72), &apos;name&apos;: &apos;Image22&apos;, &apos;children&apos;: [{&apos;type&apos;: &apos;image&apos;, &apos;height&apos;: 44.25, &apos;width&apos;: 44.25, &apos;value&apos;: &apos;data:image/jpeg;base64,/9j/4AAQSkZJRgABAQEAwADAAAD/2wBDAA0JCgsKCA0LCwsPDg0QFCEVFBISFCgdHhghMCoyMS8qLi00O0tANDhHOS0uQllCR05QVFVUMz9dY1xSYktTVFH/2wBDAQ4PDxQRFCcVFSdRNi42UVFRUVFRUVFRUVFRUVFRUVFRUVFRUVFRUVFRUVFRUVFRUVFRUVFRUVFRUVFRUVFRUVH/wAARCAA6ADsDASIAAhEBAxEB/8QAHwAAAQUBAQEBAQEAAAAAAAAAAAECAwQFBgcICQoL/8QAtRAAAgEDAwIEAwUFBAQAAAF9AQIDAAQRBRIhMUEGE1FhByJxFDKBkaEII0KxwRVS0fAkM2JyggkKFhcYGRolJicoKSo0NTY3ODk6Q0RFRkdISUpTVFVWV1hZWmNkZWZnaGlqc3R1dnd4eXqDhIWGh4iJipKTlJWWl5iZmqKjpKWmp6ipqrKztLW2t7i5usLDxMXGx8jJytLT1NXW19jZ2uHi4+Tl5ufo6erx8vP09fb3+Pn6/8QAHwEAAwEBAQEBAQEBAQAAAAAAAAECAwQFBgcICQoL/8QAtREAAgECBAQDBAcFBAQAAQJ3AAECAxEEBSExBhJBUQdhcRMiMoEIFEKRobHBCSMzUvAVYnLRChYkNOEl8RcYGRomJygpKjU2Nzg5OkNERUZHSElKU1RVVldYWVpjZGVmZ2hpanN0dXZ3eHl6goOEhYaHiImKkpOUlZaXmJmaoqOkpaanqKmqsrO0tba3uLm6wsPExcbHyMnK0tPU1dbX2Nna4uPk5ebn6Onq8vP09fb3+Pn6/9oADAMBAAIRAxEAPwD06obu5S0tnncMVUdhmi4uoLVQZpVTJAGT74p+I54x92RG59Qaa7sQ21uEurdJkDBWGRkYqrew30l5A9vNthU5ccfTj8M9avIixqFRQqjsKWnezugtcKp2+oxXF5LbIrh4+uVIq5TFhiRy6xqGOckDk5pK3UB9FQPeWyXC27TIJCOhYe3H15qeiwyC7tIbyMRzruUHOM45xUyjCgelUbe6u5NRlhktwsKj5XycHHXHHPUflV+m7rRiQZGcZ5NISBySB9a8/ktrrVLnVpRpkt3crcPHFci4CeTt+6ApPatLVtMv5Ws7y+sf7RijtVSaATbSkn8TDHWtPZJbsLnXkgDJOBSZHHI56Vxiw6dquoaJbpG7ae1vIyxO7cEE9eexFVY9Isv7P16by3EtlNItu4kbMYXkAc0ezXVhc7aS0t2ulu3H71OFbPQc/wCNWK4y5eLVpLONtKk1O7Wzjkk3XHlIu4Zz7nmqel6pf2+nxwrMyrGWUKTu24Y8Z9qfsm1uK53xYKMkgDpzS1T1Kx+3RLGJmiIOdy5/z1x+VWo02RqnoMdSf51jpYZl3nhzS7y5e4lhcNJ/rAkjKH+oBp19oGnX0qySpIrKgjzHIy5Udjg1qUU+eXcdilFpVlDPbTRQ7GtozHEATgKev1oGlWYhvIRGdl4zNN8x5JGD9Ku0UuZ9wMm58PaZcGEMjo8UYjVo5CrFBxg461Nb6HplvCsUdou1em4kn8zTn08vqa3nnuAox5e44P6+uOOnFXqpydrXEgqG8SaS1dbeTZKR8p4qaipWgyvYRTQ2iR3EnmSLwTx07U251CC2uIoJC2+Q8YUn+nNWqqXMaNPuZFLKFKkjkfN2ql7z1Jei0LdULa3vU1GWWWctAwwq8Z46Z49z0q/RUp2HYKKKKQz/2Q0K&apos;, &apos;children&apos;: [], &apos;features&apos;: {}}], &apos;features&apos;: {}}
*********************





--------------------------------- CONTENT AREA --------------------------------- 
1. Background



--------------------------------- CONTENT AREA --------------------------------- 
1. Regulation (EU) No 648/2012 of the European Parliament and of the Council of 4 July 2012 on OTC
derivatives, central counterparties and trade repositories (“EMIR”) entered into force on 16 August 2012.
Most of the obligations under EMIR needed to be specified further via regulatory technical standards and
they will take effect following the entry into force of the technical standards. On 19 December 2012 the
European Commission adopted without modifications the regulatory technical standards developed by
ESMA. These technical standards were published in the Official Journal on 23 February 2013 and en-
tered into force on 15 March 2013.



--------------------------------- CONTENT AREA --------------------------------- 
2. The EMIR framework is made up of the following EU legislation:



--------------------------------- CONTENT AREA --------------------------------- 
(a) Regulation (EU) No 648/2012 of the European Parliament and of the Council of 4
July 2012 on OTC derivatives, central counterparties and trade repositories
(“EMIR”);



--------------------------------- CONTENT AREA --------------------------------- 
(b) Commission Implementing Regulation (EU) No 1247/2012 of 19 December 2012
laying down implementing technical standards with regard to the format and fre-
quency of trade reports to trade repositories according to Regulation (EU) No
648/2012;



--------------------------------- CONTENT AREA --------------------------------- 
(c) Commission Implementing Regulation (EU) No 1248/2012 of 19 December 2012
laying down implementing technical standards with regard to the format of appli-
cations for registration of trade repositories according to Regulation (EU) No
648/2012;



--------------------------------- CONTENT AREA --------------------------------- 
(d) Commission Implementing Regulation (EU) No 1249/2012 of 19 December 2012
laying down implementing technical standards with regard to the format of the rec-
ords to be maintained by central counterparties according to Regulation (EU) No
648/2012;



--------------------------------- CONTENT AREA --------------------------------- 
(e) Commission Delegated Regulation (EU) No 148/2013 of 19 December 2012 sup-
plementing Regulation (EU) No 648/2012 with regard to regulatory technical stand-
ards on the minimum details of the data to be reported to trade repositories;



--------------------------------- CONTENT AREA --------------------------------- 
(f) Commission Delegated Regulation (EU) No 149/2013 of 19 December 2012 sup-
plementing Regulation (EU) No 648/2012 with regard to regulatory technical stand-
ards on indirect clearing arrangements, the clearing obligation, the public register,
access to a trading venue, non-financial counterparties, and risk mitigation tech-
niques for OTC derivatives contracts not cleared by a CCP;



--------------------------------- CONTENT AREA --------------------------------- 
(g) Commission Delegated Regulation (EU) No 150/2013 of 19 December 2012 sup-
plementing Regulation (EU) No 648/2012 with regard to regulatory technical stand-
ards specifying the details of the application for registration as a trade repository;



--------------------------------- CONTENT AREA --------------------------------- 
ESMA • 103 rue de Grenelle • 75007 Paris • France • Tel. +33 (0) 1 58 36 43 21 • www.esma.europa.eu 2



--------------------------------- NEW PAGE --------------------------------
--------------------------------- CONTENT AREA --------------------------------- 
This content area has an image
{&apos;type&apos;: &apos;figure&apos;, &apos;bbox&apos;: (62.35, 749.47, 106.6, 793.72), &apos;name&apos;: &apos;Image22&apos;, &apos;children&apos;: [{&apos;type&apos;: &apos;image&apos;, &apos;height&apos;: 44.25, &apos;width&apos;: 44.24999999999999, &apos;value&apos;: &apos;data:image/jpeg;base64,/9j/4AAQSkZJRgABAQEAwADAAAD/2wBDAA0JCgsKCA0LCwsPDg0QFCEVFBISFCgdHhghMCoyMS8qLi00O0tANDhHOS0uQllCR05QVFVUMz9dY1xSYktTVFH/2wBDAQ4PDxQRFCcVFSdRNi42UVFRUVFRUVFRUVFRUVFRUVFRUVFRUVFRUVFRUVFRUVFRUVFRUVFRUVFRUVFRUVFRUVH/wAARCAA6ADsDASIAAhEBAxEB/8QAHwAAAQUBAQEBAQEAAAAAAAAAAAECAwQFBgcICQoL/8QAtRAAAgEDAwIEAwUFBAQAAAF9AQIDAAQRBRIhMUEGE1FhByJxFDKBkaEII0KxwRVS0fAkM2JyggkKFhcYGRolJicoKSo0NTY3ODk6Q0RFRkdISUpTVFVWV1hZWmNkZWZnaGlqc3R1dnd4eXqDhIWGh4iJipKTlJWWl5iZmqKjpKWmp6ipqrKztLW2t7i5usLDxMXGx8jJytLT1NXW19jZ2uHi4+Tl5ufo6erx8vP09fb3+Pn6/8QAHwEAAwEBAQEBAQEBAQAAAAAAAAECAwQFBgcICQoL/8QAtREAAgECBAQDBAcFBAQAAQJ3AAECAxEEBSExBhJBUQdhcRMiMoEIFEKRobHBCSMzUvAVYnLRChYkNOEl8RcYGRomJygpKjU2Nzg5OkNERUZHSElKU1RVVldYWVpjZGVmZ2hpanN0dXZ3eHl6goOEhYaHiImKkpOUlZaXmJmaoqOkpaanqKmqsrO0tba3uLm6wsPExcbHyMnK0tPU1dbX2Nna4uPk5ebn6Onq8vP09fb3+Pn6/9oADAMBAAIRAxEAPwD06obu5S0tnncMVUdhmi4uoLVQZpVTJAGT74p+I54x92RG59Qaa7sQ21uEurdJkDBWGRkYqrew30l5A9vNthU5ccfTj8M9avIixqFRQqjsKWnezugtcKp2+oxXF5LbIrh4+uVIq5TFhiRy6xqGOckDk5pK3UB9FQPeWyXC27TIJCOhYe3H15qeiwyC7tIbyMRzruUHOM45xUyjCgelUbe6u5NRlhktwsKj5XycHHXHHPUflV+m7rRiQZGcZ5NISBySB9a8/ktrrVLnVpRpkt3crcPHFci4CeTt+6ApPatLVtMv5Ws7y+sf7RijtVSaATbSkn8TDHWtPZJbsLnXkgDJOBSZHHI56Vxiw6dquoaJbpG7ae1vIyxO7cEE9eexFVY9Isv7P16by3EtlNItu4kbMYXkAc0ezXVhc7aS0t2ulu3H71OFbPQc/wCNWK4y5eLVpLONtKk1O7Wzjkk3XHlIu4Zz7nmqel6pf2+nxwrMyrGWUKTu24Y8Z9qfsm1uK53xYKMkgDpzS1T1Kx+3RLGJmiIOdy5/z1x+VWo02RqnoMdSf51jpYZl3nhzS7y5e4lhcNJ/rAkjKH+oBp19oGnX0qySpIrKgjzHIy5Udjg1qUU+eXcdilFpVlDPbTRQ7GtozHEATgKev1oGlWYhvIRGdl4zNN8x5JGD9Ku0UuZ9wMm58PaZcGEMjo8UYjVo5CrFBxg461Nb6HplvCsUdou1em4kn8zTn08vqa3nnuAox5e44P6+uOOnFXqpydrXEgqG8SaS1dbeTZKR8p4qaipWgyvYRTQ2iR3EnmSLwTx07U251CC2uIoJC2+Q8YUn+nNWqqXMaNPuZFLKFKkjkfN2ql7z1Jei0LdULa3vU1GWWWctAwwq8Z46Z49z0q/RUp2HYKKKKQz/2Q0K&apos;, &apos;children&apos;: [], &apos;features&apos;: {}}], &apos;features&apos;: {}}
*********************





--------------------------------- CONTENT AREA --------------------------------- 
(h) Commission Delegated Regulation (EU) No 151/2013 of 19 December 2012 sup-



--------------------------------- CONTENT AREA --------------------------------- 
plementing Regulation (EU) No 648/2012 with regard to regulatory technical stand-



--------------------------------- CONTENT AREA --------------------------------- 
ards specifying the data to be published and made available by trade repositories



--------------------------------- CONTENT AREA --------------------------------- 
and operational standards for aggregating, comparing and accessing the data;



--------------------------------- CONTENT AREA --------------------------------- 
(i) Commission Delegated Regulation (EU) No 152/2013 of 19 December 2012 sup-



--------------------------------- CONTENT AREA --------------------------------- 
plementing Regulation (EU) No 648/2012 with regard to regulatory technical stand-



--------------------------------- CONTENT AREA --------------------------------- 
ards on capital requirements for central counterparties;



--------------------------------- CONTENT AREA --------------------------------- 
(j) Commission Delegated Regulation (EU) No 153/2013 of 19 December 2012 sup-



--------------------------------- CONTENT AREA --------------------------------- 
plementing Regulation (EU) No 648/2012 with regard to regulatory technical stand-



--------------------------------- CONTENT AREA --------------------------------- 
ards on requirements for central counterparties;



--------------------------------- CONTENT AREA --------------------------------- 
(k) Commission Delegated Regulation (EU) No 2017/2155 of 22 September 2017



--------------------------------- CONTENT AREA --------------------------------- 
amending Delegated Regulation (EU) No 149/2013 with regards to regulatory tech-



--------------------------------- CONTENT AREA --------------------------------- 
nical standards on indirect clearing arrangements.



--------------------------------- CONTENT AREA --------------------------------- 
3. The European Commission has already released some Frequently Asked Questions on EMIR1 to clarify



--------------------------------- CONTENT AREA --------------------------------- 
the timing and the scope of EMIR, together with certain issues related to third country CCPs and trade



--------------------------------- CONTENT AREA --------------------------------- 
repositories.



--------------------------------- CONTENT AREA --------------------------------- 
4. In view of ESMA’s statutory role to build a common supervisory culture by promoting common supervi-



--------------------------------- CONTENT AREA --------------------------------- 
sory approaches and practices, ESMA has adopted this Q&amp;As document which relates to the consistent



--------------------------------- CONTENT AREA --------------------------------- 
application of EMIR. The first version of this document was published on 20 March 2013, subsequent



--------------------------------- CONTENT AREA --------------------------------- 
updates have been published on a regular basis. This document is expected to be updated and ex-



--------------------------------- CONTENT AREA --------------------------------- 
panded as and when appropriate.



--------------------------------- CONTENT AREA --------------------------------- 
2. Purpose



--------------------------------- CONTENT AREA --------------------------------- 
5. The purpose of this document is to promote common supervisory approaches and practices in the appli-



--------------------------------- CONTENT AREA --------------------------------- 
cation of EMIR. It provides responses to questions posed by the general public, market participants and



--------------------------------- CONTENT AREA --------------------------------- 
competent authorities in relation to the practical application of EMIR.



--------------------------------- CONTENT AREA --------------------------------- 
6. The content of this document is aimed at competent authorities under the Regulation to ensure that in



--------------------------------- CONTENT AREA --------------------------------- 
their supervisory activities their actions are converging along the lines of the responses adopted by



--------------------------------- CONTENT AREA --------------------------------- 
ESMA. It should also help investors and other market participants by providing clarity on the require-



--------------------------------- CONTENT AREA --------------------------------- 
ments under EMIR.



--------------------------------- CONTENT AREA --------------------------------- 
3. Status



--------------------------------- CONTENT AREA --------------------------------- 
7. The Q&amp;A mechanism is a practical convergence tool used to promote common supervisory approaches



--------------------------------- CONTENT AREA --------------------------------- 
and practices under Article 29(2) of the ESMA Regulation.2



--------------------------------- CONTENT AREA --------------------------------- 
1 http://ec.europa.eu/internal_market/financial-markets/docs/derivatives/emir-faqs_en.pdf
2 Regulation (EU) No 1095/2010 of the European Parliament and of the Council of 24 November 2010 establishing a European Su-
pervisory Authority (European Securities and Markets Authority), amending Decision No 716/2009/EC and repealing Commission
Decision 2009/77/EC Regulation, 15.12.2010, L331/84.



--------------------------------- CONTENT AREA --------------------------------- 
This content area has an image
{&apos;type&apos;: &apos;figure&apos;, &apos;bbox&apos;: (62.35, 749.47, 106.6, 793.72), &apos;name&apos;: &apos;Image22&apos;, &apos;children&apos;: [{&apos;type&apos;: &apos;image&apos;, &apos;height&apos;: 44.25, &apos;width&apos;: 44.24999999999999, &apos;value&apos;: &apos;data:image/jpeg;base64,/9j/4AAQSkZJRgABAQEAwADAAAD/2wBDAA0JCgsKCA0LCwsPDg0QFCEVFBISFCgdHhghMCoyMS8qLi00O0tANDhHOS0uQllCR05QVFVUMz9dY1xSYktTVFH/2wBDAQ4PDxQRFCcVFSdRNi42UVFRUVFRUVFRUVFRUVFRUVFRUVFRUVFRUVFRUVFRUVFRUVFRUVFRUVFRUVFRUVFRUVH/wAARCAA6ADsDASIAAhEBAxEB/8QAHwAAAQUBAQEBAQEAAAAAAAAAAAECAwQFBgcICQoL/8QAtRAAAgEDAwIEAwUFBAQAAAF9AQIDAAQRBRIhMUEGE1FhByJxFDKBkaEII0KxwRVS0fAkM2JyggkKFhcYGRolJicoKSo0NTY3ODk6Q0RFRkdISUpTVFVWV1hZWmNkZWZnaGlqc3R1dnd4eXqDhIWGh4iJipKTlJWWl5iZmqKjpKWmp6ipqrKztLW2t7i5usLDxMXGx8jJytLT1NXW19jZ2uHi4+Tl5ufo6erx8vP09fb3+Pn6/8QAHwEAAwEBAQEBAQEBAQAAAAAAAAECAwQFBgcICQoL/8QAtREAAgECBAQDBAcFBAQAAQJ3AAECAxEEBSExBhJBUQdhcRMiMoEIFEKRobHBCSMzUvAVYnLRChYkNOEl8RcYGRomJygpKjU2Nzg5OkNERUZHSElKU1RVVldYWVpjZGVmZ2hpanN0dXZ3eHl6goOEhYaHiImKkpOUlZaXmJmaoqOkpaanqKmqsrO0tba3uLm6wsPExcbHyMnK0tPU1dbX2Nna4uPk5ebn6Onq8vP09fb3+Pn6/9oADAMBAAIRAxEAPwD06obu5S0tnncMVUdhmi4uoLVQZpVTJAGT74p+I54x92RG59Qaa7sQ21uEurdJkDBWGRkYqrew30l5A9vNthU5ccfTj8M9avIixqFRQqjsKWnezugtcKp2+oxXF5LbIrh4+uVIq5TFhiRy6xqGOckDk5pK3UB9FQPeWyXC27TIJCOhYe3H15qeiwyC7tIbyMRzruUHOM45xUyjCgelUbe6u5NRlhktwsKj5XycHHXHHPUflV+m7rRiQZGcZ5NISBySB9a8/ktrrVLnVpRpkt3crcPHFci4CeTt+6ApPatLVtMv5Ws7y+sf7RijtVSaATbSkn8TDHWtPZJbsLnXkgDJOBSZHHI56Vxiw6dquoaJbpG7ae1vIyxO7cEE9eexFVY9Isv7P16by3EtlNItu4kbMYXkAc0ezXVhc7aS0t2ulu3H71OFbPQc/wCNWK4y5eLVpLONtKk1O7Wzjkk3XHlIu4Zz7nmqel6pf2+nxwrMyrGWUKTu24Y8Z9qfsm1uK53xYKMkgDpzS1T1Kx+3RLGJmiIOdy5/z1x+VWo02RqnoMdSf51jpYZl3nhzS7y5e4lhcNJ/rAkjKH+oBp19oGnX0qySpIrKgjzHIy5Udjg1qUU+eXcdilFpVlDPbTRQ7GtozHEATgKev1oGlWYhvIRGdl4zNN8x5JGD9Ku0UuZ9wMm58PaZcGEMjo8UYjVo5CrFBxg461Nb6HplvCsUdou1em4kn8zTn08vqa3nnuAox5e44P6+uOOnFXqpydrXEgqG8SaS1dbeTZKR8p4qaipWgyvYRTQ2iR3EnmSLwTx07U251CC2uIoJC2+Q8YUn+nNWqqXMaNPuZFLKFKkjkfN2ql7z1Jei0LdULa3vU1GWWWctAwwq8Z46Z49z0q/RUp2HYKKKKQz/2Q0K&apos;, &apos;children&apos;: [], &apos;features&apos;: {}}], &apos;features&apos;: {}}
*********************





--------------------------------- NEW PAGE --------------------------------
--------------------------------- CONTENT AREA --------------------------------- 
This content area has an image
{&apos;type&apos;: &apos;figure&apos;, &apos;bbox&apos;: (62.35, 749.47, 106.6, 793.72), &apos;name&apos;: &apos;Image22&apos;, &apos;children&apos;: [{&apos;type&apos;: &apos;image&apos;, &apos;height&apos;: 44.25, &apos;width&apos;: 44.24999999999999, &apos;value&apos;: &apos;data:image/jpeg;base64,/9j/4AAQSkZJRgABAQEAwADAAAD/2wBDAA0JCgsKCA0LCwsPDg0QFCEVFBISFCgdHhghMCoyMS8qLi00O0tANDhHOS0uQllCR05QVFVUMz9dY1xSYktTVFH/2wBDAQ4PDxQRFCcVFSdRNi42UVFRUVFRUVFRUVFRUVFRUVFRUVFRUVFRUVFRUVFRUVFRUVFRUVFRUVFRUVFRUVFRUVH/wAARCAA6ADsDASIAAhEBAxEB/8QAHwAAAQUBAQEBAQEAAAAAAAAAAAECAwQFBgcICQoL/8QAtRAAAgEDAwIEAwUFBAQAAAF9AQIDAAQRBRIhMUEGE1FhByJxFDKBkaEII0KxwRVS0fAkM2JyggkKFhcYGRolJicoKSo0NTY3ODk6Q0RFRkdISUpTVFVWV1hZWmNkZWZnaGlqc3R1dnd4eXqDhIWGh4iJipKTlJWWl5iZmqKjpKWmp6ipqrKztLW2t7i5usLDxMXGx8jJytLT1NXW19jZ2uHi4+Tl5ufo6erx8vP09fb3+Pn6/8QAHwEAAwEBAQEBAQEBAQAAAAAAAAECAwQFBgcICQoL/8QAtREAAgECBAQDBAcFBAQAAQJ3AAECAxEEBSExBhJBUQdhcRMiMoEIFEKRobHBCSMzUvAVYnLRChYkNOEl8RcYGRomJygpKjU2Nzg5OkNERUZHSElKU1RVVldYWVpjZGVmZ2hpanN0dXZ3eHl6goOEhYaHiImKkpOUlZaXmJmaoqOkpaanqKmqsrO0tba3uLm6wsPExcbHyMnK0tPU1dbX2Nna4uPk5ebn6Onq8vP09fb3+Pn6/9oADAMBAAIRAxEAPwD06obu5S0tnncMVUdhmi4uoLVQZpVTJAGT74p+I54x92RG59Qaa7sQ21uEurdJkDBWGRkYqrew30l5A9vNthU5ccfTj8M9avIixqFRQqjsKWnezugtcKp2+oxXF5LbIrh4+uVIq5TFhiRy6xqGOckDk5pK3UB9FQPeWyXC27TIJCOhYe3H15qeiwyC7tIbyMRzruUHOM45xUyjCgelUbe6u5NRlhktwsKj5XycHHXHHPUflV+m7rRiQZGcZ5NISBySB9a8/ktrrVLnVpRpkt3crcPHFci4CeTt+6ApPatLVtMv5Ws7y+sf7RijtVSaATbSkn8TDHWtPZJbsLnXkgDJOBSZHHI56Vxiw6dquoaJbpG7ae1vIyxO7cEE9eexFVY9Isv7P16by3EtlNItu4kbMYXkAc0ezXVhc7aS0t2ulu3H71OFbPQc/wCNWK4y5eLVpLONtKk1O7Wzjkk3XHlIu4Zz7nmqel6pf2+nxwrMyrGWUKTu24Y8Z9qfsm1uK53xYKMkgDpzS1T1Kx+3RLGJmiIOdy5/z1x+VWo02RqnoMdSf51jpYZl3nhzS7y5e4lhcNJ/rAkjKH+oBp19oGnX0qySpIrKgjzHIy5Udjg1qUU+eXcdilFpVlDPbTRQ7GtozHEATgKev1oGlWYhvIRGdl4zNN8x5JGD9Ku0UuZ9wMm58PaZcGEMjo8UYjVo5CrFBxg461Nb6HplvCsUdou1em4kn8zTn08vqa3nnuAox5e44P6+uOOnFXqpydrXEgqG8SaS1dbeTZKR8p4qaipWgyvYRTQ2iR3EnmSLwTx07U251CC2uIoJC2+Q8YUn+nNWqqXMaNPuZFLKFKkjkfN2ql7z1Jei0LdULa3vU1GWWWctAwwq8Z46Z49z0q/RUp2HYKKKKQz/2Q0K&apos;, &apos;children&apos;: [], &apos;features&apos;: {}}], &apos;features&apos;: {}}
*********************





--------------------------------- CONTENT AREA --------------------------------- 
8. Therefore, due to the nature of Q&amp;As, formal consultation on the draft answers is considered unnecessary.
However, even if they are not formally consulted on, ESMA may check them with representatives of
ESMA’s Securities and Markets Stakeholder Group, the relevant Standing Committees’ Consultative
Working Group or, where specific expertise is needed, with other external parties. In this particular case,
considering the date of application of the Regulation and the desirability of providing clarity to the market
as soon as possible, ESMA has not engaged in such consultations.



--------------------------------- CONTENT AREA --------------------------------- 
9. ESMA will periodically review these questions and answers to identify if, in a certain area, there is a need
to convert some of the material into ESMA Guidelines and recommendations. In such cases, the proce-
dures foreseen under Article 16 of the ESMA Regulation would be followed.



--------------------------------- CONTENT AREA --------------------------------- 
4. Questions and answers



--------------------------------- CONTENT AREA --------------------------------- 
10. This document is intended to be continually edited and updated as and when new questions are received.
The date on which each section was last amended is included for ease of reference.



--------------------------------- CONTENT AREA --------------------------------- 
11. Questions on the practical application of any of the EMIR requirements, including the requirements in
EMIR’s technical standards, may be submit using the following channel to ensure that it will be duly
processed:



--------------------------------- CONTENT AREA --------------------------------- 
https://www.esma.europa.eu/questions-and-answers



--------------------------------- CONTENT AREA --------------------------------- 
This content area has an image
{&apos;type&apos;: &apos;figure&apos;, &apos;bbox&apos;: (62.35, 749.47, 106.6, 793.72), &apos;name&apos;: &apos;Image22&apos;, &apos;children&apos;: [{&apos;type&apos;: &apos;image&apos;, &apos;height&apos;: 44.25, &apos;width&apos;: 44.24999999999999, &apos;value&apos;: &apos;data:image/jpeg;base64,/9j/4AAQSkZJRgABAQEAwADAAAD/2wBDAA0JCgsKCA0LCwsPDg0QFCEVFBISFCgdHhghMCoyMS8qLi00O0tANDhHOS0uQllCR05QVFVUMz9dY1xSYktTVFH/2wBDAQ4PDxQRFCcVFSdRNi42UVFRUVFRUVFRUVFRUVFRUVFRUVFRUVFRUVFRUVFRUVFRUVFRUVFRUVFRUVFRUVFRUVH/wAARCAA6ADsDASIAAhEBAxEB/8QAHwAAAQUBAQEBAQEAAAAAAAAAAAECAwQFBgcICQoL/8QAtRAAAgEDAwIEAwUFBAQAAAF9AQIDAAQRBRIhMUEGE1FhByJxFDKBkaEII0KxwRVS0fAkM2JyggkKFhcYGRolJicoKSo0NTY3ODk6Q0RFRkdISUpTVFVWV1hZWmNkZWZnaGlqc3R1dnd4eXqDhIWGh4iJipKTlJWWl5iZmqKjpKWmp6ipqrKztLW2t7i5usLDxMXGx8jJytLT1NXW19jZ2uHi4+Tl5ufo6erx8vP09fb3+Pn6/8QAHwEAAwEBAQEBAQEBAQAAAAAAAAECAwQFBgcICQoL/8QAtREAAgECBAQDBAcFBAQAAQJ3AAECAxEEBSExBhJBUQdhcRMiMoEIFEKRobHBCSMzUvAVYnLRChYkNOEl8RcYGRomJygpKjU2Nzg5OkNERUZHSElKU1RVVldYWVpjZGVmZ2hpanN0dXZ3eHl6goOEhYaHiImKkpOUlZaXmJmaoqOkpaanqKmqsrO0tba3uLm6wsPExcbHyMnK0tPU1dbX2Nna4uPk5ebn6Onq8vP09fb3+Pn6/9oADAMBAAIRAxEAPwD06obu5S0tnncMVUdhmi4uoLVQZpVTJAGT74p+I54x92RG59Qaa7sQ21uEurdJkDBWGRkYqrew30l5A9vNthU5ccfTj8M9avIixqFRQqjsKWnezugtcKp2+oxXF5LbIrh4+uVIq5TFhiRy6xqGOckDk5pK3UB9FQPeWyXC27TIJCOhYe3H15qeiwyC7tIbyMRzruUHOM45xUyjCgelUbe6u5NRlhktwsKj5XycHHXHHPUflV+m7rRiQZGcZ5NISBySB9a8/ktrrVLnVpRpkt3crcPHFci4CeTt+6ApPatLVtMv5Ws7y+sf7RijtVSaATbSkn8TDHWtPZJbsLnXkgDJOBSZHHI56Vxiw6dquoaJbpG7ae1vIyxO7cEE9eexFVY9Isv7P16by3EtlNItu4kbMYXkAc0ezXVhc7aS0t2ulu3H71OFbPQc/wCNWK4y5eLVpLONtKk1O7Wzjkk3XHlIu4Zz7nmqel6pf2+nxwrMyrGWUKTu24Y8Z9qfsm1uK53xYKMkgDpzS1T1Kx+3RLGJmiIOdy5/z1x+VWo02RqnoMdSf51jpYZl3nhzS7y5e4lhcNJ/rAkjKH+oBp19oGnX0qySpIrKgjzHIy5Udjg1qUU+eXcdilFpVlDPbTRQ7GtozHEATgKev1oGlWYhvIRGdl4zNN8x5JGD9Ku0UuZ9wMm58PaZcGEMjo8UYjVo5CrFBxg461Nb6HplvCsUdou1em4kn8zTn08vqa3nnuAox5e44P6+uOOnFXqpydrXEgqG8SaS1dbeTZKR8p4qaipWgyvYRTQ2iR3EnmSLwTx07U251CC2uIoJC2+Q8YUn+nNWqqXMaNPuZFLKFKkjkfN2ql7z1Jei0LdULa3vU1GWWWctAwwq8Z46Z49z0q/RUp2HYKKKKQz/2Q0K&apos;, &apos;children&apos;: [], &apos;features&apos;: {}}], &apos;features&apos;: {}}
*********************





--------------------------------- NEW PAGE --------------------------------
--------------------------------- CONTENT AREA --------------------------------- 
This content area has an image
{&apos;type&apos;: &apos;figure&apos;, &apos;bbox&apos;: (62.35, 749.47, 106.6, 793.72), &apos;name&apos;: &apos;Image22&apos;, &apos;children&apos;: [{&apos;type&apos;: &apos;image&apos;, &apos;height&apos;: 44.25, &apos;width&apos;: 44.24999999999999, &apos;value&apos;: &apos;data:image/jpeg;base64,/9j/4AAQSkZJRgABAQEAwADAAAD/2wBDAA0JCgsKCA0LCwsPDg0QFCEVFBISFCgdHhghMCoyMS8qLi00O0tANDhHOS0uQllCR05QVFVUMz9dY1xSYktTVFH/2wBDAQ4PDxQRFCcVFSdRNi42UVFRUVFRUVFRUVFRUVFRUVFRUVFRUVFRUVFRUVFRUVFRUVFRUVFRUVFRUVFRUVFRUVH/wAARCAA6ADsDASIAAhEBAxEB/8QAHwAAAQUBAQEBAQEAAAAAAAAAAAECAwQFBgcICQoL/8QAtRAAAgEDAwIEAwUFBAQAAAF9AQIDAAQRBRIhMUEGE1FhByJxFDKBkaEII0KxwRVS0fAkM2JyggkKFhcYGRolJicoKSo0NTY3ODk6Q0RFRkdISUpTVFVWV1hZWmNkZWZnaGlqc3R1dnd4eXqDhIWGh4iJipKTlJWWl5iZmqKjpKWmp6ipqrKztLW2t7i5usLDxMXGx8jJytLT1NXW19jZ2uHi4+Tl5ufo6erx8vP09fb3+Pn6/8QAHwEAAwEBAQEBAQEBAQAAAAAAAAECAwQFBgcICQoL/8QAtREAAgECBAQDBAcFBAQAAQJ3AAECAxEEBSExBhJBUQdhcRMiMoEIFEKRobHBCSMzUvAVYnLRChYkNOEl8RcYGRomJygpKjU2Nzg5OkNERUZHSElKU1RVVldYWVpjZGVmZ2hpanN0dXZ3eHl6goOEhYaHiImKkpOUlZaXmJmaoqOkpaanqKmqsrO0tba3uLm6wsPExcbHyMnK0tPU1dbX2Nna4uPk5ebn6Onq8vP09fb3+Pn6/9oADAMBAAIRAxEAPwD06obu5S0tnncMVUdhmi4uoLVQZpVTJAGT74p+I54x92RG59Qaa7sQ21uEurdJkDBWGRkYqrew30l5A9vNthU5ccfTj8M9avIixqFRQqjsKWnezugtcKp2+oxXF5LbIrh4+uVIq5TFhiRy6xqGOckDk5pK3UB9FQPeWyXC27TIJCOhYe3H15qeiwyC7tIbyMRzruUHOM45xUyjCgelUbe6u5NRlhktwsKj5XycHHXHHPUflV+m7rRiQZGcZ5NISBySB9a8/ktrrVLnVpRpkt3crcPHFci4CeTt+6ApPatLVtMv5Ws7y+sf7RijtVSaATbSkn8TDHWtPZJbsLnXkgDJOBSZHHI56Vxiw6dquoaJbpG7ae1vIyxO7cEE9eexFVY9Isv7P16by3EtlNItu4kbMYXkAc0ezXVhc7aS0t2ulu3H71OFbPQc/wCNWK4y5eLVpLONtKk1O7Wzjkk3XHlIu4Zz7nmqel6pf2+nxwrMyrGWUKTu24Y8Z9qfsm1uK53xYKMkgDpzS1T1Kx+3RLGJmiIOdy5/z1x+VWo02RqnoMdSf51jpYZl3nhzS7y5e4lhcNJ/rAkjKH+oBp19oGnX0qySpIrKgjzHIy5Udjg1qUU+eXcdilFpVlDPbTRQ7GtozHEATgKev1oGlWYhvIRGdl4zNN8x5JGD9Ku0UuZ9wMm58PaZcGEMjo8UYjVo5CrFBxg461Nb6HplvCsUdou1em4kn8zTn08vqa3nnuAox5e44P6+uOOnFXqpydrXEgqG8SaS1dbeTZKR8p4qaipWgyvYRTQ2iR3EnmSLwTx07U251CC2uIoJC2+Q8YUn+nNWqqXMaNPuZFLKFKkjkfN2ql7z1Jei0LdULa3vU1GWWWctAwwq8Z46Z49z0q/RUp2HYKKKKQz/2Q0K&apos;, &apos;children&apos;: [], &apos;features&apos;: {}}], &apos;features&apos;: {}}
*********************





--------------------------------- CONTENT AREA --------------------------------- 
Acronyms Used



--------------------------------- CONTENT AREA --------------------------------- 
AIF Alternative Investment Fund



--------------------------------- CONTENT AREA --------------------------------- 
AIFM Alternative Investment Fund Manager



--------------------------------- CONTENT AREA --------------------------------- 
AIFMD Alternative Investment Fund Managers Directive (Directive 2011/61/EU)



--------------------------------- CONTENT AREA --------------------------------- 
CCP Central Counterparty



--------------------------------- CONTENT AREA --------------------------------- 
CSD Central Securities Depository



--------------------------------- CONTENT AREA --------------------------------- 
CICI CFTC Interim Compliant Identifier



--------------------------------- CONTENT AREA --------------------------------- 
CT Clearing Threshold



--------------------------------- CONTENT AREA --------------------------------- 
EMIR European Market Infrastructures Regulation – Regulation (EU) 648/2012
of the European Parliament and Council on OTC derivatives, central
counterparties and trade repositories – “the Regulation”



--------------------------------- CONTENT AREA --------------------------------- 
ESMA The European Markets and Securities Authority



--------------------------------- CONTENT AREA --------------------------------- 
ETD Exchange Traded Derivatives



--------------------------------- CONTENT AREA --------------------------------- 
FC Financial Counterparty



--------------------------------- CONTENT AREA --------------------------------- 
FX Foreign Exchange



--------------------------------- CONTENT AREA --------------------------------- 
ITS Implementing Technical Standards



--------------------------------- CONTENT AREA --------------------------------- 
ITS on reporting to TR Commission Implementing Regulation (EU) No 1247/2012



--------------------------------- CONTENT AREA --------------------------------- 
MiFID Markets in Financial Instruments Directive – Directive 2004/39/EC of
the European Parliament and the Council



--------------------------------- CONTENT AREA --------------------------------- 
MTF Multilateral Trading Facility



--------------------------------- CONTENT AREA --------------------------------- 
NCA National Competent Authority



--------------------------------- CONTENT AREA --------------------------------- 
NFC Non-financial Counterparty



--------------------------------- CONTENT AREA --------------------------------- 
NFC+ Non-financial Counterparty above the clearing threshold, as referred to in
Article 10 of EMIR



--------------------------------- CONTENT AREA --------------------------------- 
NFC- Non-financial Counterparty below the clearing threshold



--------------------------------- CONTENT AREA --------------------------------- 
OTC Over-the-counter



--------------------------------- CONTENT AREA --------------------------------- 
Q&amp;A Question and answer



--------------------------------- CONTENT AREA --------------------------------- 
RTS Regulatory Technical Standards



--------------------------------- CONTENT AREA --------------------------------- 
RTS on OTC Derivatives Commission Delegated Regulation (EU) No 149/2013



--------------------------------- CONTENT AREA --------------------------------- 
RTS on CCP Commission Delegated Regulation (EU) No 153/2013



--------------------------------- CONTENT AREA --------------------------------- 
RTS on Third Country contracts Commission Delegated Regulation (EU) No 285/2014



--------------------------------- CONTENT AREA --------------------------------- 
RTS on IRS in G4 currencies Commission Delegated Regulation (EU) No 2015/2205



--------------------------------- CONTENT AREA --------------------------------- 
SPV Special Purpose Vehicle



--------------------------------- CONTENT AREA --------------------------------- 
TR Trade Repositories



--------------------------------- CONTENT AREA --------------------------------- 
This content area has an image
{&apos;type&apos;: &apos;figure&apos;, &apos;bbox&apos;: (62.35, 749.47, 106.6, 793.72), &apos;name&apos;: &apos;Image22&apos;, &apos;children&apos;: [{&apos;type&apos;: &apos;image&apos;, &apos;height&apos;: 44.25, &apos;width&apos;: 44.24999999999999, &apos;value&apos;: &apos;data:image/jpeg;base64,/9j/4AAQSkZJRgABAQEAwADAAAD/2wBDAA0JCgsKCA0LCwsPDg0QFCEVFBISFCgdHhghMCoyMS8qLi00O0tANDhHOS0uQllCR05QVFVUMz9dY1xSYktTVFH/2wBDAQ4PDxQRFCcVFSdRNi42UVFRUVFRUVFRUVFRUVFRUVFRUVFRUVFRUVFRUVFRUVFRUVFRUVFRUVFRUVFRUVFRUVH/wAARCAA6ADsDASIAAhEBAxEB/8QAHwAAAQUBAQEBAQEAAAAAAAAAAAECAwQFBgcICQoL/8QAtRAAAgEDAwIEAwUFBAQAAAF9AQIDAAQRBRIhMUEGE1FhByJxFDKBkaEII0KxwRVS0fAkM2JyggkKFhcYGRolJicoKSo0NTY3ODk6Q0RFRkdISUpTVFVWV1hZWmNkZWZnaGlqc3R1dnd4eXqDhIWGh4iJipKTlJWWl5iZmqKjpKWmp6ipqrKztLW2t7i5usLDxMXGx8jJytLT1NXW19jZ2uHi4+Tl5ufo6erx8vP09fb3+Pn6/8QAHwEAAwEBAQEBAQEBAQAAAAAAAAECAwQFBgcICQoL/8QAtREAAgECBAQDBAcFBAQAAQJ3AAECAxEEBSExBhJBUQdhcRMiMoEIFEKRobHBCSMzUvAVYnLRChYkNOEl8RcYGRomJygpKjU2Nzg5OkNERUZHSElKU1RVVldYWVpjZGVmZ2hpanN0dXZ3eHl6goOEhYaHiImKkpOUlZaXmJmaoqOkpaanqKmqsrO0tba3uLm6wsPExcbHyMnK0tPU1dbX2Nna4uPk5ebn6Onq8vP09fb3+Pn6/9oADAMBAAIRAxEAPwD06obu5S0tnncMVUdhmi4uoLVQZpVTJAGT74p+I54x92RG59Qaa7sQ21uEurdJkDBWGRkYqrew30l5A9vNthU5ccfTj8M9avIixqFRQqjsKWnezugtcKp2+oxXF5LbIrh4+uVIq5TFhiRy6xqGOckDk5pK3UB9FQPeWyXC27TIJCOhYe3H15qeiwyC7tIbyMRzruUHOM45xUyjCgelUbe6u5NRlhktwsKj5XycHHXHHPUflV+m7rRiQZGcZ5NISBySB9a8/ktrrVLnVpRpkt3crcPHFci4CeTt+6ApPatLVtMv5Ws7y+sf7RijtVSaATbSkn8TDHWtPZJbsLnXkgDJOBSZHHI56Vxiw6dquoaJbpG7ae1vIyxO7cEE9eexFVY9Isv7P16by3EtlNItu4kbMYXkAc0ezXVhc7aS0t2ulu3H71OFbPQc/wCNWK4y5eLVpLONtKk1O7Wzjkk3XHlIu4Zz7nmqel6pf2+nxwrMyrGWUKTu24Y8Z9qfsm1uK53xYKMkgDpzS1T1Kx+3RLGJmiIOdy5/z1x+VWo02RqnoMdSf51jpYZl3nhzS7y5e4lhcNJ/rAkjKH+oBp19oGnX0qySpIrKgjzHIy5Udjg1qUU+eXcdilFpVlDPbTRQ7GtozHEATgKev1oGlWYhvIRGdl4zNN8x5JGD9Ku0UuZ9wMm58PaZcGEMjo8UYjVo5CrFBxg461Nb6HplvCsUdou1em4kn8zTn08vqa3nnuAox5e44P6+uOOnFXqpydrXEgqG8SaS1dbeTZKR8p4qaipWgyvYRTQ2iR3EnmSLwTx07U251CC2uIoJC2+Q8YUn+nNWqqXMaNPuZFLKFKkjkfN2ql7z1Jei0LdULa3vU1GWWWctAwwq8Z46Z49z0q/RUp2HYKKKKQz/2Q0K&apos;, &apos;children&apos;: [], &apos;features&apos;: {}}], &apos;features&apos;: {}}
*********************





--------------------------------- NEW PAGE --------------------------------
--------------------------------- CONTENT AREA --------------------------------- 
This content area has an image
{&apos;type&apos;: &apos;figure&apos;, &apos;bbox&apos;: (62.35, 749.47, 106.6, 793.72), &apos;name&apos;: &apos;Image22&apos;, &apos;children&apos;: [{&apos;type&apos;: &apos;image&apos;, &apos;height&apos;: 44.25, &apos;width&apos;: 44.24999999999999, &apos;value&apos;: &apos;data:image/jpeg;base64,/9j/4AAQSkZJRgABAQEAwADAAAD/2wBDAA0JCgsKCA0LCwsPDg0QFCEVFBISFCgdHhghMCoyMS8qLi00O0tANDhHOS0uQllCR05QVFVUMz9dY1xSYktTVFH/2wBDAQ4PDxQRFCcVFSdRNi42UVFRUVFRUVFRUVFRUVFRUVFRUVFRUVFRUVFRUVFRUVFRUVFRUVFRUVFRUVFRUVFRUVH/wAARCAA6ADsDASIAAhEBAxEB/8QAHwAAAQUBAQEBAQEAAAAAAAAAAAECAwQFBgcICQoL/8QAtRAAAgEDAwIEAwUFBAQAAAF9AQIDAAQRBRIhMUEGE1FhByJxFDKBkaEII0KxwRVS0fAkM2JyggkKFhcYGRolJicoKSo0NTY3ODk6Q0RFRkdISUpTVFVWV1hZWmNkZWZnaGlqc3R1dnd4eXqDhIWGh4iJipKTlJWWl5iZmqKjpKWmp6ipqrKztLW2t7i5usLDxMXGx8jJytLT1NXW19jZ2uHi4+Tl5ufo6erx8vP09fb3+Pn6/8QAHwEAAwEBAQEBAQEBAQAAAAAAAAECAwQFBgcICQoL/8QAtREAAgECBAQDBAcFBAQAAQJ3AAECAxEEBSExBhJBUQdhcRMiMoEIFEKRobHBCSMzUvAVYnLRChYkNOEl8RcYGRomJygpKjU2Nzg5OkNERUZHSElKU1RVVldYWVpjZGVmZ2hpanN0dXZ3eHl6goOEhYaHiImKkpOUlZaXmJmaoqOkpaanqKmqsrO0tba3uLm6wsPExcbHyMnK0tPU1dbX2Nna4uPk5ebn6Onq8vP09fb3+Pn6/9oADAMBAAIRAxEAPwD06obu5S0tnncMVUdhmi4uoLVQZpVTJAGT74p+I54x92RG59Qaa7sQ21uEurdJkDBWGRkYqrew30l5A9vNthU5ccfTj8M9avIixqFRQqjsKWnezugtcKp2+oxXF5LbIrh4+uVIq5TFhiRy6xqGOckDk5pK3UB9FQPeWyXC27TIJCOhYe3H15qeiwyC7tIbyMRzruUHOM45xUyjCgelUbe6u5NRlhktwsKj5XycHHXHHPUflV+m7rRiQZGcZ5NISBySB9a8/ktrrVLnVpRpkt3crcPHFci4CeTt+6ApPatLVtMv5Ws7y+sf7RijtVSaATbSkn8TDHWtPZJbsLnXkgDJOBSZHHI56Vxiw6dquoaJbpG7ae1vIyxO7cEE9eexFVY9Isv7P16by3EtlNItu4kbMYXkAc0ezXVhc7aS0t2ulu3H71OFbPQc/wCNWK4y5eLVpLONtKk1O7Wzjkk3XHlIu4Zz7nmqel6pf2+nxwrMyrGWUKTu24Y8Z9qfsm1uK53xYKMkgDpzS1T1Kx+3RLGJmiIOdy5/z1x+VWo02RqnoMdSf51jpYZl3nhzS7y5e4lhcNJ/rAkjKH+oBp19oGnX0qySpIrKgjzHIy5Udjg1qUU+eXcdilFpVlDPbTRQ7GtozHEATgKev1oGlWYhvIRGdl4zNN8x5JGD9Ku0UuZ9wMm58PaZcGEMjo8UYjVo5CrFBxg461Nb6HplvCsUdou1em4kn8zTn08vqa3nnuAox5e44P6+uOOnFXqpydrXEgqG8SaS1dbeTZKR8p4qaipWgyvYRTQ2iR3EnmSLwTx07U251CC2uIoJC2+Q8YUn+nNWqqXMaNPuZFLKFKkjkfN2ql7z1Jei0LdULa3vU1GWWWctAwwq8Z46Z49z0q/RUp2HYKKKKQz/2Q0K&apos;, &apos;children&apos;: [], &apos;features&apos;: {}}], &apos;features&apos;: {}}
*********************





--------------------------------- CONTENT AREA --------------------------------- 
UTI Unique Transaction Identifier



--------------------------------- CONTENT AREA --------------------------------- 
This content area has an image
{&apos;type&apos;: &apos;figure&apos;, &apos;bbox&apos;: (62.35, 749.47, 106.6, 793.72), &apos;name&apos;: &apos;Image22&apos;, &apos;children&apos;: [{&apos;type&apos;: &apos;image&apos;, &apos;height&apos;: 44.25, &apos;width&apos;: 44.24999999999999, &apos;value&apos;: &apos;data:image/jpeg;base64,/9j/4AAQSkZJRgABAQEAwADAAAD/2wBDAA0JCgsKCA0LCwsPDg0QFCEVFBISFCgdHhghMCoyMS8qLi00O0tANDhHOS0uQllCR05QVFVUMz9dY1xSYktTVFH/2wBDAQ4PDxQRFCcVFSdRNi42UVFRUVFRUVFRUVFRUVFRUVFRUVFRUVFRUVFRUVFRUVFRUVFRUVFRUVFRUVFRUVFRUVH/wAARCAA6ADsDASIAAhEBAxEB/8QAHwAAAQUBAQEBAQEAAAAAAAAAAAECAwQFBgcICQoL/8QAtRAAAgEDAwIEAwUFBAQAAAF9AQIDAAQRBRIhMUEGE1FhByJxFDKBkaEII0KxwRVS0fAkM2JyggkKFhcYGRolJicoKSo0NTY3ODk6Q0RFRkdISUpTVFVWV1hZWmNkZWZnaGlqc3R1dnd4eXqDhIWGh4iJipKTlJWWl5iZmqKjpKWmp6ipqrKztLW2t7i5usLDxMXGx8jJytLT1NXW19jZ2uHi4+Tl5ufo6erx8vP09fb3+Pn6/8QAHwEAAwEBAQEBAQEBAQAAAAAAAAECAwQFBgcICQoL/8QAtREAAgECBAQDBAcFBAQAAQJ3AAECAxEEBSExBhJBUQdhcRMiMoEIFEKRobHBCSMzUvAVYnLRChYkNOEl8RcYGRomJygpKjU2Nzg5OkNERUZHSElKU1RVVldYWVpjZGVmZ2hpanN0dXZ3eHl6goOEhYaHiImKkpOUlZaXmJmaoqOkpaanqKmqsrO0tba3uLm6wsPExcbHyMnK0tPU1dbX2Nna4uPk5ebn6Onq8vP09fb3+Pn6/9oADAMBAAIRAxEAPwD06obu5S0tnncMVUdhmi4uoLVQZpVTJAGT74p+I54x92RG59Qaa7sQ21uEurdJkDBWGRkYqrew30l5A9vNthU5ccfTj8M9avIixqFRQqjsKWnezugtcKp2+oxXF5LbIrh4+uVIq5TFhiRy6xqGOckDk5pK3UB9FQPeWyXC27TIJCOhYe3H15qeiwyC7tIbyMRzruUHOM45xUyjCgelUbe6u5NRlhktwsKj5XycHHXHHPUflV+m7rRiQZGcZ5NISBySB9a8/ktrrVLnVpRpkt3crcPHFci4CeTt+6ApPatLVtMv5Ws7y+sf7RijtVSaATbSkn8TDHWtPZJbsLnXkgDJOBSZHHI56Vxiw6dquoaJbpG7ae1vIyxO7cEE9eexFVY9Isv7P16by3EtlNItu4kbMYXkAc0ezXVhc7aS0t2ulu3H71OFbPQc/wCNWK4y5eLVpLONtKk1O7Wzjkk3XHlIu4Zz7nmqel6pf2+nxwrMyrGWUKTu24Y8Z9qfsm1uK53xYKMkgDpzS1T1Kx+3RLGJmiIOdy5/z1x+VWo02RqnoMdSf51jpYZl3nhzS7y5e4lhcNJ/rAkjKH+oBp19oGnX0qySpIrKgjzHIy5Udjg1qUU+eXcdilFpVlDPbTRQ7GtozHEATgKev1oGlWYhvIRGdl4zNN8x5JGD9Ku0UuZ9wMm58PaZcGEMjo8UYjVo5CrFBxg461Nb6HplvCsUdou1em4kn8zTn08vqa3nnuAox5e44P6+uOOnFXqpydrXEgqG8SaS1dbeTZKR8p4qaipWgyvYRTQ2iR3EnmSLwTx07U251CC2uIoJC2+Q8YUn+nNWqqXMaNPuZFLKFKkjkfN2ql7z1Jei0LdULa3vU1GWWWctAwwq8Z46Z49z0q/RUp2HYKKKKQz/2Q0K&apos;, &apos;children&apos;: [], &apos;features&apos;: {}}], &apos;features&apos;: {}}
*********************





--------------------------------- NEW PAGE --------------------------------
--------------------------------- CONTENT AREA --------------------------------- 
This content area has an image
{&apos;type&apos;: &apos;figure&apos;, &apos;bbox&apos;: (62.35, 749.47, 106.6, 793.72), &apos;name&apos;: &apos;Image22&apos;, &apos;children&apos;: [{&apos;type&apos;: &apos;image&apos;, &apos;height&apos;: 44.25, &apos;width&apos;: 44.24999999999999, &apos;value&apos;: &apos;data:image/jpeg;base64,/9j/4AAQSkZJRgABAQEAwADAAAD/2wBDAA0JCgsKCA0LCwsPDg0QFCEVFBISFCgdHhghMCoyMS8qLi00O0tANDhHOS0uQllCR05QVFVUMz9dY1xSYktTVFH/2wBDAQ4PDxQRFCcVFSdRNi42UVFRUVFRUVFRUVFRUVFRUVFRUVFRUVFRUVFRUVFRUVFRUVFRUVFRUVFRUVFRUVFRUVH/wAARCAA6ADsDASIAAhEBAxEB/8QAHwAAAQUBAQEBAQEAAAAAAAAAAAECAwQFBgcICQoL/8QAtRAAAgEDAwIEAwUFBAQAAAF9AQIDAAQRBRIhMUEGE1FhByJxFDKBkaEII0KxwRVS0fAkM2JyggkKFhcYGRolJicoKSo0NTY3ODk6Q0RFRkdISUpTVFVWV1hZWmNkZWZnaGlqc3R1dnd4eXqDhIWGh4iJipKTlJWWl5iZmqKjpKWmp6ipqrKztLW2t7i5usLDxMXGx8jJytLT1NXW19jZ2uHi4+Tl5ufo6erx8vP09fb3+Pn6/8QAHwEAAwEBAQEBAQEBAQAAAAAAAAECAwQFBgcICQoL/8QAtREAAgECBAQDBAcFBAQAAQJ3AAECAxEEBSExBhJBUQdhcRMiMoEIFEKRobHBCSMzUvAVYnLRChYkNOEl8RcYGRomJygpKjU2Nzg5OkNERUZHSElKU1RVVldYWVpjZGVmZ2hpanN0dXZ3eHl6goOEhYaHiImKkpOUlZaXmJmaoqOkpaanqKmqsrO0tba3uLm6wsPExcbHyMnK0tPU1dbX2Nna4uPk5ebn6Onq8vP09fb3+Pn6/9oADAMBAAIRAxEAPwD06obu5S0tnncMVUdhmi4uoLVQZpVTJAGT74p+I54x92RG59Qaa7sQ21uEurdJkDBWGRkYqrew30l5A9vNthU5ccfTj8M9avIixqFRQqjsKWnezugtcKp2+oxXF5LbIrh4+uVIq5TFhiRy6xqGOckDk5pK3UB9FQPeWyXC27TIJCOhYe3H15qeiwyC7tIbyMRzruUHOM45xUyjCgelUbe6u5NRlhktwsKj5XycHHXHHPUflV+m7rRiQZGcZ5NISBySB9a8/ktrrVLnVpRpkt3crcPHFci4CeTt+6ApPatLVtMv5Ws7y+sf7RijtVSaATbSkn8TDHWtPZJbsLnXkgDJOBSZHHI56Vxiw6dquoaJbpG7ae1vIyxO7cEE9eexFVY9Isv7P16by3EtlNItu4kbMYXkAc0ezXVhc7aS0t2ulu3H71OFbPQc/wCNWK4y5eLVpLONtKk1O7Wzjkk3XHlIu4Zz7nmqel6pf2+nxwrMyrGWUKTu24Y8Z9qfsm1uK53xYKMkgDpzS1T1Kx+3RLGJmiIOdy5/z1x+VWo02RqnoMdSf51jpYZl3nhzS7y5e4lhcNJ/rAkjKH+oBp19oGnX0qySpIrKgjzHIy5Udjg1qUU+eXcdilFpVlDPbTRQ7GtozHEATgKev1oGlWYhvIRGdl4zNN8x5JGD9Ku0UuZ9wMm58PaZcGEMjo8UYjVo5CrFBxg461Nb6HplvCsUdou1em4kn8zTn08vqa3nnuAox5e44P6+uOOnFXqpydrXEgqG8SaS1dbeTZKR8p4qaipWgyvYRTQ2iR3EnmSLwTx07U251CC2uIoJC2+Q8YUn+nNWqqXMaNPuZFLKFKkjkfN2ql7z1Jei0LdULa3vU1GWWWctAwwq8Z46Z49z0q/RUp2HYKKKKQz/2Q0K&apos;, &apos;children&apos;: [], &apos;features&apos;: {}}], &apos;features&apos;: {}}
*********************





--------------------------------- CONTENT AREA --------------------------------- 
Table of questions



--------------------------------- CONTENT AREA --------------------------------- 
Topic of the Question



--------------------------------- CONTENT AREA --------------------------------- 
1 Funds, counterparties



--------------------------------- CONTENT AREA --------------------------------- 
General 2 Principal-to-principal model



--------------------------------- CONTENT AREA --------------------------------- 
Questions 3 Status of counterparties covered by AIFMD



--------------------------------- CONTENT AREA --------------------------------- 
4 Authorised or registered AIFMs



--------------------------------- CONTENT AREA --------------------------------- 
1 Definition of OTC Derivatives



--------------------------------- CONTENT AREA --------------------------------- 
2 Procedure for NFC to notify that they exceed



--------------------------------- CONTENT AREA --------------------------------- 
3 Calculation of the clearing threshold



--------------------------------- CONTENT AREA --------------------------------- 
4 Responsibility of the FC vis-a-vis its NFC counter-
parties



--------------------------------- CONTENT AREA --------------------------------- 
5 Timely confirmation



--------------------------------- CONTENT AREA --------------------------------- 
6 Intragroup transactions



--------------------------------- CONTENT AREA --------------------------------- 
7 Public Register



--------------------------------- CONTENT AREA --------------------------------- 
OTC Ques- 8 Reporting of unconfirmed trades for more than 5
tions business days



--------------------------------- CONTENT AREA --------------------------------- 
9 Notional amounts



--------------------------------- CONTENT AREA --------------------------------- 
10 Hedging definition



--------------------------------- CONTENT AREA --------------------------------- 
11 Portfolio Compression



--------------------------------- CONTENT AREA --------------------------------- 
12 Risk Mitigation techniques for OTC derivative con-
tracts not cleared by a CCP



--------------------------------- CONTENT AREA --------------------------------- 
13 Status of entities not established in the Union



--------------------------------- CONTENT AREA --------------------------------- 
14 Portfolio Reconciliation



--------------------------------- CONTENT AREA --------------------------------- 
15 Dispute Resolution



--------------------------------- CONTENT AREA --------------------------------- 
Relevant Article Last Updated



--------------------------------- CONTENT AREA --------------------------------- 
Cross-section 12 July 2018



--------------------------------- CONTENT AREA --------------------------------- 
Cross-section 5 August 2013



--------------------------------- CONTENT AREA --------------------------------- 
Cross-section 21 May 2014



--------------------------------- CONTENT AREA --------------------------------- 
Cross-section 21 May 2014



--------------------------------- CONTENT AREA --------------------------------- 
Cross-section 2 October 2017



--------------------------------- CONTENT AREA --------------------------------- 
10 of EMIR 20 March 2013



--------------------------------- CONTENT AREA --------------------------------- 
10 of EMIR 21 May 2014



--------------------------------- CONTENT AREA --------------------------------- 
11 of EMIR 20 March 2013



--------------------------------- CONTENT AREA --------------------------------- 
12 of the RTS on OTC derivatives 5 August 2013



--------------------------------- CONTENT AREA --------------------------------- 
3, 4(2), 11(6) to 11(10) of EMIR 10 July 2017



--------------------------------- CONTENT AREA --------------------------------- 
6 of EMIR 21 May 2014



--------------------------------- CONTENT AREA --------------------------------- 
12(4) of the RTS on OTC deriva- 20 March 2013
tives



--------------------------------- CONTENT AREA --------------------------------- 
Cross-section 20 March 2014



--------------------------------- CONTENT AREA --------------------------------- 
10(3) 5 August 2013



--------------------------------- CONTENT AREA --------------------------------- 
14 of the RTS on OTC derivatives 4 June 2013



--------------------------------- CONTENT AREA --------------------------------- 
11 of EMIR 20 March 2014



--------------------------------- CONTENT AREA --------------------------------- 
Cross-section 31 March 2015



--------------------------------- CONTENT AREA --------------------------------- 
13 of the RTS on OTC derivatives 20 December 2013



--------------------------------- CONTENT AREA --------------------------------- 
15 of the RTS on OTC derivatives 5 August 2013



--------------------------------- CONTENT AREA --------------------------------- 
16 Pension Scheme exemption from the clearing obli- 2(10) and 89 of EMIR 31 March 2015
gation



--------------------------------- CONTENT AREA --------------------------------- 
17 Frontloading requirement for the clearing obligation Article 4(1)(b)(ii) of EMIR 16 February 2016



--------------------------------- CONTENT AREA --------------------------------- 
18a Indirect clearing



--------------------------------- CONTENT AREA --------------------------------- 
18b Indirect clearing



--------------------------------- CONTENT AREA --------------------------------- 
19 Classification of non-EU Central Banks



--------------------------------- CONTENT AREA --------------------------------- 
20 Clearing obligation



--------------------------------- CONTENT AREA --------------------------------- 
21 Responsibility



--------------------------------- CONTENT AREA --------------------------------- 
22 Conditions



--------------------------------- CONTENT AREA --------------------------------- 
23 Effect on existing trades



--------------------------------- CONTENT AREA --------------------------------- 
24 Categories of counterparties



--------------------------------- CONTENT AREA --------------------------------- 
1 Most relevant currencies for the determination of
participation in a college



--------------------------------- CONTENT AREA --------------------------------- 
2 Collateral requirements and recording of client as-
sets



--------------------------------- CONTENT AREA --------------------------------- 
CCP Ques- 3 Default management



--------------------------------- CONTENT AREA --------------------------------- 
tions 4 Deposit of financial instruments



--------------------------------- CONTENT AREA --------------------------------- 
5 Review of models, Stress-testing and back-testing



--------------------------------- CONTENT AREA --------------------------------- 
6 Authorisation of a CCP



--------------------------------- CONTENT AREA --------------------------------- 
7 Capital



--------------------------------- CONTENT AREA --------------------------------- 
8 Segregation and portability



--------------------------------- CONTENT AREA --------------------------------- 
Article 4(4) of EMIR and Article 2 11 February 2014
RTS on OTC derivatives



--------------------------------- CONTENT AREA --------------------------------- 
Article 4(2)(b) of RTS 2017/2155 14 December 2017
amending RTS 149/2013



--------------------------------- CONTENT AREA --------------------------------- 
1 of EMIR 21 May 2014



--------------------------------- CONTENT AREA --------------------------------- 
4 of EMIR 16 February 2016



--------------------------------- CONTENT AREA --------------------------------- 
2.1 of RTS on Third Country con- 31 March 2015
tracts



--------------------------------- CONTENT AREA --------------------------------- 
2.1 of RTS on Third Country con- 31 March 2015
tracts



--------------------------------- CONTENT AREA --------------------------------- 
2 of RTS on Third Country con- 31 March 2015
tracts



--------------------------------- CONTENT AREA --------------------------------- 
2 of RTS on IRS in G4 currencies 2 June 2016



--------------------------------- CONTENT AREA --------------------------------- 
18 of EMIR 20 March 2013



--------------------------------- CONTENT AREA --------------------------------- 
46 of EMIR 20 March 2013



--------------------------------- CONTENT AREA --------------------------------- 
48 of EMIR 4 February 2016



--------------------------------- CONTENT AREA --------------------------------- 
47 of EMIR 5 August 2013



--------------------------------- CONTENT AREA --------------------------------- 
49 of EMIR 20 March 2013



--------------------------------- CONTENT AREA --------------------------------- 
14 of EMIR 31 March 2015



--------------------------------- CONTENT AREA --------------------------------- 
16 of EMIR 4 June 2013



--------------------------------- CONTENT AREA --------------------------------- 
39 of EMIR 31 March 2015



--------------------------------- CONTENT AREA --------------------------------- 
This content area has an image
{&apos;type&apos;: &apos;figure&apos;, &apos;bbox&apos;: (62.35, 749.47, 106.6, 793.72), &apos;name&apos;: &apos;Image22&apos;, &apos;children&apos;: [{&apos;type&apos;: &apos;image&apos;, &apos;height&apos;: 44.25, &apos;width&apos;: 44.24999999999999, &apos;value&apos;: &apos;data:image/jpeg;base64,/9j/4AAQSkZJRgABAQEAwADAAAD/2wBDAA0JCgsKCA0LCwsPDg0QFCEVFBISFCgdHhghMCoyMS8qLi00O0tANDhHOS0uQllCR05QVFVUMz9dY1xSYktTVFH/2wBDAQ4PDxQRFCcVFSdRNi42UVFRUVFRUVFRUVFRUVFRUVFRUVFRUVFRUVFRUVFRUVFRUVFRUVFRUVFRUVFRUVFRUVH/wAARCAA6ADsDASIAAhEBAxEB/8QAHwAAAQUBAQEBAQEAAAAAAAAAAAECAwQFBgcICQoL/8QAtRAAAgEDAwIEAwUFBAQAAAF9AQIDAAQRBRIhMUEGE1FhByJxFDKBkaEII0KxwRVS0fAkM2JyggkKFhcYGRolJicoKSo0NTY3ODk6Q0RFRkdISUpTVFVWV1hZWmNkZWZnaGlqc3R1dnd4eXqDhIWGh4iJipKTlJWWl5iZmqKjpKWmp6ipqrKztLW2t7i5usLDxMXGx8jJytLT1NXW19jZ2uHi4+Tl5ufo6erx8vP09fb3+Pn6/8QAHwEAAwEBAQEBAQEBAQAAAAAAAAECAwQFBgcICQoL/8QAtREAAgECBAQDBAcFBAQAAQJ3AAECAxEEBSExBhJBUQdhcRMiMoEIFEKRobHBCSMzUvAVYnLRChYkNOEl8RcYGRomJygpKjU2Nzg5OkNERUZHSElKU1RVVldYWVpjZGVmZ2hpanN0dXZ3eHl6goOEhYaHiImKkpOUlZaXmJmaoqOkpaanqKmqsrO0tba3uLm6wsPExcbHyMnK0tPU1dbX2Nna4uPk5ebn6Onq8vP09fb3+Pn6/9oADAMBAAIRAxEAPwD06obu5S0tnncMVUdhmi4uoLVQZpVTJAGT74p+I54x92RG59Qaa7sQ21uEurdJkDBWGRkYqrew30l5A9vNthU5ccfTj8M9avIixqFRQqjsKWnezugtcKp2+oxXF5LbIrh4+uVIq5TFhiRy6xqGOckDk5pK3UB9FQPeWyXC27TIJCOhYe3H15qeiwyC7tIbyMRzruUHOM45xUyjCgelUbe6u5NRlhktwsKj5XycHHXHHPUflV+m7rRiQZGcZ5NISBySB9a8/ktrrVLnVpRpkt3crcPHFci4CeTt+6ApPatLVtMv5Ws7y+sf7RijtVSaATbSkn8TDHWtPZJbsLnXkgDJOBSZHHI56Vxiw6dquoaJbpG7ae1vIyxO7cEE9eexFVY9Isv7P16by3EtlNItu4kbMYXkAc0ezXVhc7aS0t2ulu3H71OFbPQc/wCNWK4y5eLVpLONtKk1O7Wzjkk3XHlIu4Zz7nmqel6pf2+nxwrMyrGWUKTu24Y8Z9qfsm1uK53xYKMkgDpzS1T1Kx+3RLGJmiIOdy5/z1x+VWo02RqnoMdSf51jpYZl3nhzS7y5e4lhcNJ/rAkjKH+oBp19oGnX0qySpIrKgjzHIy5Udjg1qUU+eXcdilFpVlDPbTRQ7GtozHEATgKev1oGlWYhvIRGdl4zNN8x5JGD9Ku0UuZ9wMm58PaZcGEMjo8UYjVo5CrFBxg461Nb6HplvCsUdou1em4kn8zTn08vqa3nnuAox5e44P6+uOOnFXqpydrXEgqG8SaS1dbeTZKR8p4qaipWgyvYRTQ2iR3EnmSLwTx07U251CC2uIoJC2+Q8YUn+nNWqqXMaNPuZFLKFKkjkfN2ql7z1Jei0LdULa3vU1GWWWctAwwq8Z46Z49z0q/RUp2HYKKKKQz/2Q0K&apos;, &apos;children&apos;: [], &apos;features&apos;: {}}], &apos;features&apos;: {}}
*********************





--------------------------------- NEW PAGE --------------------------------
--------------------------------- CONTENT AREA --------------------------------- 
This content area has an image
{&apos;type&apos;: &apos;figure&apos;, &apos;bbox&apos;: (62.35, 749.47, 106.6, 793.72), &apos;name&apos;: &apos;Image22&apos;, &apos;children&apos;: [{&apos;type&apos;: &apos;image&apos;, &apos;height&apos;: 44.25, &apos;width&apos;: 44.24999999999999, &apos;value&apos;: &apos;data:image/jpeg;base64,/9j/4AAQSkZJRgABAQEAwADAAAD/2wBDAA0JCgsKCA0LCwsPDg0QFCEVFBISFCgdHhghMCoyMS8qLi00O0tANDhHOS0uQllCR05QVFVUMz9dY1xSYktTVFH/2wBDAQ4PDxQRFCcVFSdRNi42UVFRUVFRUVFRUVFRUVFRUVFRUVFRUVFRUVFRUVFRUVFRUVFRUVFRUVFRUVFRUVFRUVH/wAARCAA6ADsDASIAAhEBAxEB/8QAHwAAAQUBAQEBAQEAAAAAAAAAAAECAwQFBgcICQoL/8QAtRAAAgEDAwIEAwUFBAQAAAF9AQIDAAQRBRIhMUEGE1FhByJxFDKBkaEII0KxwRVS0fAkM2JyggkKFhcYGRolJicoKSo0NTY3ODk6Q0RFRkdISUpTVFVWV1hZWmNkZWZnaGlqc3R1dnd4eXqDhIWGh4iJipKTlJWWl5iZmqKjpKWmp6ipqrKztLW2t7i5usLDxMXGx8jJytLT1NXW19jZ2uHi4+Tl5ufo6erx8vP09fb3+Pn6/8QAHwEAAwEBAQEBAQEBAQAAAAAAAAECAwQFBgcICQoL/8QAtREAAgECBAQDBAcFBAQAAQJ3AAECAxEEBSExBhJBUQdhcRMiMoEIFEKRobHBCSMzUvAVYnLRChYkNOEl8RcYGRomJygpKjU2Nzg5OkNERUZHSElKU1RVVldYWVpjZGVmZ2hpanN0dXZ3eHl6goOEhYaHiImKkpOUlZaXmJmaoqOkpaanqKmqsrO0tba3uLm6wsPExcbHyMnK0tPU1dbX2Nna4uPk5ebn6Onq8vP09fb3+Pn6/9oADAMBAAIRAxEAPwD06obu5S0tnncMVUdhmi4uoLVQZpVTJAGT74p+I54x92RG59Qaa7sQ21uEurdJkDBWGRkYqrew30l5A9vNthU5ccfTj8M9avIixqFRQqjsKWnezugtcKp2+oxXF5LbIrh4+uVIq5TFhiRy6xqGOckDk5pK3UB9FQPeWyXC27TIJCOhYe3H15qeiwyC7tIbyMRzruUHOM45xUyjCgelUbe6u5NRlhktwsKj5XycHHXHHPUflV+m7rRiQZGcZ5NISBySB9a8/ktrrVLnVpRpkt3crcPHFci4CeTt+6ApPatLVtMv5Ws7y+sf7RijtVSaATbSkn8TDHWtPZJbsLnXkgDJOBSZHHI56Vxiw6dquoaJbpG7ae1vIyxO7cEE9eexFVY9Isv7P16by3EtlNItu4kbMYXkAc0ezXVhc7aS0t2ulu3H71OFbPQc/wCNWK4y5eLVpLONtKk1O7Wzjkk3XHlIu4Zz7nmqel6pf2+nxwrMyrGWUKTu24Y8Z9qfsm1uK53xYKMkgDpzS1T1Kx+3RLGJmiIOdy5/z1x+VWo02RqnoMdSf51jpYZl3nhzS7y5e4lhcNJ/rAkjKH+oBp19oGnX0qySpIrKgjzHIy5Udjg1qUU+eXcdilFpVlDPbTRQ7GtozHEATgKev1oGlWYhvIRGdl4zNN8x5JGD9Ku0UuZ9wMm58PaZcGEMjo8UYjVo5CrFBxg461Nb6HplvCsUdou1em4kn8zTn08vqa3nnuAox5e44P6+uOOnFXqpydrXEgqG8SaS1dbeTZKR8p4qaipWgyvYRTQ2iR3EnmSLwTx07U251CC2uIoJC2+Q8YUn+nNWqqXMaNPuZFLKFKkjkfN2ql7z1Jei0LdULa3vU1GWWWctAwwq8Z46Z49z0q/RUp2HYKKKKQz/2Q0K&apos;, &apos;children&apos;: [], &apos;features&apos;: {}}], &apos;features&apos;: {}}
*********************





--------------------------------- CONTENT AREA --------------------------------- 
9 Margin requirements



--------------------------------- CONTENT AREA --------------------------------- 
10 Outsourcing



--------------------------------- CONTENT AREA --------------------------------- 
11 Investment Policy



--------------------------------- CONTENT AREA --------------------------------- 
12 Default Fund



--------------------------------- CONTENT AREA --------------------------------- 
13 Organisational requirements



--------------------------------- CONTENT AREA --------------------------------- 
14 Definitions



--------------------------------- CONTENT AREA --------------------------------- 
15 Allocation of additional resources



--------------------------------- CONTENT AREA --------------------------------- 
16 Transparency



--------------------------------- CONTENT AREA --------------------------------- 
17 Limited exposures of Clearing Members



--------------------------------- CONTENT AREA --------------------------------- 
18 Use of margins posted by non-defaulted Clearing
Members



--------------------------------- CONTENT AREA --------------------------------- 
19 Application of the exemptions to Title IV of EMIR



--------------------------------- CONTENT AREA --------------------------------- 
20 Risk Committee



--------------------------------- CONTENT AREA --------------------------------- 
21 Prudential Requirements



--------------------------------- CONTENT AREA --------------------------------- 
22 Ongoing monitoring of collateral requirements



--------------------------------- CONTENT AREA --------------------------------- 
23 Access Model



--------------------------------- CONTENT AREA --------------------------------- 
1 Classification of financial instruments



--------------------------------- CONTENT AREA --------------------------------- 
2 TR registration



--------------------------------- CONTENT AREA --------------------------------- 
3a Reporting of collateral



--------------------------------- CONTENT AREA --------------------------------- 
3b Reporting of valuations



--------------------------------- CONTENT AREA --------------------------------- 
41 of EMIR 3 December 2018
27(3) of RTS on CCP require-
ments



--------------------------------- CONTENT AREA --------------------------------- 
14 of EMIR 4 June 2013



--------------------------------- CONTENT AREA --------------------------------- 
11(1) of RTS on CCP require-
ments



--------------------------------- CONTENT AREA --------------------------------- 
47 of EMIR 11 February 2014



--------------------------------- CONTENT AREA --------------------------------- 
42 of EMIR 11 February 2014



--------------------------------- CONTENT AREA --------------------------------- 
26 of EMIR 21 May 2014



--------------------------------- CONTENT AREA --------------------------------- 
2 of EMIR 5 August 2013



--------------------------------- CONTENT AREA --------------------------------- 
35 of RTS on CCP requirements 5 August 2013



--------------------------------- CONTENT AREA --------------------------------- 
38 of EMIR 11 February 2014



--------------------------------- CONTENT AREA --------------------------------- 
43(3) and 48(2) of EMIR 11 February 2014



--------------------------------- CONTENT AREA --------------------------------- 
45(4) of EMIR 11 February 2014



--------------------------------- CONTENT AREA --------------------------------- 
1 of EMIR 11 February 2014



--------------------------------- CONTENT AREA --------------------------------- 
28 of EMIR 21 May 2014



--------------------------------- CONTENT AREA --------------------------------- 
Guideline and Recommendation 21 May 2014
3(b)(v)



--------------------------------- CONTENT AREA --------------------------------- 
46 of EMIR and 37 of RTS on 2 October 2017
CCP requirements



--------------------------------- CONTENT AREA --------------------------------- 
2 of EMIR 26 September 2018



--------------------------------- CONTENT AREA --------------------------------- 
1 of EMIR 5 August 2013



--------------------------------- CONTENT AREA --------------------------------- 
56 of EMIR 20 March 2013



--------------------------------- CONTENT AREA --------------------------------- 
9 of EMIR 14 December 2017



--------------------------------- CONTENT AREA --------------------------------- 
9 of EMIR 23 June 2014



--------------------------------- CONTENT AREA --------------------------------- 
4 Reporting of outstanding positions following the entry 5 of the ITS on reporting to TR 3 April 2017
into force of EMIR (Backloading)



--------------------------------- CONTENT AREA --------------------------------- 
5 Exchange traded derivatives



--------------------------------- CONTENT AREA --------------------------------- 
6 Reporting to TRs: Cleared trades



--------------------------------- CONTENT AREA --------------------------------- 
7 Reporting to TRs: Avoidance of duplication



--------------------------------- CONTENT AREA --------------------------------- 
8 Reporting to TRs: delegation



--------------------------------- CONTENT AREA --------------------------------- 
9 Reporting to TRs: Table of fields



--------------------------------- CONTENT AREA --------------------------------- 
10 Codes



--------------------------------- CONTENT AREA --------------------------------- 
TR 11 Frequency of reports



--------------------------------- CONTENT AREA --------------------------------- 
Questions 12 Field “Maturity”



--------------------------------- CONTENT AREA --------------------------------- 
13 Intragroup transactions



--------------------------------- CONTENT AREA --------------------------------- 
14 Transactions within the same legal entity



--------------------------------- CONTENT AREA --------------------------------- 
15 Subsidiaries of non-EU entities



--------------------------------- CONTENT AREA --------------------------------- 
16 Collateral portfolio code



--------------------------------- CONTENT AREA --------------------------------- 
17 Position level reporting



--------------------------------- CONTENT AREA --------------------------------- 
18 Reporting to TRs: UTI construction



--------------------------------- CONTENT AREA --------------------------------- 
19 Reporting to TRs: UTI generation



--------------------------------- CONTENT AREA --------------------------------- 
20a Reporting to TRs: Empty fields



--------------------------------- CONTENT AREA --------------------------------- 
20b Reporting to TRs: Validations of EMIR reports



--------------------------------- CONTENT AREA --------------------------------- 
21 Reporting to TRs: UPI taxonomy



--------------------------------- CONTENT AREA --------------------------------- 
22 Reporting to TRs: Venues with AII codes



--------------------------------- CONTENT AREA --------------------------------- 
9 of EMIR 4 June 2013



--------------------------------- CONTENT AREA --------------------------------- 
9 of EMIR 29 May 2018



--------------------------------- CONTENT AREA --------------------------------- 
9 of EMIR 4 June 2013



--------------------------------- CONTENT AREA --------------------------------- 
9 of EMIR 4 June 2013



--------------------------------- CONTENT AREA --------------------------------- 
9 of EMIR 20 December 2013



--------------------------------- CONTENT AREA --------------------------------- 
9 of EMIR 24 October 2014



--------------------------------- CONTENT AREA --------------------------------- 
9 of EMIR 5 August 2013



--------------------------------- CONTENT AREA --------------------------------- 
9 of EMIR 29 May 2018



--------------------------------- CONTENT AREA --------------------------------- 
9 of EMIR 5 August 2013



--------------------------------- CONTENT AREA --------------------------------- 
9 of EMIR 5 August 2013



--------------------------------- CONTENT AREA --------------------------------- 
9 of EMIR 5 August 2013



--------------------------------- CONTENT AREA --------------------------------- 
9 of EMIR 20 December 2013



--------------------------------- CONTENT AREA --------------------------------- 
9 of EMIR 29 May 2018



--------------------------------- CONTENT AREA --------------------------------- 
9 of EMIR 11 February 2014



--------------------------------- CONTENT AREA --------------------------------- 
9 of EMIR 29 May 2018



--------------------------------- CONTENT AREA --------------------------------- 
9 of EMIR 27 April 2015



--------------------------------- CONTENT AREA --------------------------------- 
9 of EMIR 27 April 2015



--------------------------------- CONTENT AREA --------------------------------- 
9 of EMIR 29 May 2018



--------------------------------- CONTENT AREA --------------------------------- 
9 of EMIR 29 May 2018



--------------------------------- CONTENT AREA --------------------------------- 
This content area has an image
{&apos;type&apos;: &apos;figure&apos;, &apos;bbox&apos;: (62.35, 749.47, 106.6, 793.72), &apos;name&apos;: &apos;Image22&apos;, &apos;children&apos;: [{&apos;type&apos;: &apos;image&apos;, &apos;height&apos;: 44.25, &apos;width&apos;: 44.24999999999999, &apos;value&apos;: &apos;data:image/jpeg;base64,/9j/4AAQSkZJRgABAQEAwADAAAD/2wBDAA0JCgsKCA0LCwsPDg0QFCEVFBISFCgdHhghMCoyMS8qLi00O0tANDhHOS0uQllCR05QVFVUMz9dY1xSYktTVFH/2wBDAQ4PDxQRFCcVFSdRNi42UVFRUVFRUVFRUVFRUVFRUVFRUVFRUVFRUVFRUVFRUVFRUVFRUVFRUVFRUVFRUVFRUVH/wAARCAA6ADsDASIAAhEBAxEB/8QAHwAAAQUBAQEBAQEAAAAAAAAAAAECAwQFBgcICQoL/8QAtRAAAgEDAwIEAwUFBAQAAAF9AQIDAAQRBRIhMUEGE1FhByJxFDKBkaEII0KxwRVS0fAkM2JyggkKFhcYGRolJicoKSo0NTY3ODk6Q0RFRkdISUpTVFVWV1hZWmNkZWZnaGlqc3R1dnd4eXqDhIWGh4iJipKTlJWWl5iZmqKjpKWmp6ipqrKztLW2t7i5usLDxMXGx8jJytLT1NXW19jZ2uHi4+Tl5ufo6erx8vP09fb3+Pn6/8QAHwEAAwEBAQEBAQEBAQAAAAAAAAECAwQFBgcICQoL/8QAtREAAgECBAQDBAcFBAQAAQJ3AAECAxEEBSExBhJBUQdhcRMiMoEIFEKRobHBCSMzUvAVYnLRChYkNOEl8RcYGRomJygpKjU2Nzg5OkNERUZHSElKU1RVVldYWVpjZGVmZ2hpanN0dXZ3eHl6goOEhYaHiImKkpOUlZaXmJmaoqOkpaanqKmqsrO0tba3uLm6wsPExcbHyMnK0tPU1dbX2Nna4uPk5ebn6Onq8vP09fb3+Pn6/9oADAMBAAIRAxEAPwD06obu5S0tnncMVUdhmi4uoLVQZpVTJAGT74p+I54x92RG59Qaa7sQ21uEurdJkDBWGRkYqrew30l5A9vNthU5ccfTj8M9avIixqFRQqjsKWnezugtcKp2+oxXF5LbIrh4+uVIq5TFhiRy6xqGOckDk5pK3UB9FQPeWyXC27TIJCOhYe3H15qeiwyC7tIbyMRzruUHOM45xUyjCgelUbe6u5NRlhktwsKj5XycHHXHHPUflV+m7rRiQZGcZ5NISBySB9a8/ktrrVLnVpRpkt3crcPHFci4CeTt+6ApPatLVtMv5Ws7y+sf7RijtVSaATbSkn8TDHWtPZJbsLnXkgDJOBSZHHI56Vxiw6dquoaJbpG7ae1vIyxO7cEE9eexFVY9Isv7P16by3EtlNItu4kbMYXkAc0ezXVhc7aS0t2ulu3H71OFbPQc/wCNWK4y5eLVpLONtKk1O7Wzjkk3XHlIu4Zz7nmqel6pf2+nxwrMyrGWUKTu24Y8Z9qfsm1uK53xYKMkgDpzS1T1Kx+3RLGJmiIOdy5/z1x+VWo02RqnoMdSf51jpYZl3nhzS7y5e4lhcNJ/rAkjKH+oBp19oGnX0qySpIrKgjzHIy5Udjg1qUU+eXcdilFpVlDPbTRQ7GtozHEATgKev1oGlWYhvIRGdl4zNN8x5JGD9Ku0UuZ9wMm58PaZcGEMjo8UYjVo5CrFBxg461Nb6HplvCsUdou1em4kn8zTn08vqa3nnuAox5e44P6+uOOnFXqpydrXEgqG8SaS1dbeTZKR8p4qaipWgyvYRTQ2iR3EnmSLwTx07U251CC2uIoJC2+Q8YUn+nNWqqXMaNPuZFLKFKkjkfN2ql7z1Jei0LdULa3vU1GWWWctAwwq8Z46Z49z0q/RUp2HYKKKKQz/2Q0K&apos;, &apos;children&apos;: [], &apos;features&apos;: {}}], &apos;features&apos;: {}}
*********************





--------------------------------- NEW PAGE --------------------------------
--------------------------------- CONTENT AREA --------------------------------- 
This content area has an image
{&apos;type&apos;: &apos;figure&apos;, &apos;bbox&apos;: (29.75, 740.92, 203.75, 812.17), &apos;name&apos;: &apos;Image10&apos;, &apos;children&apos;: [{&apos;type&apos;: &apos;image&apos;, &apos;height&apos;: 71.25, &apos;width&apos;: 174.0, &apos;value&apos;: &apos;data:image/jpeg;base64,/9j/4AAQSkZJRgABAQEAwADAAAD/2wBDAA0JCgsKCA0LCwsPDg0QFCEVFBISFCgdHhghMCoyMS8qLi00O0tANDhHOS0uQllCR05QVFVUMz9dY1xSYktTVFH/2wBDAQ4PDxQRFCcVFSdRNi42UVFRUVFRUVFRUVFRUVFRUVFRUVFRUVFRUVFRUVFRUVFRUVFRUVFRUVFRUVFRUVFRUVH/wAARCABeAOcDASIAAhEBAxEB/8QAHwAAAQUBAQEBAQEAAAAAAAAAAAECAwQFBgcICQoL/8QAtRAAAgEDAwIEAwUFBAQAAAF9AQIDAAQRBRIhMUEGE1FhByJxFDKBkaEII0KxwRVS0fAkM2JyggkKFhcYGRolJicoKSo0NTY3ODk6Q0RFRkdISUpTVFVWV1hZWmNkZWZnaGlqc3R1dnd4eXqDhIWGh4iJipKTlJWWl5iZmqKjpKWmp6ipqrKztLW2t7i5usLDxMXGx8jJytLT1NXW19jZ2uHi4+Tl5ufo6erx8vP09fb3+Pn6/8QAHwEAAwEBAQEBAQEBAQAAAAAAAAECAwQFBgcICQoL/8QAtREAAgECBAQDBAcFBAQAAQJ3AAECAxEEBSExBhJBUQdhcRMiMoEIFEKRobHBCSMzUvAVYnLRChYkNOEl8RcYGRomJygpKjU2Nzg5OkNERUZHSElKU1RVVldYWVpjZGVmZ2hpanN0dXZ3eHl6goOEhYaHiImKkpOUlZaXmJmaoqOkpaanqKmqsrO0tba3uLm6wsPExcbHyMnK0tPU1dbX2Nna4uPk5ebn6Onq8vP09fb3+Pn6/9oADAMBAAIRAxEAPwD06iiigApsciSLuRgwyRkeoODVfUUdrKQxPIsijK+WeSewrO0Kzu7aWRbppVAAZVDZU56/jVqKcb3Jb1sbdYuv311aIiRooVyCrhueDnGK2qaY0aQOyAsAQCR0B60otJ3Y2rohsJ5bm1SaVETeNyhWzxVimxokaBEUKo6AdBTqT3GhpkQSLGWAZgSB6gdf506ucvLS/OqedFJOYImC78/MAfvY9cV0SLsQLknAxknJNVKKSWpKdxaKKKgoKKKKACiiigAooooAKKKKACiiigAooooAKKKKACiiigAooooAKjjmjleREbLRttb64z/WieNZYXRwSpHQHB/CsTStIuLa8WW5+ZWBOA5O1u2fWrik022S27m/RRRUFBRRRQAUUUUAFFFIwDKVIyDwaAGedGbgwbv3gXfj2zipK55dGnGpfaCG+z+Zt2eYd231z6e1dCAAAAMAVcklsyU29woooqCgooooAKKKKACiiigAooooAKKKKACiiigAooooAKKKKACise81tLa+igMUqgE+YCvJGOMevNa0T+ZGr7GTPOGGCKpxaV2JNMdUc88NtEZZ5UijXqztgD8akrhfGtxE/iKxtL2R1sUQSSBc85Jz/ICnThzuwM6+01OwvWK2t5DMw5Ko4J/Kpbq7trOLzbqeOFOm52AFebaxdaLBcWl34fLxTxPllw2D6dfy/GtXxmBH4gsbnUIJZtNCAFUOOcnI+vT61r7FXXmK519pqdhfMVtbyGZhyVRwT+VJdarp1m+y5vYIn/us4z+VYnh+38M3F8t5pQ23Ean92WYEZ4Jwfr24rJ8OaXZarresm+g87y5vlyxGMs2eh9qn2cdW76Dudg2saYtus7X9uIm4DeYOTU1peW17H5lrcRzIOCUYHFcJp2h6fJ42vNPkhL20SF0QsePu9+verdtbR6L8QIbSx3Jb3EeWjySOhP8AMU3Tjsnra4XOtu9TsLJgt1eQwseiu4B/KpLW8tr2LzLWeOZOmUYHFcjrH/CJ2usXEt95tzcucuikkIfwx+WTVPwrcWq+MZU0zzEspozhH9gD/PNHsk431C56BWYNQZtVltTc2kQjkVBG/wDrHBUNkc++OnatOqSW1zFezSxzReVNIHZWjJYYVV4Of9n0rAY/+0LXy1kMmEaNpQSD91cZP6imyanbRKGkEq5XewMTZRc4y3HA+tVG0iZoXha4TyxBLBHiM5AfHJ55xj8anvtPluGlMUyoJ4fIk3Jk7eeRyMH5j+lAE39oW/2o2+X3BthbYdu7GcZ6ZwaSLUraUMU8w4XeP3bfOvTK8fMPp6iqkNlcSX1wXZUt1ullUbDubCKBg5xjPt2psGiGC1eBHhQ7AiSLGQxAIOGO7kHABxigC4dTt/LVsSli5j8sRtu3AZxjHpzTp7wDTWvLdfNGzcowefw6/wBarWelG3dHLxgrO0xVEIXlNmBz+NWre3ktrEQRyL5ig4ZlyOTnpn+tAEUV8EtlmmniuBI22M2yE7jjOAMn0P5U8ajbOYxGZJDIA3yRsdozjJ445z19D6VUl0d58ySPCZTMJtvlnyyQpXkZznB657D0qaKwlt5kkt3gTMaxyL5R24BJyozx949c0AWBfW5CHfw5cAkH+HO7+Rqrc6oEtHuIR0tpZ0SRGUttxz9Of1po0uXftM6eSvmlBsO7589TntmpLjTPPhWIy4AtJLYkL/e28/8Ajv60ASNfxIzM7FEEe8q0bBuuOn9MZo/tO22g4lLlinliJi4IGTkYz0IP4iornTZLtXM8qb3iCHah25DbgcZ6e1RyaUzWXkILWNy5fckTDacYDA7shh60AaM0ywxeYVdh6IhY/kKrPqtqsaPmRg4ZsLGxICnDZGOMHinX1o9zapEsuCrAneCQ+OxwRVe20kwRqvmrxHMmFXA/eOG456DpQBHrWtpp9hNNbqZpYwp+4Sg3EdSPY5/L1oqO90OW5sZrNbpEinWPeTGSwKgDjnvtFFAF+40y2uZnllDGQgBWzymPSrlFIGBJAIJHB9qbbYrC1x/i+xuI9Ws9ZjtPtcMShJYtu7gEnkenJ/KuwoqoS5XcbOMstbtLu/t4rHwyDlwGk8pRsHrwO31Famva8+mXYgm0qW4tHTJlHIJ9MYx+tb9FNzi3e34iscJoMH2/xampWFg9lYxqd2RgMSCOO3foPSr3g2GWPWdcLxsoMwAJGP4mrraKqVW6asFjktMhlX4iak5jYJ5P3iOOdmKL+GU/EewkEbFPJzuxx0autope01v5WCx57bSnw3rF/wD2lpb3ImfMcwUHjJPGfXP6Va0Ay6j4xfU4bCS3tfLI+ZcAfKB9K7fI3FcjI5xS1Tq3vpqwsFYcl7d2+pXyqGmSSRYoFxkJJsUjPoDkk+m33rcpkcKRvK6LhpW3Oc9TgD+QFYDMSPVJrLSoGkdbh0jZ5C24uwBIzwCB06nip9R1CWO3upcbIbaeJCUJLt8yFuPoxGKtSaVZyLtKOF27CFkZdy5JwcHkcnr6mpmtIGDgpxJIsrcnlhjB/wDHRQBn3OrzwrFi2VnkjaUKpZ/lBGBlQeTnr0+tKLy7jfUZVj81EmQKp3FlykeeADwMk8c9atHTLXChVePbu2+XIyYBOSOD0z2qR7KFpJXzKjS437JWXJGOeD14Az6CgBI7tP7P+1yPGUVC7NGcrgdcVlaZqji1lEkonlEsTdfuiVgCP+AksPoBWuLOAWn2XYfJ7gsTnnJyepyevrRcWcFyxaVMkrsyCRxkHt3yAQe1AFG4u7h76GKEKpS7MRBYgOPJLc/n+lMtr+eEkzhXhe4nRWDEsNpduR6YUj8qujTbYIFxJkSebv8ANbduxtznOenH0qQWduNn7v7kjSjk/ebOT/48fzoAof2pcJFmSCMO6I8YVyR8zBcHjtkU28ubhZGjjwsyyQA/Odp3Hkewq5HplpGpUIxHy/ekZsBTlQMngA9qkmsrefzC6nMm0kqxBypyCCOmKAIFv3N4LQxjzfN2kA/wbN2788D61fqnFZkanJeSBAREIY8Ek7c5JJP4fl71coAKKKKACiiigBkwZoWCSeU2OHwDj86wNIOotqDGeR40mG/JQfPjjj04roqKuMrJolq7CiimxyJKGKMDtYqfYjrUFDqKKKACiiigApGBKkBipPQjtSNIiyJGzAM+do9cdadQBzdu+pNrBZpmEbsYvO8v5SFz0FdIPzoxRVylzEpWCiiioKCiiigAooooAKKKKACiiigAooooAKKKKACiiigAooooAKKKKAIL6MyWkgVpFYAlTGSGzWTolheW1y/2tpQCN4Cv8pbvn36Vu0Vam0rEtXdwqC6u4rWLzJWAGQOvqcVPWTq+lLqNxGEKRsFJZ8ZJ9BSik3qNtpaGqGVuhB+lLVXTIFtrGOIIqsvDbe5HBNWqTVmCOd1Cwvn1EzQPOYYiMHf8wz97b+FdBGgjjVAWYAdWOSfxp1FVKbkkhJWCiiioKCiiigAooooAKKKKACiiigAooooAKKKKACiiigAooooAKKKKAP/ZDQo=&apos;, &apos;children&apos;: [], &apos;features&apos;: {}}], &apos;features&apos;: {}}
*********************





--------------------------------- CONTENT AREA --------------------------------- 
Questions and Answers



--------------------------------- CONTENT AREA --------------------------------- 
Implementation of the Regulation (EU) No 648/2012 on OTC derivatives,
central counterparties and trade repositories (EMIR)



--------------------------------- CONTENT AREA --------------------------------- 
4 February 2019| ESMA70-1861941480-52



--------------------------------- CONTENT AREA --------------------------------- 
This content area has an image
{&apos;type&apos;: &apos;figure&apos;, &apos;bbox&apos;: (29.75, 740.92, 203.75, 812.17), &apos;name&apos;: &apos;Image10&apos;, &apos;children&apos;: [{&apos;type&apos;: &apos;image&apos;, &apos;height&apos;: 71.25, &apos;width&apos;: 174.0, &apos;value&apos;: &apos;data:image/jpeg;base64,/9j/4AAQSkZJRgABAQEAwADAAAD/2wBDAA0JCgsKCA0LCwsPDg0QFCEVFBISFCgdHhghMCoyMS8qLi00O0tANDhHOS0uQllCR05QVFVUMz9dY1xSYktTVFH/2wBDAQ4PDxQRFCcVFSdRNi42UVFRUVFRUVFRUVFRUVFRUVFRUVFRUVFRUVFRUVFRUVFRUVFRUVFRUVFRUVFRUVFRUVH/wAARCABeAOcDASIAAhEBAxEB/8QAHwAAAQUBAQEBAQEAAAAAAAAAAAECAwQFBgcICQoL/8QAtRAAAgEDAwIEAwUFBAQAAAF9AQIDAAQRBRIhMUEGE1FhByJxFDKBkaEII0KxwRVS0fAkM2JyggkKFhcYGRolJicoKSo0NTY3ODk6Q0RFRkdISUpTVFVWV1hZWmNkZWZnaGlqc3R1dnd4eXqDhIWGh4iJipKTlJWWl5iZmqKjpKWmp6ipqrKztLW2t7i5usLDxMXGx8jJytLT1NXW19jZ2uHi4+Tl5ufo6erx8vP09fb3+Pn6/8QAHwEAAwEBAQEBAQEBAQAAAAAAAAECAwQFBgcICQoL/8QAtREAAgECBAQDBAcFBAQAAQJ3AAECAxEEBSExBhJBUQdhcRMiMoEIFEKRobHBCSMzUvAVYnLRChYkNOEl8RcYGRomJygpKjU2Nzg5OkNERUZHSElKU1RVVldYWVpjZGVmZ2hpanN0dXZ3eHl6goOEhYaHiImKkpOUlZaXmJmaoqOkpaanqKmqsrO0tba3uLm6wsPExcbHyMnK0tPU1dbX2Nna4uPk5ebn6Onq8vP09fb3+Pn6/9oADAMBAAIRAxEAPwD06iiigApsciSLuRgwyRkeoODVfUUdrKQxPIsijK+WeSewrO0Kzu7aWRbppVAAZVDZU56/jVqKcb3Jb1sbdYuv311aIiRooVyCrhueDnGK2qaY0aQOyAsAQCR0B60otJ3Y2rohsJ5bm1SaVETeNyhWzxVimxokaBEUKo6AdBTqT3GhpkQSLGWAZgSB6gdf506ucvLS/OqedFJOYImC78/MAfvY9cV0SLsQLknAxknJNVKKSWpKdxaKKKgoKKKKACiiigAooooAKKKKACiiigAooooAKKKKACiiigAooooAKjjmjleREbLRttb64z/WieNZYXRwSpHQHB/CsTStIuLa8WW5+ZWBOA5O1u2fWrik022S27m/RRRUFBRRRQAUUUUAFFFIwDKVIyDwaAGedGbgwbv3gXfj2zipK55dGnGpfaCG+z+Zt2eYd231z6e1dCAAAAMAVcklsyU29woooqCgooooAKKKKACiiigAooooAKKKKACiiigAooooAKKKKACise81tLa+igMUqgE+YCvJGOMevNa0T+ZGr7GTPOGGCKpxaV2JNMdUc88NtEZZ5UijXqztgD8akrhfGtxE/iKxtL2R1sUQSSBc85Jz/ICnThzuwM6+01OwvWK2t5DMw5Ko4J/Kpbq7trOLzbqeOFOm52AFebaxdaLBcWl34fLxTxPllw2D6dfy/GtXxmBH4gsbnUIJZtNCAFUOOcnI+vT61r7FXXmK519pqdhfMVtbyGZhyVRwT+VJdarp1m+y5vYIn/us4z+VYnh+38M3F8t5pQ23Ean92WYEZ4Jwfr24rJ8OaXZarresm+g87y5vlyxGMs2eh9qn2cdW76Dudg2saYtus7X9uIm4DeYOTU1peW17H5lrcRzIOCUYHFcJp2h6fJ42vNPkhL20SF0QsePu9+verdtbR6L8QIbSx3Jb3EeWjySOhP8AMU3Tjsnra4XOtu9TsLJgt1eQwseiu4B/KpLW8tr2LzLWeOZOmUYHFcjrH/CJ2usXEt95tzcucuikkIfwx+WTVPwrcWq+MZU0zzEspozhH9gD/PNHsk431C56BWYNQZtVltTc2kQjkVBG/wDrHBUNkc++OnatOqSW1zFezSxzReVNIHZWjJYYVV4Of9n0rAY/+0LXy1kMmEaNpQSD91cZP6imyanbRKGkEq5XewMTZRc4y3HA+tVG0iZoXha4TyxBLBHiM5AfHJ55xj8anvtPluGlMUyoJ4fIk3Jk7eeRyMH5j+lAE39oW/2o2+X3BthbYdu7GcZ6ZwaSLUraUMU8w4XeP3bfOvTK8fMPp6iqkNlcSX1wXZUt1ullUbDubCKBg5xjPt2psGiGC1eBHhQ7AiSLGQxAIOGO7kHABxigC4dTt/LVsSli5j8sRtu3AZxjHpzTp7wDTWvLdfNGzcowefw6/wBarWelG3dHLxgrO0xVEIXlNmBz+NWre3ktrEQRyL5ig4ZlyOTnpn+tAEUV8EtlmmniuBI22M2yE7jjOAMn0P5U8ajbOYxGZJDIA3yRsdozjJ445z19D6VUl0d58ySPCZTMJtvlnyyQpXkZznB657D0qaKwlt5kkt3gTMaxyL5R24BJyozx949c0AWBfW5CHfw5cAkH+HO7+Rqrc6oEtHuIR0tpZ0SRGUttxz9Of1po0uXftM6eSvmlBsO7589TntmpLjTPPhWIy4AtJLYkL/e28/8Ajv60ASNfxIzM7FEEe8q0bBuuOn9MZo/tO22g4lLlinliJi4IGTkYz0IP4iornTZLtXM8qb3iCHah25DbgcZ6e1RyaUzWXkILWNy5fckTDacYDA7shh60AaM0ywxeYVdh6IhY/kKrPqtqsaPmRg4ZsLGxICnDZGOMHinX1o9zapEsuCrAneCQ+OxwRVe20kwRqvmrxHMmFXA/eOG456DpQBHrWtpp9hNNbqZpYwp+4Sg3EdSPY5/L1oqO90OW5sZrNbpEinWPeTGSwKgDjnvtFFAF+40y2uZnllDGQgBWzymPSrlFIGBJAIJHB9qbbYrC1x/i+xuI9Ws9ZjtPtcMShJYtu7gEnkenJ/KuwoqoS5XcbOMstbtLu/t4rHwyDlwGk8pRsHrwO31Famva8+mXYgm0qW4tHTJlHIJ9MYx+tb9FNzi3e34iscJoMH2/xampWFg9lYxqd2RgMSCOO3foPSr3g2GWPWdcLxsoMwAJGP4mrraKqVW6asFjktMhlX4iak5jYJ5P3iOOdmKL+GU/EewkEbFPJzuxx0autope01v5WCx57bSnw3rF/wD2lpb3ImfMcwUHjJPGfXP6Va0Ay6j4xfU4bCS3tfLI+ZcAfKB9K7fI3FcjI5xS1Tq3vpqwsFYcl7d2+pXyqGmSSRYoFxkJJsUjPoDkk+m33rcpkcKRvK6LhpW3Oc9TgD+QFYDMSPVJrLSoGkdbh0jZ5C24uwBIzwCB06nip9R1CWO3upcbIbaeJCUJLt8yFuPoxGKtSaVZyLtKOF27CFkZdy5JwcHkcnr6mpmtIGDgpxJIsrcnlhjB/wDHRQBn3OrzwrFi2VnkjaUKpZ/lBGBlQeTnr0+tKLy7jfUZVj81EmQKp3FlykeeADwMk8c9atHTLXChVePbu2+XIyYBOSOD0z2qR7KFpJXzKjS437JWXJGOeD14Az6CgBI7tP7P+1yPGUVC7NGcrgdcVlaZqji1lEkonlEsTdfuiVgCP+AksPoBWuLOAWn2XYfJ7gsTnnJyepyevrRcWcFyxaVMkrsyCRxkHt3yAQe1AFG4u7h76GKEKpS7MRBYgOPJLc/n+lMtr+eEkzhXhe4nRWDEsNpduR6YUj8qujTbYIFxJkSebv8ANbduxtznOenH0qQWduNn7v7kjSjk/ebOT/48fzoAof2pcJFmSCMO6I8YVyR8zBcHjtkU28ubhZGjjwsyyQA/Odp3Hkewq5HplpGpUIxHy/ekZsBTlQMngA9qkmsrefzC6nMm0kqxBypyCCOmKAIFv3N4LQxjzfN2kA/wbN2788D61fqnFZkanJeSBAREIY8Ek7c5JJP4fl71coAKKKKACiiigBkwZoWCSeU2OHwDj86wNIOotqDGeR40mG/JQfPjjj04roqKuMrJolq7CiimxyJKGKMDtYqfYjrUFDqKKKACiiigApGBKkBipPQjtSNIiyJGzAM+do9cdadQBzdu+pNrBZpmEbsYvO8v5SFz0FdIPzoxRVylzEpWCiiioKCiiigAooooAKKKKACiiigAooooAKKKKACiiigAooooAKKKKAIL6MyWkgVpFYAlTGSGzWTolheW1y/2tpQCN4Cv8pbvn36Vu0Vam0rEtXdwqC6u4rWLzJWAGQOvqcVPWTq+lLqNxGEKRsFJZ8ZJ9BSik3qNtpaGqGVuhB+lLVXTIFtrGOIIqsvDbe5HBNWqTVmCOd1Cwvn1EzQPOYYiMHf8wz97b+FdBGgjjVAWYAdWOSfxp1FVKbkkhJWCiiioKCiiigAooooAKKKKACiiigAooooAKKKKACiiigAooooAKKKKAP/ZDQo=&apos;, &apos;children&apos;: [], &apos;features&apos;: {}}], &apos;features&apos;: {}}
*********************





--------------------------------- CONTENT AREA --------------------------------- 
This content area has an image
{&apos;type&apos;: &apos;figure&apos;, &apos;bbox&apos;: (0.0, -0.3299, 595.3, 535.1701), &apos;name&apos;: &apos;Image4&apos;, &apos;children&apos;: [{&apos;type&apos;: &apos;image&apos;, &apos;height&apos;: 535.5, &apos;width&apos;: 595.3, &apos;value&apos;: &apos;data:image/jpeg;base64,/9j/4AAQSkZJRgABAQEAwADAAAD/2wBDAA0JCgsKCA0LCwsPDg0QFCEVFBISFCgdHhghMCoyMS8qLi00O0tANDhHOS0uQllCR05QVFVUMz9dY1xSYktTVFH/2wBDAQ4PDxQRFCcVFSdRNi42UVFRUVFRUVFRUVFRUVFRUVFRUVFRUVFRUVFRUVFRUVFRUVFRUVFRUVFRUVFRUVFRUVH/wAARCALJAxkDASIAAhEBAxEB/8QAHwAAAQUBAQEBAQEAAAAAAAAAAAECAwQFBgcICQoL/8QAtRAAAgEDAwIEAwUFBAQAAAF9AQIDAAQRBRIhMUEGE1FhByJxFDKBkaEII0KxwRVS0fAkM2JyggkKFhcYGRolJicoKSo0NTY3ODk6Q0RFRkdISUpTVFVWV1hZWmNkZWZnaGlqc3R1dnd4eXqDhIWGh4iJipKTlJWWl5iZmqKjpKWmp6ipqrKztLW2t7i5usLDxMXGx8jJytLT1NXW19jZ2uHi4+Tl5ufo6erx8vP09fb3+Pn6/8QAHwEAAwEBAQEBAQEBAQAAAAAAAAECAwQFBgcICQoL/8QAtREAAgECBAQDBAcFBAQAAQJ3AAECAxEEBSExBhJBUQdhcRMiMoEIFEKRobHBCSMzUvAVYnLRChYkNOEl8RcYGRomJygpKjU2Nzg5OkNERUZHSElKU1RVVldYWVpjZGVmZ2hpanN0dXZ3eHl6goOEhYaHiImKkpOUlZaXmJmaoqOkpaanqKmqsrO0tba3uLm6wsPExcbHyMnK0tPU1dbX2Nna4uPk5ebn6Onq8vP09fb3+Pn6/9oADAMBAAIRAxEAPwDm6KKK9g5QooooAKKKKACiiigAooooAKKKKACiiigAooooAKKKKACiiigAooooAKKKKACiiigAooooAKKKKACiiigAooooAKKKKACiiigAooooAKKKKACiiigAooooAKKKKACiiigAooooAKKKKACiiigAooooAKKKKACiiigAooooAKKKKACiiigAooooAKKKKACiiigAooooAKKKKACiiigAooooAKKKKACiiigAooooAKKKKACiiigAooooAKKKKACiiigAooooAKKKKACiiigAooooAKKKKACiiigAooooAKKKKACiiigAooooAKKKKACiiigAooooAKKKKACiiigAooooAKKKKACiiigAooooAKKKKACiiigAooooAKKKKACiiigAooooAKKKKACiiigAooooAKKKKACiiigAooooAKKKKACiiigAooooAKKKKACiiigAooooAKKKKACiiigAooooAKKKKACiiigAooooAKKKKACiiigAooooAKKKKACiiigAooooAKKKKACiiigAooooAKKKKACiiigAooooAKKKKACiiigAooooAKKKKACiiigAooooAKKKKACiiigAooooAKKKKACiiigAooooAKKKKACiiigAooooAKKKKACiiigAooooAKKKKACiiigAooooAKKKKACiiigAooooAKKKKACiiigAooooAKKKKACiiigAooooAKKKKACiiigAooooAKKKKACiiigAooooAKKKKACiiigAooooAKKKKACiiigAooooAKKKKACiiigAooooAKKKKACiiigAooooAKKKKACiiigAooooAKKKKACiiigAooooAKKKKACiiigAooooAKKKKACiiigAooooAKKKKACiiigAooooAKKKKACiiigAooooAKKKKACiiigAooooAKKKKACiiigAooooAKKKKACiiigAooooAKKKKACiiigAooooAKKKKACiiigAooooAKKKKACiiigAooooAKKKKACiiigAooooAKKKKACiiigAooooAKKKKACiiigAooooAKKKKACiiigAooooAKKKKACiiigAooooAKKKKACiiigAooooAKKKKACiiigAooooAKKKKACiiigAooooAKKKKACiiigAooooAKKKKACiiigAooooAKKKKACiiigAooooAKKKKACiiigAooooAKKKKACiiigAooooAKKKKACiiigAooooAKKKKACiiigAooooAKKKKACiiigAooooAKKKKACiiigAooooAKKKKACiiigAooooAKKKKACiiigAooooAKKKKACiiigAooooAKKKKACiiigAooooAKKKKACiiigAooooAKKKKACiiigAooooAKKKKACiiigAooooAKKKKACiiigAooooAKKKKACiiigAooooAKKKKACiiigAooooAKKKKACiiigAooooAKKKKACiiigAooooAKKKKACiiigAooooAKKKKACiiigAooooAKKKKACiiigAooooAKKKKACiiigAooooAKKKKACiiigAooooAKKKKACiiigAooooAKKKKACiiigAooooAKKKKACiiigAooooAKKKKACiiigAooooAKKKKACiiigAooooAKKKKACiiigAooooAKKKKACiiigAooooAKKKKACiiigAooooAKKKKACiiigAooooAKKKKACiiigAooooAKKKKACiiigAooooAKKKKACiiigAooooAKKKKACiiigAooooAKKKKACiiigAooooAKKKKACiiigAooooAKKKKACiiigAooooAKKKKACiiigAooooAKKKKACiiigAooooAKKKKACiiigAooooAKKKKACiiigAooooAKKKKACiiigAooooAKKKKACiiigAooooAKKKKACiiigAooooAKKKKACiiigAooooAKKKKACiiigAooooAKKKKACiiigAooooAKKKKACiiigAooooAKKKKACiiigAooooAKKKKACiiigAooooAKKKKACiiigAooooAKKKKACiiigAooooAKKKKACiiigAooooAKKKKACiiigAooooAKKKKACiiigAooooAKKKKACiiigAooooAKKKKACiiigAooooAKKKKACiiigAooooAKKKKACiiigAooooAKKKKACiiigAooooAKKKKACiiigAooooAKKKKACiiigAooooAKKKKACiiigAooooAKKKKACiiigAooooAKKKKACiiigAooooAKKKKACiiigAooooAKKKKACiiigAooooAKKKKACiiigAooooAKKKKACiiigAooooAKKKKACiiigAooooAKKKKACiiigAooooAKKKKACiiigAooooAKKKKACiiigAooooAKKKKACiiigAooooAKKKKACiiigAooooAKKKKACiiigAooooAKKKKACiiigAooooAKKKKACiiigAooooAKKKKACiiigAooooAKKKKACiiigAooooAKKKKACiiigAooooAKKKKACiiigAooooAKKKKACiiigAooooAKKKKACiiigAooooAKKKKACiiigAooooAKKKKACiiigAooooAKKKKACiiigAooooAKKKKACiiigAooooAKKKKACiiigAooooAKKKKACiiigAooooAKKKKACiiigAooooAKKKKACiiigAooooAKKKKACiiigAooooAKKKKACiiigAooooAKKKKACiiigAooooAKKKKACiiigAooooAKKKKACiiigAooooAKKKKACiiigAooooAKKKKACiiigAooooAKKKKACiiigAooooAKKKKACiiigAooooAKKKKACiiigAooooAKKKKACiiigAooooAKKKKACiiigAooooAKKKKACiiigAooooAKKKKACiiigAooooAKKKKACiiigAooooAKKKKACiiigAooooAKKKKACiiigAooooAKKKKACiiigAooooAKKKKACiiigAooooAKKKKACiiigAooooAKKKKACiiigAooooAKKKKACiiigAooooAKKKKACiiigAooooAKKKKACiiigAooooAKKKKACiiigAooooAKKKKACiiigAooooAKKKKACiiigAooooAKKKKACiiigAooooAKKKKACiiigAooooAKKKKACiiigAooooAKKKKACiiigAooooAKKKKACiiigAooooAKKKKACiiigAooooAKKKKACiiigAooooAKKKKACiiigAooooAKKKKACiiigAooooAKKKKACiiigAooooAKKKKACiiigAooooAKKKKACiiigAooooAKKKKACiiigAooooAKKKKACiiigAooooAKKKKACiiigAooooAKKKKACiiigAooooAKKKKACiiigAooooAKKKKACiiigAooooAKKKKACiiigAooooAKKKKACiiigAooooAKKKKACiiigAooooAKKKKACiiigAooooAKKKKACiiigAooooAKKKKACiiigAooooAKKKKACiiigAooooAKKKKACiiigAooooAKKKKACiiigAooooAKKKKACiiigAooooAKKKKACiiigAooooAKKKKACiiigAooooAKKKKACiiigAooooAKKKKACiiigAooooAKKKKACiiigAooooAKKKKACiiigAooooAKKKKACiiigAooooAKKKKACiiigAooooAKKKKACiiigAooooAKKKKACiiigAooooAKKKKACiiigAooooAKKKKACiiigAooooAKKKKACiiigAooooAKKKKACiiigAooooAKKKKACiiigAooooAKKKKACiiigAooooAKKKKACiiigAooooAKKKKACiiigAooooAKKKKACiiigAooooAKKKKACiiigAooooAKKKKACiiigAooooAKKKKACiiigAooooAKKKKACiiigAooooAKKKKACiiigAooooAKKKKACiiigAooooAKKKKACiiigAooooAKKKKACiiigAooooAKKKKACiiigAooooAKKKKACiiigAooooAKKKKACiiigAooooAKKKKACiiigAooooAKKKKACiiigAooooAKKKKACiiigAooooAKKKKACiiigAooooAKKKKACiiigAooooAKKKKACiiigAooooAKKKKACiiigAooooAKKKKACiiigAooooAKKKKACiiigAooooAKKKKACiiigAooooAKKKKACiiigAooooAKKKKACiiigAooooAKKKKACiiigAooooAKKKKACiiigAooooAKKKKACiiigAooooAKKKKACiiigAooooAKKKKACiiigAooooAKKKKACiiigAooooAKKKKACiiigAooooAKKKKACiiigAooooAKKKfFGZZVjXqxxQAyinSIY5GRuqnBptABRRRQAUUUUAFFFFABRRRQAUUUUAFFFFABRRRQAUUUUAFFFFABRRRQAUUUUAFFFFABRRRQAUUUUAFFFFABRRRQAUUUUAFFFFABRRRQAUUUUAFFFFABRRRQAUUUUAFFFFABRRRQAUUUUAFFFFABRRRQAUUUUAFFFFABRRRQAUUUUAFFFFABRRRQAUUUUAFFFFABRRRQAUUUUAFFFFABRRRQAUUUUAFFFFABRRRQAUUUUAFFFFABRRRQAUUUUAFFFFABWjo0O+5MhHCD9TWdXQaVD5VmpI5f5j/SkxMz9Yh8u6EgHEgz+NZ9b+rQ+bZlgOUO7/ABrAoQIKKKKYwooooAKKKKACiiigAooooAKKKKACiiigAooooAKKKKACiiigAooooAKKKKACiiigAooooAKKKKACiiigAooooAKKKKACiiigAooooAKKKKACiiigAooooAKKKKACiiigAooooAKKKKACiiigAooooAKKKKACiiigAooooAKKKKACiiigAooooAKKKKACiiigAooooAKKKKACiiigAooooAKKKKACiiigAooooAKKKKACiiigAooooAKKKKAJIIzNMkY/iOK6dQFUKBgDgVjaLDunaUjhBgfU1tVLExGUMpUjIIwa5ieMwzPGeqnFdRWLrMO2dZQOHGD9RQgRm0UtJVDCiiigAooooAKKKKACiiigAooooAKKKKACiiigAooooAKKKKACiiigAooooAKKKKACiiigAooooAKKKKACiiigAooooAKKKKACiiigAooooAKKKKACiiigAooooAKKKKACiiigAooooAKKKKACiiigAooooAKKKKACiiigAooooAKKKKACiiigAooooAKKKKACiiigAooooAKKKKACiiigAooooAKKKKACiiigAooooAKfG5jcMArY7MMimUUAbtlNaXK4EMayd12j9KueTEP+WSf98iuXBKkFSQR0IrXstUDYjuDg9n/xqWhGl5cY/gX8qXao/hH5UoOeRRUiCiiigAooooAMD0pNo9BS0E4GT0oAbsT+6Pyqne3VvbAqER5P7uOn1qC+1TGY7c/V/wDCskkkkk5JqkhjpZGlcu2Mn0GKZRRVDCiiigAooooAKKKKACiiigAooooAKKKKACiiigAooooAKKKKACiiigAooooAKKKKACiiigAooooAKKKKACiiigAooooAKKKKACiiigAooooAKKKKACiiigAooooAKKKKACiiigAooooAKKKKACiiigAooooAKKKKACiiigAooooAKkjheSOR16RjJqOt3TLcCxO4f63Ofp0pN2EYVFPlQxStG3VTimUxhRRRQAUUUUAFFFFABRRRQAUUUUAFFFFABRRRQAUUUUAFFFFABRRRQBdstQktsI2Xi9O4+lbkM0c8YeNgwNctW9pEXl2YY9XOaloTL1FFFSIKKKKAGTSxwxl5GCqKw73UJLklFykXp3P1rT1SLzbJiOqfMK5+qSGgoooqhhRRRQAUUUUAFFFFABRRRQAUUUUAFFFFABRRRQAUUUUAFFFFABRRRQAU+WJomCuMEgH86faRefdRx9iefpWjrUPyxzAdPlP9KVxGRRRRTGFFFFABRRRQAUUUUAFFFFABRRRQAUUUUAFFFFABRRRQAUUUUAFFFFABRRRQAUUUUAFFFFABRRRQAUUUUAFFFFABRRRQAUUUUAFFFFABRRRQAUUUUAPijMsqRjqxxXUIoRAq8ADArF0aHfctKRwg4+prbqWJmJrMOy5EgHDj9RWdXQapD5tmxA5T5h/WufpoEFFFFMYUUUUAFFFFABRRRQAUUUUAFFFFABRRRQAUUUUAFFFFABRRRQA5FLuFHUnArqI0EcaoOigCsLSovMvVJ6IN1b9TITCkJABJOAO9RXFzFbJukb6AdTWJeX0t0cfdj7KP60kriOgVgygqQQehFLXOWl7Lat8p3J3U9K3LW7iulyhw3dT1FDVgJmUMpU9CMGuXlQxSvGeqkiuprC1iLZd7x0cZ/GnEaKFFFFUMKKKKACiiigAooooAKKKKACiiigAooooAKKKKACiiigAooooAKKKKANXRIctJMe3yitK6i8+2kj7kcfWmWEPk2cakckbj9TVioe5JyhGDg0lW9Th8m8fA+VvmFVKsoKKKKACiiigAooooAKKKKACiiigAooooAKKKKACiiigAooooAKKKKACiiigAooooAKKKKACiiigAooooAKKKKACiiigAooooAKKKs2lykDYkhSRD1yoJFAFaiukhW1mjDxRxlT6KKl8mIf8ALJP++RU8wrnLUV1Xlxj+Bfypdqj+EflRzBcqaXD5VmpI5f5jVyiipEIQGUg8g8VzE8RhneM/wnFdRSEA9QKadgOUorqtif3R+VHlx/3F/KnzDucrRXUGGLvGn/fIrLvryAZjt4oye77R+lO9wMuiiimMKKKKACiiigAooooAKKKKACiiigAooooAKKKKANrRYtsLyn+I4H0FLe6mkWUhw7+vYVmveSG3S3j+SNRg46mq1Kwh8kjyuXkYsx7mmUUUxhTkdkYMjFWHQim0UAbNnqivhLjCt/f7H61Jq8fmWYkHOw5/A1hVZgvJIo2hb54mGCp7fSlYRWooopjCiiigAooooAKKKKACiiigAooooAKKKKACiiigAopRwc4zWrZLp9yAphCyf3Sx5+lDEZNFdGLC0H/LFf1pRZWo/wCWCflU8wXObqezi8+6jj7E8/St8WlsP+WEf/fIpyQxRnKRIp9QoFHMFySiiipEZ2sw77dZQOUPP0NYldWQGGCAR6GmeRD/AM8U/wC+RTTGcvRXUfZ4P+eMf/fIpPs0H/PCP/vkU+YLnMUV0U62cEe+WKIDt8gyaxLqdZnykSRoOgVQPzpp3AgooopjCiiigAooooAKKKKACiiigAooooAKKKKACiiigAooooAKKKKACiiigAooooAKKKKACiiigAooooAKKKKACiiigCW3uJLeTfG2PUdjW7Z3sd0uB8sndT/SudpVYqwZSQR0IpNXEdXRWXY6oGxHcHDdn7H61qVAgooooAKKKKACmSypDGXkYKoqG7vYrVefmc9FFYVxcy3Mm6RvoOwppXAsXuoPcZRMpF6dz9ao0UVZQUUUUAFFFFABRRRQAUUUUAFFFFABRRRQAUUUUAFFFFABRRRQAUUUUAFFFFABRRRQAUUUUAFFFFABRRRQAUUUUAFFFFABRRRQAUUUUAFFFFABSgkHI4NJRQBq2WqYxHcHI7P/AI1rAhgCCCD3FcpVuzvpLU4+9H3U/wBKloVjoaKit7iO4j3xtn1HcVLUiCiiigAooooAKqXt9Hajb96Tsvp9arX2phcx25ye7+n0rIJLEkkknuapIdh888k8heRsn+VR0UVQwooooAKKKKACiiigAooooAKKKKACiiigAooooAKKKKACiiigAooooAKKKKACiiigAooooAKKKKACiiigAooooAKKKKACiiigB0aGSRUHViAK6lFCIqjoBgVhaRF5l4GPRBmt6pkJhRRSFgCASAT0z3qRC0UUUAYmsxbbhZB0cfqKzq39Wi8yzLAcod1YFWhoKKKKYwooooAKKKKACiiigAooooAKKKKACiiigAooooAKKKKACiiigAooooAKKKKACiiigAooooAKKKKACiiigAooooAKKKKACiiigAooooAKKKKACiiigAooooA0tFjJneTsq4/OtqqWkxeXZBj1c7qu1D3JCiiikAUyVBJE8Z6MCKfRQByjKVYqeoODSVc1SLyr1iOj/MKp1oUFFFFABRRRQAUUUUAFFFFABRRRQAUUUUAFFFFABRRRQAUUUUAFFFFABRRRQAUUUUAFFFFABRRRQAUUUUAFFFFABRRRQAUUUUAFFFKBk4FAG1o0W22aQ9XP6CtGoYwlraoHYKqLyTWXe6o0mUgyqf3u5/wqNyS7eajHb5RMPJ6dh9axZp5Z5N8jknt7VFRVJWGadnqjJhLjLL/e7j61ro6uoZGDKehFcrU9rdy2rZQ/L3U9DSaCx0boHjZD0YYNcu6lJGQ9VODXQ2l7FdL8p2v3U9aytWi8u8LDo43UIEUaKKKoYUUUUAFFFFABRRRQAUUUUAFFFFABRRRQAUUUUAFFFFABRRRQAUUUUAFFFFABRRRQAUUUUAFFFFABRRRQAUUUUAFFFFABRRRQAUUUUAFFFFABRRRQAU5FLuqjqxwKbV3SovMvVJ6IN1AG7GgjjVB0UAClJCgkkADuaiubmK2TdI30A6msO7vpbo4Pyx9lH9ahK5JcvdU6x234v/hVCC7mgkLo5OeoPINQUVVhnRWl9FdDAO2T+6f6VarlASDkHBFadnqpXCXHI/v9/wAaTQWJtai3QpKOqnB+hrFrpp0W5tHVSGDLwR+lczTQIKKKKYwooooAKKKKACiiigAooooAKKKKACiiigAooooAKKKKACiiigAooooAKKKKACiiigAooooAKKKKACiiigAooooAKKKKACpIHWOZHZdwU5x61HRQBPc3Uty+6RuOyjoKgoooAKKKKACiiigBVYqwZSQR0IqxcXbXMKLKMuh4b1FVqKACiiigAooooAKKKKACiiigAooooAKKKKACiiigAooooAKKKKACiiigAooooAKKKKACiiigAooooAKKKKACiiigAooooAKKKKACiiigAooooAKKKKACiiigAq3aXYtYpCi5lfgE9AKqUUAPkkeVy8jFmPc0yiigAooooAKKKKALFrdy2rZQ5Xup6Go5mV5ndAQGOcelR0UAFFFFABRRRQAUUUUAFFFFABRRRQAUUUUAFFFFABRRRQAUUUUAFFFFABRRRQAUUUUAFFFFABRRRQAUUUUAFFFFABRRRQAUUUUAFFFFABRRRQAUUUUAFFFFABRRRQAUUUUAFFFFABRRRQAUUUUAFFFFABRRRQAUUUUAFFFFABRRRQAUUUUAFFFFABRRRQAUUUUAFFFFABRRRQAUUUUAFFFFABRRRQAUUUUAFFFFABRRRQAUUUUAFFFFABRRRQAUUUUAFFFFABRRRQAUUUUAFFFFABRRRQAUUUUAFFFFABRRRQAUUUUAFFFFABRRRQAUUUUAFFFFABRRRQAUUUUAFFFFABRRRQAUUUUAFFFFABRRRQAUUUUAFFFFABRRRQAUUUUAFFFFABRRRQAUUUUAFFFFABRRRQAUUUUAFFFFABRRRQAUUUUAFFFFABRRRQAUUUUAFFFFABRRRQAUUUUAFFFFABRRRQAUUUUAFFFFABRRRQAUUUUAFFFFABRRRQAUUUUAFFFFABRRRQAUUUUAFFFFABRRRQAUUUUAFFFFABRRRQAUUUUAFFFFABRRRQAUUUUAFFFFABRRRQAUUUUAFFFFABRRRQAUUUUAFFFFABRRRQAUUUUAFFFFABRRRQAUUUUAFFFFABRRRQAUUUUAFFFFABRRRQAUUUUAFFFFABRRRQAUUUUAFFFFABRRRQAUUUUAFFFFABRRRQAUUUUAFFFFABRRRQAUUUUAFFFFABRRRQAUUUUAFFFFABRRRQAUUUUAFFFFABRRRQAUUUUAFFFFABRRRQAUUUUAFFFFABRRRQAUUUUAFFFFABRRRQAUUUUAFFFPhjMsyRjqxxQAyipbmIwXDxH+E8fSoqACiiigAooooAKKKKACiiigAooooAKKKKACiiigAooooAKKKKACiiigAooooAKKKKACiiigAooooAKKKKACiiigAooooAKKKKACiiigAooooAKKKKACiiigAooooAKKKKACiiigAooooAKKKKACiiigAooooAKKKKACiiigAooooAKKKKACiiigAooooAKKKKACiiigAooooAKKKKACiiigAooooAKKKKACiiigAooooAKKKKACiiigAooooAKKKKACtHRod9w0pHCDj6ms6ug0uHyrJSRy/wAxpMTKetQ4kSYD7w2n61l10l/D51m6gcgZH1Fc3QgQUUUUxhRRRQAUUUUAFFFFABRRRQAUUUUAFFFFABRRRQAUUUUAFFFFABRRRQAUUUUAFFFFABRRRQAUUUUAFFFFABRRRQAUUUUAFFFFABRRRQAUUUUAFFFFABRRRQAUUUUAFFFFABRRRQAUUUUAFFFFABRRRQAUUUUAFFFFABRRRQAUUUUAFFFFABRRRQAUUUUAFFFFABRRRQAUUUUAFFFFABRRRQAUUUUAFFFFABRRRQAUUUUAFFFKAScAEn2oASin+VIf+WbflS+RMf8Alk//AHyaAI6Kl+zXB/5YSf8AfJpfslyf+WEn/fJoAbBEZp0jH8RxXTgBQAOAOKytJtJEnaWWMrtGBketa1QxMK5q9h8i7kTtnI+ldLWbq1q8xjkiQsw+UgelCBGLRVj7Fdf88H/Kk+x3P/PCT/vmrGQUVN9kuf8AnhJ/3yaPstx/zwk/75NAENFOdHjOHVlPoRim0AFFFFABRRRQAUUUUAFFFFABRRRQAUUUUAFFFFABRRRQAUUUUAFFFFABRRRQAUUUUAFFFFABRRRQAUUUUAFFFFABRRRQAUUUUAFFFFABRRRQAUUUUAFFFFABRRRQAUUUUAFFFFABRRRQAUUUUAFFFFABRRRQAUUUUAFFFFABRRRQAUUUUAFFFFABRRRQAUUUUAFFFFABRRRQAUUUUAFFFFABRRRQAUUUUAFOVmRgykhh0IptFAG1ZamsmI5yFfs3Y1pVydX7LUXgwkmXj/UVLQrG7RTIpElQPGwZT3FPqRBRRRQAUUUUAFFFNd1jQu7BVHUmgB1Z19qaxZjgwz927Cqt9qTTZjhysfc9zWdVJDsOd2dizsWY9SabRRVDCiiigAooooAKKKKACiiigAooooAKKKKACiiigAooooAKKKKACiiigAooooAKKKKACiiigAooooAKKKKACiiigAooooAKKKKACiiigAooooAKKKKACiiigAooooAKKKKACiiigAooooAKKKKACiiigAooooAKKKKACiiigAooooAKKKKACiiigAooooAKKKKACiiigAooooAKKKKACiiigAooooAKKKKACiiigAooooAmtrmW2fdGeO4PQ1vWd2l3GWUEMPvA9q5ut7SIvLs9x6uc/hUsTL1FFFSIKKKKAIrm4S2hMj5x0AHc1gXd3LdPljhR0UdBW7fRedZyJ3xkfUVzVVEaCiiiqGFFFFABRRRQAUUUUAFFFFABRRRQAUUUUAFFFFABRRRQAUUUUAFFFFABRRRQAUUUUAFFFFABRRRQAUUUUAFFFFABRRRQAUUUUAFFFFABRRRQAUUUUAFFFFABRRRQAUUUUAFFFFABRRRQAUUUUAFFFFABRRRQAUUUUAFFFFABRRRQAUUUUAFFFFABRRRQAUUUUAFFFFABRRRQAUUUUAFFFFABRRRQAUUUUAFFFFABRRRQAUUUUAOVS7BR1JwK6iNBHGqDooArB0qLzL1SeifNXQVMhMKbJIkSF3YKo7mq93fRWowTuk7KP61h3NzLcvukbjso6CklcR0UE8U6bomDD+VSVy0UskLh42KtW1Z6lHPhJcJJ+hoaHYv1zN5F5N1JH2B4+ldNWPrcWJI5QPvDaaECMuiiirGFFFFABRRRQAUUUUAFFFFABRRRQAUUUUAFFFFABRRRQAUUUUAFFFFABRRRQAUUUUAFFFFABRRRQAUUUUAFFFFABRRRQAUUUUAFFFFABRRRQAUUUUAFFFFABRRRQAUUUUAFFFFABRRRQAUUUUAFFFFABRRRQAUUUUAFFFFABRRRQAUUUUAFFFFABRRRQAUUUUAFFFFABRRRQAUUUUAFFFFABRRRQAUUUUAFFFFABRRRQAUUUUAbOjRhIJJmwATjJ9BTL3Vesdt+L/4VnPcSPCsOcRr/AAjvUVKwhSSxJJJJ7mkoopjCiiigC/Z6lJBhJcvH+oq/feXd6ezxMG2/MMe1YNSQzSQtlGxngjsaVhEdFFFMYUUUUAFFFFABRRRQAUUUUAFFFFABRRRQAUUUUAFFFFABRRRQAUUUUAFFFFABRRRQAUUUUAFFFFABRRRQAUUUUAFFFFABRRRQAUUUUAFFFFABRRRQAUUUUAFFFFABRRRQAUUUUAFFFFABRRRQAUUUUAFFFFABRRRQAUUUUAFFFFABRRRQAUUUUAFFFFABRRRQAUUUUAFFFFABRRRQAUUUUAFFFFABRRRQAUUUUAFFFFABRRRQAUUUUAFFFFABRRRQAUUUUAFFFFABRRRQAUUUUAFFFFABRRRQAUUUUAFFFFABRRRQAUUUUAFFFFABRRRQAUUUUAFFFFABRRRQAUUUUAFFFFABRRRQAUUUUAFFFFABRRRQAUUUUAFFFFABRRRQAUUUUAFFFFABRRRQAUUUUAFFFFABRRRQAUUUUAFFFFABRRRQAUUUUAFFFFABRRRQAUUUUAFFFFABRRRQAUUUUAFFFFABRRRQAUUUUAFFFFABRRRQAUUUUAFFFFABRRRQAUUUUAFFFFABRRRQAUUUUAFFFFABRRRQAUUUUAFFFFABRRRQAUUUUAFFFFABRRRQAUUUUAFFFFABRRRQAUUUUAFFFFABRRRQAUUUUAFFFFABRRRQAUUUUAFFFFABRRRQAUUUUAFFFFABRRRQAUUUUAFFFFABRRRQAUUUUAFFFFABRRRQAUUUUAFFFFABRRRQAUUUUAFFFFABRRRQAUUUUAFFFFABRRRQAUUUUAFFFFABRRRQAUUUUAFFFFABRRRQAUUUUAFFFFABRRRQAUUUUAFFFFABRRRQAUUUUAFFFFABRRRQAUUUUAFFFFABRRRQAUUUUAFFFFABRRRQAUUUUAFFFFABRRRQAUUUUAFFFFABRRRQAUUUUAFFFFABRRRQAUUUUAFFFFABRRRQAUUUUAFFFFABRRRQAUUUUAFFFFABRRRQAUUUUAFFFFABRRRQAUUUUAFFFFABRRRQAUUUUAFFFFABRRRQAUUUUAFFFFABRRRQAUUUUAFFFFABRRRQAUUUUAFFFFABRRRQAUUUUAFFFFABRRRQAUUUUAFFFFABRRRQAUUUUAFFFFABRRRQAUUUUAFFFFABRRRQAUUUUAFFFFABRRRQAUUUUAFFFFABRRRQAUUUUAFFFFABRRRQAUUUUAFFFFABRRRQAUUUUAFFFFABRRRQAUUUUAFFFFABRRRQAUUUUAFFFFABRRRQAUUUUAFFFFABRRRQAUUUUAFFFFABRRRQAUUUUAFFFFABRRRQAUUUUAFFFFABRRRQAUUUUAFFFFABRRRQAUUUUAFFFFABRRRQAUUUUAFFFFABRRRQAUUUUAFFFFABRRRQAUUUUAFFFFABRRRQAUUUUAFFFFABRRRQAUUUUAFFFFABRRRQAUUUUAFFFFABRRRQAUUUUAFFFFABRRRQAUUUUAFFFFABRRRQAUUUUAFFFFABRRRQAUUUUAFFFFABRRRQAUUUUAFFFFABRRRQAUUUUAFFFFABRRRQAUUUUAFFFFABRRRQAUUUUAFFFFABRRRQAUUUUAFFFFABRRRQAUUUUAFFFFABRRRQAUUUUAFFFFABRRRQAUUUUAFFFFABRRRQAUUUUAFFFFABRRRQAUUUUAFFFFABRRRQAUUUUAFFFFABRRRQAUUUUAFFFFABRRRQAUUUUAFFFFABRRRQAUUUUAFFFFABRRRQAUUUUAFFFFABRRRQAUUUUAFFFFABRRRQAUUUUAFFFFABRRRQAUUUUAFFFFABRRRQAUUUUAFFFFABRRRQAUUUUAFFFFABRRRQAUUUUAFFFFABRRRQAUUUUAFFFFABRRRQAUUUUAFFFFABRRRQAUUUUAFFFFABRRRQAUUUUAFFFFABRRRQAUUUUAFFFFABRRRQAUUUUAFFFFABRRRQAUUUUAFFFFABRRRQAUUUUAFFFFABRRRQAUUUUAFFFFABRRRQAUUUUAFFFFABRRRQAUUUUAFFFFABRRRQAUUUUAFFFFABRRRQAUUUUAFFFFABRRRQAUUUUAFFFFABRRRQAUUUUAFFFFABRRRQAUUUUAFFFFABRRRQAUUUUAFFFFABRRRQAUUUUAFFFFABRRRQAUUUUAFFFFABRRRQAUUUUAFFFFABRRRQAUUUUAFFFFABRRRQAUUUUAFFFFABRRRQAUUUUAFFFFABRRRQAUUUUAFFFFABRRRQAUUUUAFFFFABRRRQAUUUUAFFFFABRRRQAUUUUAFFFFABRRRQAUUUUAFFFFABRRRQAUUUUAFFFFABRRRQAUUUUAFFFFABRRRQAUUUUAFFFFABRRRQAUUUUAFFFFABRRRQAUUUUAFFFFABRRRQAUUUUAFFFFABRRRQAUUUUAFFFFABRRRQAUUUUAFFFFABRRRQAUUUUAFFFFABRRRQAUUUUAFFFFABRRRQAUUUUAFFFFAH/9kNCg==&apos;, &apos;children&apos;: [], &apos;features&apos;: {}}], &apos;features&apos;: {}}
*********************





--------------------------------- CONTENT AREA --------------------------------- 
This content area has an image
{&apos;type&apos;: &apos;figure&apos;, &apos;bbox&apos;: (0.0, -0.3299, 595.3, 535.1701), &apos;name&apos;: &apos;Image4&apos;, &apos;children&apos;: [{&apos;type&apos;: &apos;image&apos;, &apos;height&apos;: 535.5, &apos;width&apos;: 595.3, &apos;value&apos;: &apos;data:image/jpeg;base64,/9j/4AAQSkZJRgABAQEAwADAAAD/2wBDAA0JCgsKCA0LCwsPDg0QFCEVFBISFCgdHhghMCoyMS8qLi00O0tANDhHOS0uQllCR05QVFVUMz9dY1xSYktTVFH/2wBDAQ4PDxQRFCcVFSdRNi42UVFRUVFRUVFRUVFRUVFRUVFRUVFRUVFRUVFRUVFRUVFRUVFRUVFRUVFRUVFRUVFRUVH/wAARCALJAxkDASIAAhEBAxEB/8QAHwAAAQUBAQEBAQEAAAAAAAAAAAECAwQFBgcICQoL/8QAtRAAAgEDAwIEAwUFBAQAAAF9AQIDAAQRBRIhMUEGE1FhByJxFDKBkaEII0KxwRVS0fAkM2JyggkKFhcYGRolJicoKSo0NTY3ODk6Q0RFRkdISUpTVFVWV1hZWmNkZWZnaGlqc3R1dnd4eXqDhIWGh4iJipKTlJWWl5iZmqKjpKWmp6ipqrKztLW2t7i5usLDxMXGx8jJytLT1NXW19jZ2uHi4+Tl5ufo6erx8vP09fb3+Pn6/8QAHwEAAwEBAQEBAQEBAQAAAAAAAAECAwQFBgcICQoL/8QAtREAAgECBAQDBAcFBAQAAQJ3AAECAxEEBSExBhJBUQdhcRMiMoEIFEKRobHBCSMzUvAVYnLRChYkNOEl8RcYGRomJygpKjU2Nzg5OkNERUZHSElKU1RVVldYWVpjZGVmZ2hpanN0dXZ3eHl6goOEhYaHiImKkpOUlZaXmJmaoqOkpaanqKmqsrO0tba3uLm6wsPExcbHyMnK0tPU1dbX2Nna4uPk5ebn6Onq8vP09fb3+Pn6/9oADAMBAAIRAxEAPwDm6KKK9g5QooooAKKKKACiiigAooooAKKKKACiiigAooooAKKKKACiiigAooooAKKKKACiiigAooooAKKKKACiiigAooooAKKKKACiiigAooooAKKKKACiiigAooooAKKKKACiiigAooooAKKKKACiiigAooooAKKKKACiiigAooooAKKKKACiiigAooooAKKKKACiiigAooooAKKKKACiiigAooooAKKKKACiiigAooooAKKKKACiiigAooooAKKKKACiiigAooooAKKKKACiiigAooooAKKKKACiiigAooooAKKKKACiiigAooooAKKKKACiiigAooooAKKKKACiiigAooooAKKKKACiiigAooooAKKKKACiiigAooooAKKKKACiiigAooooAKKKKACiiigAooooAKKKKACiiigAooooAKKKKACiiigAooooAKKKKACiiigAooooAKKKKACiiigAooooAKKKKACiiigAooooAKKKKACiiigAooooAKKKKACiiigAooooAKKKKACiiigAooooAKKKKACiiigAooooAKKKKACiiigAooooAKKKKACiiigAooooAKKKKACiiigAooooAKKKKACiiigAooooAKKKKACiiigAooooAKKKKACiiigAooooAKKKKACiiigAooooAKKKKACiiigAooooAKKKKACiiigAooooAKKKKACiiigAooooAKKKKACiiigAooooAKKKKACiiigAooooAKKKKACiiigAooooAKKKKACiiigAooooAKKKKACiiigAooooAKKKKACiiigAooooAKKKKACiiigAooooAKKKKACiiigAooooAKKKKACiiigAooooAKKKKACiiigAooooAKKKKACiiigAooooAKKKKACiiigAooooAKKKKACiiigAooooAKKKKACiiigAooooAKKKKACiiigAooooAKKKKACiiigAooooAKKKKACiiigAooooAKKKKACiiigAooooAKKKKACiiigAooooAKKKKACiiigAooooAKKKKACiiigAooooAKKKKACiiigAooooAKKKKACiiigAooooAKKKKACiiigAooooAKKKKACiiigAooooAKKKKACiiigAooooAKKKKACiiigAooooAKKKKACiiigAooooAKKKKACiiigAooooAKKKKACiiigAooooAKKKKACiiigAooooAKKKKACiiigAooooAKKKKACiiigAooooAKKKKACiiigAooooAKKKKACiiigAooooAKKKKACiiigAooooAKKKKACiiigAooooAKKKKACiiigAooooAKKKKACiiigAooooAKKKKACiiigAooooAKKKKACiiigAooooAKKKKACiiigAooooAKKKKACiiigAooooAKKKKACiiigAooooAKKKKACiiigAooooAKKKKACiiigAooooAKKKKACiiigAooooAKKKKACiiigAooooAKKKKACiiigAooooAKKKKACiiigAooooAKKKKACiiigAooooAKKKKACiiigAooooAKKKKACiiigAooooAKKKKACiiigAooooAKKKKACiiigAooooAKKKKACiiigAooooAKKKKACiiigAooooAKKKKACiiigAooooAKKKKACiiigAooooAKKKKACiiigAooooAKKKKACiiigAooooAKKKKACiiigAooooAKKKKACiiigAooooAKKKKACiiigAooooAKKKKACiiigAooooAKKKKACiiigAooooAKKKKACiiigAooooAKKKKACiiigAooooAKKKKACiiigAooooAKKKKACiiigAooooAKKKKACiiigAooooAKKKKACiiigAooooAKKKKACiiigAooooAKKKKACiiigAooooAKKKKACiiigAooooAKKKKACiiigAooooAKKKKACiiigAooooAKKKKACiiigAooooAKKKKACiiigAooooAKKKKACiiigAooooAKKKKACiiigAooooAKKKKACiiigAooooAKKKKACiiigAooooAKKKKACiiigAooooAKKKKACiiigAooooAKKKKACiiigAooooAKKKKACiiigAooooAKKKKACiiigAooooAKKKKACiiigAooooAKKKKACiiigAooooAKKKKACiiigAooooAKKKKACiiigAooooAKKKKACiiigAooooAKKKKACiiigAooooAKKKKACiiigAooooAKKKKACiiigAooooAKKKKACiiigAooooAKKKKACiiigAooooAKKKKACiiigAooooAKKKKACiiigAooooAKKKKACiiigAooooAKKKKACiiigAooooAKKKKACiiigAooooAKKKKACiiigAooooAKKKKACiiigAooooAKKKKACiiigAooooAKKKKACiiigAooooAKKKKACiiigAooooAKKKKACiiigAooooAKKKKACiiigAooooAKKKKACiiigAooooAKKKKACiiigAooooAKKKKACiiigAooooAKKKKACiiigAooooAKKKKACiiigAooooAKKKKACiiigAooooAKKKKACiiigAooooAKKKKACiiigAooooAKKKKACiiigAooooAKKKKACiiigAooooAKKKKACiiigAooooAKKKKACiiigAooooAKKKKACiiigAooooAKKKKACiiigAooooAKKKKACiiigAooooAKKKKACiiigAooooAKKKKACiiigAooooAKKKKACiiigAooooAKKKKACiiigAooooAKKKKACiiigAooooAKKKKACiiigAooooAKKKKACiiigAooooAKKKKACiiigAooooAKKKKACiiigAooooAKKKKACiiigAooooAKKKKACiiigAooooAKKKKACiiigAooooAKKKKACiiigAooooAKKKKACiiigAooooAKKKKACiiigAooooAKKKKACiiigAooooAKKKKACiiigAooooAKKKKACiiigAooooAKKKKACiiigAooooAKKKKACiiigAooooAKKKKACiiigAooooAKKKKACiiigAooooAKKKKACiiigAooooAKKKKACiiigAooooAKKKKACiiigAooooAKKKKACiiigAooooAKKKKACiiigAooooAKKKKACiiigAooooAKKKKACiiigAooooAKKKKACiiigAooooAKKKKACiiigAooooAKKKKACiiigAooooAKKKKACiiigAooooAKKKKACiiigAooooAKKKKACiiigAooooAKKKKACiiigAooooAKKKKACiiigAooooAKKKKACiiigAooooAKKKKACiiigAooooAKKKKACiiigAooooAKKKKACiiigAooooAKKKKACiiigAooooAKKKKACiiigAooooAKKKKACiiigAooooAKKKKACiiigAooooAKKKKACiiigAooooAKKKKACiiigAooooAKKKKACiiigAooooAKKKKACiiigAooooAKKKKACiiigAooooAKKKKACiiigAooooAKKKKACiiigAooooAKKKKACiiigAooooAKKKKACiiigAooooAKKKKACiiigAooooAKKKKACiiigAooooAKKKKACiiigAooooAKKKKACiiigAooooAKKKKACiiigAooooAKKKKACiiigAooooAKKKKACiiigAooooAKKKKACiiigAooooAKKKKACiiigAooooAKKKKACiiigAooooAKKKKACiiigAooooAKKKKACiiigAooooAKKKKACiiigAooooAKKKKACiiigAooooAKKKKACiiigAooooAKKKKACiiigAooooAKKKKACiiigAooooAKKKKACiiigAooooAKKKKACiiigAooooAKKKKACiiigAooooAKKKKACiiigAooooAKKKKACiiigAooooAKKKKACiiigAooooAKKKKACiiigAooooAKKKKACiiigAooooAKKKKACiiigAooooAKKKKACiiigAooooAKKKKACiiigAooooAKKKKACiiigAooooAKKKKACiiigAooooAKKKKACiiigAooooAKKKKACiiigAooooAKKKKACiiigAooooAKKKKACiiigAooooAKKKKACiiigAooooAKKKKACiiigAooooAKKKKACiiigAooooAKKKKACiiigAooooAKKKKACiiigAooooAKKKKACiiigAooooAKKKKACiiigAooooAKKKKACiiigAooooAKKKKACiiigAooooAKKKKACiiigAooooAKKKKACiiigAooooAKKKKACiiigAooooAKKKKACiiigAooooAKKKKACiiigAooooAKKKKACiiigAooooAKKKfFGZZVjXqxxQAyinSIY5GRuqnBptABRRRQAUUUUAFFFFABRRRQAUUUUAFFFFABRRRQAUUUUAFFFFABRRRQAUUUUAFFFFABRRRQAUUUUAFFFFABRRRQAUUUUAFFFFABRRRQAUUUUAFFFFABRRRQAUUUUAFFFFABRRRQAUUUUAFFFFABRRRQAUUUUAFFFFABRRRQAUUUUAFFFFABRRRQAUUUUAFFFFABRRRQAUUUUAFFFFABRRRQAUUUUAFFFFABRRRQAUUUUAFFFFABRRRQAUUUUAFFFFABWjo0O+5MhHCD9TWdXQaVD5VmpI5f5j/SkxMz9Yh8u6EgHEgz+NZ9b+rQ+bZlgOUO7/ABrAoQIKKKKYwooooAKKKKACiiigAooooAKKKKACiiigAooooAKKKKACiiigAooooAKKKKACiiigAooooAKKKKACiiigAooooAKKKKACiiigAooooAKKKKACiiigAooooAKKKKACiiigAooooAKKKKACiiigAooooAKKKKACiiigAooooAKKKKACiiigAooooAKKKKACiiigAooooAKKKKACiiigAooooAKKKKACiiigAooooAKKKKACiiigAooooAKKKKAJIIzNMkY/iOK6dQFUKBgDgVjaLDunaUjhBgfU1tVLExGUMpUjIIwa5ieMwzPGeqnFdRWLrMO2dZQOHGD9RQgRm0UtJVDCiiigAooooAKKKKACiiigAooooAKKKKACiiigAooooAKKKKACiiigAooooAKKKKACiiigAooooAKKKKACiiigAooooAKKKKACiiigAooooAKKKKACiiigAooooAKKKKACiiigAooooAKKKKACiiigAooooAKKKKACiiigAooooAKKKKACiiigAooooAKKKKACiiigAooooAKKKKACiiigAooooAKKKKACiiigAooooAKfG5jcMArY7MMimUUAbtlNaXK4EMayd12j9KueTEP+WSf98iuXBKkFSQR0IrXstUDYjuDg9n/xqWhGl5cY/gX8qXao/hH5UoOeRRUiCiiigAooooAMD0pNo9BS0E4GT0oAbsT+6Pyqne3VvbAqER5P7uOn1qC+1TGY7c/V/wDCskkkkk5JqkhjpZGlcu2Mn0GKZRRVDCiiigAooooAKKKKACiiigAooooAKKKKACiiigAooooAKKKKACiiigAooooAKKKKACiiigAooooAKKKKACiiigAooooAKKKKACiiigAooooAKKKKACiiigAooooAKKKKACiiigAooooAKKKKACiiigAooooAKKKKACiiigAooooAKkjheSOR16RjJqOt3TLcCxO4f63Ofp0pN2EYVFPlQxStG3VTimUxhRRRQAUUUUAFFFFABRRRQAUUUUAFFFFABRRRQAUUUUAFFFFABRRRQBdstQktsI2Xi9O4+lbkM0c8YeNgwNctW9pEXl2YY9XOaloTL1FFFSIKKKKAGTSxwxl5GCqKw73UJLklFykXp3P1rT1SLzbJiOqfMK5+qSGgoooqhhRRRQAUUUUAFFFFABRRRQAUUUUAFFFFABRRRQAUUUUAFFFFABRRRQAU+WJomCuMEgH86faRefdRx9iefpWjrUPyxzAdPlP9KVxGRRRRTGFFFFABRRRQAUUUUAFFFFABRRRQAUUUUAFFFFABRRRQAUUUUAFFFFABRRRQAUUUUAFFFFABRRRQAUUUUAFFFFABRRRQAUUUUAFFFFABRRRQAUUUUAPijMsqRjqxxXUIoRAq8ADArF0aHfctKRwg4+prbqWJmJrMOy5EgHDj9RWdXQapD5tmxA5T5h/WufpoEFFFFMYUUUUAFFFFABRRRQAUUUUAFFFFABRRRQAUUUUAFFFFABRRRQA5FLuFHUnArqI0EcaoOigCsLSovMvVJ6IN1b9TITCkJABJOAO9RXFzFbJukb6AdTWJeX0t0cfdj7KP60kriOgVgygqQQehFLXOWl7Lat8p3J3U9K3LW7iulyhw3dT1FDVgJmUMpU9CMGuXlQxSvGeqkiuprC1iLZd7x0cZ/GnEaKFFFFUMKKKKACiiigAooooAKKKKACiiigAooooAKKKKACiiigAooooAKKKKANXRIctJMe3yitK6i8+2kj7kcfWmWEPk2cakckbj9TVioe5JyhGDg0lW9Th8m8fA+VvmFVKsoKKKKACiiigAooooAKKKKACiiigAooooAKKKKACiiigAooooAKKKKACiiigAooooAKKKKACiiigAooooAKKKKACiiigAooooAKKKs2lykDYkhSRD1yoJFAFaiukhW1mjDxRxlT6KKl8mIf8ALJP++RU8wrnLUV1Xlxj+Bfypdqj+EflRzBcqaXD5VmpI5f5jVyiipEIQGUg8g8VzE8RhneM/wnFdRSEA9QKadgOUorqtif3R+VHlx/3F/KnzDucrRXUGGLvGn/fIrLvryAZjt4oye77R+lO9wMuiiimMKKKKACiiigAooooAKKKKACiiigAooooAKKKKANrRYtsLyn+I4H0FLe6mkWUhw7+vYVmveSG3S3j+SNRg46mq1Kwh8kjyuXkYsx7mmUUUxhTkdkYMjFWHQim0UAbNnqivhLjCt/f7H61Jq8fmWYkHOw5/A1hVZgvJIo2hb54mGCp7fSlYRWooopjCiiigAooooAKKKKACiiigAooooAKKKKACiiigAopRwc4zWrZLp9yAphCyf3Sx5+lDEZNFdGLC0H/LFf1pRZWo/wCWCflU8wXObqezi8+6jj7E8/St8WlsP+WEf/fIpyQxRnKRIp9QoFHMFySiiipEZ2sw77dZQOUPP0NYldWQGGCAR6GmeRD/AM8U/wC+RTTGcvRXUfZ4P+eMf/fIpPs0H/PCP/vkU+YLnMUV0U62cEe+WKIDt8gyaxLqdZnykSRoOgVQPzpp3AgooopjCiiigAooooAKKKKACiiigAooooAKKKKACiiigAooooAKKKKACiiigAooooAKKKKACiiigAooooAKKKKACiiigCW3uJLeTfG2PUdjW7Z3sd0uB8sndT/SudpVYqwZSQR0IpNXEdXRWXY6oGxHcHDdn7H61qVAgooooAKKKKACmSypDGXkYKoqG7vYrVefmc9FFYVxcy3Mm6RvoOwppXAsXuoPcZRMpF6dz9ao0UVZQUUUUAFFFFABRRRQAUUUUAFFFFABRRRQAUUUUAFFFFABRRRQAUUUUAFFFFABRRRQAUUUUAFFFFABRRRQAUUUUAFFFFABRRRQAUUUUAFFFFABSgkHI4NJRQBq2WqYxHcHI7P/AI1rAhgCCCD3FcpVuzvpLU4+9H3U/wBKloVjoaKit7iO4j3xtn1HcVLUiCiiigAooooAKqXt9Hajb96Tsvp9arX2phcx25ye7+n0rIJLEkkknuapIdh888k8heRsn+VR0UVQwooooAKKKKACiiigAooooAKKKKACiiigAooooAKKKKACiiigAooooAKKKKACiiigAooooAKKKKACiiigAooooAKKKKACiiigB0aGSRUHViAK6lFCIqjoBgVhaRF5l4GPRBmt6pkJhRRSFgCASAT0z3qRC0UUUAYmsxbbhZB0cfqKzq39Wi8yzLAcod1YFWhoKKKKYwooooAKKKKACiiigAooooAKKKKACiiigAooooAKKKKACiiigAooooAKKKKACiiigAooooAKKKKACiiigAooooAKKKKACiiigAooooAKKKKACiiigAooooA0tFjJneTsq4/OtqqWkxeXZBj1c7qu1D3JCiiikAUyVBJE8Z6MCKfRQByjKVYqeoODSVc1SLyr1iOj/MKp1oUFFFFABRRRQAUUUUAFFFFABRRRQAUUUUAFFFFABRRRQAUUUUAFFFFABRRRQAUUUUAFFFFABRRRQAUUUUAFFFFABRRRQAUUUUAFFFKBk4FAG1o0W22aQ9XP6CtGoYwlraoHYKqLyTWXe6o0mUgyqf3u5/wqNyS7eajHb5RMPJ6dh9axZp5Z5N8jknt7VFRVJWGadnqjJhLjLL/e7j61ro6uoZGDKehFcrU9rdy2rZQ/L3U9DSaCx0boHjZD0YYNcu6lJGQ9VODXQ2l7FdL8p2v3U9aytWi8u8LDo43UIEUaKKKoYUUUUAFFFFABRRRQAUUUUAFFFFABRRRQAUUUUAFFFFABRRRQAUUUUAFFFFABRRRQAUUUUAFFFFABRRRQAUUUUAFFFFABRRRQAUUUUAFFFFABRRRQAU5FLuqjqxwKbV3SovMvVJ6IN1AG7GgjjVB0UAClJCgkkADuaiubmK2TdI30A6msO7vpbo4Pyx9lH9ahK5JcvdU6x234v/hVCC7mgkLo5OeoPINQUVVhnRWl9FdDAO2T+6f6VarlASDkHBFadnqpXCXHI/v9/wAaTQWJtai3QpKOqnB+hrFrpp0W5tHVSGDLwR+lczTQIKKKKYwooooAKKKKACiiigAooooAKKKKACiiigAooooAKKKKACiiigAooooAKKKKACiiigAooooAKKKKACiiigAooooAKKKKACpIHWOZHZdwU5x61HRQBPc3Uty+6RuOyjoKgoooAKKKKACiiigBVYqwZSQR0IqxcXbXMKLKMuh4b1FVqKACiiigAooooAKKKKACiiigAooooAKKKKACiiigAooooAKKKKACiiigAooooAKKKKACiiigAooooAKKKKACiiigAooooAKKKKACiiigAooooAKKKKACiiigAq3aXYtYpCi5lfgE9AKqUUAPkkeVy8jFmPc0yiigAooooAKKKKALFrdy2rZQ5Xup6Go5mV5ndAQGOcelR0UAFFFFABRRRQAUUUUAFFFFABRRRQAUUUUAFFFFABRRRQAUUUUAFFFFABRRRQAUUUUAFFFFABRRRQAUUUUAFFFFABRRRQAUUUUAFFFFABRRRQAUUUUAFFFFABRRRQAUUUUAFFFFABRRRQAUUUUAFFFFABRRRQAUUUUAFFFFABRRRQAUUUUAFFFFABRRRQAUUUUAFFFFABRRRQAUUUUAFFFFABRRRQAUUUUAFFFFABRRRQAUUUUAFFFFABRRRQAUUUUAFFFFABRRRQAUUUUAFFFFABRRRQAUUUUAFFFFABRRRQAUUUUAFFFFABRRRQAUUUUAFFFFABRRRQAUUUUAFFFFABRRRQAUUUUAFFFFABRRRQAUUUUAFFFFABRRRQAUUUUAFFFFABRRRQAUUUUAFFFFABRRRQAUUUUAFFFFABRRRQAUUUUAFFFFABRRRQAUUUUAFFFFABRRRQAUUUUAFFFFABRRRQAUUUUAFFFFABRRRQAUUUUAFFFFABRRRQAUUUUAFFFFABRRRQAUUUUAFFFFABRRRQAUUUUAFFFFABRRRQAUUUUAFFFFABRRRQAUUUUAFFFFABRRRQAUUUUAFFFFABRRRQAUUUUAFFFFABRRRQAUUUUAFFFFABRRRQAUUUUAFFFFABRRRQAUUUUAFFFFABRRRQAUUUUAFFFFABRRRQAUUUUAFFFFABRRRQAUUUUAFFFFABRRRQAUUUUAFFFFABRRRQAUUUUAFFFFABRRRQAUUUUAFFFFABRRRQAUUUUAFFFFABRRRQAUUUUAFFFFABRRRQAUUUUAFFFFABRRRQAUUUUAFFFFABRRRQAUUUUAFFFPhjMsyRjqxxQAyipbmIwXDxH+E8fSoqACiiigAooooAKKKKACiiigAooooAKKKKACiiigAooooAKKKKACiiigAooooAKKKKACiiigAooooAKKKKACiiigAooooAKKKKACiiigAooooAKKKKACiiigAooooAKKKKACiiigAooooAKKKKACiiigAooooAKKKKACiiigAooooAKKKKACiiigAooooAKKKKACiiigAooooAKKKKACiiigAooooAKKKKACiiigAooooAKKKKACiiigAooooAKKKKACtHRod9w0pHCDj6ms6ug0uHyrJSRy/wAxpMTKetQ4kSYD7w2n61l10l/D51m6gcgZH1Fc3QgQUUUUxhRRRQAUUUUAFFFFABRRRQAUUUUAFFFFABRRRQAUUUUAFFFFABRRRQAUUUUAFFFFABRRRQAUUUUAFFFFABRRRQAUUUUAFFFFABRRRQAUUUUAFFFFABRRRQAUUUUAFFFFABRRRQAUUUUAFFFFABRRRQAUUUUAFFFFABRRRQAUUUUAFFFFABRRRQAUUUUAFFFFABRRRQAUUUUAFFFFABRRRQAUUUUAFFFFABRRRQAUUUUAFFFKAScAEn2oASin+VIf+WbflS+RMf8Alk//AHyaAI6Kl+zXB/5YSf8AfJpfslyf+WEn/fJoAbBEZp0jH8RxXTgBQAOAOKytJtJEnaWWMrtGBketa1QxMK5q9h8i7kTtnI+ldLWbq1q8xjkiQsw+UgelCBGLRVj7Fdf88H/Kk+x3P/PCT/vmrGQUVN9kuf8AnhJ/3yaPstx/zwk/75NAENFOdHjOHVlPoRim0AFFFFABRRRQAUUUUAFFFFABRRRQAUUUUAFFFFABRRRQAUUUUAFFFFABRRRQAUUUUAFFFFABRRRQAUUUUAFFFFABRRRQAUUUUAFFFFABRRRQAUUUUAFFFFABRRRQAUUUUAFFFFABRRRQAUUUUAFFFFABRRRQAUUUUAFFFFABRRRQAUUUUAFFFFABRRRQAUUUUAFFFFABRRRQAUUUUAFFFFABRRRQAUUUUAFOVmRgykhh0IptFAG1ZamsmI5yFfs3Y1pVydX7LUXgwkmXj/UVLQrG7RTIpElQPGwZT3FPqRBRRRQAUUUUAFFFNd1jQu7BVHUmgB1Z19qaxZjgwz927Cqt9qTTZjhysfc9zWdVJDsOd2dizsWY9SabRRVDCiiigAooooAKKKKACiiigAooooAKKKKACiiigAooooAKKKKACiiigAooooAKKKKACiiigAooooAKKKKACiiigAooooAKKKKACiiigAooooAKKKKACiiigAooooAKKKKACiiigAooooAKKKKACiiigAooooAKKKKACiiigAooooAKKKKACiiigAooooAKKKKACiiigAooooAKKKKACiiigAooooAKKKKACiiigAooooAmtrmW2fdGeO4PQ1vWd2l3GWUEMPvA9q5ut7SIvLs9x6uc/hUsTL1FFFSIKKKKAIrm4S2hMj5x0AHc1gXd3LdPljhR0UdBW7fRedZyJ3xkfUVzVVEaCiiiqGFFFFABRRRQAUUUUAFFFFABRRRQAUUUUAFFFFABRRRQAUUUUAFFFFABRRRQAUUUUAFFFFABRRRQAUUUUAFFFFABRRRQAUUUUAFFFFABRRRQAUUUUAFFFFABRRRQAUUUUAFFFFABRRRQAUUUUAFFFFABRRRQAUUUUAFFFFABRRRQAUUUUAFFFFABRRRQAUUUUAFFFFABRRRQAUUUUAFFFFABRRRQAUUUUAFFFFABRRRQAUUUUAOVS7BR1JwK6iNBHGqDooArB0qLzL1SeifNXQVMhMKbJIkSF3YKo7mq93fRWowTuk7KP61h3NzLcvukbjso6CklcR0UE8U6bomDD+VSVy0UskLh42KtW1Z6lHPhJcJJ+hoaHYv1zN5F5N1JH2B4+ldNWPrcWJI5QPvDaaECMuiiirGFFFFABRRRQAUUUUAFFFFABRRRQAUUUUAFFFFABRRRQAUUUUAFFFFABRRRQAUUUUAFFFFABRRRQAUUUUAFFFFABRRRQAUUUUAFFFFABRRRQAUUUUAFFFFABRRRQAUUUUAFFFFABRRRQAUUUUAFFFFABRRRQAUUUUAFFFFABRRRQAUUUUAFFFFABRRRQAUUUUAFFFFABRRRQAUUUUAFFFFABRRRQAUUUUAFFFFABRRRQAUUUUAbOjRhIJJmwATjJ9BTL3Vesdt+L/4VnPcSPCsOcRr/AAjvUVKwhSSxJJJJ7mkoopjCiiigC/Z6lJBhJcvH+oq/feXd6ezxMG2/MMe1YNSQzSQtlGxngjsaVhEdFFFMYUUUUAFFFFABRRRQAUUUUAFFFFABRRRQAUUUUAFFFFABRRRQAUUUUAFFFFABRRRQAUUUUAFFFFABRRRQAUUUUAFFFFABRRRQAUUUUAFFFFABRRRQAUUUUAFFFFABRRRQAUUUUAFFFFABRRRQAUUUUAFFFFABRRRQAUUUUAFFFFABRRRQAUUUUAFFFFABRRRQAUUUUAFFFFABRRRQAUUUUAFFFFABRRRQAUUUUAFFFFABRRRQAUUUUAFFFFABRRRQAUUUUAFFFFABRRRQAUUUUAFFFFABRRRQAUUUUAFFFFABRRRQAUUUUAFFFFABRRRQAUUUUAFFFFABRRRQAUUUUAFFFFABRRRQAUUUUAFFFFABRRRQAUUUUAFFFFABRRRQAUUUUAFFFFABRRRQAUUUUAFFFFABRRRQAUUUUAFFFFABRRRQAUUUUAFFFFABRRRQAUUUUAFFFFABRRRQAUUUUAFFFFABRRRQAUUUUAFFFFABRRRQAUUUUAFFFFABRRRQAUUUUAFFFFABRRRQAUUUUAFFFFABRRRQAUUUUAFFFFABRRRQAUUUUAFFFFABRRRQAUUUUAFFFFABRRRQAUUUUAFFFFABRRRQAUUUUAFFFFABRRRQAUUUUAFFFFABRRRQAUUUUAFFFFABRRRQAUUUUAFFFFABRRRQAUUUUAFFFFABRRRQAUUUUAFFFFABRRRQAUUUUAFFFFABRRRQAUUUUAFFFFABRRRQAUUUUAFFFFABRRRQAUUUUAFFFFABRRRQAUUUUAFFFFABRRRQAUUUUAFFFFABRRRQAUUUUAFFFFABRRRQAUUUUAFFFFABRRRQAUUUUAFFFFABRRRQAUUUUAFFFFABRRRQAUUUUAFFFFABRRRQAUUUUAFFFFABRRRQAUUUUAFFFFABRRRQAUUUUAFFFFABRRRQAUUUUAFFFFABRRRQAUUUUAFFFFABRRRQAUUUUAFFFFABRRRQAUUUUAFFFFABRRRQAUUUUAFFFFABRRRQAUUUUAFFFFABRRRQAUUUUAFFFFABRRRQAUUUUAFFFFABRRRQAUUUUAFFFFABRRRQAUUUUAFFFFABRRRQAUUUUAFFFFABRRRQAUUUUAFFFFABRRRQAUUUUAFFFFABRRRQAUUUUAFFFFABRRRQAUUUUAFFFFABRRRQAUUUUAFFFFABRRRQAUUUUAFFFFABRRRQAUUUUAFFFFABRRRQAUUUUAFFFFABRRRQAUUUUAFFFFABRRRQAUUUUAFFFFABRRRQAUUUUAFFFFABRRRQAUUUUAFFFFABRRRQAUUUUAFFFFABRRRQAUUUUAFFFFABRRRQAUUUUAFFFFABRRRQAUUUUAFFFFABRRRQAUUUUAFFFFABRRRQAUUUUAFFFFABRRRQAUUUUAFFFFABRRRQAUUUUAFFFFABRRRQAUUUUAFFFFABRRRQAUUUUAFFFFABRRRQAUUUUAFFFFABRRRQAUUUUAFFFFABRRRQAUUUUAFFFFABRRRQAUUUUAFFFFABRRRQAUUUUAFFFFABRRRQAUUUUAFFFFABRRRQAUUUUAFFFFABRRRQAUUUUAFFFFABRRRQAUUUUAFFFFABRRRQAUUUUAFFFFABRRRQAUUUUAFFFFABRRRQAUUUUAFFFFABRRRQAUUUUAFFFFABRRRQAUUUUAFFFFABRRRQAUUUUAFFFFABRRRQAUUUUAFFFFABRRRQAUUUUAFFFFABRRRQAUUUUAFFFFABRRRQAUUUUAFFFFABRRRQAUUUUAFFFFABRRRQAUUUUAFFFFABRRRQAUUUUAFFFFABRRRQAUUUUAFFFFABRRRQAUUUUAFFFFABRRRQAUUUUAFFFFABRRRQAUUUUAFFFFABRRRQAUUUUAFFFFABRRRQAUUUUAFFFFABRRRQAUUUUAFFFFABRRRQAUUUUAFFFFABRRRQAUUUUAFFFFABRRRQAUUUUAFFFFABRRRQAUUUUAFFFFABRRRQAUUUUAFFFFABRRRQAUUUUAFFFFABRRRQAUUUUAFFFFABRRRQAUUUUAFFFFABRRRQAUUUUAFFFFABRRRQAUUUUAFFFFABRRRQAUUUUAFFFFABRRRQAUUUUAFFFFABRRRQAUUUUAFFFFABRRRQAUUUUAFFFFABRRRQAUUUUAFFFFABRRRQAUUUUAFFFFABRRRQAUUUUAFFFFABRRRQAUUUUAFFFFABRRRQAUUUUAFFFFABRRRQAUUUUAFFFFABRRRQAUUUUAFFFFABRRRQAUUUUAFFFFABRRRQAUUUUAFFFFABRRRQAUUUUAFFFFABRRRQAUUUUAFFFFABRRRQAUUUUAFFFFABRRRQAUUUUAFFFFABRRRQAUUUUAFFFFABRRRQAUUUUAFFFFABRRRQAUUUUAFFFFABRRRQAUUUUAFFFFABRRRQAUUUUAFFFFAH/9kNCg==&apos;, &apos;children&apos;: [], &apos;features&apos;: {}}], &apos;features&apos;: {}}
*********************





--------------------------------- NEW PAGE --------------------------------
--------------------------------- CONTENT AREA --------------------------------- 
Date: 4 February 2019
ESMA70-1861941480-52



--------------------------------- CONTENT AREA --------------------------------- 
This content area has an image
{&apos;type&apos;: &apos;figure&apos;, &apos;bbox&apos;: (74.35, 737.47, 118.6, 781.72), &apos;name&apos;: &apos;Image22&apos;, &apos;children&apos;: [{&apos;type&apos;: &apos;image&apos;, &apos;height&apos;: 44.25, &apos;width&apos;: 44.25, &apos;value&apos;: &apos;data:image/jpeg;base64,/9j/4AAQSkZJRgABAQEAwADAAAD/2wBDAA0JCgsKCA0LCwsPDg0QFCEVFBISFCgdHhghMCoyMS8qLi00O0tANDhHOS0uQllCR05QVFVUMz9dY1xSYktTVFH/2wBDAQ4PDxQRFCcVFSdRNi42UVFRUVFRUVFRUVFRUVFRUVFRUVFRUVFRUVFRUVFRUVFRUVFRUVFRUVFRUVFRUVFRUVH/wAARCAA6ADsDASIAAhEBAxEB/8QAHwAAAQUBAQEBAQEAAAAAAAAAAAECAwQFBgcICQoL/8QAtRAAAgEDAwIEAwUFBAQAAAF9AQIDAAQRBRIhMUEGE1FhByJxFDKBkaEII0KxwRVS0fAkM2JyggkKFhcYGRolJicoKSo0NTY3ODk6Q0RFRkdISUpTVFVWV1hZWmNkZWZnaGlqc3R1dnd4eXqDhIWGh4iJipKTlJWWl5iZmqKjpKWmp6ipqrKztLW2t7i5usLDxMXGx8jJytLT1NXW19jZ2uHi4+Tl5ufo6erx8vP09fb3+Pn6/8QAHwEAAwEBAQEBAQEBAQAAAAAAAAECAwQFBgcICQoL/8QAtREAAgECBAQDBAcFBAQAAQJ3AAECAxEEBSExBhJBUQdhcRMiMoEIFEKRobHBCSMzUvAVYnLRChYkNOEl8RcYGRomJygpKjU2Nzg5OkNERUZHSElKU1RVVldYWVpjZGVmZ2hpanN0dXZ3eHl6goOEhYaHiImKkpOUlZaXmJmaoqOkpaanqKmqsrO0tba3uLm6wsPExcbHyMnK0tPU1dbX2Nna4uPk5ebn6Onq8vP09fb3+Pn6/9oADAMBAAIRAxEAPwD06obu5S0tnncMVUdhmi4uoLVQZpVTJAGT74p+I54x92RG59Qaa7sQ21uEurdJkDBWGRkYqrew30l5A9vNthU5ccfTj8M9avIixqFRQqjsKWnezugtcKp2+oxXF5LbIrh4+uVIq5TFhiRy6xqGOckDk5pK3UB9FQPeWyXC27TIJCOhYe3H15qeiwyC7tIbyMRzruUHOM45xUyjCgelUbe6u5NRlhktwsKj5XycHHXHHPUflV+m7rRiQZGcZ5NISBySB9a8/ktrrVLnVpRpkt3crcPHFci4CeTt+6ApPatLVtMv5Ws7y+sf7RijtVSaATbSkn8TDHWtPZJbsLnXkgDJOBSZHHI56Vxiw6dquoaJbpG7ae1vIyxO7cEE9eexFVY9Isv7P16by3EtlNItu4kbMYXkAc0ezXVhc7aS0t2ulu3H71OFbPQc/wCNWK4y5eLVpLONtKk1O7Wzjkk3XHlIu4Zz7nmqel6pf2+nxwrMyrGWUKTu24Y8Z9qfsm1uK53xYKMkgDpzS1T1Kx+3RLGJmiIOdy5/z1x+VWo02RqnoMdSf51jpYZl3nhzS7y5e4lhcNJ/rAkjKH+oBp19oGnX0qySpIrKgjzHIy5Udjg1qUU+eXcdilFpVlDPbTRQ7GtozHEATgKev1oGlWYhvIRGdl4zNN8x5JGD9Ku0UuZ9wMm58PaZcGEMjo8UYjVo5CrFBxg461Nb6HplvCsUdou1em4kn8zTn08vqa3nnuAox5e44P6+uOOnFXqpydrXEgqG8SaS1dbeTZKR8p4qaipWgyvYRTQ2iR3EnmSLwTx07U251CC2uIoJC2+Q8YUn+nNWqqXMaNPuZFLKFKkjkfN2ql7z1Jei0LdULa3vU1GWWWctAwwq8Z46Z49z0q/RUp2HYKKKKQz/2Q0K&apos;, &apos;children&apos;: [], &apos;features&apos;: {}}], &apos;features&apos;: {}}
*********************





--------------------------------- CONTENT AREA --------------------------------- 
1. Background



--------------------------------- CONTENT AREA --------------------------------- 
1. Regulation (EU) No 648/2012 of the European Parliament and of the Council of 4 July 2012 on OTC
derivatives, central counterparties and trade repositories (“EMIR”) entered into force on 16 August 2012.
Most of the obligations under EMIR needed to be specified further via regulatory technical standards and
they will take effect following the entry into force of the technical standards. On 19 December 2012 the
European Commission adopted without modifications the regulatory technical standards developed by
ESMA. These technical standards were published in the Official Journal on 23 February 2013 and en-
tered into force on 15 March 2013.



--------------------------------- CONTENT AREA --------------------------------- 
2. The EMIR framework is made up of the following EU legislation:



--------------------------------- CONTENT AREA --------------------------------- 
(a) Regulation (EU) No 648/2012 of the European Parliament and of the Council of 4
July 2012 on OTC derivatives, central counterparties and trade repositories
(“EMIR”);



--------------------------------- CONTENT AREA --------------------------------- 
(b) Commission Implementing Regulation (EU) No 1247/2012 of 19 December 2012
laying down implementing technical standards with regard to the format and fre-
quency of trade reports to trade repositories according to Regulation (EU) No
648/2012;



--------------------------------- CONTENT AREA --------------------------------- 
(c) Commission Implementing Regulation (EU) No 1248/2012 of 19 December 2012
laying down implementing technical standards with regard to the format of appli-
cations for registration of trade repositories according to Regulation (EU) No
648/2012;



--------------------------------- CONTENT AREA --------------------------------- 
(d) Commission Implementing Regulation (EU) No 1249/2012 of 19 December 2012
laying down implementing technical standards with regard to the format of the rec-
ords to be maintained by central counterparties according to Regulation (EU) No
648/2012;



--------------------------------- CONTENT AREA --------------------------------- 
(e) Commission Delegated Regulation (EU) No 148/2013 of 19 December 2012 sup-
plementing Regulation (EU) No 648/2012 with regard to regulatory technical stand-
ards on the minimum details of the data to be reported to trade repositories;



--------------------------------- CONTENT AREA --------------------------------- 
(f) Commission Delegated Regulation (EU) No 149/2013 of 19 December 2012 sup-
plementing Regulation (EU) No 648/2012 with regard to regulatory technical stand-
ards on indirect clearing arrangements, the clearing obligation, the public register,
access to a trading venue, non-financial counterparties, and risk mitigation tech-
niques for OTC derivatives contracts not cleared by a CCP;



--------------------------------- CONTENT AREA --------------------------------- 
(g) Commission Delegated Regulation (EU) No 150/2013 of 19 December 2012 sup-
plementing Regulation (EU) No 648/2012 with regard to regulatory technical stand-
ards specifying the details of the application for registration as a trade repository;



--------------------------------- CONTENT AREA --------------------------------- 
ESMA • 103 rue de Grenelle • 75007 Paris • France • Tel. +33 (0) 1 58 36 43 21 • www.esma.europa.eu 2



--------------------------------- NEW PAGE --------------------------------
--------------------------------- CONTENT AREA --------------------------------- 
This content area has an image
{&apos;type&apos;: &apos;figure&apos;, &apos;bbox&apos;: (62.35, 749.47, 106.6, 793.72), &apos;name&apos;: &apos;Image22&apos;, &apos;children&apos;: [{&apos;type&apos;: &apos;image&apos;, &apos;height&apos;: 44.25, &apos;width&apos;: 44.24999999999999, &apos;value&apos;: &apos;data:image/jpeg;base64,/9j/4AAQSkZJRgABAQEAwADAAAD/2wBDAA0JCgsKCA0LCwsPDg0QFCEVFBISFCgdHhghMCoyMS8qLi00O0tANDhHOS0uQllCR05QVFVUMz9dY1xSYktTVFH/2wBDAQ4PDxQRFCcVFSdRNi42UVFRUVFRUVFRUVFRUVFRUVFRUVFRUVFRUVFRUVFRUVFRUVFRUVFRUVFRUVFRUVFRUVH/wAARCAA6ADsDASIAAhEBAxEB/8QAHwAAAQUBAQEBAQEAAAAAAAAAAAECAwQFBgcICQoL/8QAtRAAAgEDAwIEAwUFBAQAAAF9AQIDAAQRBRIhMUEGE1FhByJxFDKBkaEII0KxwRVS0fAkM2JyggkKFhcYGRolJicoKSo0NTY3ODk6Q0RFRkdISUpTVFVWV1hZWmNkZWZnaGlqc3R1dnd4eXqDhIWGh4iJipKTlJWWl5iZmqKjpKWmp6ipqrKztLW2t7i5usLDxMXGx8jJytLT1NXW19jZ2uHi4+Tl5ufo6erx8vP09fb3+Pn6/8QAHwEAAwEBAQEBAQEBAQAAAAAAAAECAwQFBgcICQoL/8QAtREAAgECBAQDBAcFBAQAAQJ3AAECAxEEBSExBhJBUQdhcRMiMoEIFEKRobHBCSMzUvAVYnLRChYkNOEl8RcYGRomJygpKjU2Nzg5OkNERUZHSElKU1RVVldYWVpjZGVmZ2hpanN0dXZ3eHl6goOEhYaHiImKkpOUlZaXmJmaoqOkpaanqKmqsrO0tba3uLm6wsPExcbHyMnK0tPU1dbX2Nna4uPk5ebn6Onq8vP09fb3+Pn6/9oADAMBAAIRAxEAPwD06obu5S0tnncMVUdhmi4uoLVQZpVTJAGT74p+I54x92RG59Qaa7sQ21uEurdJkDBWGRkYqrew30l5A9vNthU5ccfTj8M9avIixqFRQqjsKWnezugtcKp2+oxXF5LbIrh4+uVIq5TFhiRy6xqGOckDk5pK3UB9FQPeWyXC27TIJCOhYe3H15qeiwyC7tIbyMRzruUHOM45xUyjCgelUbe6u5NRlhktwsKj5XycHHXHHPUflV+m7rRiQZGcZ5NISBySB9a8/ktrrVLnVpRpkt3crcPHFci4CeTt+6ApPatLVtMv5Ws7y+sf7RijtVSaATbSkn8TDHWtPZJbsLnXkgDJOBSZHHI56Vxiw6dquoaJbpG7ae1vIyxO7cEE9eexFVY9Isv7P16by3EtlNItu4kbMYXkAc0ezXVhc7aS0t2ulu3H71OFbPQc/wCNWK4y5eLVpLONtKk1O7Wzjkk3XHlIu4Zz7nmqel6pf2+nxwrMyrGWUKTu24Y8Z9qfsm1uK53xYKMkgDpzS1T1Kx+3RLGJmiIOdy5/z1x+VWo02RqnoMdSf51jpYZl3nhzS7y5e4lhcNJ/rAkjKH+oBp19oGnX0qySpIrKgjzHIy5Udjg1qUU+eXcdilFpVlDPbTRQ7GtozHEATgKev1oGlWYhvIRGdl4zNN8x5JGD9Ku0UuZ9wMm58PaZcGEMjo8UYjVo5CrFBxg461Nb6HplvCsUdou1em4kn8zTn08vqa3nnuAox5e44P6+uOOnFXqpydrXEgqG8SaS1dbeTZKR8p4qaipWgyvYRTQ2iR3EnmSLwTx07U251CC2uIoJC2+Q8YUn+nNWqqXMaNPuZFLKFKkjkfN2ql7z1Jei0LdULa3vU1GWWWctAwwq8Z46Z49z0q/RUp2HYKKKKQz/2Q0K&apos;, &apos;children&apos;: [], &apos;features&apos;: {}}], &apos;features&apos;: {}}
*********************





--------------------------------- CONTENT AREA --------------------------------- 
(h) Commission Delegated Regulation (EU) No 151/2013 of 19 December 2012 sup-



--------------------------------- CONTENT AREA --------------------------------- 
plementing Regulation (EU) No 648/2012 with regard to regulatory technical stand-



--------------------------------- CONTENT AREA --------------------------------- 
ards specifying the data to be published and made available by trade repositories



--------------------------------- CONTENT AREA --------------------------------- 
and operational standards for aggregating, comparing and accessing the data;



--------------------------------- CONTENT AREA --------------------------------- 
(i) Commission Delegated Regulation (EU) No 152/2013 of 19 December 2012 sup-



--------------------------------- CONTENT AREA --------------------------------- 
plementing Regulation (EU) No 648/2012 with regard to regulatory technical stand-



--------------------------------- CONTENT AREA --------------------------------- 
ards on capital requirements for central counterparties;



--------------------------------- CONTENT AREA --------------------------------- 
(j) Commission Delegated Regulation (EU) No 153/2013 of 19 December 2012 sup-



--------------------------------- CONTENT AREA --------------------------------- 
plementing Regulation (EU) No 648/2012 with regard to regulatory technical stand-



--------------------------------- CONTENT AREA --------------------------------- 
ards on requirements for central counterparties;



--------------------------------- CONTENT AREA --------------------------------- 
(k) Commission Delegated Regulation (EU) No 2017/2155 of 22 September 2017



--------------------------------- CONTENT AREA --------------------------------- 
amending Delegated Regulation (EU) No 149/2013 with regards to regulatory tech-



--------------------------------- CONTENT AREA --------------------------------- 
nical standards on indirect clearing arrangements.



--------------------------------- CONTENT AREA --------------------------------- 
3. The European Commission has already released some Frequently Asked Questions on EMIR1 to clarify



--------------------------------- CONTENT AREA --------------------------------- 
the timing and the scope of EMIR, together with certain issues related to third country CCPs and trade



--------------------------------- CONTENT AREA --------------------------------- 
repositories.



--------------------------------- CONTENT AREA --------------------------------- 
4. In view of ESMA’s statutory role to build a common supervisory culture by promoting common supervi-



--------------------------------- CONTENT AREA --------------------------------- 
sory approaches and practices, ESMA has adopted this Q&amp;As document which relates to the consistent



--------------------------------- CONTENT AREA --------------------------------- 
application of EMIR. The first version of this document was published on 20 March 2013, subsequent



--------------------------------- CONTENT AREA --------------------------------- 
updates have been published on a regular basis. This document is expected to be updated and ex-



--------------------------------- CONTENT AREA --------------------------------- 
panded as and when appropriate.



--------------------------------- CONTENT AREA --------------------------------- 
2. Purpose



--------------------------------- CONTENT AREA --------------------------------- 
5. The purpose of this document is to promote common supervisory approaches and practices in the appli-



--------------------------------- CONTENT AREA --------------------------------- 
cation of EMIR. It provides responses to questions posed by the general public, market participants and



--------------------------------- CONTENT AREA --------------------------------- 
competent authorities in relation to the practical application of EMIR.



--------------------------------- CONTENT AREA --------------------------------- 
6. The content of this document is aimed at competent authorities under the Regulation to ensure that in



--------------------------------- CONTENT AREA --------------------------------- 
their supervisory activities their actions are converging along the lines of the responses adopted by



--------------------------------- CONTENT AREA --------------------------------- 
ESMA. It should also help investors and other market participants by providing clarity on the require-



--------------------------------- CONTENT AREA --------------------------------- 
ments under EMIR.



--------------------------------- CONTENT AREA --------------------------------- 
3. Status



--------------------------------- CONTENT AREA --------------------------------- 
7. The Q&amp;A mechanism is a practical convergence tool used to promote common supervisory approaches



--------------------------------- CONTENT AREA --------------------------------- 
and practices under Article 29(2) of the ESMA Regulation.2



--------------------------------- CONTENT AREA --------------------------------- 
1 http://ec.europa.eu/internal_market/financial-markets/docs/derivatives/emir-faqs_en.pdf
2 Regulation (EU) No 1095/2010 of the European Parliament and of the Council of 24 November 2010 establishing a European Su-
pervisory Authority (European Securities and Markets Authority), amending Decision No 716/2009/EC and repealing Commission
Decision 2009/77/EC Regulation, 15.12.2010, L331/84.



--------------------------------- CONTENT AREA --------------------------------- 
This content area has an image
{&apos;type&apos;: &apos;figure&apos;, &apos;bbox&apos;: (62.35, 749.47, 106.6, 793.72), &apos;name&apos;: &apos;Image22&apos;, &apos;children&apos;: [{&apos;type&apos;: &apos;image&apos;, &apos;height&apos;: 44.25, &apos;width&apos;: 44.24999999999999, &apos;value&apos;: &apos;data:image/jpeg;base64,/9j/4AAQSkZJRgABAQEAwADAAAD/2wBDAA0JCgsKCA0LCwsPDg0QFCEVFBISFCgdHhghMCoyMS8qLi00O0tANDhHOS0uQllCR05QVFVUMz9dY1xSYktTVFH/2wBDAQ4PDxQRFCcVFSdRNi42UVFRUVFRUVFRUVFRUVFRUVFRUVFRUVFRUVFRUVFRUVFRUVFRUVFRUVFRUVFRUVFRUVH/wAARCAA6ADsDASIAAhEBAxEB/8QAHwAAAQUBAQEBAQEAAAAAAAAAAAECAwQFBgcICQoL/8QAtRAAAgEDAwIEAwUFBAQAAAF9AQIDAAQRBRIhMUEGE1FhByJxFDKBkaEII0KxwRVS0fAkM2JyggkKFhcYGRolJicoKSo0NTY3ODk6Q0RFRkdISUpTVFVWV1hZWmNkZWZnaGlqc3R1dnd4eXqDhIWGh4iJipKTlJWWl5iZmqKjpKWmp6ipqrKztLW2t7i5usLDxMXGx8jJytLT1NXW19jZ2uHi4+Tl5ufo6erx8vP09fb3+Pn6/8QAHwEAAwEBAQEBAQEBAQAAAAAAAAECAwQFBgcICQoL/8QAtREAAgECBAQDBAcFBAQAAQJ3AAECAxEEBSExBhJBUQdhcRMiMoEIFEKRobHBCSMzUvAVYnLRChYkNOEl8RcYGRomJygpKjU2Nzg5OkNERUZHSElKU1RVVldYWVpjZGVmZ2hpanN0dXZ3eHl6goOEhYaHiImKkpOUlZaXmJmaoqOkpaanqKmqsrO0tba3uLm6wsPExcbHyMnK0tPU1dbX2Nna4uPk5ebn6Onq8vP09fb3+Pn6/9oADAMBAAIRAxEAPwD06obu5S0tnncMVUdhmi4uoLVQZpVTJAGT74p+I54x92RG59Qaa7sQ21uEurdJkDBWGRkYqrew30l5A9vNthU5ccfTj8M9avIixqFRQqjsKWnezugtcKp2+oxXF5LbIrh4+uVIq5TFhiRy6xqGOckDk5pK3UB9FQPeWyXC27TIJCOhYe3H15qeiwyC7tIbyMRzruUHOM45xUyjCgelUbe6u5NRlhktwsKj5XycHHXHHPUflV+m7rRiQZGcZ5NISBySB9a8/ktrrVLnVpRpkt3crcPHFci4CeTt+6ApPatLVtMv5Ws7y+sf7RijtVSaATbSkn8TDHWtPZJbsLnXkgDJOBSZHHI56Vxiw6dquoaJbpG7ae1vIyxO7cEE9eexFVY9Isv7P16by3EtlNItu4kbMYXkAc0ezXVhc7aS0t2ulu3H71OFbPQc/wCNWK4y5eLVpLONtKk1O7Wzjkk3XHlIu4Zz7nmqel6pf2+nxwrMyrGWUKTu24Y8Z9qfsm1uK53xYKMkgDpzS1T1Kx+3RLGJmiIOdy5/z1x+VWo02RqnoMdSf51jpYZl3nhzS7y5e4lhcNJ/rAkjKH+oBp19oGnX0qySpIrKgjzHIy5Udjg1qUU+eXcdilFpVlDPbTRQ7GtozHEATgKev1oGlWYhvIRGdl4zNN8x5JGD9Ku0UuZ9wMm58PaZcGEMjo8UYjVo5CrFBxg461Nb6HplvCsUdou1em4kn8zTn08vqa3nnuAox5e44P6+uOOnFXqpydrXEgqG8SaS1dbeTZKR8p4qaipWgyvYRTQ2iR3EnmSLwTx07U251CC2uIoJC2+Q8YUn+nNWqqXMaNPuZFLKFKkjkfN2ql7z1Jei0LdULa3vU1GWWWctAwwq8Z46Z49z0q/RUp2HYKKKKQz/2Q0K&apos;, &apos;children&apos;: [], &apos;features&apos;: {}}], &apos;features&apos;: {}}
*********************





--------------------------------- NEW PAGE --------------------------------
--------------------------------- CONTENT AREA --------------------------------- 
This content area has an image
{&apos;type&apos;: &apos;figure&apos;, &apos;bbox&apos;: (62.35, 749.47, 106.6, 793.72), &apos;name&apos;: &apos;Image22&apos;, &apos;children&apos;: [{&apos;type&apos;: &apos;image&apos;, &apos;height&apos;: 44.25, &apos;width&apos;: 44.24999999999999, &apos;value&apos;: &apos;data:image/jpeg;base64,/9j/4AAQSkZJRgABAQEAwADAAAD/2wBDAA0JCgsKCA0LCwsPDg0QFCEVFBISFCgdHhghMCoyMS8qLi00O0tANDhHOS0uQllCR05QVFVUMz9dY1xSYktTVFH/2wBDAQ4PDxQRFCcVFSdRNi42UVFRUVFRUVFRUVFRUVFRUVFRUVFRUVFRUVFRUVFRUVFRUVFRUVFRUVFRUVFRUVFRUVH/wAARCAA6ADsDASIAAhEBAxEB/8QAHwAAAQUBAQEBAQEAAAAAAAAAAAECAwQFBgcICQoL/8QAtRAAAgEDAwIEAwUFBAQAAAF9AQIDAAQRBRIhMUEGE1FhByJxFDKBkaEII0KxwRVS0fAkM2JyggkKFhcYGRolJicoKSo0NTY3ODk6Q0RFRkdISUpTVFVWV1hZWmNkZWZnaGlqc3R1dnd4eXqDhIWGh4iJipKTlJWWl5iZmqKjpKWmp6ipqrKztLW2t7i5usLDxMXGx8jJytLT1NXW19jZ2uHi4+Tl5ufo6erx8vP09fb3+Pn6/8QAHwEAAwEBAQEBAQEBAQAAAAAAAAECAwQFBgcICQoL/8QAtREAAgECBAQDBAcFBAQAAQJ3AAECAxEEBSExBhJBUQdhcRMiMoEIFEKRobHBCSMzUvAVYnLRChYkNOEl8RcYGRomJygpKjU2Nzg5OkNERUZHSElKU1RVVldYWVpjZGVmZ2hpanN0dXZ3eHl6goOEhYaHiImKkpOUlZaXmJmaoqOkpaanqKmqsrO0tba3uLm6wsPExcbHyMnK0tPU1dbX2Nna4uPk5ebn6Onq8vP09fb3+Pn6/9oADAMBAAIRAxEAPwD06obu5S0tnncMVUdhmi4uoLVQZpVTJAGT74p+I54x92RG59Qaa7sQ21uEurdJkDBWGRkYqrew30l5A9vNthU5ccfTj8M9avIixqFRQqjsKWnezugtcKp2+oxXF5LbIrh4+uVIq5TFhiRy6xqGOckDk5pK3UB9FQPeWyXC27TIJCOhYe3H15qeiwyC7tIbyMRzruUHOM45xUyjCgelUbe6u5NRlhktwsKj5XycHHXHHPUflV+m7rRiQZGcZ5NISBySB9a8/ktrrVLnVpRpkt3crcPHFci4CeTt+6ApPatLVtMv5Ws7y+sf7RijtVSaATbSkn8TDHWtPZJbsLnXkgDJOBSZHHI56Vxiw6dquoaJbpG7ae1vIyxO7cEE9eexFVY9Isv7P16by3EtlNItu4kbMYXkAc0ezXVhc7aS0t2ulu3H71OFbPQc/wCNWK4y5eLVpLONtKk1O7Wzjkk3XHlIu4Zz7nmqel6pf2+nxwrMyrGWUKTu24Y8Z9qfsm1uK53xYKMkgDpzS1T1Kx+3RLGJmiIOdy5/z1x+VWo02RqnoMdSf51jpYZl3nhzS7y5e4lhcNJ/rAkjKH+oBp19oGnX0qySpIrKgjzHIy5Udjg1qUU+eXcdilFpVlDPbTRQ7GtozHEATgKev1oGlWYhvIRGdl4zNN8x5JGD9Ku0UuZ9wMm58PaZcGEMjo8UYjVo5CrFBxg461Nb6HplvCsUdou1em4kn8zTn08vqa3nnuAox5e44P6+uOOnFXqpydrXEgqG8SaS1dbeTZKR8p4qaipWgyvYRTQ2iR3EnmSLwTx07U251CC2uIoJC2+Q8YUn+nNWqqXMaNPuZFLKFKkjkfN2ql7z1Jei0LdULa3vU1GWWWctAwwq8Z46Z49z0q/RUp2HYKKKKQz/2Q0K&apos;, &apos;children&apos;: [], &apos;features&apos;: {}}], &apos;features&apos;: {}}
*********************





--------------------------------- CONTENT AREA --------------------------------- 
8. Therefore, due to the nature of Q&amp;As, formal consultation on the draft answers is considered unnecessary.
However, even if they are not formally consulted on, ESMA may check them with representatives of
ESMA’s Securities and Markets Stakeholder Group, the relevant Standing Committees’ Consultative
Working Group or, where specific expertise is needed, with other external parties. In this particular case,
considering the date of application of the Regulation and the desirability of providing clarity to the market
as soon as possible, ESMA has not engaged in such consultations.



--------------------------------- CONTENT AREA --------------------------------- 
9. ESMA will periodically review these questions and answers to identify if, in a certain area, there is a need
to convert some of the material into ESMA Guidelines and recommendations. In such cases, the proce-
dures foreseen under Article 16 of the ESMA Regulation would be followed.



--------------------------------- CONTENT AREA --------------------------------- 
4. Questions and answers



--------------------------------- CONTENT AREA --------------------------------- 
10. This document is intended to be continually edited and updated as and when new questions are received.
The date on which each section was last amended is included for ease of reference.



--------------------------------- CONTENT AREA --------------------------------- 
11. Questions on the practical application of any of the EMIR requirements, including the requirements in
EMIR’s technical standards, may be submit using the following channel to ensure that it will be duly
processed:



--------------------------------- CONTENT AREA --------------------------------- 
https://www.esma.europa.eu/questions-and-answers



--------------------------------- CONTENT AREA --------------------------------- 
This content area has an image
{&apos;type&apos;: &apos;figure&apos;, &apos;bbox&apos;: (62.35, 749.47, 106.6, 793.72), &apos;name&apos;: &apos;Image22&apos;, &apos;children&apos;: [{&apos;type&apos;: &apos;image&apos;, &apos;height&apos;: 44.25, &apos;width&apos;: 44.24999999999999, &apos;value&apos;: &apos;data:image/jpeg;base64,/9j/4AAQSkZJRgABAQEAwADAAAD/2wBDAA0JCgsKCA0LCwsPDg0QFCEVFBISFCgdHhghMCoyMS8qLi00O0tANDhHOS0uQllCR05QVFVUMz9dY1xSYktTVFH/2wBDAQ4PDxQRFCcVFSdRNi42UVFRUVFRUVFRUVFRUVFRUVFRUVFRUVFRUVFRUVFRUVFRUVFRUVFRUVFRUVFRUVFRUVH/wAARCAA6ADsDASIAAhEBAxEB/8QAHwAAAQUBAQEBAQEAAAAAAAAAAAECAwQFBgcICQoL/8QAtRAAAgEDAwIEAwUFBAQAAAF9AQIDAAQRBRIhMUEGE1FhByJxFDKBkaEII0KxwRVS0fAkM2JyggkKFhcYGRolJicoKSo0NTY3ODk6Q0RFRkdISUpTVFVWV1hZWmNkZWZnaGlqc3R1dnd4eXqDhIWGh4iJipKTlJWWl5iZmqKjpKWmp6ipqrKztLW2t7i5usLDxMXGx8jJytLT1NXW19jZ2uHi4+Tl5ufo6erx8vP09fb3+Pn6/8QAHwEAAwEBAQEBAQEBAQAAAAAAAAECAwQFBgcICQoL/8QAtREAAgECBAQDBAcFBAQAAQJ3AAECAxEEBSExBhJBUQdhcRMiMoEIFEKRobHBCSMzUvAVYnLRChYkNOEl8RcYGRomJygpKjU2Nzg5OkNERUZHSElKU1RVVldYWVpjZGVmZ2hpanN0dXZ3eHl6goOEhYaHiImKkpOUlZaXmJmaoqOkpaanqKmqsrO0tba3uLm6wsPExcbHyMnK0tPU1dbX2Nna4uPk5ebn6Onq8vP09fb3+Pn6/9oADAMBAAIRAxEAPwD06obu5S0tnncMVUdhmi4uoLVQZpVTJAGT74p+I54x92RG59Qaa7sQ21uEurdJkDBWGRkYqrew30l5A9vNthU5ccfTj8M9avIixqFRQqjsKWnezugtcKp2+oxXF5LbIrh4+uVIq5TFhiRy6xqGOckDk5pK3UB9FQPeWyXC27TIJCOhYe3H15qeiwyC7tIbyMRzruUHOM45xUyjCgelUbe6u5NRlhktwsKj5XycHHXHHPUflV+m7rRiQZGcZ5NISBySB9a8/ktrrVLnVpRpkt3crcPHFci4CeTt+6ApPatLVtMv5Ws7y+sf7RijtVSaATbSkn8TDHWtPZJbsLnXkgDJOBSZHHI56Vxiw6dquoaJbpG7ae1vIyxO7cEE9eexFVY9Isv7P16by3EtlNItu4kbMYXkAc0ezXVhc7aS0t2ulu3H71OFbPQc/wCNWK4y5eLVpLONtKk1O7Wzjkk3XHlIu4Zz7nmqel6pf2+nxwrMyrGWUKTu24Y8Z9qfsm1uK53xYKMkgDpzS1T1Kx+3RLGJmiIOdy5/z1x+VWo02RqnoMdSf51jpYZl3nhzS7y5e4lhcNJ/rAkjKH+oBp19oGnX0qySpIrKgjzHIy5Udjg1qUU+eXcdilFpVlDPbTRQ7GtozHEATgKev1oGlWYhvIRGdl4zNN8x5JGD9Ku0UuZ9wMm58PaZcGEMjo8UYjVo5CrFBxg461Nb6HplvCsUdou1em4kn8zTn08vqa3nnuAox5e44P6+uOOnFXqpydrXEgqG8SaS1dbeTZKR8p4qaipWgyvYRTQ2iR3EnmSLwTx07U251CC2uIoJC2+Q8YUn+nNWqqXMaNPuZFLKFKkjkfN2ql7z1Jei0LdULa3vU1GWWWctAwwq8Z46Z49z0q/RUp2HYKKKKQz/2Q0K&apos;, &apos;children&apos;: [], &apos;features&apos;: {}}], &apos;features&apos;: {}}
*********************





--------------------------------- NEW PAGE --------------------------------
--------------------------------- CONTENT AREA --------------------------------- 
This content area has an image
{&apos;type&apos;: &apos;figure&apos;, &apos;bbox&apos;: (62.35, 749.47, 106.6, 793.72), &apos;name&apos;: &apos;Image22&apos;, &apos;children&apos;: [{&apos;type&apos;: &apos;image&apos;, &apos;height&apos;: 44.25, &apos;width&apos;: 44.24999999999999, &apos;value&apos;: &apos;data:image/jpeg;base64,/9j/4AAQSkZJRgABAQEAwADAAAD/2wBDAA0JCgsKCA0LCwsPDg0QFCEVFBISFCgdHhghMCoyMS8qLi00O0tANDhHOS0uQllCR05QVFVUMz9dY1xSYktTVFH/2wBDAQ4PDxQRFCcVFSdRNi42UVFRUVFRUVFRUVFRUVFRUVFRUVFRUVFRUVFRUVFRUVFRUVFRUVFRUVFRUVFRUVFRUVH/wAARCAA6ADsDASIAAhEBAxEB/8QAHwAAAQUBAQEBAQEAAAAAAAAAAAECAwQFBgcICQoL/8QAtRAAAgEDAwIEAwUFBAQAAAF9AQIDAAQRBRIhMUEGE1FhByJxFDKBkaEII0KxwRVS0fAkM2JyggkKFhcYGRolJicoKSo0NTY3ODk6Q0RFRkdISUpTVFVWV1hZWmNkZWZnaGlqc3R1dnd4eXqDhIWGh4iJipKTlJWWl5iZmqKjpKWmp6ipqrKztLW2t7i5usLDxMXGx8jJytLT1NXW19jZ2uHi4+Tl5ufo6erx8vP09fb3+Pn6/8QAHwEAAwEBAQEBAQEBAQAAAAAAAAECAwQFBgcICQoL/8QAtREAAgECBAQDBAcFBAQAAQJ3AAECAxEEBSExBhJBUQdhcRMiMoEIFEKRobHBCSMzUvAVYnLRChYkNOEl8RcYGRomJygpKjU2Nzg5OkNERUZHSElKU1RVVldYWVpjZGVmZ2hpanN0dXZ3eHl6goOEhYaHiImKkpOUlZaXmJmaoqOkpaanqKmqsrO0tba3uLm6wsPExcbHyMnK0tPU1dbX2Nna4uPk5ebn6Onq8vP09fb3+Pn6/9oADAMBAAIRAxEAPwD06obu5S0tnncMVUdhmi4uoLVQZpVTJAGT74p+I54x92RG59Qaa7sQ21uEurdJkDBWGRkYqrew30l5A9vNthU5ccfTj8M9avIixqFRQqjsKWnezugtcKp2+oxXF5LbIrh4+uVIq5TFhiRy6xqGOckDk5pK3UB9FQPeWyXC27TIJCOhYe3H15qeiwyC7tIbyMRzruUHOM45xUyjCgelUbe6u5NRlhktwsKj5XycHHXHHPUflV+m7rRiQZGcZ5NISBySB9a8/ktrrVLnVpRpkt3crcPHFci4CeTt+6ApPatLVtMv5Ws7y+sf7RijtVSaATbSkn8TDHWtPZJbsLnXkgDJOBSZHHI56Vxiw6dquoaJbpG7ae1vIyxO7cEE9eexFVY9Isv7P16by3EtlNItu4kbMYXkAc0ezXVhc7aS0t2ulu3H71OFbPQc/wCNWK4y5eLVpLONtKk1O7Wzjkk3XHlIu4Zz7nmqel6pf2+nxwrMyrGWUKTu24Y8Z9qfsm1uK53xYKMkgDpzS1T1Kx+3RLGJmiIOdy5/z1x+VWo02RqnoMdSf51jpYZl3nhzS7y5e4lhcNJ/rAkjKH+oBp19oGnX0qySpIrKgjzHIy5Udjg1qUU+eXcdilFpVlDPbTRQ7GtozHEATgKev1oGlWYhvIRGdl4zNN8x5JGD9Ku0UuZ9wMm58PaZcGEMjo8UYjVo5CrFBxg461Nb6HplvCsUdou1em4kn8zTn08vqa3nnuAox5e44P6+uOOnFXqpydrXEgqG8SaS1dbeTZKR8p4qaipWgyvYRTQ2iR3EnmSLwTx07U251CC2uIoJC2+Q8YUn+nNWqqXMaNPuZFLKFKkjkfN2ql7z1Jei0LdULa3vU1GWWWctAwwq8Z46Z49z0q/RUp2HYKKKKQz/2Q0K&apos;, &apos;children&apos;: [], &apos;features&apos;: {}}], &apos;features&apos;: {}}
*********************





--------------------------------- CONTENT AREA --------------------------------- 
Acronyms Used



--------------------------------- CONTENT AREA --------------------------------- 
AIF Alternative Investment Fund



--------------------------------- CONTENT AREA --------------------------------- 
AIFM Alternative Investment Fund Manager



--------------------------------- CONTENT AREA --------------------------------- 
AIFMD Alternative Investment Fund Managers Directive (Directive 2011/61/EU)



--------------------------------- CONTENT AREA --------------------------------- 
CCP Central Counterparty



--------------------------------- CONTENT AREA --------------------------------- 
CSD Central Securities Depository



--------------------------------- CONTENT AREA --------------------------------- 
CICI CFTC Interim Compliant Identifier



--------------------------------- CONTENT AREA --------------------------------- 
CT Clearing Threshold



--------------------------------- CONTENT AREA --------------------------------- 
EMIR European Market Infrastructures Regulation – Regulation (EU) 648/2012
of the European Parliament and Council on OTC derivatives, central
counterparties and trade repositories – “the Regulation”



--------------------------------- CONTENT AREA --------------------------------- 
ESMA The European Markets and Securities Authority



--------------------------------- CONTENT AREA --------------------------------- 
ETD Exchange Traded Derivatives



--------------------------------- CONTENT AREA --------------------------------- 
FC Financial Counterparty



--------------------------------- CONTENT AREA --------------------------------- 
FX Foreign Exchange



--------------------------------- CONTENT AREA --------------------------------- 
ITS Implementing Technical Standards



--------------------------------- CONTENT AREA --------------------------------- 
ITS on reporting to TR Commission Implementing Regulation (EU) No 1247/2012



--------------------------------- CONTENT AREA --------------------------------- 
MiFID Markets in Financial Instruments Directive – Directive 2004/39/EC of
the European Parliament and the Council



--------------------------------- CONTENT AREA --------------------------------- 
MTF Multilateral Trading Facility



--------------------------------- CONTENT AREA --------------------------------- 
NCA National Competent Authority



--------------------------------- CONTENT AREA --------------------------------- 
NFC Non-financial Counterparty



--------------------------------- CONTENT AREA --------------------------------- 
NFC+ Non-financial Counterparty above the clearing threshold, as referred to in
Article 10 of EMIR



--------------------------------- CONTENT AREA --------------------------------- 
NFC- Non-financial Counterparty below the clearing threshold



--------------------------------- CONTENT AREA --------------------------------- 
OTC Over-the-counter



--------------------------------- CONTENT AREA --------------------------------- 
Q&amp;A Question and answer



--------------------------------- CONTENT AREA --------------------------------- 
RTS Regulatory Technical Standards



--------------------------------- CONTENT AREA --------------------------------- 
RTS on OTC Derivatives Commission Delegated Regulation (EU) No 149/2013



--------------------------------- CONTENT AREA --------------------------------- 
RTS on CCP Commission Delegated Regulation (EU) No 153/2013



--------------------------------- CONTENT AREA --------------------------------- 
RTS on Third Country contracts Commission Delegated Regulation (EU) No 285/2014



--------------------------------- CONTENT AREA --------------------------------- 
RTS on IRS in G4 currencies Commission Delegated Regulation (EU) No 2015/2205



--------------------------------- CONTENT AREA --------------------------------- 
SPV Special Purpose Vehicle



--------------------------------- CONTENT AREA --------------------------------- 
TR Trade Repositories



--------------------------------- CONTENT AREA --------------------------------- 
This content area has an image
{&apos;type&apos;: &apos;figure&apos;, &apos;bbox&apos;: (62.35, 749.47, 106.6, 793.72), &apos;name&apos;: &apos;Image22&apos;, &apos;children&apos;: [{&apos;type&apos;: &apos;image&apos;, &apos;height&apos;: 44.25, &apos;width&apos;: 44.24999999999999, &apos;value&apos;: &apos;data:image/jpeg;base64,/9j/4AAQSkZJRgABAQEAwADAAAD/2wBDAA0JCgsKCA0LCwsPDg0QFCEVFBISFCgdHhghMCoyMS8qLi00O0tANDhHOS0uQllCR05QVFVUMz9dY1xSYktTVFH/2wBDAQ4PDxQRFCcVFSdRNi42UVFRUVFRUVFRUVFRUVFRUVFRUVFRUVFRUVFRUVFRUVFRUVFRUVFRUVFRUVFRUVFRUVH/wAARCAA6ADsDASIAAhEBAxEB/8QAHwAAAQUBAQEBAQEAAAAAAAAAAAECAwQFBgcICQoL/8QAtRAAAgEDAwIEAwUFBAQAAAF9AQIDAAQRBRIhMUEGE1FhByJxFDKBkaEII0KxwRVS0fAkM2JyggkKFhcYGRolJicoKSo0NTY3ODk6Q0RFRkdISUpTVFVWV1hZWmNkZWZnaGlqc3R1dnd4eXqDhIWGh4iJipKTlJWWl5iZmqKjpKWmp6ipqrKztLW2t7i5usLDxMXGx8jJytLT1NXW19jZ2uHi4+Tl5ufo6erx8vP09fb3+Pn6/8QAHwEAAwEBAQEBAQEBAQAAAAAAAAECAwQFBgcICQoL/8QAtREAAgECBAQDBAcFBAQAAQJ3AAECAxEEBSExBhJBUQdhcRMiMoEIFEKRobHBCSMzUvAVYnLRChYkNOEl8RcYGRomJygpKjU2Nzg5OkNERUZHSElKU1RVVldYWVpjZGVmZ2hpanN0dXZ3eHl6goOEhYaHiImKkpOUlZaXmJmaoqOkpaanqKmqsrO0tba3uLm6wsPExcbHyMnK0tPU1dbX2Nna4uPk5ebn6Onq8vP09fb3+Pn6/9oADAMBAAIRAxEAPwD06obu5S0tnncMVUdhmi4uoLVQZpVTJAGT74p+I54x92RG59Qaa7sQ21uEurdJkDBWGRkYqrew30l5A9vNthU5ccfTj8M9avIixqFRQqjsKWnezugtcKp2+oxXF5LbIrh4+uVIq5TFhiRy6xqGOckDk5pK3UB9FQPeWyXC27TIJCOhYe3H15qeiwyC7tIbyMRzruUHOM45xUyjCgelUbe6u5NRlhktwsKj5XycHHXHHPUflV+m7rRiQZGcZ5NISBySB9a8/ktrrVLnVpRpkt3crcPHFci4CeTt+6ApPatLVtMv5Ws7y+sf7RijtVSaATbSkn8TDHWtPZJbsLnXkgDJOBSZHHI56Vxiw6dquoaJbpG7ae1vIyxO7cEE9eexFVY9Isv7P16by3EtlNItu4kbMYXkAc0ezXVhc7aS0t2ulu3H71OFbPQc/wCNWK4y5eLVpLONtKk1O7Wzjkk3XHlIu4Zz7nmqel6pf2+nxwrMyrGWUKTu24Y8Z9qfsm1uK53xYKMkgDpzS1T1Kx+3RLGJmiIOdy5/z1x+VWo02RqnoMdSf51jpYZl3nhzS7y5e4lhcNJ/rAkjKH+oBp19oGnX0qySpIrKgjzHIy5Udjg1qUU+eXcdilFpVlDPbTRQ7GtozHEATgKev1oGlWYhvIRGdl4zNN8x5JGD9Ku0UuZ9wMm58PaZcGEMjo8UYjVo5CrFBxg461Nb6HplvCsUdou1em4kn8zTn08vqa3nnuAox5e44P6+uOOnFXqpydrXEgqG8SaS1dbeTZKR8p4qaipWgyvYRTQ2iR3EnmSLwTx07U251CC2uIoJC2+Q8YUn+nNWqqXMaNPuZFLKFKkjkfN2ql7z1Jei0LdULa3vU1GWWWctAwwq8Z46Z49z0q/RUp2HYKKKKQz/2Q0K&apos;, &apos;children&apos;: [], &apos;features&apos;: {}}], &apos;features&apos;: {}}
*********************





--------------------------------- NEW PAGE --------------------------------
--------------------------------- CONTENT AREA --------------------------------- 
This content area has an image
{&apos;type&apos;: &apos;figure&apos;, &apos;bbox&apos;: (62.35, 749.47, 106.6, 793.72), &apos;name&apos;: &apos;Image22&apos;, &apos;children&apos;: [{&apos;type&apos;: &apos;image&apos;, &apos;height&apos;: 44.25, &apos;width&apos;: 44.24999999999999, &apos;value&apos;: &apos;data:image/jpeg;base64,/9j/4AAQSkZJRgABAQEAwADAAAD/2wBDAA0JCgsKCA0LCwsPDg0QFCEVFBISFCgdHhghMCoyMS8qLi00O0tANDhHOS0uQllCR05QVFVUMz9dY1xSYktTVFH/2wBDAQ4PDxQRFCcVFSdRNi42UVFRUVFRUVFRUVFRUVFRUVFRUVFRUVFRUVFRUVFRUVFRUVFRUVFRUVFRUVFRUVFRUVH/wAARCAA6ADsDASIAAhEBAxEB/8QAHwAAAQUBAQEBAQEAAAAAAAAAAAECAwQFBgcICQoL/8QAtRAAAgEDAwIEAwUFBAQAAAF9AQIDAAQRBRIhMUEGE1FhByJxFDKBkaEII0KxwRVS0fAkM2JyggkKFhcYGRolJicoKSo0NTY3ODk6Q0RFRkdISUpTVFVWV1hZWmNkZWZnaGlqc3R1dnd4eXqDhIWGh4iJipKTlJWWl5iZmqKjpKWmp6ipqrKztLW2t7i5usLDxMXGx8jJytLT1NXW19jZ2uHi4+Tl5ufo6erx8vP09fb3+Pn6/8QAHwEAAwEBAQEBAQEBAQAAAAAAAAECAwQFBgcICQoL/8QAtREAAgECBAQDBAcFBAQAAQJ3AAECAxEEBSExBhJBUQdhcRMiMoEIFEKRobHBCSMzUvAVYnLRChYkNOEl8RcYGRomJygpKjU2Nzg5OkNERUZHSElKU1RVVldYWVpjZGVmZ2hpanN0dXZ3eHl6goOEhYaHiImKkpOUlZaXmJmaoqOkpaanqKmqsrO0tba3uLm6wsPExcbHyMnK0tPU1dbX2Nna4uPk5ebn6Onq8vP09fb3+Pn6/9oADAMBAAIRAxEAPwD06obu5S0tnncMVUdhmi4uoLVQZpVTJAGT74p+I54x92RG59Qaa7sQ21uEurdJkDBWGRkYqrew30l5A9vNthU5ccfTj8M9avIixqFRQqjsKWnezugtcKp2+oxXF5LbIrh4+uVIq5TFhiRy6xqGOckDk5pK3UB9FQPeWyXC27TIJCOhYe3H15qeiwyC7tIbyMRzruUHOM45xUyjCgelUbe6u5NRlhktwsKj5XycHHXHHPUflV+m7rRiQZGcZ5NISBySB9a8/ktrrVLnVpRpkt3crcPHFci4CeTt+6ApPatLVtMv5Ws7y+sf7RijtVSaATbSkn8TDHWtPZJbsLnXkgDJOBSZHHI56Vxiw6dquoaJbpG7ae1vIyxO7cEE9eexFVY9Isv7P16by3EtlNItu4kbMYXkAc0ezXVhc7aS0t2ulu3H71OFbPQc/wCNWK4y5eLVpLONtKk1O7Wzjkk3XHlIu4Zz7nmqel6pf2+nxwrMyrGWUKTu24Y8Z9qfsm1uK53xYKMkgDpzS1T1Kx+3RLGJmiIOdy5/z1x+VWo02RqnoMdSf51jpYZl3nhzS7y5e4lhcNJ/rAkjKH+oBp19oGnX0qySpIrKgjzHIy5Udjg1qUU+eXcdilFpVlDPbTRQ7GtozHEATgKev1oGlWYhvIRGdl4zNN8x5JGD9Ku0UuZ9wMm58PaZcGEMjo8UYjVo5CrFBxg461Nb6HplvCsUdou1em4kn8zTn08vqa3nnuAox5e44P6+uOOnFXqpydrXEgqG8SaS1dbeTZKR8p4qaipWgyvYRTQ2iR3EnmSLwTx07U251CC2uIoJC2+Q8YUn+nNWqqXMaNPuZFLKFKkjkfN2ql7z1Jei0LdULa3vU1GWWWctAwwq8Z46Z49z0q/RUp2HYKKKKQz/2Q0K&apos;, &apos;children&apos;: [], &apos;features&apos;: {}}], &apos;features&apos;: {}}
*********************





--------------------------------- CONTENT AREA --------------------------------- 
UTI Unique Transaction Identifier



--------------------------------- CONTENT AREA --------------------------------- 
This content area has an image
{&apos;type&apos;: &apos;figure&apos;, &apos;bbox&apos;: (62.35, 749.47, 106.6, 793.72), &apos;name&apos;: &apos;Image22&apos;, &apos;children&apos;: [{&apos;type&apos;: &apos;image&apos;, &apos;height&apos;: 44.25, &apos;width&apos;: 44.24999999999999, &apos;value&apos;: &apos;data:image/jpeg;base64,/9j/4AAQSkZJRgABAQEAwADAAAD/2wBDAA0JCgsKCA0LCwsPDg0QFCEVFBISFCgdHhghMCoyMS8qLi00O0tANDhHOS0uQllCR05QVFVUMz9dY1xSYktTVFH/2wBDAQ4PDxQRFCcVFSdRNi42UVFRUVFRUVFRUVFRUVFRUVFRUVFRUVFRUVFRUVFRUVFRUVFRUVFRUVFRUVFRUVFRUVH/wAARCAA6ADsDASIAAhEBAxEB/8QAHwAAAQUBAQEBAQEAAAAAAAAAAAECAwQFBgcICQoL/8QAtRAAAgEDAwIEAwUFBAQAAAF9AQIDAAQRBRIhMUEGE1FhByJxFDKBkaEII0KxwRVS0fAkM2JyggkKFhcYGRolJicoKSo0NTY3ODk6Q0RFRkdISUpTVFVWV1hZWmNkZWZnaGlqc3R1dnd4eXqDhIWGh4iJipKTlJWWl5iZmqKjpKWmp6ipqrKztLW2t7i5usLDxMXGx8jJytLT1NXW19jZ2uHi4+Tl5ufo6erx8vP09fb3+Pn6/8QAHwEAAwEBAQEBAQEBAQAAAAAAAAECAwQFBgcICQoL/8QAtREAAgECBAQDBAcFBAQAAQJ3AAECAxEEBSExBhJBUQdhcRMiMoEIFEKRobHBCSMzUvAVYnLRChYkNOEl8RcYGRomJygpKjU2Nzg5OkNERUZHSElKU1RVVldYWVpjZGVmZ2hpanN0dXZ3eHl6goOEhYaHiImKkpOUlZaXmJmaoqOkpaanqKmqsrO0tba3uLm6wsPExcbHyMnK0tPU1dbX2Nna4uPk5ebn6Onq8vP09fb3+Pn6/9oADAMBAAIRAxEAPwD06obu5S0tnncMVUdhmi4uoLVQZpVTJAGT74p+I54x92RG59Qaa7sQ21uEurdJkDBWGRkYqrew30l5A9vNthU5ccfTj8M9avIixqFRQqjsKWnezugtcKp2+oxXF5LbIrh4+uVIq5TFhiRy6xqGOckDk5pK3UB9FQPeWyXC27TIJCOhYe3H15qeiwyC7tIbyMRzruUHOM45xUyjCgelUbe6u5NRlhktwsKj5XycHHXHHPUflV+m7rRiQZGcZ5NISBySB9a8/ktrrVLnVpRpkt3crcPHFci4CeTt+6ApPatLVtMv5Ws7y+sf7RijtVSaATbSkn8TDHWtPZJbsLnXkgDJOBSZHHI56Vxiw6dquoaJbpG7ae1vIyxO7cEE9eexFVY9Isv7P16by3EtlNItu4kbMYXkAc0ezXVhc7aS0t2ulu3H71OFbPQc/wCNWK4y5eLVpLONtKk1O7Wzjkk3XHlIu4Zz7nmqel6pf2+nxwrMyrGWUKTu24Y8Z9qfsm1uK53xYKMkgDpzS1T1Kx+3RLGJmiIOdy5/z1x+VWo02RqnoMdSf51jpYZl3nhzS7y5e4lhcNJ/rAkjKH+oBp19oGnX0qySpIrKgjzHIy5Udjg1qUU+eXcdilFpVlDPbTRQ7GtozHEATgKev1oGlWYhvIRGdl4zNN8x5JGD9Ku0UuZ9wMm58PaZcGEMjo8UYjVo5CrFBxg461Nb6HplvCsUdou1em4kn8zTn08vqa3nnuAox5e44P6+uOOnFXqpydrXEgqG8SaS1dbeTZKR8p4qaipWgyvYRTQ2iR3EnmSLwTx07U251CC2uIoJC2+Q8YUn+nNWqqXMaNPuZFLKFKkjkfN2ql7z1Jei0LdULa3vU1GWWWctAwwq8Z46Z49z0q/RUp2HYKKKKQz/2Q0K&apos;, &apos;children&apos;: [], &apos;features&apos;: {}}], &apos;features&apos;: {}}
*********************





--------------------------------- NEW PAGE --------------------------------
--------------------------------- CONTENT AREA --------------------------------- 
This content area has an image
{&apos;type&apos;: &apos;figure&apos;, &apos;bbox&apos;: (62.35, 749.47, 106.6, 793.72), &apos;name&apos;: &apos;Image22&apos;, &apos;children&apos;: [{&apos;type&apos;: &apos;image&apos;, &apos;height&apos;: 44.25, &apos;width&apos;: 44.24999999999999, &apos;value&apos;: &apos;data:image/jpeg;base64,/9j/4AAQSkZJRgABAQEAwADAAAD/2wBDAA0JCgsKCA0LCwsPDg0QFCEVFBISFCgdHhghMCoyMS8qLi00O0tANDhHOS0uQllCR05QVFVUMz9dY1xSYktTVFH/2wBDAQ4PDxQRFCcVFSdRNi42UVFRUVFRUVFRUVFRUVFRUVFRUVFRUVFRUVFRUVFRUVFRUVFRUVFRUVFRUVFRUVFRUVH/wAARCAA6ADsDASIAAhEBAxEB/8QAHwAAAQUBAQEBAQEAAAAAAAAAAAECAwQFBgcICQoL/8QAtRAAAgEDAwIEAwUFBAQAAAF9AQIDAAQRBRIhMUEGE1FhByJxFDKBkaEII0KxwRVS0fAkM2JyggkKFhcYGRolJicoKSo0NTY3ODk6Q0RFRkdISUpTVFVWV1hZWmNkZWZnaGlqc3R1dnd4eXqDhIWGh4iJipKTlJWWl5iZmqKjpKWmp6ipqrKztLW2t7i5usLDxMXGx8jJytLT1NXW19jZ2uHi4+Tl5ufo6erx8vP09fb3+Pn6/8QAHwEAAwEBAQEBAQEBAQAAAAAAAAECAwQFBgcICQoL/8QAtREAAgECBAQDBAcFBAQAAQJ3AAECAxEEBSExBhJBUQdhcRMiMoEIFEKRobHBCSMzUvAVYnLRChYkNOEl8RcYGRomJygpKjU2Nzg5OkNERUZHSElKU1RVVldYWVpjZGVmZ2hpanN0dXZ3eHl6goOEhYaHiImKkpOUlZaXmJmaoqOkpaanqKmqsrO0tba3uLm6wsPExcbHyMnK0tPU1dbX2Nna4uPk5ebn6Onq8vP09fb3+Pn6/9oADAMBAAIRAxEAPwD06obu5S0tnncMVUdhmi4uoLVQZpVTJAGT74p+I54x92RG59Qaa7sQ21uEurdJkDBWGRkYqrew30l5A9vNthU5ccfTj8M9avIixqFRQqjsKWnezugtcKp2+oxXF5LbIrh4+uVIq5TFhiRy6xqGOckDk5pK3UB9FQPeWyXC27TIJCOhYe3H15qeiwyC7tIbyMRzruUHOM45xUyjCgelUbe6u5NRlhktwsKj5XycHHXHHPUflV+m7rRiQZGcZ5NISBySB9a8/ktrrVLnVpRpkt3crcPHFci4CeTt+6ApPatLVtMv5Ws7y+sf7RijtVSaATbSkn8TDHWtPZJbsLnXkgDJOBSZHHI56Vxiw6dquoaJbpG7ae1vIyxO7cEE9eexFVY9Isv7P16by3EtlNItu4kbMYXkAc0ezXVhc7aS0t2ulu3H71OFbPQc/wCNWK4y5eLVpLONtKk1O7Wzjkk3XHlIu4Zz7nmqel6pf2+nxwrMyrGWUKTu24Y8Z9qfsm1uK53xYKMkgDpzS1T1Kx+3RLGJmiIOdy5/z1x+VWo02RqnoMdSf51jpYZl3nhzS7y5e4lhcNJ/rAkjKH+oBp19oGnX0qySpIrKgjzHIy5Udjg1qUU+eXcdilFpVlDPbTRQ7GtozHEATgKev1oGlWYhvIRGdl4zNN8x5JGD9Ku0UuZ9wMm58PaZcGEMjo8UYjVo5CrFBxg461Nb6HplvCsUdou1em4kn8zTn08vqa3nnuAox5e44P6+uOOnFXqpydrXEgqG8SaS1dbeTZKR8p4qaipWgyvYRTQ2iR3EnmSLwTx07U251CC2uIoJC2+Q8YUn+nNWqqXMaNPuZFLKFKkjkfN2ql7z1Jei0LdULa3vU1GWWWctAwwq8Z46Z49z0q/RUp2HYKKKKQz/2Q0K&apos;, &apos;children&apos;: [], &apos;features&apos;: {}}], &apos;features&apos;: {}}
*********************





--------------------------------- CONTENT AREA --------------------------------- 
Table of questions



--------------------------------- CONTENT AREA --------------------------------- 
Topic of the Question



--------------------------------- CONTENT AREA --------------------------------- 
1 Funds, counterparties



--------------------------------- CONTENT AREA --------------------------------- 
General 2 Principal-to-principal model



--------------------------------- CONTENT AREA --------------------------------- 
Questions 3 Status of counterparties covered by AIFMD



--------------------------------- CONTENT AREA --------------------------------- 
4 Authorised or registered AIFMs



--------------------------------- CONTENT AREA --------------------------------- 
1 Definition of OTC Derivatives



--------------------------------- CONTENT AREA --------------------------------- 
2 Procedure for NFC to notify that they exceed



--------------------------------- CONTENT AREA --------------------------------- 
3 Calculation of the clearing threshold



--------------------------------- CONTENT AREA --------------------------------- 
4 Responsibility of the FC vis-a-vis its NFC counter-
parties



--------------------------------- CONTENT AREA --------------------------------- 
5 Timely confirmation



--------------------------------- CONTENT AREA --------------------------------- 
6 Intragroup transactions



--------------------------------- CONTENT AREA --------------------------------- 
7 Public Register



--------------------------------- CONTENT AREA --------------------------------- 
OTC Ques- 8 Reporting of unconfirmed trades for more than 5
tions business days



--------------------------------- CONTENT AREA --------------------------------- 
9 Notional amounts



--------------------------------- CONTENT AREA --------------------------------- 
10 Hedging definition



--------------------------------- CONTENT AREA --------------------------------- 
11 Portfolio Compression



--------------------------------- CONTENT AREA --------------------------------- 
12 Risk Mitigation techniques for OTC derivative con-
tracts not cleared by a CCP



--------------------------------- CONTENT AREA --------------------------------- 
13 Status of entities not established in the Union



--------------------------------- CONTENT AREA --------------------------------- 
14 Portfolio Reconciliation



--------------------------------- CONTENT AREA --------------------------------- 
15 Dispute Resolution



--------------------------------- CONTENT AREA --------------------------------- 
Relevant Article Last Updated



--------------------------------- CONTENT AREA --------------------------------- 
Cross-section 12 July 2018



--------------------------------- CONTENT AREA --------------------------------- 
Cross-section 5 August 2013



--------------------------------- CONTENT AREA --------------------------------- 
Cross-section 21 May 2014



--------------------------------- CONTENT AREA --------------------------------- 
Cross-section 21 May 2014



--------------------------------- CONTENT AREA --------------------------------- 
Cross-section 2 October 2017



--------------------------------- CONTENT AREA --------------------------------- 
10 of EMIR 20 March 2013



--------------------------------- CONTENT AREA --------------------------------- 
10 of EMIR 21 May 2014



--------------------------------- CONTENT AREA --------------------------------- 
11 of EMIR 20 March 2013



--------------------------------- CONTENT AREA --------------------------------- 
12 of the RTS on OTC derivatives 5 August 2013



--------------------------------- CONTENT AREA --------------------------------- 
3, 4(2), 11(6) to 11(10) of EMIR 10 July 2017



--------------------------------- CONTENT AREA --------------------------------- 
6 of EMIR 21 May 2014



--------------------------------- CONTENT AREA --------------------------------- 
12(4) of the RTS on OTC deriva- 20 March 2013
tives



--------------------------------- CONTENT AREA --------------------------------- 
Cross-section 20 March 2014



--------------------------------- CONTENT AREA --------------------------------- 
10(3) 5 August 2013



--------------------------------- CONTENT AREA --------------------------------- 
14 of the RTS on OTC derivatives 4 June 2013



--------------------------------- CONTENT AREA --------------------------------- 
11 of EMIR 20 March 2014



--------------------------------- CONTENT AREA --------------------------------- 
Cross-section 31 March 2015



--------------------------------- CONTENT AREA --------------------------------- 
13 of the RTS on OTC derivatives 20 December 2013



--------------------------------- CONTENT AREA --------------------------------- 
15 of the RTS on OTC derivatives 5 August 2013



--------------------------------- CONTENT AREA --------------------------------- 
16 Pension Scheme exemption from the clearing obli- 2(10) and 89 of EMIR 31 March 2015
gation



--------------------------------- CONTENT AREA --------------------------------- 
17 Frontloading requirement for the clearing obligation Article 4(1)(b)(ii) of EMIR 16 February 2016



--------------------------------- CONTENT AREA --------------------------------- 
18a Indirect clearing



--------------------------------- CONTENT AREA --------------------------------- 
18b Indirect clearing



--------------------------------- CONTENT AREA --------------------------------- 
19 Classification of non-EU Central Banks



--------------------------------- CONTENT AREA --------------------------------- 
20 Clearing obligation



--------------------------------- CONTENT AREA --------------------------------- 
21 Responsibility



--------------------------------- CONTENT AREA --------------------------------- 
22 Conditions



--------------------------------- CONTENT AREA --------------------------------- 
23 Effect on existing trades



--------------------------------- CONTENT AREA --------------------------------- 
24 Categories of counterparties



--------------------------------- CONTENT AREA --------------------------------- 
1 Most relevant currencies for the determination of
participation in a college



--------------------------------- CONTENT AREA --------------------------------- 
2 Collateral requirements and recording of client as-
sets



--------------------------------- CONTENT AREA --------------------------------- 
CCP Ques- 3 Default management



--------------------------------- CONTENT AREA --------------------------------- 
tions 4 Deposit of financial instruments



--------------------------------- CONTENT AREA --------------------------------- 
5 Review of models, Stress-testing and back-testing



--------------------------------- CONTENT AREA --------------------------------- 
6 Authorisation of a CCP



--------------------------------- CONTENT AREA --------------------------------- 
7 Capital



--------------------------------- CONTENT AREA --------------------------------- 
8 Segregation and portability



--------------------------------- CONTENT AREA --------------------------------- 
Article 4(4) of EMIR and Article 2 11 February 2014
RTS on OTC derivatives



--------------------------------- CONTENT AREA --------------------------------- 
Article 4(2)(b) of RTS 2017/2155 14 December 2017
amending RTS 149/2013



--------------------------------- CONTENT AREA --------------------------------- 
1 of EMIR 21 May 2014



--------------------------------- CONTENT AREA --------------------------------- 
4 of EMIR 16 February 2016



--------------------------------- CONTENT AREA --------------------------------- 
2.1 of RTS on Third Country con- 31 March 2015
tracts



--------------------------------- CONTENT AREA --------------------------------- 
2.1 of RTS on Third Country con- 31 March 2015
tracts



--------------------------------- CONTENT AREA --------------------------------- 
2 of RTS on Third Country con- 31 March 2015
tracts



--------------------------------- CONTENT AREA --------------------------------- 
2 of RTS on IRS in G4 currencies 2 June 2016



--------------------------------- CONTENT AREA --------------------------------- 
18 of EMIR 20 March 2013



--------------------------------- CONTENT AREA --------------------------------- 
46 of EMIR 20 March 2013



--------------------------------- CONTENT AREA --------------------------------- 
48 of EMIR 4 February 2016



--------------------------------- CONTENT AREA --------------------------------- 
47 of EMIR 5 August 2013



--------------------------------- CONTENT AREA --------------------------------- 
49 of EMIR 20 March 2013



--------------------------------- CONTENT AREA --------------------------------- 
14 of EMIR 31 March 2015



--------------------------------- CONTENT AREA --------------------------------- 
16 of EMIR 4 June 2013



--------------------------------- CONTENT AREA --------------------------------- 
39 of EMIR 31 March 2015



--------------------------------- CONTENT AREA --------------------------------- 
This content area has an image
{&apos;type&apos;: &apos;figure&apos;, &apos;bbox&apos;: (62.35, 749.47, 106.6, 793.72), &apos;name&apos;: &apos;Image22&apos;, &apos;children&apos;: [{&apos;type&apos;: &apos;image&apos;, &apos;height&apos;: 44.25, &apos;width&apos;: 44.24999999999999, &apos;value&apos;: &apos;data:image/jpeg;base64,/9j/4AAQSkZJRgABAQEAwADAAAD/2wBDAA0JCgsKCA0LCwsPDg0QFCEVFBISFCgdHhghMCoyMS8qLi00O0tANDhHOS0uQllCR05QVFVUMz9dY1xSYktTVFH/2wBDAQ4PDxQRFCcVFSdRNi42UVFRUVFRUVFRUVFRUVFRUVFRUVFRUVFRUVFRUVFRUVFRUVFRUVFRUVFRUVFRUVFRUVH/wAARCAA6ADsDASIAAhEBAxEB/8QAHwAAAQUBAQEBAQEAAAAAAAAAAAECAwQFBgcICQoL/8QAtRAAAgEDAwIEAwUFBAQAAAF9AQIDAAQRBRIhMUEGE1FhByJxFDKBkaEII0KxwRVS0fAkM2JyggkKFhcYGRolJicoKSo0NTY3ODk6Q0RFRkdISUpTVFVWV1hZWmNkZWZnaGlqc3R1dnd4eXqDhIWGh4iJipKTlJWWl5iZmqKjpKWmp6ipqrKztLW2t7i5usLDxMXGx8jJytLT1NXW19jZ2uHi4+Tl5ufo6erx8vP09fb3+Pn6/8QAHwEAAwEBAQEBAQEBAQAAAAAAAAECAwQFBgcICQoL/8QAtREAAgECBAQDBAcFBAQAAQJ3AAECAxEEBSExBhJBUQdhcRMiMoEIFEKRobHBCSMzUvAVYnLRChYkNOEl8RcYGRomJygpKjU2Nzg5OkNERUZHSElKU1RVVldYWVpjZGVmZ2hpanN0dXZ3eHl6goOEhYaHiImKkpOUlZaXmJmaoqOkpaanqKmqsrO0tba3uLm6wsPExcbHyMnK0tPU1dbX2Nna4uPk5ebn6Onq8vP09fb3+Pn6/9oADAMBAAIRAxEAPwD06obu5S0tnncMVUdhmi4uoLVQZpVTJAGT74p+I54x92RG59Qaa7sQ21uEurdJkDBWGRkYqrew30l5A9vNthU5ccfTj8M9avIixqFRQqjsKWnezugtcKp2+oxXF5LbIrh4+uVIq5TFhiRy6xqGOckDk5pK3UB9FQPeWyXC27TIJCOhYe3H15qeiwyC7tIbyMRzruUHOM45xUyjCgelUbe6u5NRlhktwsKj5XycHHXHHPUflV+m7rRiQZGcZ5NISBySB9a8/ktrrVLnVpRpkt3crcPHFci4CeTt+6ApPatLVtMv5Ws7y+sf7RijtVSaATbSkn8TDHWtPZJbsLnXkgDJOBSZHHI56Vxiw6dquoaJbpG7ae1vIyxO7cEE9eexFVY9Isv7P16by3EtlNItu4kbMYXkAc0ezXVhc7aS0t2ulu3H71OFbPQc/wCNWK4y5eLVpLONtKk1O7Wzjkk3XHlIu4Zz7nmqel6pf2+nxwrMyrGWUKTu24Y8Z9qfsm1uK53xYKMkgDpzS1T1Kx+3RLGJmiIOdy5/z1x+VWo02RqnoMdSf51jpYZl3nhzS7y5e4lhcNJ/rAkjKH+oBp19oGnX0qySpIrKgjzHIy5Udjg1qUU+eXcdilFpVlDPbTRQ7GtozHEATgKev1oGlWYhvIRGdl4zNN8x5JGD9Ku0UuZ9wMm58PaZcGEMjo8UYjVo5CrFBxg461Nb6HplvCsUdou1em4kn8zTn08vqa3nnuAox5e44P6+uOOnFXqpydrXEgqG8SaS1dbeTZKR8p4qaipWgyvYRTQ2iR3EnmSLwTx07U251CC2uIoJC2+Q8YUn+nNWqqXMaNPuZFLKFKkjkfN2ql7z1Jei0LdULa3vU1GWWWctAwwq8Z46Z49z0q/RUp2HYKKKKQz/2Q0K&apos;, &apos;children&apos;: [], &apos;features&apos;: {}}], &apos;features&apos;: {}}
*********************





--------------------------------- NEW PAGE --------------------------------
--------------------------------- CONTENT AREA --------------------------------- 
This content area has an image
{&apos;type&apos;: &apos;figure&apos;, &apos;bbox&apos;: (62.35, 749.47, 106.6, 793.72), &apos;name&apos;: &apos;Image22&apos;, &apos;children&apos;: [{&apos;type&apos;: &apos;image&apos;, &apos;height&apos;: 44.25, &apos;width&apos;: 44.24999999999999, &apos;value&apos;: &apos;data:image/jpeg;base64,/9j/4AAQSkZJRgABAQEAwADAAAD/2wBDAA0JCgsKCA0LCwsPDg0QFCEVFBISFCgdHhghMCoyMS8qLi00O0tANDhHOS0uQllCR05QVFVUMz9dY1xSYktTVFH/2wBDAQ4PDxQRFCcVFSdRNi42UVFRUVFRUVFRUVFRUVFRUVFRUVFRUVFRUVFRUVFRUVFRUVFRUVFRUVFRUVFRUVFRUVH/wAARCAA6ADsDASIAAhEBAxEB/8QAHwAAAQUBAQEBAQEAAAAAAAAAAAECAwQFBgcICQoL/8QAtRAAAgEDAwIEAwUFBAQAAAF9AQIDAAQRBRIhMUEGE1FhByJxFDKBkaEII0KxwRVS0fAkM2JyggkKFhcYGRolJicoKSo0NTY3ODk6Q0RFRkdISUpTVFVWV1hZWmNkZWZnaGlqc3R1dnd4eXqDhIWGh4iJipKTlJWWl5iZmqKjpKWmp6ipqrKztLW2t7i5usLDxMXGx8jJytLT1NXW19jZ2uHi4+Tl5ufo6erx8vP09fb3+Pn6/8QAHwEAAwEBAQEBAQEBAQAAAAAAAAECAwQFBgcICQoL/8QAtREAAgECBAQDBAcFBAQAAQJ3AAECAxEEBSExBhJBUQdhcRMiMoEIFEKRobHBCSMzUvAVYnLRChYkNOEl8RcYGRomJygpKjU2Nzg5OkNERUZHSElKU1RVVldYWVpjZGVmZ2hpanN0dXZ3eHl6goOEhYaHiImKkpOUlZaXmJmaoqOkpaanqKmqsrO0tba3uLm6wsPExcbHyMnK0tPU1dbX2Nna4uPk5ebn6Onq8vP09fb3+Pn6/9oADAMBAAIRAxEAPwD06obu5S0tnncMVUdhmi4uoLVQZpVTJAGT74p+I54x92RG59Qaa7sQ21uEurdJkDBWGRkYqrew30l5A9vNthU5ccfTj8M9avIixqFRQqjsKWnezugtcKp2+oxXF5LbIrh4+uVIq5TFhiRy6xqGOckDk5pK3UB9FQPeWyXC27TIJCOhYe3H15qeiwyC7tIbyMRzruUHOM45xUyjCgelUbe6u5NRlhktwsKj5XycHHXHHPUflV+m7rRiQZGcZ5NISBySB9a8/ktrrVLnVpRpkt3crcPHFci4CeTt+6ApPatLVtMv5Ws7y+sf7RijtVSaATbSkn8TDHWtPZJbsLnXkgDJOBSZHHI56Vxiw6dquoaJbpG7ae1vIyxO7cEE9eexFVY9Isv7P16by3EtlNItu4kbMYXkAc0ezXVhc7aS0t2ulu3H71OFbPQc/wCNWK4y5eLVpLONtKk1O7Wzjkk3XHlIu4Zz7nmqel6pf2+nxwrMyrGWUKTu24Y8Z9qfsm1uK53xYKMkgDpzS1T1Kx+3RLGJmiIOdy5/z1x+VWo02RqnoMdSf51jpYZl3nhzS7y5e4lhcNJ/rAkjKH+oBp19oGnX0qySpIrKgjzHIy5Udjg1qUU+eXcdilFpVlDPbTRQ7GtozHEATgKev1oGlWYhvIRGdl4zNN8x5JGD9Ku0UuZ9wMm58PaZcGEMjo8UYjVo5CrFBxg461Nb6HplvCsUdou1em4kn8zTn08vqa3nnuAox5e44P6+uOOnFXqpydrXEgqG8SaS1dbeTZKR8p4qaipWgyvYRTQ2iR3EnmSLwTx07U251CC2uIoJC2+Q8YUn+nNWqqXMaNPuZFLKFKkjkfN2ql7z1Jei0LdULa3vU1GWWWctAwwq8Z46Z49z0q/RUp2HYKKKKQz/2Q0K&apos;, &apos;children&apos;: [], &apos;features&apos;: {}}], &apos;features&apos;: {}}
*********************





--------------------------------- CONTENT AREA --------------------------------- 
9 Margin requirements



--------------------------------- CONTENT AREA --------------------------------- 
10 Outsourcing



--------------------------------- CONTENT AREA --------------------------------- 
11 Investment Policy



--------------------------------- CONTENT AREA --------------------------------- 
12 Default Fund



--------------------------------- CONTENT AREA --------------------------------- 
13 Organisational requirements



--------------------------------- CONTENT AREA --------------------------------- 
14 Definitions



--------------------------------- CONTENT AREA --------------------------------- 
15 Allocation of additional resources



--------------------------------- CONTENT AREA --------------------------------- 
16 Transparency



--------------------------------- CONTENT AREA --------------------------------- 
17 Limited exposures of Clearing Members



--------------------------------- CONTENT AREA --------------------------------- 
18 Use of margins posted by non-defaulted Clearing
Members



--------------------------------- CONTENT AREA --------------------------------- 
19 Application of the exemptions to Title IV of EMIR



--------------------------------- CONTENT AREA --------------------------------- 
20 Risk Committee



--------------------------------- CONTENT AREA --------------------------------- 
21 Prudential Requirements



--------------------------------- CONTENT AREA --------------------------------- 
22 Ongoing monitoring of collateral requirements



--------------------------------- CONTENT AREA --------------------------------- 
23 Access Model



--------------------------------- CONTENT AREA --------------------------------- 
1 Classification of financial instruments



--------------------------------- CONTENT AREA --------------------------------- 
2 TR registration



--------------------------------- CONTENT AREA --------------------------------- 
3a Reporting of collateral



--------------------------------- CONTENT AREA --------------------------------- 
3b Reporting of valuations



--------------------------------- CONTENT AREA --------------------------------- 
41 of EMIR 3 December 2018
27(3) of RTS on CCP require-
ments



--------------------------------- CONTENT AREA --------------------------------- 
14 of EMIR 4 June 2013



--------------------------------- CONTENT AREA --------------------------------- 
11(1) of RTS on CCP require-
ments



--------------------------------- CONTENT AREA --------------------------------- 
47 of EMIR 11 February 2014



--------------------------------- CONTENT AREA --------------------------------- 
42 of EMIR 11 February 2014



--------------------------------- CONTENT AREA --------------------------------- 
26 of EMIR 21 May 2014



--------------------------------- CONTENT AREA --------------------------------- 
2 of EMIR 5 August 2013



--------------------------------- CONTENT AREA --------------------------------- 
35 of RTS on CCP requirements 5 August 2013



--------------------------------- CONTENT AREA --------------------------------- 
38 of EMIR 11 February 2014



--------------------------------- CONTENT AREA --------------------------------- 
43(3) and 48(2) of EMIR 11 February 2014



--------------------------------- CONTENT AREA --------------------------------- 
45(4) of EMIR 11 February 2014



--------------------------------- CONTENT AREA --------------------------------- 
1 of EMIR 11 February 2014



--------------------------------- CONTENT AREA --------------------------------- 
28 of EMIR 21 May 2014



--------------------------------- CONTENT AREA --------------------------------- 
Guideline and Recommendation 21 May 2014
3(b)(v)



--------------------------------- CONTENT AREA --------------------------------- 
46 of EMIR and 37 of RTS on 2 October 2017
CCP requirements



--------------------------------- CONTENT AREA --------------------------------- 
2 of EMIR 26 September 2018



--------------------------------- CONTENT AREA --------------------------------- 
1 of EMIR 5 August 2013



--------------------------------- CONTENT AREA --------------------------------- 
56 of EMIR 20 March 2013



--------------------------------- CONTENT AREA --------------------------------- 
9 of EMIR 14 December 2017



--------------------------------- CONTENT AREA --------------------------------- 
9 of EMIR 23 June 2014



--------------------------------- CONTENT AREA --------------------------------- 
4 Reporting of outstanding positions following the entry 5 of the ITS on reporting to TR 3 April 2017
into force of EMIR (Backloading)



--------------------------------- CONTENT AREA --------------------------------- 
5 Exchange traded derivatives



--------------------------------- CONTENT AREA --------------------------------- 
6 Reporting to TRs: Cleared trades



--------------------------------- CONTENT AREA --------------------------------- 
7 Reporting to TRs: Avoidance of duplication



--------------------------------- CONTENT AREA --------------------------------- 
8 Reporting to TRs: delegation



--------------------------------- CONTENT AREA --------------------------------- 
9 Reporting to TRs: Table of fields



--------------------------------- CONTENT AREA --------------------------------- 
10 Codes



--------------------------------- CONTENT AREA --------------------------------- 
TR 11 Frequency of reports



--------------------------------- CONTENT AREA --------------------------------- 
Questions 12 Field “Maturity”



--------------------------------- CONTENT AREA --------------------------------- 
13 Intragroup transactions



--------------------------------- CONTENT AREA --------------------------------- 
14 Transactions within the same legal entity



--------------------------------- CONTENT AREA --------------------------------- 
15 Subsidiaries of non-EU entities



--------------------------------- CONTENT AREA --------------------------------- 
16 Collateral portfolio code



--------------------------------- CONTENT AREA --------------------------------- 
17 Position level reporting



--------------------------------- CONTENT AREA --------------------------------- 
18 Reporting to TRs: UTI construction



--------------------------------- CONTENT AREA --------------------------------- 
19 Reporting to TRs: UTI generation



--------------------------------- CONTENT AREA --------------------------------- 
20a Reporting to TRs: Empty fields



--------------------------------- CONTENT AREA --------------------------------- 
20b Reporting to TRs: Validations of EMIR reports



--------------------------------- CONTENT AREA --------------------------------- 
21 Reporting to TRs: UPI taxonomy



--------------------------------- CONTENT AREA --------------------------------- 
22 Reporting to TRs: Venues with AII codes



--------------------------------- CONTENT AREA --------------------------------- 
9 of EMIR 4 June 2013



--------------------------------- CONTENT AREA --------------------------------- 
9 of EMIR 29 May 2018



--------------------------------- CONTENT AREA --------------------------------- 
9 of EMIR 4 June 2013



--------------------------------- CONTENT AREA --------------------------------- 
9 of EMIR 4 June 2013



--------------------------------- CONTENT AREA --------------------------------- 
9 of EMIR 20 December 2013



--------------------------------- CONTENT AREA --------------------------------- 
9 of EMIR 24 October 2014



--------------------------------- CONTENT AREA --------------------------------- 
9 of EMIR 5 August 2013



--------------------------------- CONTENT AREA --------------------------------- 
9 of EMIR 29 May 2018



--------------------------------- CONTENT AREA --------------------------------- 
9 of EMIR 5 August 2013



--------------------------------- CONTENT AREA --------------------------------- 
9 of EMIR 5 August 2013



--------------------------------- CONTENT AREA --------------------------------- 
9 of EMIR 5 August 2013



--------------------------------- CONTENT AREA --------------------------------- 
9 of EMIR 20 December 2013



--------------------------------- CONTENT AREA --------------------------------- 
9 of EMIR 29 May 2018



--------------------------------- CONTENT AREA --------------------------------- 
9 of EMIR 11 February 2014



--------------------------------- CONTENT AREA --------------------------------- 
9 of EMIR 29 May 2018



--------------------------------- CONTENT AREA --------------------------------- 
9 of EMIR 27 April 2015



--------------------------------- CONTENT AREA --------------------------------- 
9 of EMIR 27 April 2015



--------------------------------- CONTENT AREA --------------------------------- 
9 of EMIR 29 May 2018



--------------------------------- CONTENT AREA --------------------------------- 
9 of EMIR 29 May 2018



--------------------------------- CONTENT AREA --------------------------------- 
This content area has an image
{&apos;type&apos;: &apos;figure&apos;, &apos;bbox&apos;: (62.35, 749.47, 106.6, 793.72), &apos;name&apos;: &apos;Image22&apos;, &apos;children&apos;: [{&apos;type&apos;: &apos;image&apos;, &apos;height&apos;: 44.25, &apos;width&apos;: 44.24999999999999, &apos;value&apos;: &apos;data:image/jpeg;base64,/9j/4AAQSkZJRgABAQEAwADAAAD/2wBDAA0JCgsKCA0LCwsPDg0QFCEVFBISFCgdHhghMCoyMS8qLi00O0tANDhHOS0uQllCR05QVFVUMz9dY1xSYktTVFH/2wBDAQ4PDxQRFCcVFSdRNi42UVFRUVFRUVFRUVFRUVFRUVFRUVFRUVFRUVFRUVFRUVFRUVFRUVFRUVFRUVFRUVFRUVH/wAARCAA6ADsDASIAAhEBAxEB/8QAHwAAAQUBAQEBAQEAAAAAAAAAAAECAwQFBgcICQoL/8QAtRAAAgEDAwIEAwUFBAQAAAF9AQIDAAQRBRIhMUEGE1FhByJxFDKBkaEII0KxwRVS0fAkM2JyggkKFhcYGRolJicoKSo0NTY3ODk6Q0RFRkdISUpTVFVWV1hZWmNkZWZnaGlqc3R1dnd4eXqDhIWGh4iJipKTlJWWl5iZmqKjpKWmp6ipqrKztLW2t7i5usLDxMXGx8jJytLT1NXW19jZ2uHi4+Tl5ufo6erx8vP09fb3+Pn6/8QAHwEAAwEBAQEBAQEBAQAAAAAAAAECAwQFBgcICQoL/8QAtREAAgECBAQDBAcFBAQAAQJ3AAECAxEEBSExBhJBUQdhcRMiMoEIFEKRobHBCSMzUvAVYnLRChYkNOEl8RcYGRomJygpKjU2Nzg5OkNERUZHSElKU1RVVldYWVpjZGVmZ2hpanN0dXZ3eHl6goOEhYaHiImKkpOUlZaXmJmaoqOkpaanqKmqsrO0tba3uLm6wsPExcbHyMnK0tPU1dbX2Nna4uPk5ebn6Onq8vP09fb3+Pn6/9oADAMBAAIRAxEAPwD06obu5S0tnncMVUdhmi4uoLVQZpVTJAGT74p+I54x92RG59Qaa7sQ21uEurdJkDBWGRkYqrew30l5A9vNthU5ccfTj8M9avIixqFRQqjsKWnezugtcKp2+oxXF5LbIrh4+uVIq5TFhiRy6xqGOckDk5pK3UB9FQPeWyXC27TIJCOhYe3H15qeiwyC7tIbyMRzruUHOM45xUyjCgelUbe6u5NRlhktwsKj5XycHHXHHPUflV+m7rRiQZGcZ5NISBySB9a8/ktrrVLnVpRpkt3crcPHFci4CeTt+6ApPatLVtMv5Ws7y+sf7RijtVSaATbSkn8TDHWtPZJbsLnXkgDJOBSZHHI56Vxiw6dquoaJbpG7ae1vIyxO7cEE9eexFVY9Isv7P16by3EtlNItu4kbMYXkAc0ezXVhc7aS0t2ulu3H71OFbPQc/wCNWK4y5eLVpLONtKk1O7Wzjkk3XHlIu4Zz7nmqel6pf2+nxwrMyrGWUKTu24Y8Z9qfsm1uK53xYKMkgDpzS1T1Kx+3RLGJmiIOdy5/z1x+VWo02RqnoMdSf51jpYZl3nhzS7y5e4lhcNJ/rAkjKH+oBp19oGnX0qySpIrKgjzHIy5Udjg1qUU+eXcdilFpVlDPbTRQ7GtozHEATgKev1oGlWYhvIRGdl4zNN8x5JGD9Ku0UuZ9wMm58PaZcGEMjo8UYjVo5CrFBxg461Nb6HplvCsUdou1em4kn8zTn08vqa3nnuAox5e44P6+uOOnFXqpydrXEgqG8SaS1dbeTZKR8p4qaipWgyvYRTQ2iR3EnmSLwTx07U251CC2uIoJC2+Q8YUn+nNWqqXMaNPuZFLKFKkjkfN2ql7z1Jei0LdULa3vU1GWWWctAwwq8Z46Z49z0q/RUp2HYKKKKQz/2Q0K&apos;, &apos;children&apos;: [], &apos;features&apos;: {}}], &apos;features&apos;: {}}
*********************





</system-out></testcase><testcase classname="tests.basic_parse_test" file="tests/basic_parse_test.py" line="138" name="test_table_code" time="0.8020083904266357"><system-out>Parsing PDF /Users/pdodds/src/hohonu/padhana/tests/../test_documents/MIFIR_QAs_table_sample_p21.pdf
</system-out></testcase><testcase classname="tests.basic_parse_test" file="tests/basic_parse_test.py" line="146" name="test_china_reg" time="20.934797048568726"><system-out>Parsing PDF /Users/pdodds/src/hohonu/padhana/tests/../test_documents/CHN76384Eng_20070629.pdf
Article 8 When an employing unit recruits a worker, it shall truthfully inform him of the job
description, the working conditions, the place of work, occupational hazards, conditions for
work safety, labor remuneration and other matters which the worker requests to be informed
of. The employing unit has the right to acquire the basic information of the worker which is
directly related to the labor contract, and the worker shall truthfully provide the same.
</system-out></testcase></testsuite>