<?xml version="1.0" encoding="utf-8"?><testsuite errors="0" failures="0" name="pytest" skips="0" tests="1" time="2.912"><testcase classname="tests.basic_parse_test" file="tests/basic_parse_test.py" line="57" name="test_semantic_ontology" time="2.633868932723999"><system-out>Parsing PDF /Users/audodds/src/hohonu/padhana/tests/../test_documents/SO_Sample.pdf
--------------------------------- NEW PAGE --------------------------------
--------------------------------- CONTENT AREA --------------------------------- 
2



--------------------------------- CONTENT AREA --------------------------------- 
INSTRUMENTS



--------------------------------- CONTENT AREA --------------------------------- 
Overview of the INSTRUMENTS Database tables



--------------------------------- CONTENT AREA --------------------------------- 
The following INSTRUMENTS tables provide the framework for storing snapshots of
historical instrument records. These tables are organized by product type but there are
no formal requirements to store a particular type of product in any particular table.
These tables contain the columns required for the OFS Analytical Applications to run.
These column requirements are enforced by the application through the table
registration process.



--------------------------------- CONTENT AREA --------------------------------- 
The Instrument tables also contain a set of columns that are informational in nature and
are useful for reporting. You can extend these tables with additional columns and create
new Instrument tables that can be registered for use within the Oracle Financial Services
provided they contain the required set of columns.



--------------------------------- CONTENT AREA --------------------------------- 
FSI_D_LOAN_CONTRACTS



--------------------------------- CONTENT AREA --------------------------------- 
COLUMN_N DISPLAY_NAM DATA_TYPE DOMAIN DESCRIPTION
AME E



--------------------------------- CONTENT AREA --------------------------------- 
ACC_HEALT Accident &amp; NUMBER(1) FLAG Y = The account has
H_INS_FLG Health accident and health
Insurance Flag insurance.



--------------------------------- CONTENT AREA --------------------------------- 
ACCID_HEA Accident &amp; VARCHAR2( CODE An organization-defined
LTH_INS_CO Health 5) code for the account&apos;s
_CD Insurance Co. accident and health
Code insurance company.



--------------------------------- CONTENT AREA --------------------------------- 
INSTRUMENTS 2-1



--------------------------------- NEW PAGE --------------------------------
--------------------------------- CONTENT AREA --------------------------------- 
COLUMN_N DISPLAY_NAM DATA_TYPE DOMAIN DESCRIPTION
AME E



--------------------------------- CONTENT AREA --------------------------------- 
ACCIDENT_ Accident &amp; NUMBER(14, BALANCE The account&apos;s accident and
HEALTH_PR Health 2) health insurance premium.
EMIUM Premium



--------------------------------- CONTENT AREA --------------------------------- 
ACCOUNT_ Account Close DATE DATE Date on which account is
CLOSE_DAT Date closed.
E



--------------------------------- CONTENT AREA --------------------------------- 
ACCOUNT_ Account NUMBER(14, BALANCE Account Contribution.
CONTRIB Contribution 2)



--------------------------------- CONTENT AREA --------------------------------- 
ACCOUNT_ Account NUMBER(14, BALANCE Account Contribution after
CONTRIB_A Contribution 2) tax
FTER_TAX After Tax



--------------------------------- CONTENT AREA --------------------------------- 
ACCOUNT_ Account Group NUMBER(5) CODE Account Group Code.
GROUP_CD Code



--------------------------------- CONTENT AREA --------------------------------- 
ACCOUNT_ Account VARCHAR2( VARCHAR2 Account Number of the
NUMBER Number 25) customer.



--------------------------------- CONTENT AREA --------------------------------- 
ACCOUNT_ Account Officer VARCHAR2( DEFAULT Holds code that is tied to
OFFICER_CD Code 20) the Account
Officer/Account Manager



--------------------------------- CONTENT AREA --------------------------------- 
ACCRUAL_B Accrual Basis NUMBER(5) CODE Basis on which interest
ASIS_CD Code accrual is calculated.
Suggested defaults:
1=30/360 for amortizing
transactions OR 3=Act/Act.
for nonamort.



--------------------------------- CONTENT AREA --------------------------------- 
ACCRUED_I Interest NUMBER(22, BALANCE Interest due since the
NTEREST Accrued 3) principal investment, or
since the previous interest
payment if there has been
one already.



--------------------------------- CONTENT AREA --------------------------------- 
ADJUSTABL Adjustable NUMBER(5) CODE Frequency or method by
E_TYPE_CD Type Code which the coupon or rate
is adjusted.



--------------------------------- CONTENT AREA --------------------------------- 
2-2 Oracle Financial Services Analytical Applications Data Model Data Dictionary



--------------------------------- NEW PAGE --------------------------------
--------------------------------- CONTENT AREA --------------------------------- 
COLUMN_N DISPLAY_NAM DATA_TYPE DOMAIN DESCRIPTION
AME E



--------------------------------- CONTENT AREA --------------------------------- 
ALLOCATED Allocated NUMBER(14, BALANCE Allocated Equity.
_EQUITY Equity 2)



--------------------------------- CONTENT AREA --------------------------------- 
AMORT_ME Deferred NUMBER(7) CODE Indicates whether the
TH_PDFC_C Balance method to be used is Level
D Amortization Yield or Straight Line;
Code Level Yield being the
default one.



--------------------------------- CONTENT AREA --------------------------------- 
AMRT_TERM Amortization NUMBER(5) TERM Term upon which
Term amortization is based -
units specified by
Amrt_term_mult.



--------------------------------- CONTENT AREA --------------------------------- 
AMRT_TERM Amortization CHAR(1) MULT Units (days or months or
_MULT Term Multiplier years) in which
Amrt_Term is specified.



--------------------------------- CONTENT AREA --------------------------------- 
AMRT_TYPE Amortization NUMBER(5) CODE Method of amortizing
_CD Type Code principal and interest.



--------------------------------- CONTENT AREA --------------------------------- 
AS_OF_DAT As of Date DATE DATE The date at which the data
E is current.



--------------------------------- CONTENT AREA --------------------------------- 
ATM_EXP ATM Expense NUMBER(14, BALANCE ATM expense; typically
2) based on number of ATM
transactions * unit cost.



--------------------------------- CONTENT AREA --------------------------------- 
AUTOPAY_A Autopay VARCHAR2( VARCHAR2 The account number
CCT_NUMBE Account 30) where autopay debits from
R Number the account should be
charged.



--------------------------------- CONTENT AREA --------------------------------- 
AUTOPAY_B Autopay Bank VARCHAR2( VARCHAR2 The routing transit
ANK_TRANS Transit Number 11) number of the
IT_NBR organization where
autopay debits will be
charged.



--------------------------------- CONTENT AREA --------------------------------- 
AUTOPAY_F Autopay Flag NUMBER(1) FLAG Y = The account is on
LG autopay.



--------------------------------- CONTENT AREA --------------------------------- 
INSTRUMENTS 2-3



--------------------------------- NEW PAGE --------------------------------
--------------------------------- CONTENT AREA --------------------------------- 
COLUMN_N DISPLAY_NAM DATA_TYPE DOMAIN DESCRIPTION
AME E



--------------------------------- CONTENT AREA --------------------------------- 
AUTOPAY_I Autopay NUMBER(5) CODE The autopay service that
NSTR_TYPE_ Instrument autopay debits will be
CD Type Code charged against, for
example Checking.



--------------------------------- CONTENT AREA --------------------------------- 
AVG_BOOK_ Average Gross NUMBER(14, BALANCE Average gross book
BAL Book Balance 2) balance for latest month.



--------------------------------- CONTENT AREA --------------------------------- 
AVG_NET_B Average Net NUMBER(14, BALANCE Average book balance -
OOK_BAL_C Book Balance 2) net of participations - for
latest month.



--------------------------------- CONTENT AREA --------------------------------- 
BACKUP_LI Backup NUMBER(8,4 RATE Fees/Costs associated with
QUID_COST Liquidity Cost ) required backup liquidity.



--------------------------------- CONTENT AREA --------------------------------- 
BANK_CD Bank Code VARCHAR2( CODE The bank which owns the
5) transaction.



--------------------------------- CONTENT AREA --------------------------------- 
BASIS_RISK_ Basis Risk Cost NUMBER(14, BALANCE Basis Risk cost expressed
COST_AMT Amount 2) as an amount generated by
an FTP Adjustment Rule



--------------------------------- CONTENT AREA --------------------------------- 
BASIS_RISK_ Basis Risk Cost NUMBER(8,4 RATE Basis Risk cost expressed
COST_RATE Rate ) as a rate generated by an
FTP Adjustment Rule



--------------------------------- CONTENT AREA --------------------------------- 
BEHAVIOUR Behavior Sub NUMBER(5) CODE Contains values like Core,
_SUB_TYPE_ Type Volatile, Substandard,
CD Doubtful, Loss, Sight
Devolvement, Sight
Recovery, Usance
Devolvement, Usance
Recovery. MLS table is
FSI_BEHAVIOUR_SUB_T
YPE_MLS



--------------------------------- CONTENT AREA --------------------------------- 
BEHAVIOUR Behavior Type NUMBER(5) CODE Performing/Non-performi
_TYPE_CD ng Type : Performing,
Substandard, Doubtful,
Loss



--------------------------------- CONTENT AREA --------------------------------- 
2-4 Oracle Financial Services Analytical Applications Data Model Data Dictionary



--------------------------------- NEW PAGE --------------------------------
--------------------------------- CONTENT AREA --------------------------------- 
COLUMN_N DISPLAY_NAM DATA_TYPE DOMAIN DESCRIPTION
AME E



--------------------------------- CONTENT AREA --------------------------------- 
BRANCH_C Branch Code VARCHAR2( CODE The branch where the
D 10) account currently resides.



--------------------------------- CONTENT AREA --------------------------------- 
BRANCH_PL Branch NUMBER(14, BALANCE Fixed cost per product or
ATFORM_EX Platform 2) number of transactions
P Expense unit cost.



--------------------------------- CONTENT AREA --------------------------------- 
BRANCH_TE Branch Teller NUMBER(14, BALANCE Based on number of teller
LLER_EXP Expense 2) transactions unit cost.



--------------------------------- CONTENT AREA --------------------------------- 
CALL_CENT Call Center NUMBER(14, BALANCE Based on number of calls
ER_EXP Expense 2) unit cost



--------------------------------- CONTENT AREA --------------------------------- 
CALL_OPTIO Call Option DATE DATE This stores the date when
N_DATE Date call option is exercised.



--------------------------------- CONTENT AREA --------------------------------- 
CALL_PRICE Call Price NUMBER(8,4 RATE Contractual price at which
) call will be exercised.



--------------------------------- CONTENT AREA --------------------------------- 
CHARGE_CR Option Cost NUMBER(22, BALANCE Charge or credit for funds
EDIT_OCOST Charge Credit 3) based on float balance *
transfer rate.



--------------------------------- CONTENT AREA --------------------------------- 
CHARGE_CR Option Cost NUMBER(22, BALANCE Amount for Charge Credit
EDIT_OCOST Charge Credit 3) Option Cost Remaining
_REM_TERM For Remaining Term, calculated by TP
Term engine



--------------------------------- CONTENT AREA --------------------------------- 
CHARGE_CR Option Cost NUMBER(22, RATE Output column to write
EDIT_TRATE Charge Credit 3) account-level charge or
Transfer Rate credit computed using
transfer rate, accrual factor
and a balance, calculated
by TP engine



--------------------------------- CONTENT AREA --------------------------------- 
CHARGE_CR Option Cost NUMBER(22, RATE Output column to write
EDIT_TRATE Charge Credit 3) account-level charge or
_REM_TERM Transfer Rate credit computed using
Remaining remaining term transfer
Term rate, accrual factor and a
balance



--------------------------------- CONTENT AREA --------------------------------- 
INSTRUMENTS 2-5



</system-out></testcase></testsuite>